[0.006s] Invoking command in '/home/jon/ws01/build/cpp02_service': CMAKE_PREFIX_PATH=/home/jon/ws01/install/base_demo:/home/jon/ws01/install/cpp02_service:/home/jon/ws01/install/cpp01_topic:/home/jon/ros2_ws/install/hellovscode_cpp:/home/jon/ros2_ws/install/hello_cpp:/opt/ros/humble /usr/bin/cmake /home/jon/ws01/src/cpp02_service -DCMAKE_INSTALL_PREFIX=/home/jon/ws01/install/cpp02_service
[0.014s] -- Found ament_cmake: 1.3.14 (/opt/ros/humble/share/ament_cmake/cmake)
[0.078s] -- Found rclcpp: 16.0.21 (/opt/ros/humble/share/rclcpp/cmake)
[0.090s] -- Found rosidl_generator_c: 3.1.9 (/opt/ros/humble/share/rosidl_generator_c/cmake)
[0.091s] -- Found rosidl_adapter: 3.1.9 (/opt/ros/humble/share/rosidl_adapter/cmake)
[0.094s] -- Found rosidl_generator_cpp: 3.1.9 (/opt/ros/humble/share/rosidl_generator_cpp/cmake)
[0.098s] -- Using all available rosidl_typesupport_c: rosidl_typesupport_fastrtps_c;rosidl_typesupport_introspection_c
[0.104s] -- Using all available rosidl_typesupport_cpp: rosidl_typesupport_fastrtps_cpp;rosidl_typesupport_introspection_cpp
[0.119s] -- Found rmw_implementation_cmake: 6.1.4 (/opt/ros/humble/share/rmw_implementation_cmake/cmake)
[0.119s] -- Found rmw_fastrtps_cpp: 6.2.10 (/opt/ros/humble/share/rmw_fastrtps_cpp/cmake)
[0.168s] -- Using RMW implementation 'rmw_fastrtps_cpp' as default
[0.190s] -- Found base_demo: 0.0.0 (/home/jon/ws01/install/base_demo/share/base_demo/cmake)
[0.194s] -- Found ament_lint_auto: 0.12.15 (/opt/ros/humble/share/ament_lint_auto/cmake)
[0.228s] -- Added test 'cppcheck' to perform static code analysis on C / C++ code
[0.228s] -- Configured cppcheck include dirs: $<BUILD_INTERFACE:/home/jon/ws01/src/cpp02_service/include>
[0.228s] -- Configured cppcheck exclude dirs and/or files: 
[0.228s] -- Added test 'lint_cmake' to check CMake code style
[0.228s] -- Added test 'uncrustify' to check C / C++ code style
[0.228s] -- Configured uncrustify additional arguments: 
[0.228s] -- Added test 'xmllint' to check XML markup files
[0.229s] -- Configuring done
[0.234s] -- Generating done
[0.236s] -- Build files have been written to: /home/jon/ws01/build/cpp02_service
[0.243s] Invoked command in '/home/jon/ws01/build/cpp02_service' returned '0': CMAKE_PREFIX_PATH=/home/jon/ws01/install/base_demo:/home/jon/ws01/install/cpp02_service:/home/jon/ws01/install/cpp01_topic:/home/jon/ros2_ws/install/hellovscode_cpp:/home/jon/ros2_ws/install/hello_cpp:/opt/ros/humble /usr/bin/cmake /home/jon/ws01/src/cpp02_service -DCMAKE_INSTALL_PREFIX=/home/jon/ws01/install/cpp02_service
[0.243s] Invoking command in '/home/jon/ws01/build/cpp02_service': CMAKE_PREFIX_PATH=/home/jon/ws01/install/base_demo:/home/jon/ws01/install/cpp02_service:/home/jon/ws01/install/cpp01_topic:/home/jon/ros2_ws/install/hellovscode_cpp:/home/jon/ros2_ws/install/hello_cpp:/opt/ros/humble /usr/bin/cmake --build /home/jon/ws01/build/cpp02_service -- -j24 -l24
[0.269s] [35m[1mConsolidate compiler generated dependencies of target demo02_client[0m
[0.269s] [35m[1mConsolidate compiler generated dependencies of target demo01_server[0m
[0.279s] [ 50%] Built target demo01_server
[0.279s] [ 75%] [32mBuilding CXX object CMakeFiles/demo02_client.dir/src/demo02_client.cpp.o[0m
[1.717s] [100%] [32m[1mLinking CXX executable demo02_client[0m
[1.783s] [100%] Built target demo02_client
[1.793s] Invoked command in '/home/jon/ws01/build/cpp02_service' returned '0': CMAKE_PREFIX_PATH=/home/jon/ws01/install/base_demo:/home/jon/ws01/install/cpp02_service:/home/jon/ws01/install/cpp01_topic:/home/jon/ros2_ws/install/hellovscode_cpp:/home/jon/ros2_ws/install/hello_cpp:/opt/ros/humble /usr/bin/cmake --build /home/jon/ws01/build/cpp02_service -- -j24 -l24
[1.794s] Invoking command in '/home/jon/ws01/build/cpp02_service': CMAKE_PREFIX_PATH=/home/jon/ws01/install/base_demo:/home/jon/ws01/install/cpp02_service:/home/jon/ws01/install/cpp01_topic:/home/jon/ros2_ws/install/hellovscode_cpp:/home/jon/ros2_ws/install/hello_cpp:/opt/ros/humble /usr/bin/cmake --install /home/jon/ws01/build/cpp02_service
[1.800s] -- Install configuration: ""
[1.800s] -- Up-to-date: /home/jon/ws01/install/cpp02_service/lib/cpp02_service/demo01_server
[1.800s] -- Installing: /home/jon/ws01/install/cpp02_service/lib/cpp02_service/demo02_client
[1.801s] -- Set runtime path of "/home/jon/ws01/install/cpp02_service/lib/cpp02_service/demo02_client" to ""
[1.802s] -- Up-to-date: /home/jon/ws01/install/cpp02_service/share/ament_index/resource_index/package_run_dependencies/cpp02_service
[1.802s] -- Up-to-date: /home/jon/ws01/install/cpp02_service/share/ament_index/resource_index/parent_prefix_path/cpp02_service
[1.802s] -- Up-to-date: /home/jon/ws01/install/cpp02_service/share/cpp02_service/environment/ament_prefix_path.sh
[1.802s] -- Installing: /home/jon/ws01/install/cpp02_service/share/cpp02_service/environment/ament_prefix_path.dsv
[1.802s] -- Up-to-date: /home/jon/ws01/install/cpp02_service/share/cpp02_service/environment/path.sh
[1.802s] -- Installing: /home/jon/ws01/install/cpp02_service/share/cpp02_service/environment/path.dsv
[1.802s] -- Up-to-date: /home/jon/ws01/install/cpp02_service/share/cpp02_service/local_setup.bash
[1.802s] -- Up-to-date: /home/jon/ws01/install/cpp02_service/share/cpp02_service/local_setup.sh
[1.802s] -- Up-to-date: /home/jon/ws01/install/cpp02_service/share/cpp02_service/local_setup.zsh
[1.802s] -- Installing: /home/jon/ws01/install/cpp02_service/share/cpp02_service/local_setup.dsv
[1.802s] -- Installing: /home/jon/ws01/install/cpp02_service/share/cpp02_service/package.dsv
[1.802s] -- Up-to-date: /home/jon/ws01/install/cpp02_service/share/ament_index/resource_index/packages/cpp02_service
[1.802s] -- Up-to-date: /home/jon/ws01/install/cpp02_service/share/cpp02_service/cmake/cpp02_serviceConfig.cmake
[1.803s] -- Up-to-date: /home/jon/ws01/install/cpp02_service/share/cpp02_service/cmake/cpp02_serviceConfig-version.cmake
[1.803s] -- Up-to-date: /home/jon/ws01/install/cpp02_service/share/cpp02_service/package.xml
[1.805s] Invoked command in '/home/jon/ws01/build/cpp02_service' returned '0': CMAKE_PREFIX_PATH=/home/jon/ws01/install/base_demo:/home/jon/ws01/install/cpp02_service:/home/jon/ws01/install/cpp01_topic:/home/jon/ros2_ws/install/hellovscode_cpp:/home/jon/ros2_ws/install/hello_cpp:/opt/ros/humble /usr/bin/cmake --install /home/jon/ws01/build/cpp02_service
