[0.009s] Invoking command in '/home/jon/ws01/build/cpp01_topic': CMAKE_PREFIX_PATH=/home/jon/ws01/install/base_demo:/home/jon/ws01/install/cpp01_topic:/home/jon/ros2_ws/install/hellovscode_cpp:/home/jon/ros2_ws/install/hello_cpp:/opt/ros/humble /usr/bin/cmake --build /home/jon/ws01/build/cpp01_topic -- -j24 -l24
[0.050s] [ 12%] [32mBuilding CXX object CMakeFiles/demo03_talker.dir/src/demo03_talker.cpp.o[0m
[0.050s] [ 25%] [32mBuilding CXX object CMakeFiles/demo04_listener.dir/src/demo04_listener.cpp.o[0m
[0.051s] [ 50%] Built target demo01_talker
[0.056s] [ 75%] Built target demo02_listener
[0.142s] [01m[K/home/jon/ws01/src/cpp01_topic/src/demo04_listener.cpp:15:10:[m[K [01;31m[Kfatal error: [m[Kbase_interfaces_demo/msg/student.hpp: 没有那个文件或目录
[0.143s]    15 | #include [01;31m[K"base_interfaces_demo/msg/student.hpp"[m[K
[0.143s]       |          [01;31m[K^~~~~~~~~~~~~~~~~~~~~~~~~~~~~~~~~~~~~~[m[K
[0.143s] compilation terminated.
[0.145s] [01m[K/home/jon/ws01/src/cpp01_topic/src/demo03_talker.cpp:16:10:[m[K [01;31m[Kfatal error: [m[Kbase_interfaces_demo/msg/student.hpp: 没有那个文件或目录
[0.145s]    16 | #include [01;31m[K"base_interfaces_demo/msg/student.hpp"[m[K
[0.145s]       |          [01;31m[K^~~~~~~~~~~~~~~~~~~~~~~~~~~~~~~~~~~~~~[m[K
[0.145s] compilation terminated.
[0.145s] gmake[2]: *** [CMakeFiles/demo04_listener.dir/build.make:76：CMakeFiles/demo04_listener.dir/src/demo04_listener.cpp.o] 错误 1
[0.145s] gmake[1]: *** [CMakeFiles/Makefile2:221：CMakeFiles/demo04_listener.dir/all] 错误 2
[0.145s] gmake[1]: *** 正在等待未完成的任务....
[0.146s] gmake[2]: *** [CMakeFiles/demo03_talker.dir/build.make:76：CMakeFiles/demo03_talker.dir/src/demo03_talker.cpp.o] 错误 1
[0.146s] gmake[1]: *** [CMakeFiles/Makefile2:195：CMakeFiles/demo03_talker.dir/all] 错误 2
[0.146s] gmake: *** [Makefile:146：all] 错误 2
[0.151s] Invoked command in '/home/jon/ws01/build/cpp01_topic' returned '2': CMAKE_PREFIX_PATH=/home/jon/ws01/install/base_demo:/home/jon/ws01/install/cpp01_topic:/home/jon/ros2_ws/install/hellovscode_cpp:/home/jon/ros2_ws/install/hello_cpp:/opt/ros/humble /usr/bin/cmake --build /home/jon/ws01/build/cpp01_topic -- -j24 -l24
