[0.018s] Invoking command in '/home/jon/ws01/src/build/tutorails_plumbing': AMENT_PREFIX_PATH=/home/jon/ws01/src/install/cpp03_action:/home/jon/ws01/src/install/cpp02_service:/home/jon/ws01/src/install/cpp01_topic:/home/jon/ws01/src/install/cpp04_param:/home/jon/ws01/src/install/base_demo:${AMENT_PREFIX_PATH} CMAKE_PREFIX_PATH=/home/jon/ws01/src/install/cpp03_action:/home/jon/ws01/src/install/cpp02_service:/home/jon/ws01/src/install/cpp01_topic:/home/jon/ws01/src/install/cpp04_param:/home/jon/ws01/src/install/base_demo:/home/jon/ws01/install/cpp04_param:/home/jon/ws01/install/cpp03_action:/home/jon/ws01/install/cpp02_service:/home/jon/ws01/install/cpp01_topic:/home/jon/ws01/install/base_demo:/opt/ros/humble LD_LIBRARY_PATH=/home/jon/ws01/src/install/base_demo/lib:${LD_LIBRARY_PATH} PYTHONPATH=/home/jon/ws01/src/install/base_demo/local/lib/python3.10/dist-packages:${PYTHONPATH} /usr/bin/cmake --build /home/jon/ws01/src/build/tutorails_plumbing -- -j24 -l24
[0.038s] -- Found ament_cmake: 1.3.14 (/opt/ros/humble/share/ament_cmake/cmake)
[0.111s] -- Found ament_lint_auto: 0.12.15 (/opt/ros/humble/share/ament_lint_auto/cmake)
[0.148s] -- Configuring done
[0.149s] -- Generating done
[0.150s] -- Build files have been written to: /home/jon/ws01/src/build/tutorails_plumbing
[0.168s] Invoked command in '/home/jon/ws01/src/build/tutorails_plumbing' returned '0': AMENT_PREFIX_PATH=/home/jon/ws01/src/install/cpp03_action:/home/jon/ws01/src/install/cpp02_service:/home/jon/ws01/src/install/cpp01_topic:/home/jon/ws01/src/install/cpp04_param:/home/jon/ws01/src/install/base_demo:${AMENT_PREFIX_PATH} CMAKE_PREFIX_PATH=/home/jon/ws01/src/install/cpp03_action:/home/jon/ws01/src/install/cpp02_service:/home/jon/ws01/src/install/cpp01_topic:/home/jon/ws01/src/install/cpp04_param:/home/jon/ws01/src/install/base_demo:/home/jon/ws01/install/cpp04_param:/home/jon/ws01/install/cpp03_action:/home/jon/ws01/install/cpp02_service:/home/jon/ws01/install/cpp01_topic:/home/jon/ws01/install/base_demo:/opt/ros/humble LD_LIBRARY_PATH=/home/jon/ws01/src/install/base_demo/lib:${LD_LIBRARY_PATH} PYTHONPATH=/home/jon/ws01/src/install/base_demo/local/lib/python3.10/dist-packages:${PYTHONPATH} /usr/bin/cmake --build /home/jon/ws01/src/build/tutorails_plumbing -- -j24 -l24
[0.178s] Invoking command in '/home/jon/ws01/src/build/tutorails_plumbing': AMENT_PREFIX_PATH=/home/jon/ws01/src/install/cpp03_action:/home/jon/ws01/src/install/cpp02_service:/home/jon/ws01/src/install/cpp01_topic:/home/jon/ws01/src/install/cpp04_param:/home/jon/ws01/src/install/base_demo:${AMENT_PREFIX_PATH} CMAKE_PREFIX_PATH=/home/jon/ws01/src/install/cpp03_action:/home/jon/ws01/src/install/cpp02_service:/home/jon/ws01/src/install/cpp01_topic:/home/jon/ws01/src/install/cpp04_param:/home/jon/ws01/src/install/base_demo:/home/jon/ws01/install/cpp04_param:/home/jon/ws01/install/cpp03_action:/home/jon/ws01/install/cpp02_service:/home/jon/ws01/install/cpp01_topic:/home/jon/ws01/install/base_demo:/opt/ros/humble LD_LIBRARY_PATH=/home/jon/ws01/src/install/base_demo/lib:${LD_LIBRARY_PATH} PYTHONPATH=/home/jon/ws01/src/install/base_demo/local/lib/python3.10/dist-packages:${PYTHONPATH} /usr/bin/cmake --install /home/jon/ws01/src/build/tutorails_plumbing
[0.184s] -- Install configuration: ""
[0.184s] -- Installing: /home/jon/ws01/src/install/tutorails_plumbing/share/ament_index/resource_index/package_run_dependencies/tutorails_plumbing
[0.185s] -- Installing: /home/jon/ws01/src/install/tutorails_plumbing/share/ament_index/resource_index/parent_prefix_path/tutorails_plumbing
[0.185s] -- Up-to-date: /home/jon/ws01/src/install/tutorails_plumbing/share/tutorails_plumbing/environment/ament_prefix_path.sh
[0.185s] -- Installing: /home/jon/ws01/src/install/tutorails_plumbing/share/tutorails_plumbing/environment/ament_prefix_path.dsv
[0.186s] -- Up-to-date: /home/jon/ws01/src/install/tutorails_plumbing/share/tutorails_plumbing/environment/path.sh
[0.186s] -- Installing: /home/jon/ws01/src/install/tutorails_plumbing/share/tutorails_plumbing/environment/path.dsv
[0.186s] -- Up-to-date: /home/jon/ws01/src/install/tutorails_plumbing/share/tutorails_plumbing/local_setup.bash
[0.186s] -- Up-to-date: /home/jon/ws01/src/install/tutorails_plumbing/share/tutorails_plumbing/local_setup.sh
[0.186s] -- Up-to-date: /home/jon/ws01/src/install/tutorails_plumbing/share/tutorails_plumbing/local_setup.zsh
[0.186s] -- Installing: /home/jon/ws01/src/install/tutorails_plumbing/share/tutorails_plumbing/local_setup.dsv
[0.186s] -- Installing: /home/jon/ws01/src/install/tutorails_plumbing/share/tutorails_plumbing/package.dsv
[0.186s] -- Up-to-date: /home/jon/ws01/src/install/tutorails_plumbing/share/ament_index/resource_index/packages/tutorails_plumbing
[0.186s] -- Up-to-date: /home/jon/ws01/src/install/tutorails_plumbing/share/tutorails_plumbing/cmake/tutorails_plumbingConfig.cmake
[0.186s] -- Up-to-date: /home/jon/ws01/src/install/tutorails_plumbing/share/tutorails_plumbing/cmake/tutorails_plumbingConfig-version.cmake
[0.186s] -- Installing: /home/jon/ws01/src/install/tutorails_plumbing/share/tutorails_plumbing/package.xml
[0.189s] Invoked command in '/home/jon/ws01/src/build/tutorails_plumbing' returned '0': AMENT_PREFIX_PATH=/home/jon/ws01/src/install/cpp03_action:/home/jon/ws01/src/install/cpp02_service:/home/jon/ws01/src/install/cpp01_topic:/home/jon/ws01/src/install/cpp04_param:/home/jon/ws01/src/install/base_demo:${AMENT_PREFIX_PATH} CMAKE_PREFIX_PATH=/home/jon/ws01/src/install/cpp03_action:/home/jon/ws01/src/install/cpp02_service:/home/jon/ws01/src/install/cpp01_topic:/home/jon/ws01/src/install/cpp04_param:/home/jon/ws01/src/install/base_demo:/home/jon/ws01/install/cpp04_param:/home/jon/ws01/install/cpp03_action:/home/jon/ws01/install/cpp02_service:/home/jon/ws01/install/cpp01_topic:/home/jon/ws01/install/base_demo:/opt/ros/humble LD_LIBRARY_PATH=/home/jon/ws01/src/install/base_demo/lib:${LD_LIBRARY_PATH} PYTHONPATH=/home/jon/ws01/src/install/base_demo/local/lib/python3.10/dist-packages:${PYTHONPATH} /usr/bin/cmake --install /home/jon/ws01/src/build/tutorails_plumbing
