[0.006s] Invoking command in '/home/jon/ws02/build/cpp01_launch': CMAKE_PREFIX_PATH=${CMAKE_PREFIX_PATH}:/opt/ros/humble /usr/bin/cmake --build /home/jon/ws02/build/cpp01_launch -- -j24 -l24
[0.022s] -- Found ament_cmake: 1.3.14 (/opt/ros/humble/share/ament_cmake/cmake)
[0.120s] -- Found rclcpp: 16.0.21 (/opt/ros/humble/share/rclcpp/cmake)
[0.137s] -- Found rosidl_generator_c: 3.1.9 (/opt/ros/humble/share/rosidl_generator_c/cmake)
[0.137s] -- Found rosidl_adapter: 3.1.9 (/opt/ros/humble/share/rosidl_adapter/cmake)
[0.141s] -- Found rosidl_generator_cpp: 3.1.9 (/opt/ros/humble/share/rosidl_generator_cpp/cmake)
[0.146s] -- Using all available rosidl_typesupport_c: rosidl_typesupport_fastrtps_c;rosidl_typesupport_introspection_c
[0.153s] -- Using all available rosidl_typesupport_cpp: rosidl_typesupport_fastrtps_cpp;rosidl_typesupport_introspection_cpp
[0.171s] -- Found rmw_implementation_cmake: 6.1.4 (/opt/ros/humble/share/rmw_implementation_cmake/cmake)
[0.172s] -- Found rmw_fastrtps_cpp: 6.2.10 (/opt/ros/humble/share/rmw_fastrtps_cpp/cmake)
[0.232s] -- Using RMW implementation 'rmw_fastrtps_cpp' as default
[0.255s] -- Found ament_lint_auto: 0.12.15 (/opt/ros/humble/share/ament_lint_auto/cmake)
[0.294s] -- Added test 'flake8' to check Python code syntax and style conventions
[0.294s] -- Added test 'lint_cmake' to check CMake code style
[0.295s] -- Added test 'pep257' to check Python code against some of the docstring style conventions in PEP 257
[0.295s] -- Added test 'xmllint' to check XML markup files
[0.295s] -- Configuring done
[0.296s] -- Generating done
[0.297s] -- Build files have been written to: /home/jon/ws02/build/cpp01_launch
[0.317s] Invoked command in '/home/jon/ws02/build/cpp01_launch' returned '0': CMAKE_PREFIX_PATH=${CMAKE_PREFIX_PATH}:/opt/ros/humble /usr/bin/cmake --build /home/jon/ws02/build/cpp01_launch -- -j24 -l24
[0.325s] Invoking command in '/home/jon/ws02/build/cpp01_launch': CMAKE_PREFIX_PATH=${CMAKE_PREFIX_PATH}:/opt/ros/humble /usr/bin/cmake --install /home/jon/ws02/build/cpp01_launch
[0.330s] -- Install configuration: ""
[0.330s] -- Up-to-date: /home/jon/ws02/install/cpp01_launch/share/cpp01_launch//launch
[0.330s] -- Up-to-date: /home/jon/ws02/install/cpp01_launch/share/cpp01_launch//launch/py
[0.330s] -- Installing: /home/jon/ws02/install/cpp01_launch/share/cpp01_launch//launch/py/py02_node_launch.py
[0.330s] -- Up-to-date: /home/jon/ws02/install/cpp01_launch/share/cpp01_launch//launch/py/py01_helloworld_launch.py
[0.330s] -- Up-to-date: /home/jon/ws02/install/cpp01_launch/share/cpp01_launch//launch/yaml
[0.330s] -- Up-to-date: /home/jon/ws02/install/cpp01_launch/share/cpp01_launch//launch/yaml/yaml01_helloworld_launch.yaml
[0.330s] -- Up-to-date: /home/jon/ws02/install/cpp01_launch/share/cpp01_launch//launch/xml
[0.330s] -- Up-to-date: /home/jon/ws02/install/cpp01_launch/share/cpp01_launch//launch/xml/xml01_helloworld_launch.xml
[0.330s] -- Installing: /home/jon/ws02/install/cpp01_launch/share/cpp01_launch//config
[0.330s] -- Installing: /home/jon/ws02/install/cpp01_launch/share/cpp01_launch//config/t2.yaml
[0.330s] -- Up-to-date: /home/jon/ws02/install/cpp01_launch/share/ament_index/resource_index/package_run_dependencies/cpp01_launch
[0.331s] -- Up-to-date: /home/jon/ws02/install/cpp01_launch/share/ament_index/resource_index/parent_prefix_path/cpp01_launch
[0.331s] -- Up-to-date: /home/jon/ws02/install/cpp01_launch/share/cpp01_launch/environment/ament_prefix_path.sh
[0.331s] -- Installing: /home/jon/ws02/install/cpp01_launch/share/cpp01_launch/environment/ament_prefix_path.dsv
[0.331s] -- Up-to-date: /home/jon/ws02/install/cpp01_launch/share/cpp01_launch/environment/path.sh
[0.331s] -- Installing: /home/jon/ws02/install/cpp01_launch/share/cpp01_launch/environment/path.dsv
[0.331s] -- Up-to-date: /home/jon/ws02/install/cpp01_launch/share/cpp01_launch/local_setup.bash
[0.331s] -- Up-to-date: /home/jon/ws02/install/cpp01_launch/share/cpp01_launch/local_setup.sh
[0.331s] -- Up-to-date: /home/jon/ws02/install/cpp01_launch/share/cpp01_launch/local_setup.zsh
[0.331s] -- Installing: /home/jon/ws02/install/cpp01_launch/share/cpp01_launch/local_setup.dsv
[0.331s] -- Installing: /home/jon/ws02/install/cpp01_launch/share/cpp01_launch/package.dsv
[0.331s] -- Up-to-date: /home/jon/ws02/install/cpp01_launch/share/ament_index/resource_index/packages/cpp01_launch
[0.331s] -- Up-to-date: /home/jon/ws02/install/cpp01_launch/share/cpp01_launch/cmake/cpp01_launchConfig.cmake
[0.331s] -- Up-to-date: /home/jon/ws02/install/cpp01_launch/share/cpp01_launch/cmake/cpp01_launchConfig-version.cmake
[0.331s] -- Up-to-date: /home/jon/ws02/install/cpp01_launch/share/cpp01_launch/package.xml
[0.332s] Invoked command in '/home/jon/ws02/build/cpp01_launch' returned '0': CMAKE_PREFIX_PATH=${CMAKE_PREFIX_PATH}:/opt/ros/humble /usr/bin/cmake --install /home/jon/ws02/build/cpp01_launch
