-- Found ament_cmake: 1.3.14 (/opt/ros/humble/share/ament_cmake/cmake)
-- Found rosidl_default_generators: 1.2.1 (/opt/ros/humble/share/rosidl_default_generators/cmake)
-- Using all available rosidl_typesupport_c: rosidl_typesupport_fastrtps_c;rosidl_typesupport_introspection_c
-- Found rosidl_adapter: 3.1.9 (/opt/ros/humble/share/rosidl_adapter/cmake)
-- Using all available rosidl_typesupport_cpp: rosidl_typesupport_fastrtps_cpp;rosidl_typesupport_introspection_cpp
-- Found ament_cmake_ros: 0.10.1 (/opt/ros/humble/share/ament_cmake_ros/cmake)
-- Using all available rosidl_typesupport_c: rosidl_typesupport_fastrtps_c;rosidl_typesupport_introspection_c
-- Using all available rosidl_typesupport_cpp: rosidl_typesupport_fastrtps_cpp;rosidl_typesupport_introspection_cpp
-- Found python_cmake_module: 0.10.0 (/opt/ros/humble/share/python_cmake_module/cmake)
-- Using PYTHON_EXECUTABLE: /usr/bin/python3
-- Using PYTHON_INCLUDE_DIRS: /usr/include/python3.10
-- Using PYTHON_LIBRARIES: /usr/lib/x86_64-linux-gnu/libpython3.10.so
-- Found ament_lint_auto: 0.12.15 (/opt/ros/humble/share/ament_lint_auto/cmake)
-- Added test 'lint_cmake' to check CMake code style
-- Added test 'xmllint' to check XML markup files
-- Configuring done
-- Generating done
-- Build files have been written to: /home/jon/ws01/build/base_demo
[  2%] [34m[1mGenerating C code for ROS interfaces[0m
[  5%] [34m[1mGenerating Rust code for ROS interfaces[0m
[  7%] [34m[1mGenerating C++ code for ROS interfaces[0m
[  7%] Built target ament_cmake_python_copy_base_demo
[  7%] Built target base_demo__rs
running egg_info
writing base_demo.egg-info/PKG-INFO
writing dependency_links to base_demo.egg-info/dependency_links.txt
writing top-level names to base_demo.egg-info/top_level.txt
reading manifest file 'base_demo.egg-info/SOURCES.txt'
writing manifest file 'base_demo.egg-info/SOURCES.txt'
[  7%] Built target ament_cmake_python_build_base_demo_egg
[35m[1mConsolidate compiler generated dependencies of target base_demo__rosidl_generator_c[0m
[  7%] Built target base_demo__cpp
[ 10%] [32mBuilding C object CMakeFiles/base_demo__rosidl_generator_c.dir/rosidl_generator_c/base_demo/msg/detail/student__functions.c.o[0m
[ 12%] [32mBuilding C object CMakeFiles/base_demo__rosidl_generator_c.dir/rosidl_generator_c/base_demo/srv/detail/addints__functions.c.o[0m
[ 15%] [34m[1mGenerating C++ type support for eProsima Fast-RTPS[0m
[ 17%] [34m[1mGenerating C++ introspection for ROS interfaces[0m
[ 20%] [34m[1mGenerating C++ type support dispatch for ROS interfaces[0m
[ 22%] [32m[1mLinking C shared library libbase_demo__rosidl_generator_c.so[0m
[ 22%] Built target base_demo__rosidl_generator_c
[ 25%] [34m[1mGenerating C type support for eProsima Fast-RTPS[0m
[ 27%] [34m[1mGenerating C type support dispatch for ROS interfaces[0m
[ 30%] [34m[1mGenerating C introspection for ROS interfaces[0m
[35m[1mConsolidate compiler generated dependencies of target base_demo__rosidl_typesupport_cpp[0m
[35m[1mConsolidate compiler generated dependencies of target base_demo__rosidl_typesupport_introspection_cpp[0m
[ 32%] [32mBuilding CXX object CMakeFiles/base_demo__rosidl_typesupport_cpp.dir/rosidl_typesupport_cpp/base_demo/msg/student__type_support.cpp.o[0m
[ 35%] [32mBuilding CXX object CMakeFiles/base_demo__rosidl_typesupport_cpp.dir/rosidl_typesupport_cpp/base_demo/srv/addints__type_support.cpp.o[0m
[ 37%] [32mBuilding CXX object CMakeFiles/base_demo__rosidl_typesupport_introspection_cpp.dir/rosidl_typesupport_introspection_cpp/base_demo/msg/detail/student__type_support.cpp.o[0m
[ 40%] [32mBuilding CXX object CMakeFiles/base_demo__rosidl_typesupport_introspection_cpp.dir/rosidl_typesupport_introspection_cpp/base_demo/srv/detail/addints__type_support.cpp.o[0m
[35m[1mConsolidate compiler generated dependencies of target base_demo__rosidl_typesupport_fastrtps_cpp[0m
[ 42%] [32mBuilding CXX object CMakeFiles/base_demo__rosidl_typesupport_fastrtps_cpp.dir/rosidl_typesupport_fastrtps_cpp/base_demo/srv/detail/dds_fastrtps/addints__type_support.cpp.o[0m
[ 45%] [32mBuilding CXX object CMakeFiles/base_demo__rosidl_typesupport_fastrtps_cpp.dir/rosidl_typesupport_fastrtps_cpp/base_demo/msg/detail/dds_fastrtps/student__type_support.cpp.o[0m
[35m[1mConsolidate compiler generated dependencies of target base_demo__rosidl_typesupport_c[0m
[ 47%] [32mBuilding CXX object CMakeFiles/base_demo__rosidl_typesupport_c.dir/rosidl_typesupport_c/base_demo/msg/student__type_support.cpp.o[0m
[ 50%] [32mBuilding CXX object CMakeFiles/base_demo__rosidl_typesupport_c.dir/rosidl_typesupport_c/base_demo/srv/addints__type_support.cpp.o[0m
[35m[1mConsolidate compiler generated dependencies of target base_demo__rosidl_typesupport_introspection_c[0m
[35m[1mConsolidate compiler generated dependencies of target base_demo__rosidl_typesupport_fastrtps_c[0m
[ 52%] [32mBuilding C object CMakeFiles/base_demo__rosidl_typesupport_introspection_c.dir/rosidl_typesupport_introspection_c/base_demo/msg/detail/student__type_support.c.o[0m
[ 55%] [32mBuilding C object CMakeFiles/base_demo__rosidl_typesupport_introspection_c.dir/rosidl_typesupport_introspection_c/base_demo/srv/detail/addints__type_support.c.o[0m
[ 57%] [32m[1mLinking CXX shared library libbase_demo__rosidl_typesupport_c.so[0m
[ 60%] [32mBuilding CXX object CMakeFiles/base_demo__rosidl_typesupport_fastrtps_c.dir/rosidl_typesupport_fastrtps_c/base_demo/msg/detail/student__type_support_c.cpp.o[0m
[ 62%] [32mBuilding CXX object CMakeFiles/base_demo__rosidl_typesupport_fastrtps_c.dir/rosidl_typesupport_fastrtps_c/base_demo/srv/detail/addints__type_support_c.cpp.o[0m
[ 65%] [32m[1mLinking C shared library libbase_demo__rosidl_typesupport_introspection_c.so[0m
[ 65%] Built target base_demo__rosidl_typesupport_c
[ 65%] Built target base_demo__rosidl_typesupport_introspection_c
[ 67%] [32m[1mLinking CXX shared library libbase_demo__rosidl_typesupport_cpp.so[0m
[ 67%] Built target base_demo__rosidl_typesupport_cpp
[ 70%] [32m[1mLinking CXX shared library libbase_demo__rosidl_typesupport_fastrtps_cpp.so[0m
[ 72%] [32m[1mLinking CXX shared library libbase_demo__rosidl_typesupport_introspection_cpp.so[0m
[ 72%] Built target base_demo__rosidl_typesupport_fastrtps_cpp
[ 72%] Built target base_demo__rosidl_typesupport_introspection_cpp
[ 75%] [32m[1mLinking CXX shared library libbase_demo__rosidl_typesupport_fastrtps_c.so[0m
[ 75%] Built target base_demo__rosidl_typesupport_fastrtps_c
[ 75%] Built target base_demo
[ 77%] [34m[1mGenerating Python code for ROS interfaces[0m
[ 77%] Built target base_demo__py
[35m[1mConsolidate compiler generated dependencies of target base_demo__rosidl_generator_py[0m
[ 82%] [32mBuilding C object CMakeFiles/base_demo__rosidl_generator_py.dir/rosidl_generator_py/base_demo/srv/_addints_s.c.o[0m
[ 82%] [32mBuilding C object CMakeFiles/base_demo__rosidl_generator_py.dir/rosidl_generator_py/base_demo/msg/_student_s.c.o[0m
[ 85%] [32m[1mLinking C shared library rosidl_generator_py/base_demo/libbase_demo__rosidl_generator_py.so[0m
[ 85%] Built target base_demo__rosidl_generator_py
[35m[1mConsolidate compiler generated dependencies of target base_demo__rosidl_typesupport_fastrtps_c__pyext[0m
[35m[1mConsolidate compiler generated dependencies of target base_demo__rosidl_typesupport_c__pyext[0m
[35m[1mConsolidate compiler generated dependencies of target base_demo__rosidl_typesupport_introspection_c__pyext[0m
[ 87%] [32mBuilding C object CMakeFiles/base_demo__rosidl_typesupport_introspection_c__pyext.dir/rosidl_generator_py/base_demo/_base_demo_s.ep.rosidl_typesupport_introspection_c.c.o[0m
[ 90%] [32mBuilding C object CMakeFiles/base_demo__rosidl_typesupport_c__pyext.dir/rosidl_generator_py/base_demo/_base_demo_s.ep.rosidl_typesupport_c.c.o[0m
[ 92%] [32mBuilding C object CMakeFiles/base_demo__rosidl_typesupport_fastrtps_c__pyext.dir/rosidl_generator_py/base_demo/_base_demo_s.ep.rosidl_typesupport_fastrtps_c.c.o[0m
[ 95%] [32m[1mLinking C shared library rosidl_generator_py/base_demo/base_demo_s__rosidl_typesupport_introspection_c.cpython-310-x86_64-linux-gnu.so[0m
[ 97%] [32m[1mLinking C shared library rosidl_generator_py/base_demo/base_demo_s__rosidl_typesupport_c.cpython-310-x86_64-linux-gnu.so[0m
[100%] [32m[1mLinking C shared library rosidl_generator_py/base_demo/base_demo_s__rosidl_typesupport_fastrtps_c.cpython-310-x86_64-linux-gnu.so[0m
[100%] Built target base_demo__rosidl_typesupport_introspection_c__pyext
[100%] Built target base_demo__rosidl_typesupport_c__pyext
[100%] Built target base_demo__rosidl_typesupport_fastrtps_c__pyext
-- Install configuration: ""
-- Installing: /home/jon/ws01/install/base_demo/share/ament_index/resource_index/rosidl_interfaces/base_demo
-- Up-to-date: /home/jon/ws01/install/base_demo/include/base_demo/base_demo
-- Up-to-date: /home/jon/ws01/install/base_demo/include/base_demo/base_demo/msg
-- Installing: /home/jon/ws01/install/base_demo/include/base_demo/base_demo/msg/student.h
-- Up-to-date: /home/jon/ws01/install/base_demo/include/base_demo/base_demo/msg/detail
-- Installing: /home/jon/ws01/install/base_demo/include/base_demo/base_demo/msg/detail/student__struct.h
-- Installing: /home/jon/ws01/install/base_demo/include/base_demo/base_demo/msg/detail/student__functions.c
-- Installing: /home/jon/ws01/install/base_demo/include/base_demo/base_demo/msg/detail/student__functions.h
-- Installing: /home/jon/ws01/install/base_demo/include/base_demo/base_demo/msg/detail/student__type_support.h
-- Up-to-date: /home/jon/ws01/install/base_demo/include/base_demo/base_demo/msg/rosidl_generator_c__visibility_control.h
-- Installing: /home/jon/ws01/install/base_demo/include/base_demo/base_demo/srv
-- Installing: /home/jon/ws01/install/base_demo/include/base_demo/base_demo/srv/addints.h
-- Installing: /home/jon/ws01/install/base_demo/include/base_demo/base_demo/srv/detail
-- Installing: /home/jon/ws01/install/base_demo/include/base_demo/base_demo/srv/detail/addints__type_support.h
-- Installing: /home/jon/ws01/install/base_demo/include/base_demo/base_demo/srv/detail/addints__functions.h
-- Installing: /home/jon/ws01/install/base_demo/include/base_demo/base_demo/srv/detail/addints__struct.h
-- Installing: /home/jon/ws01/install/base_demo/include/base_demo/base_demo/srv/detail/addints__functions.c
-- Up-to-date: /home/jon/ws01/install/base_demo/share/base_demo/environment/library_path.sh
-- Installing: /home/jon/ws01/install/base_demo/share/base_demo/environment/library_path.dsv
-- Installing: /home/jon/ws01/install/base_demo/lib/libbase_demo__rosidl_generator_c.so
-- Set runtime path of "/home/jon/ws01/install/base_demo/lib/libbase_demo__rosidl_generator_c.so" to ""
-- Up-to-date: /home/jon/ws01/install/base_demo/include/base_demo/base_demo
-- Up-to-date: /home/jon/ws01/install/base_demo/include/base_demo/base_demo/msg
-- Up-to-date: /home/jon/ws01/install/base_demo/include/base_demo/base_demo/msg/rosidl_typesupport_fastrtps_c__visibility_control.h
-- Up-to-date: /home/jon/ws01/install/base_demo/include/base_demo/base_demo/msg/detail
-- Installing: /home/jon/ws01/install/base_demo/include/base_demo/base_demo/msg/detail/student__rosidl_typesupport_fastrtps_c.h
-- Up-to-date: /home/jon/ws01/install/base_demo/include/base_demo/base_demo/srv
-- Up-to-date: /home/jon/ws01/install/base_demo/include/base_demo/base_demo/srv/detail
-- Installing: /home/jon/ws01/install/base_demo/include/base_demo/base_demo/srv/detail/addints__rosidl_typesupport_fastrtps_c.h
-- Installing: /home/jon/ws01/install/base_demo/lib/libbase_demo__rosidl_typesupport_fastrtps_c.so
-- Set runtime path of "/home/jon/ws01/install/base_demo/lib/libbase_demo__rosidl_typesupport_fastrtps_c.so" to ""
-- Up-to-date: /home/jon/ws01/install/base_demo/include/base_demo/base_demo
-- Up-to-date: /home/jon/ws01/install/base_demo/include/base_demo/base_demo/msg
-- Up-to-date: /home/jon/ws01/install/base_demo/include/base_demo/base_demo/msg/detail
-- Installing: /home/jon/ws01/install/base_demo/include/base_demo/base_demo/msg/detail/student__rosidl_typesupport_introspection_c.h
-- Installing: /home/jon/ws01/install/base_demo/include/base_demo/base_demo/msg/detail/student__type_support.c
-- Up-to-date: /home/jon/ws01/install/base_demo/include/base_demo/base_demo/msg/rosidl_typesupport_introspection_c__visibility_control.h
-- Up-to-date: /home/jon/ws01/install/base_demo/include/base_demo/base_demo/srv
-- Up-to-date: /home/jon/ws01/install/base_demo/include/base_demo/base_demo/srv/detail
-- Installing: /home/jon/ws01/install/base_demo/include/base_demo/base_demo/srv/detail/addints__type_support.c
-- Installing: /home/jon/ws01/install/base_demo/include/base_demo/base_demo/srv/detail/addints__rosidl_typesupport_introspection_c.h
-- Installing: /home/jon/ws01/install/base_demo/lib/libbase_demo__rosidl_typesupport_introspection_c.so
-- Set runtime path of "/home/jon/ws01/install/base_demo/lib/libbase_demo__rosidl_typesupport_introspection_c.so" to ""
-- Installing: /home/jon/ws01/install/base_demo/lib/libbase_demo__rosidl_typesupport_c.so
-- Set runtime path of "/home/jon/ws01/install/base_demo/lib/libbase_demo__rosidl_typesupport_c.so" to ""
-- Up-to-date: /home/jon/ws01/install/base_demo/include/base_demo/base_demo
-- Up-to-date: /home/jon/ws01/install/base_demo/include/base_demo/base_demo/msg
-- Installing: /home/jon/ws01/install/base_demo/include/base_demo/base_demo/msg/student.hpp
-- Up-to-date: /home/jon/ws01/install/base_demo/include/base_demo/base_demo/msg/detail
-- Installing: /home/jon/ws01/install/base_demo/include/base_demo/base_demo/msg/detail/student__type_support.hpp
-- Installing: /home/jon/ws01/install/base_demo/include/base_demo/base_demo/msg/detail/student__struct.hpp
-- Installing: /home/jon/ws01/install/base_demo/include/base_demo/base_demo/msg/detail/student__traits.hpp
-- Installing: /home/jon/ws01/install/base_demo/include/base_demo/base_demo/msg/detail/student__builder.hpp
-- Up-to-date: /home/jon/ws01/install/base_demo/include/base_demo/base_demo/msg/rosidl_generator_cpp__visibility_control.hpp
-- Up-to-date: /home/jon/ws01/install/base_demo/include/base_demo/base_demo/srv
-- Installing: /home/jon/ws01/install/base_demo/include/base_demo/base_demo/srv/addints.hpp
-- Up-to-date: /home/jon/ws01/install/base_demo/include/base_demo/base_demo/srv/detail
-- Installing: /home/jon/ws01/install/base_demo/include/base_demo/base_demo/srv/detail/addints__traits.hpp
-- Installing: /home/jon/ws01/install/base_demo/include/base_demo/base_demo/srv/detail/addints__type_support.hpp
-- Installing: /home/jon/ws01/install/base_demo/include/base_demo/base_demo/srv/detail/addints__builder.hpp
-- Installing: /home/jon/ws01/install/base_demo/include/base_demo/base_demo/srv/detail/addints__struct.hpp
-- Up-to-date: /home/jon/ws01/install/base_demo/include/base_demo/base_demo
-- Up-to-date: /home/jon/ws01/install/base_demo/include/base_demo/base_demo/msg
-- Up-to-date: /home/jon/ws01/install/base_demo/include/base_demo/base_demo/msg/rosidl_typesupport_fastrtps_cpp__visibility_control.h
-- Up-to-date: /home/jon/ws01/install/base_demo/include/base_demo/base_demo/msg/detail
-- Up-to-date: /home/jon/ws01/install/base_demo/include/base_demo/base_demo/msg/detail/dds_fastrtps
-- Installing: /home/jon/ws01/install/base_demo/include/base_demo/base_demo/msg/detail/student__rosidl_typesupport_fastrtps_cpp.hpp
-- Up-to-date: /home/jon/ws01/install/base_demo/include/base_demo/base_demo/srv
-- Up-to-date: /home/jon/ws01/install/base_demo/include/base_demo/base_demo/srv/detail
-- Installing: /home/jon/ws01/install/base_demo/include/base_demo/base_demo/srv/detail/addints__rosidl_typesupport_fastrtps_cpp.hpp
-- Installing: /home/jon/ws01/install/base_demo/include/base_demo/base_demo/srv/detail/dds_fastrtps
-- Installing: /home/jon/ws01/install/base_demo/lib/libbase_demo__rosidl_typesupport_fastrtps_cpp.so
-- Set runtime path of "/home/jon/ws01/install/base_demo/lib/libbase_demo__rosidl_typesupport_fastrtps_cpp.so" to ""
-- Up-to-date: /home/jon/ws01/install/base_demo/include/base_demo/base_demo
-- Up-to-date: /home/jon/ws01/install/base_demo/include/base_demo/base_demo/msg
-- Up-to-date: /home/jon/ws01/install/base_demo/include/base_demo/base_demo/msg/detail
-- Installing: /home/jon/ws01/install/base_demo/include/base_demo/base_demo/msg/detail/student__rosidl_typesupport_introspection_cpp.hpp
-- Installing: /home/jon/ws01/install/base_demo/include/base_demo/base_demo/msg/detail/student__type_support.cpp
-- Up-to-date: /home/jon/ws01/install/base_demo/include/base_demo/base_demo/srv
-- Up-to-date: /home/jon/ws01/install/base_demo/include/base_demo/base_demo/srv/detail
-- Installing: /home/jon/ws01/install/base_demo/include/base_demo/base_demo/srv/detail/addints__type_support.cpp
-- Installing: /home/jon/ws01/install/base_demo/include/base_demo/base_demo/srv/detail/addints__rosidl_typesupport_introspection_cpp.hpp
-- Installing: /home/jon/ws01/install/base_demo/lib/libbase_demo__rosidl_typesupport_introspection_cpp.so
-- Set runtime path of "/home/jon/ws01/install/base_demo/lib/libbase_demo__rosidl_typesupport_introspection_cpp.so" to ""
-- Installing: /home/jon/ws01/install/base_demo/lib/libbase_demo__rosidl_typesupport_cpp.so
-- Set runtime path of "/home/jon/ws01/install/base_demo/lib/libbase_demo__rosidl_typesupport_cpp.so" to ""
-- Up-to-date: /home/jon/ws01/install/base_demo/share/base_demo/environment/pythonpath.sh
-- Installing: /home/jon/ws01/install/base_demo/share/base_demo/environment/pythonpath.dsv
-- Up-to-date: /home/jon/ws01/install/base_demo/local/lib/python3.10/dist-packages/base_demo-0.0.0-py3.10.egg-info
-- Installing: /home/jon/ws01/install/base_demo/local/lib/python3.10/dist-packages/base_demo-0.0.0-py3.10.egg-info/PKG-INFO
-- Installing: /home/jon/ws01/install/base_demo/local/lib/python3.10/dist-packages/base_demo-0.0.0-py3.10.egg-info/SOURCES.txt
-- Installing: /home/jon/ws01/install/base_demo/local/lib/python3.10/dist-packages/base_demo-0.0.0-py3.10.egg-info/dependency_links.txt
-- Installing: /home/jon/ws01/install/base_demo/local/lib/python3.10/dist-packages/base_demo-0.0.0-py3.10.egg-info/top_level.txt
-- Up-to-date: /home/jon/ws01/install/base_demo/local/lib/python3.10/dist-packages/base_demo
-- Installing: /home/jon/ws01/install/base_demo/local/lib/python3.10/dist-packages/base_demo/__init__.py
-- Up-to-date: /home/jon/ws01/install/base_demo/local/lib/python3.10/dist-packages/base_demo/msg
-- Installing: /home/jon/ws01/install/base_demo/local/lib/python3.10/dist-packages/base_demo/msg/__init__.py
-- Installing: /home/jon/ws01/install/base_demo/local/lib/python3.10/dist-packages/base_demo/msg/_student.py
-- Installing: /home/jon/ws01/install/base_demo/local/lib/python3.10/dist-packages/base_demo/msg/_student_s.c
-- Installing: /home/jon/ws01/install/base_demo/local/lib/python3.10/dist-packages/base_demo/base_demo_s__rosidl_typesupport_introspection_c.cpython-310-x86_64-linux-gnu.so
-- Installing: /home/jon/ws01/install/base_demo/local/lib/python3.10/dist-packages/base_demo/base_demo_s__rosidl_typesupport_fastrtps_c.cpython-310-x86_64-linux-gnu.so
-- Installing: /home/jon/ws01/install/base_demo/local/lib/python3.10/dist-packages/base_demo/_base_demo_s.ep.rosidl_typesupport_c.c
-- Installing: /home/jon/ws01/install/base_demo/local/lib/python3.10/dist-packages/base_demo/_base_demo_s.ep.rosidl_typesupport_fastrtps_c.c
-- Installing: /home/jon/ws01/install/base_demo/local/lib/python3.10/dist-packages/base_demo/base_demo_s__rosidl_typesupport_c.cpython-310-x86_64-linux-gnu.so
-- Installing: /home/jon/ws01/install/base_demo/local/lib/python3.10/dist-packages/base_demo/_base_demo_s.ep.rosidl_typesupport_introspection_c.c
-- Installing: /home/jon/ws01/install/base_demo/local/lib/python3.10/dist-packages/base_demo/libbase_demo__rosidl_generator_py.so
-- Installing: /home/jon/ws01/install/base_demo/local/lib/python3.10/dist-packages/base_demo/srv
-- Installing: /home/jon/ws01/install/base_demo/local/lib/python3.10/dist-packages/base_demo/srv/__init__.py
-- Installing: /home/jon/ws01/install/base_demo/local/lib/python3.10/dist-packages/base_demo/srv/_addints.py
-- Installing: /home/jon/ws01/install/base_demo/local/lib/python3.10/dist-packages/base_demo/srv/_addints_s.c
Listing '/home/jon/ws01/install/base_demo/local/lib/python3.10/dist-packages/base_demo'...
Compiling '/home/jon/ws01/install/base_demo/local/lib/python3.10/dist-packages/base_demo/__init__.py'...
Listing '/home/jon/ws01/install/base_demo/local/lib/python3.10/dist-packages/base_demo/msg'...
Compiling '/home/jon/ws01/install/base_demo/local/lib/python3.10/dist-packages/base_demo/msg/__init__.py'...
Compiling '/home/jon/ws01/install/base_demo/local/lib/python3.10/dist-packages/base_demo/msg/_student.py'...
Listing '/home/jon/ws01/install/base_demo/local/lib/python3.10/dist-packages/base_demo/srv'...
Compiling '/home/jon/ws01/install/base_demo/local/lib/python3.10/dist-packages/base_demo/srv/__init__.py'...
Compiling '/home/jon/ws01/install/base_demo/local/lib/python3.10/dist-packages/base_demo/srv/_addints.py'...
-- Installing: /home/jon/ws01/install/base_demo/local/lib/python3.10/dist-packages/base_demo/base_demo_s__rosidl_typesupport_fastrtps_c.cpython-310-x86_64-linux-gnu.so
-- Set runtime path of "/home/jon/ws01/install/base_demo/local/lib/python3.10/dist-packages/base_demo/base_demo_s__rosidl_typesupport_fastrtps_c.cpython-310-x86_64-linux-gnu.so" to ""
-- Installing: /home/jon/ws01/install/base_demo/local/lib/python3.10/dist-packages/base_demo/base_demo_s__rosidl_typesupport_introspection_c.cpython-310-x86_64-linux-gnu.so
-- Set runtime path of "/home/jon/ws01/install/base_demo/local/lib/python3.10/dist-packages/base_demo/base_demo_s__rosidl_typesupport_introspection_c.cpython-310-x86_64-linux-gnu.so" to ""
-- Installing: /home/jon/ws01/install/base_demo/local/lib/python3.10/dist-packages/base_demo/base_demo_s__rosidl_typesupport_c.cpython-310-x86_64-linux-gnu.so
-- Set runtime path of "/home/jon/ws01/install/base_demo/local/lib/python3.10/dist-packages/base_demo/base_demo_s__rosidl_typesupport_c.cpython-310-x86_64-linux-gnu.so" to ""
-- Installing: /home/jon/ws01/install/base_demo/lib/libbase_demo__rosidl_generator_py.so
-- Set runtime path of "/home/jon/ws01/install/base_demo/lib/libbase_demo__rosidl_generator_py.so" to ""
-- Up-to-date: /home/jon/ws01/install/base_demo/share/base_demo/rust
-- Installing: /home/jon/ws01/install/base_demo/share/base_demo/rust/Cargo.toml
-- Installing: /home/jon/ws01/install/base_demo/share/base_demo/rust/build.rs
-- Up-to-date: /home/jon/ws01/install/base_demo/share/base_demo/rust/src
-- Up-to-date: /home/jon/ws01/install/base_demo/share/base_demo/rust/src/msg
-- Installing: /home/jon/ws01/install/base_demo/share/base_demo/rust/src/msg/rmw.rs
-- Installing: /home/jon/ws01/install/base_demo/share/base_demo/rust/src/msg.rs
-- Installing: /home/jon/ws01/install/base_demo/share/base_demo/rust/src/lib.rs
-- Installing: /home/jon/ws01/install/base_demo/share/base_demo/rust/src/srv.rs
-- Installing: /home/jon/ws01/install/base_demo/share/base_demo/rust/src/srv
-- Installing: /home/jon/ws01/install/base_demo/share/base_demo/rust/src/srv/rmw.rs
-- Up-to-date: /home/jon/ws01/install/base_demo/share/base_demo/msg/Student.idl
-- Installing: /home/jon/ws01/install/base_demo/share/base_demo/srv/Addints.idl
-- Up-to-date: /home/jon/ws01/install/base_demo/share/base_demo/msg/Student.msg
-- Installing: /home/jon/ws01/install/base_demo/share/base_demo/srv/Addints.srv
-- Installing: /home/jon/ws01/install/base_demo/share/base_demo/srv/Addints_Request.msg
-- Installing: /home/jon/ws01/install/base_demo/share/base_demo/srv/Addints_Response.msg
-- Up-to-date: /home/jon/ws01/install/base_demo/share/ament_index/resource_index/package_run_dependencies/base_demo
-- Installing: /home/jon/ws01/install/base_demo/share/ament_index/resource_index/parent_prefix_path/base_demo
-- Up-to-date: /home/jon/ws01/install/base_demo/share/base_demo/environment/ament_prefix_path.sh
-- Installing: /home/jon/ws01/install/base_demo/share/base_demo/environment/ament_prefix_path.dsv
-- Up-to-date: /home/jon/ws01/install/base_demo/share/base_demo/environment/path.sh
-- Installing: /home/jon/ws01/install/base_demo/share/base_demo/environment/path.dsv
-- Up-to-date: /home/jon/ws01/install/base_demo/share/base_demo/local_setup.bash
-- Up-to-date: /home/jon/ws01/install/base_demo/share/base_demo/local_setup.sh
-- Up-to-date: /home/jon/ws01/install/base_demo/share/base_demo/local_setup.zsh
-- Installing: /home/jon/ws01/install/base_demo/share/base_demo/local_setup.dsv
-- Installing: /home/jon/ws01/install/base_demo/share/base_demo/package.dsv
-- Up-to-date: /home/jon/ws01/install/base_demo/share/ament_index/resource_index/packages/base_demo
-- Up-to-date: /home/jon/ws01/install/base_demo/share/base_demo/cmake/export_base_demo__rosidl_generator_cExport.cmake
-- Up-to-date: /home/jon/ws01/install/base_demo/share/base_demo/cmake/export_base_demo__rosidl_generator_cExport-noconfig.cmake
-- Up-to-date: /home/jon/ws01/install/base_demo/share/base_demo/cmake/export_base_demo__rosidl_typesupport_fastrtps_cExport.cmake
-- Up-to-date: /home/jon/ws01/install/base_demo/share/base_demo/cmake/export_base_demo__rosidl_typesupport_fastrtps_cExport-noconfig.cmake
-- Up-to-date: /home/jon/ws01/install/base_demo/share/base_demo/cmake/base_demo__rosidl_typesupport_introspection_cExport.cmake
-- Up-to-date: /home/jon/ws01/install/base_demo/share/base_demo/cmake/base_demo__rosidl_typesupport_introspection_cExport-noconfig.cmake
-- Up-to-date: /home/jon/ws01/install/base_demo/share/base_demo/cmake/base_demo__rosidl_typesupport_cExport.cmake
-- Up-to-date: /home/jon/ws01/install/base_demo/share/base_demo/cmake/base_demo__rosidl_typesupport_cExport-noconfig.cmake
-- Up-to-date: /home/jon/ws01/install/base_demo/share/base_demo/cmake/export_base_demo__rosidl_generator_cppExport.cmake
-- Up-to-date: /home/jon/ws01/install/base_demo/share/base_demo/cmake/export_base_demo__rosidl_typesupport_fastrtps_cppExport.cmake
-- Up-to-date: /home/jon/ws01/install/base_demo/share/base_demo/cmake/export_base_demo__rosidl_typesupport_fastrtps_cppExport-noconfig.cmake
-- Up-to-date: /home/jon/ws01/install/base_demo/share/base_demo/cmake/base_demo__rosidl_typesupport_introspection_cppExport.cmake
-- Up-to-date: /home/jon/ws01/install/base_demo/share/base_demo/cmake/base_demo__rosidl_typesupport_introspection_cppExport-noconfig.cmake
-- Up-to-date: /home/jon/ws01/install/base_demo/share/base_demo/cmake/base_demo__rosidl_typesupport_cppExport.cmake
-- Up-to-date: /home/jon/ws01/install/base_demo/share/base_demo/cmake/base_demo__rosidl_typesupport_cppExport-noconfig.cmake
-- Up-to-date: /home/jon/ws01/install/base_demo/share/base_demo/cmake/export_base_demo__rosidl_generator_pyExport.cmake
-- Up-to-date: /home/jon/ws01/install/base_demo/share/base_demo/cmake/export_base_demo__rosidl_generator_pyExport-noconfig.cmake
-- Installing: /home/jon/ws01/install/base_demo/share/base_demo/cmake/rosidl_cmake-extras.cmake
-- Up-to-date: /home/jon/ws01/install/base_demo/share/base_demo/cmake/ament_cmake_export_include_directories-extras.cmake
-- Up-to-date: /home/jon/ws01/install/base_demo/share/base_demo/cmake/ament_cmake_export_libraries-extras.cmake
-- Up-to-date: /home/jon/ws01/install/base_demo/share/base_demo/cmake/ament_cmake_export_targets-extras.cmake
-- Up-to-date: /home/jon/ws01/install/base_demo/share/base_demo/cmake/rosidl_cmake_export_typesupport_targets-extras.cmake
-- Up-to-date: /home/jon/ws01/install/base_demo/share/base_demo/cmake/ament_cmake_export_dependencies-extras.cmake
-- Up-to-date: /home/jon/ws01/install/base_demo/share/base_demo/cmake/rosidl_cmake_export_typesupport_libraries-extras.cmake
-- Up-to-date: /home/jon/ws01/install/base_demo/share/base_demo/cmake/rosidl_cmake_aggregate_target-extras.cmake
-- Up-to-date: /home/jon/ws01/install/base_demo/share/base_demo/cmake/base_demoConfig.cmake
-- Up-to-date: /home/jon/ws01/install/base_demo/share/base_demo/cmake/base_demoConfig-version.cmake
-- Up-to-date: /home/jon/ws01/install/base_demo/share/base_demo/package.xml
