[0.008s] Invoking command in '/home/jon/ws01/src/build/cpp04_param': CMAKE_PREFIX_PATH=${CMAKE_PREFIX_PATH}:/opt/ros/humble /usr/bin/cmake --build /home/jon/ws01/src/build/cpp04_param -- -j24 -l24
[0.028s] -- Found ament_cmake: 1.3.14 (/opt/ros/humble/share/ament_cmake/cmake)
[0.114s] -- Found rclcpp: 16.0.21 (/opt/ros/humble/share/rclcpp/cmake)
[0.136s] -- Found rosidl_generator_c: 3.1.9 (/opt/ros/humble/share/rosidl_generator_c/cmake)
[0.136s] -- Found rosidl_adapter: 3.1.9 (/opt/ros/humble/share/rosidl_adapter/cmake)
[0.142s] -- Found rosidl_generator_cpp: 3.1.9 (/opt/ros/humble/share/rosidl_generator_cpp/cmake)
[0.146s] -- Using all available rosidl_typesupport_c: rosidl_typesupport_fastrtps_c;rosidl_typesupport_introspection_c
[0.154s] -- Using all available rosidl_typesupport_cpp: rosidl_typesupport_fastrtps_cpp;rosidl_typesupport_introspection_cpp
[0.174s] -- Found rmw_implementation_cmake: 6.1.4 (/opt/ros/humble/share/rmw_implementation_cmake/cmake)
[0.174s] -- Found rmw_fastrtps_cpp: 6.2.10 (/opt/ros/humble/share/rmw_fastrtps_cpp/cmake)
[0.230s] -- Using RMW implementation 'rmw_fastrtps_cpp' as default
[0.254s] -- Found ament_lint_auto: 0.12.15 (/opt/ros/humble/share/ament_lint_auto/cmake)
[0.285s] -- Added test 'cppcheck' to perform static code analysis on C / C++ code
[0.285s] -- Configured cppcheck include dirs: $<BUILD_INTERFACE:/home/jon/ws01/src/cpp04_param/include>
[0.285s] -- Configured cppcheck exclude dirs and/or files: 
[0.285s] -- Added test 'lint_cmake' to check CMake code style
[0.285s] -- Added test 'uncrustify' to check C / C++ code style
[0.285s] -- Configured uncrustify additional arguments: 
[0.286s] -- Added test 'xmllint' to check XML markup files
[0.286s] -- Configuring done
[0.291s] -- Generating done
[0.293s] -- Build files have been written to: /home/jon/ws01/src/build/cpp04_param
[0.311s] [35m[1mConsolidate compiler generated dependencies of target demo00_param[0m
[0.319s] [ 16%] [32mBuilding CXX object CMakeFiles/demo02_client.dir/src/demo02_client.cpp.o[0m
[0.319s] [ 33%] [32mBuilding CXX object CMakeFiles/demo01_sever.dir/src/demo01_sever.cpp.o[0m
[0.323s] [ 50%] [32mBuilding CXX object CMakeFiles/demo00_param.dir/src/demo00_param.cpp.o[0m
[1.929s] [ 66%] [32m[1mLinking CXX executable demo00_param[0m
[1.936s] [ 83%] [32m[1mLinking CXX executable demo02_client[0m
[1.945s] [100%] [32m[1mLinking CXX executable demo01_sever[0m
[2.003s] [100%] Built target demo00_param
[2.011s] [100%] Built target demo02_client
[2.031s] [100%] Built target demo01_sever
[2.040s] Invoked command in '/home/jon/ws01/src/build/cpp04_param' returned '0': CMAKE_PREFIX_PATH=${CMAKE_PREFIX_PATH}:/opt/ros/humble /usr/bin/cmake --build /home/jon/ws01/src/build/cpp04_param -- -j24 -l24
[2.046s] Invoking command in '/home/jon/ws01/src/build/cpp04_param': CMAKE_PREFIX_PATH=${CMAKE_PREFIX_PATH}:/opt/ros/humble /usr/bin/cmake --install /home/jon/ws01/src/build/cpp04_param
[2.051s] -- Install configuration: ""
[2.052s] -- Installing: /home/jon/ws01/src/install/cpp04_param/lib/cpp04_param/demo00_param
[2.052s] -- Set runtime path of "/home/jon/ws01/src/install/cpp04_param/lib/cpp04_param/demo00_param" to ""
[2.052s] -- Installing: /home/jon/ws01/src/install/cpp04_param/lib/cpp04_param/demo01_sever
[2.052s] -- Set runtime path of "/home/jon/ws01/src/install/cpp04_param/lib/cpp04_param/demo01_sever" to ""
[2.052s] -- Installing: /home/jon/ws01/src/install/cpp04_param/lib/cpp04_param/demo02_client
[2.052s] -- Set runtime path of "/home/jon/ws01/src/install/cpp04_param/lib/cpp04_param/demo02_client" to ""
[2.052s] -- Up-to-date: /home/jon/ws01/src/install/cpp04_param/share/ament_index/resource_index/package_run_dependencies/cpp04_param
[2.052s] -- Installing: /home/jon/ws01/src/install/cpp04_param/share/ament_index/resource_index/parent_prefix_path/cpp04_param
[2.052s] -- Up-to-date: /home/jon/ws01/src/install/cpp04_param/share/cpp04_param/environment/ament_prefix_path.sh
[2.052s] -- Installing: /home/jon/ws01/src/install/cpp04_param/share/cpp04_param/environment/ament_prefix_path.dsv
[2.052s] -- Up-to-date: /home/jon/ws01/src/install/cpp04_param/share/cpp04_param/environment/path.sh
[2.052s] -- Installing: /home/jon/ws01/src/install/cpp04_param/share/cpp04_param/environment/path.dsv
[2.052s] -- Up-to-date: /home/jon/ws01/src/install/cpp04_param/share/cpp04_param/local_setup.bash
[2.052s] -- Up-to-date: /home/jon/ws01/src/install/cpp04_param/share/cpp04_param/local_setup.sh
[2.053s] -- Up-to-date: /home/jon/ws01/src/install/cpp04_param/share/cpp04_param/local_setup.zsh
[2.053s] -- Installing: /home/jon/ws01/src/install/cpp04_param/share/cpp04_param/local_setup.dsv
[2.053s] -- Installing: /home/jon/ws01/src/install/cpp04_param/share/cpp04_param/package.dsv
[2.053s] -- Up-to-date: /home/jon/ws01/src/install/cpp04_param/share/ament_index/resource_index/packages/cpp04_param
[2.053s] -- Up-to-date: /home/jon/ws01/src/install/cpp04_param/share/cpp04_param/cmake/cpp04_paramConfig.cmake
[2.053s] -- Up-to-date: /home/jon/ws01/src/install/cpp04_param/share/cpp04_param/cmake/cpp04_paramConfig-version.cmake
[2.053s] -- Up-to-date: /home/jon/ws01/src/install/cpp04_param/share/cpp04_param/package.xml
[2.054s] Invoked command in '/home/jon/ws01/src/build/cpp04_param' returned '0': CMAKE_PREFIX_PATH=${CMAKE_PREFIX_PATH}:/opt/ros/humble /usr/bin/cmake --install /home/jon/ws01/src/build/cpp04_param
