[0.011s] Invoking command in '/home/jon/ws01/build/cpp07_exercise': CMAKE_PREFIX_PATH=/home/jon/ws01/install/turtlesim:/home/jon/ws01/install/base_demo:/home/jon/ws01/install/tutorails_plumbing:/home/jon/ws01/install/cpp07_exercise:/home/jon/ws01/install/cpp06_time:/home/jon/ws01/install/cpp05_names:/home/jon/ws01/install/cpp04_param:/home/jon/ws01/install/cpp03_action:/home/jon/ws01/install/cpp02_service:/home/jon/ws01/install/cpp01_topic:/opt/ros/humble /usr/bin/cmake --build /home/jon/ws01/build/cpp07_exercise -- -j24 -l24
[0.046s] Consolidate compiler generated dependencies of target exer04_action_server
[0.049s] [ 20%] Built target exer03_client
[0.050s] [ 60%] Built target exer05_action_client
[0.050s] [ 60%] Built target exer02_server
[0.050s] [ 80%] Built target exer01_pub_sub
[0.056s] [ 90%] Building CXX object CMakeFiles/exer04_action_server.dir/src/exer04_action_server.cpp.o
[1.289s] /home/jon/ws01/src/cpp07_exercise/src/exer04_action_server.cpp: In member function ‘void Exer04ActionServer::execute(std::shared_ptr<rclcpp_action::ServerGoalHandle<base_demo::action::Nav> >)’:
[1.289s] /home/jon/ws01/src/cpp07_exercise/src/exer04_action_server.cpp:88:19: warning: unused variable ‘distance’ [-Wunused-variable]
[1.289s]    88 |             float distance   = std::sqrt(distance_x * distance_x + distance_y * distance_y);
[1.289s]       |                   ^~~~~~~~
[1.289s] /home/jon/ws01/src/cpp07_exercise/src/exer04_action_server.cpp:92:19: warning: unused variable ‘linear_x’ [-Wunused-variable]
[1.289s]    92 |             float linear_x = scale * distance_x;
[1.289s]       |                   ^~~~~~~~
[1.289s] /home/jon/ws01/src/cpp07_exercise/src/exer04_action_server.cpp:93:19: warning: unused variable ‘linear_y’ [-Wunused-variable]
[1.289s]    93 |             float linear_y = scale * distance_y;
[1.289s]       |                   ^~~~~~~~
[4.392s] [100%] Linking CXX executable exer04_action_server
[4.612s] [100%] Built target exer04_action_server
[4.621s] Invoked command in '/home/jon/ws01/build/cpp07_exercise' returned '0': CMAKE_PREFIX_PATH=/home/jon/ws01/install/turtlesim:/home/jon/ws01/install/base_demo:/home/jon/ws01/install/tutorails_plumbing:/home/jon/ws01/install/cpp07_exercise:/home/jon/ws01/install/cpp06_time:/home/jon/ws01/install/cpp05_names:/home/jon/ws01/install/cpp04_param:/home/jon/ws01/install/cpp03_action:/home/jon/ws01/install/cpp02_service:/home/jon/ws01/install/cpp01_topic:/opt/ros/humble /usr/bin/cmake --build /home/jon/ws01/build/cpp07_exercise -- -j24 -l24
[4.626s] Invoking command in '/home/jon/ws01/build/cpp07_exercise': CMAKE_PREFIX_PATH=/home/jon/ws01/install/turtlesim:/home/jon/ws01/install/base_demo:/home/jon/ws01/install/tutorails_plumbing:/home/jon/ws01/install/cpp07_exercise:/home/jon/ws01/install/cpp06_time:/home/jon/ws01/install/cpp05_names:/home/jon/ws01/install/cpp04_param:/home/jon/ws01/install/cpp03_action:/home/jon/ws01/install/cpp02_service:/home/jon/ws01/install/cpp01_topic:/opt/ros/humble /usr/bin/cmake --install /home/jon/ws01/build/cpp07_exercise
[4.629s] -- Install configuration: ""
[4.629s] -- Up-to-date: /home/jon/ws01/install/cpp07_exercise/lib/cpp07_exercise/exer01_pub_sub
[4.629s] -- Up-to-date: /home/jon/ws01/install/cpp07_exercise/lib/cpp07_exercise/exer02_server
[4.629s] -- Up-to-date: /home/jon/ws01/install/cpp07_exercise/lib/cpp07_exercise/exer03_client
[4.629s] -- Installing: /home/jon/ws01/install/cpp07_exercise/lib/cpp07_exercise/exer04_action_server
[4.632s] -- Set runtime path of "/home/jon/ws01/install/cpp07_exercise/lib/cpp07_exercise/exer04_action_server" to ""
[4.632s] -- Up-to-date: /home/jon/ws01/install/cpp07_exercise/lib/cpp07_exercise/exer05_action_client
[4.632s] -- Up-to-date: /home/jon/ws01/install/cpp07_exercise/share/cpp07_exercise/launch
[4.632s] -- Up-to-date: /home/jon/ws01/install/cpp07_exercise/share/cpp07_exercise/launch/exer01_pub_sub_launch.py
[4.632s] -- Up-to-date: /home/jon/ws01/install/cpp07_exercise/share/cpp07_exercise/launch/exer02_server_launch.py
[4.632s] -- Up-to-date: /home/jon/ws01/install/cpp07_exercise/share/cpp07_exercise/launch/__pycache__
[4.632s] -- Up-to-date: /home/jon/ws01/install/cpp07_exercise/share/cpp07_exercise/launch/__pycache__/exer03_client_launch.cpython-310.pyc
[4.632s] -- Up-to-date: /home/jon/ws01/install/cpp07_exercise/share/cpp07_exercise/launch/exer03_client_launch.py
[4.632s] -- Up-to-date: /home/jon/ws01/install/cpp07_exercise/share/cpp07_exercise/launch/exer05_client_launch.py
[4.632s] -- Up-to-date: /home/jon/ws01/install/cpp07_exercise/share/cpp07_exercise/launch/exer04_server_launch.py
[4.632s] -- Up-to-date: /home/jon/ws01/install/cpp07_exercise/share/ament_index/resource_index/package_run_dependencies/cpp07_exercise
[4.632s] -- Up-to-date: /home/jon/ws01/install/cpp07_exercise/share/ament_index/resource_index/parent_prefix_path/cpp07_exercise
[4.632s] -- Up-to-date: /home/jon/ws01/install/cpp07_exercise/share/cpp07_exercise/environment/ament_prefix_path.sh
[4.632s] -- Up-to-date: /home/jon/ws01/install/cpp07_exercise/share/cpp07_exercise/environment/ament_prefix_path.dsv
[4.632s] -- Up-to-date: /home/jon/ws01/install/cpp07_exercise/share/cpp07_exercise/environment/path.sh
[4.632s] -- Up-to-date: /home/jon/ws01/install/cpp07_exercise/share/cpp07_exercise/environment/path.dsv
[4.632s] -- Up-to-date: /home/jon/ws01/install/cpp07_exercise/share/cpp07_exercise/local_setup.bash
[4.632s] -- Up-to-date: /home/jon/ws01/install/cpp07_exercise/share/cpp07_exercise/local_setup.sh
[4.632s] -- Up-to-date: /home/jon/ws01/install/cpp07_exercise/share/cpp07_exercise/local_setup.zsh
[4.632s] -- Up-to-date: /home/jon/ws01/install/cpp07_exercise/share/cpp07_exercise/local_setup.dsv
[4.632s] -- Installing: /home/jon/ws01/install/cpp07_exercise/share/cpp07_exercise/package.dsv
[4.632s] -- Up-to-date: /home/jon/ws01/install/cpp07_exercise/share/ament_index/resource_index/packages/cpp07_exercise
[4.632s] -- Up-to-date: /home/jon/ws01/install/cpp07_exercise/share/cpp07_exercise/cmake/cpp07_exerciseConfig.cmake
[4.632s] -- Up-to-date: /home/jon/ws01/install/cpp07_exercise/share/cpp07_exercise/cmake/cpp07_exerciseConfig-version.cmake
[4.632s] -- Up-to-date: /home/jon/ws01/install/cpp07_exercise/share/cpp07_exercise/package.xml
[4.635s] Invoked command in '/home/jon/ws01/build/cpp07_exercise' returned '0': CMAKE_PREFIX_PATH=/home/jon/ws01/install/turtlesim:/home/jon/ws01/install/base_demo:/home/jon/ws01/install/tutorails_plumbing:/home/jon/ws01/install/cpp07_exercise:/home/jon/ws01/install/cpp06_time:/home/jon/ws01/install/cpp05_names:/home/jon/ws01/install/cpp04_param:/home/jon/ws01/install/cpp03_action:/home/jon/ws01/install/cpp02_service:/home/jon/ws01/install/cpp01_topic:/opt/ros/humble /usr/bin/cmake --install /home/jon/ws01/build/cpp07_exercise
