[35m[1mConsolidate compiler generated dependencies of target demo01_sever[0m
[ 66%] Built target demo00_param
[ 66%] [32mBuilding CXX object CMakeFiles/demo01_sever.dir/src/demo01_sever.cpp.o[0m
[ 83%] Built target demo02_client
[01m[K/home/jon/ws01/src/cpp04_param/src/demo01_sever.cpp:[m[K In member function ‘[01m[Kvoid MyParamServer::get_param()[m[K’:
[01m[K/home/jon/ws01/src/cpp04_param/src/demo01_sever.cpp:42:43:[m[K [01;31m[Kerror: [m[Kno matching function for call to ‘[01m[KMyParamServer::get_parameters(const char [9], const char [6], const char [7])[m[K’
   42 |         auto params = [01;31m[Kthis->get_parameters("car_name","width","height")[m[K;
      |                       [01;31m[K~~~~~~~~~~~~~~~~~~~~^~~~~~~~~~~~~~~~~~~~~~~~~~~~~[m[K
In file included from [01m[K/opt/ros/humble/include/rclcpp/rclcpp/executors/single_threaded_executor.hpp:28[m[K,
                 from [01m[K/opt/ros/humble/include/rclcpp/rclcpp/executors.hpp:22[m[K,
                 from [01m[K/opt/ros/humble/include/rclcpp/rclcpp/rclcpp.hpp:155[m[K,
                 from [01m[K/home/jon/ws01/src/cpp04_param/src/demo01_sever.cpp:16[m[K:
[01m[K/opt/ros/humble/include/rclcpp/rclcpp/node.hpp:786:3:[m[K [01;36m[Knote: [m[Kcandidate: ‘[01m[Ktemplate<class ParameterT> bool rclcpp::Node::get_parameters(const string&, std::map<std::__cxx11::basic_string<char>, ParameterT>&) const[m[K’
  786 |   [01;36m[Kget_parameters[m[K(
      |   [01;36m[K^~~~~~~~~~~~~~[m[K
[01m[K/opt/ros/humble/include/rclcpp/rclcpp/node.hpp:786:3:[m[K [01;36m[Knote: [m[K  template argument deduction/substitution failed:
[01m[K/home/jon/ws01/src/cpp04_param/src/demo01_sever.cpp:42:43:[m[K [01;36m[Knote: [m[K  mismatched types ‘[01m[Kstd::map<std::__cxx11::basic_string<char>, ParameterT>[m[K’ and ‘[01m[Kconst char [6][m[K’
   42 |         auto params = [01;36m[Kthis->get_parameters("car_name","width","height")[m[K;
      |                       [01;36m[K~~~~~~~~~~~~~~~~~~~~^~~~~~~~~~~~~~~~~~~~~~~~~~~~~[m[K
In file included from [01m[K/opt/ros/humble/include/rclcpp/rclcpp/executors/single_threaded_executor.hpp:28[m[K,
                 from [01m[K/opt/ros/humble/include/rclcpp/rclcpp/executors.hpp:22[m[K,
                 from [01m[K/opt/ros/humble/include/rclcpp/rclcpp/rclcpp.hpp:155[m[K,
                 from [01m[K/home/jon/ws01/src/cpp04_param/src/demo01_sever.cpp:16[m[K:
[01m[K/opt/ros/humble/include/rclcpp/rclcpp/node.hpp:745:3:[m[K [01;36m[Knote: [m[Kcandidate: ‘[01m[Kstd::vector<rclcpp::Parameter> rclcpp::Node::get_parameters(const std::vector<std::__cxx11::basic_string<char> >&) const[m[K’
  745 |   [01;36m[Kget_parameters[m[K(const std::vector<std::string> & names) const;
      |   [01;36m[K^~~~~~~~~~~~~~[m[K
[01m[K/opt/ros/humble/include/rclcpp/rclcpp/node.hpp:745:3:[m[K [01;36m[Knote: [m[K  candidate expects 1 argument, 3 provided
gmake[2]: *** [CMakeFiles/demo01_sever.dir/build.make:76：CMakeFiles/demo01_sever.dir/src/demo01_sever.cpp.o] 错误 1
gmake[1]: *** [CMakeFiles/Makefile2:167：CMakeFiles/demo01_sever.dir/all] 错误 2
gmake: *** [Makefile:146：all] 错误 2
