[0.005s] Invoking command in '/home/jon/ws01/build/base_demo': CMAKE_PREFIX_PATH=/opt/ros/humble /usr/bin/cmake --build /home/jon/ws01/build/base_demo -- -j24 -l24
[0.019s] -- Found ament_cmake: 1.3.14 (/opt/ros/humble/share/ament_cmake/cmake)
[0.090s] -- Found rosidl_default_generators: 1.2.1 (/opt/ros/humble/share/rosidl_default_generators/cmake)
[0.093s] -- Using all available rosidl_typesupport_c: rosidl_typesupport_fastrtps_c;rosidl_typesupport_introspection_c
[0.094s] -- Found rosidl_adapter: 3.1.9 (/opt/ros/humble/share/rosidl_adapter/cmake)
[0.113s] -- Using all available rosidl_typesupport_cpp: rosidl_typesupport_fastrtps_cpp;rosidl_typesupport_introspection_cpp
[0.259s] -- Found ament_cmake_ros: 0.10.1 (/opt/ros/humble/share/ament_cmake_ros/cmake)
[0.374s] -- Using all available rosidl_typesupport_c: rosidl_typesupport_fastrtps_c;rosidl_typesupport_introspection_c
[0.519s] -- Using all available rosidl_typesupport_cpp: rosidl_typesupport_fastrtps_cpp;rosidl_typesupport_introspection_cpp
[0.535s] -- Found PythonInterp: /usr/bin/python3 (found suitable version "3.10.12", minimum required is "3.6") 
[0.535s] -- Found python_cmake_module: 0.10.0 (/opt/ros/humble/share/python_cmake_module/cmake)
[0.553s] -- Found PythonLibs: /usr/lib/x86_64-linux-gnu/libpython3.10.so (found suitable version "3.10.12", minimum required is "3.5") 
[0.553s] -- Using PYTHON_EXECUTABLE: /usr/bin/python3
[0.554s] -- Using PYTHON_INCLUDE_DIRS: /usr/include/python3.10
[0.554s] -- Using PYTHON_LIBRARIES: /usr/lib/x86_64-linux-gnu/libpython3.10.so
[0.566s] -- Found PythonExtra: .so  
[0.620s] -- Found ament_lint_auto: 0.12.15 (/opt/ros/humble/share/ament_lint_auto/cmake)
[0.625s] -- Added test 'lint_cmake' to check CMake code style
[0.625s] -- Added test 'xmllint' to check XML markup files
[0.626s] -- Configuring done
[0.639s] -- Generating done
[0.644s] -- Build files have been written to: /home/jon/ws01/build/base_demo
[0.661s] [  3%] Generating C code for ROS interfaces
[0.668s] [  6%] Generating Rust code for ROS interfaces
[0.669s] [  9%] Generating C++ code for ROS interfaces
[0.675s] [  9%] Built target ament_cmake_python_copy_base_demo
[0.779s] [  9%] Built target base_demo__rs
[0.789s] [  9%] Built target base_demo__cpp
[0.790s] running egg_info
[0.792s] creating base_demo.egg-info
[0.792s] writing base_demo.egg-info/PKG-INFO
[0.792s] writing dependency_links to base_demo.egg-info/dependency_links.txt
[0.792s] writing top-level names to base_demo.egg-info/top_level.txt
[0.792s] writing manifest file 'base_demo.egg-info/SOURCES.txt'
[0.793s] reading manifest file 'base_demo.egg-info/SOURCES.txt'
[0.793s] writing manifest file 'base_demo.egg-info/SOURCES.txt'
[0.797s] [ 12%] Generating C++ type support for eProsima Fast-RTPS
[0.798s] [ 15%] Generating C++ type support dispatch for ROS interfaces
[0.799s] [ 18%] Generating C++ introspection for ROS interfaces
[0.815s] [ 21%] Building C object CMakeFiles/base_demo__rosidl_generator_c.dir/rosidl_generator_c/base_demo/msg/detail/student__functions.c.o
[0.820s] [ 21%] Built target ament_cmake_python_build_base_demo_egg
[0.845s] [ 25%] Linking C shared library libbase_demo__rosidl_generator_c.so
[0.872s] [ 25%] Built target base_demo__rosidl_generator_c
[0.878s] [ 28%] Generating C introspection for ROS interfaces
[0.879s] [ 31%] Generating C type support for eProsima Fast-RTPS
[0.880s] [ 34%] Generating C type support dispatch for ROS interfaces
[0.914s] [ 37%] Building CXX object CMakeFiles/base_demo__rosidl_typesupport_cpp.dir/rosidl_typesupport_cpp/base_demo/msg/student__type_support.cpp.o
[0.928s] [ 40%] Building CXX object CMakeFiles/base_demo__rosidl_typesupport_introspection_cpp.dir/rosidl_typesupport_introspection_cpp/base_demo/msg/detail/student__type_support.cpp.o
[0.930s] [ 43%] Building CXX object CMakeFiles/base_demo__rosidl_typesupport_fastrtps_cpp.dir/rosidl_typesupport_fastrtps_cpp/base_demo/msg/detail/dds_fastrtps/student__type_support.cpp.o
[0.993s] [ 46%] Building CXX object CMakeFiles/base_demo__rosidl_typesupport_c.dir/rosidl_typesupport_c/base_demo/msg/student__type_support.cpp.o
[0.995s] [ 50%] Building CXX object CMakeFiles/base_demo__rosidl_typesupport_fastrtps_c.dir/rosidl_typesupport_fastrtps_c/base_demo/msg/detail/student__type_support_c.cpp.o
[1.011s] [ 53%] Building C object CMakeFiles/base_demo__rosidl_typesupport_introspection_c.dir/rosidl_typesupport_introspection_c/base_demo/msg/detail/student__type_support.c.o
[1.015s] [ 56%] Linking CXX shared library libbase_demo__rosidl_typesupport_c.so
[1.030s] [ 59%] Linking C shared library libbase_demo__rosidl_typesupport_introspection_c.so
[1.040s] [ 62%] Linking CXX shared library libbase_demo__rosidl_typesupport_cpp.so
[1.046s] [ 62%] Built target base_demo__rosidl_typesupport_c
[1.056s] [ 62%] Built target base_demo__rosidl_typesupport_introspection_c
[1.070s] [ 62%] Built target base_demo__rosidl_typesupport_cpp
[1.115s] [ 65%] Linking CXX shared library libbase_demo__rosidl_typesupport_introspection_cpp.so
[1.126s] [ 68%] Linking CXX shared library libbase_demo__rosidl_typesupport_fastrtps_cpp.so
[1.156s] [ 68%] Built target base_demo__rosidl_typesupport_introspection_cpp
[1.156s] [ 71%] Linking CXX shared library libbase_demo__rosidl_typesupport_fastrtps_c.so
[1.169s] [ 71%] Built target base_demo__rosidl_typesupport_fastrtps_cpp
[1.202s] [ 71%] Built target base_demo__rosidl_typesupport_fastrtps_c
[1.217s] [ 71%] Built target base_demo
[1.232s] [ 75%] Generating Python code for ROS interfaces
[1.376s] [ 75%] Built target base_demo__py
[1.390s] [ 78%] Building C object CMakeFiles/base_demo__rosidl_generator_py.dir/rosidl_generator_py/base_demo/msg/_student_s.c.o
[1.465s] [ 81%] Linking C shared library rosidl_generator_py/base_demo/libbase_demo__rosidl_generator_py.so
[1.492s] [ 81%] Built target base_demo__rosidl_generator_py
[1.507s] [ 84%] Building C object CMakeFiles/base_demo__rosidl_typesupport_c__pyext.dir/rosidl_generator_py/base_demo/_base_demo_s.ep.rosidl_typesupport_c.c.o
[1.510s] [ 87%] Building C object CMakeFiles/base_demo__rosidl_typesupport_introspection_c__pyext.dir/rosidl_generator_py/base_demo/_base_demo_s.ep.rosidl_typesupport_introspection_c.c.o
[1.511s] [ 90%] Building C object CMakeFiles/base_demo__rosidl_typesupport_fastrtps_c__pyext.dir/rosidl_generator_py/base_demo/_base_demo_s.ep.rosidl_typesupport_fastrtps_c.c.o
[1.555s] [ 93%] Linking C shared library rosidl_generator_py/base_demo/base_demo_s__rosidl_typesupport_introspection_c.cpython-310-x86_64-linux-gnu.so
[1.557s] [ 96%] Linking C shared library rosidl_generator_py/base_demo/base_demo_s__rosidl_typesupport_c.cpython-310-x86_64-linux-gnu.so
[1.560s] [100%] Linking C shared library rosidl_generator_py/base_demo/base_demo_s__rosidl_typesupport_fastrtps_c.cpython-310-x86_64-linux-gnu.so
[1.580s] [100%] Built target base_demo__rosidl_typesupport_c__pyext
[1.581s] [100%] Built target base_demo__rosidl_typesupport_introspection_c__pyext
[1.582s] [100%] Built target base_demo__rosidl_typesupport_fastrtps_c__pyext
[1.590s] Invoked command in '/home/jon/ws01/build/base_demo' returned '0': CMAKE_PREFIX_PATH=/opt/ros/humble /usr/bin/cmake --build /home/jon/ws01/build/base_demo -- -j24 -l24
[1.595s] Invoking command in '/home/jon/ws01/build/base_demo': CMAKE_PREFIX_PATH=/opt/ros/humble /usr/bin/cmake --install /home/jon/ws01/build/base_demo
[1.602s] -- Install configuration: ""
[1.602s] -- Installing: /home/jon/ws01/install/base_demo/share/ament_index/resource_index/rosidl_interfaces/base_demo
[1.602s] -- Installing: /home/jon/ws01/install/base_demo/include/base_demo/base_demo
[1.602s] -- Installing: /home/jon/ws01/install/base_demo/include/base_demo/base_demo/msg
[1.602s] -- Installing: /home/jon/ws01/install/base_demo/include/base_demo/base_demo/msg/student.h
[1.602s] -- Installing: /home/jon/ws01/install/base_demo/include/base_demo/base_demo/msg/detail
[1.602s] -- Installing: /home/jon/ws01/install/base_demo/include/base_demo/base_demo/msg/detail/student__struct.h
[1.602s] -- Installing: /home/jon/ws01/install/base_demo/include/base_demo/base_demo/msg/detail/student__functions.c
[1.602s] -- Installing: /home/jon/ws01/install/base_demo/include/base_demo/base_demo/msg/detail/student__functions.h
[1.602s] -- Installing: /home/jon/ws01/install/base_demo/include/base_demo/base_demo/msg/detail/student__type_support.h
[1.602s] -- Installing: /home/jon/ws01/install/base_demo/include/base_demo/base_demo/msg/rosidl_generator_c__visibility_control.h
[1.602s] -- Installing: /home/jon/ws01/install/base_demo/share/base_demo/environment/library_path.sh
[1.602s] -- Installing: /home/jon/ws01/install/base_demo/share/base_demo/environment/library_path.dsv
[1.602s] -- Installing: /home/jon/ws01/install/base_demo/lib/libbase_demo__rosidl_generator_c.so
[1.602s] -- Set runtime path of "/home/jon/ws01/install/base_demo/lib/libbase_demo__rosidl_generator_c.so" to ""
[1.603s] -- Up-to-date: /home/jon/ws01/install/base_demo/include/base_demo/base_demo
[1.603s] -- Up-to-date: /home/jon/ws01/install/base_demo/include/base_demo/base_demo/msg
[1.603s] -- Installing: /home/jon/ws01/install/base_demo/include/base_demo/base_demo/msg/rosidl_typesupport_fastrtps_c__visibility_control.h
[1.603s] -- Up-to-date: /home/jon/ws01/install/base_demo/include/base_demo/base_demo/msg/detail
[1.603s] -- Installing: /home/jon/ws01/install/base_demo/include/base_demo/base_demo/msg/detail/student__rosidl_typesupport_fastrtps_c.h
[1.603s] -- Installing: /home/jon/ws01/install/base_demo/lib/libbase_demo__rosidl_typesupport_fastrtps_c.so
[1.603s] -- Set runtime path of "/home/jon/ws01/install/base_demo/lib/libbase_demo__rosidl_typesupport_fastrtps_c.so" to ""
[1.603s] -- Up-to-date: /home/jon/ws01/install/base_demo/include/base_demo/base_demo
[1.603s] -- Up-to-date: /home/jon/ws01/install/base_demo/include/base_demo/base_demo/msg
[1.603s] -- Up-to-date: /home/jon/ws01/install/base_demo/include/base_demo/base_demo/msg/detail
[1.603s] -- Installing: /home/jon/ws01/install/base_demo/include/base_demo/base_demo/msg/detail/student__rosidl_typesupport_introspection_c.h
[1.603s] -- Installing: /home/jon/ws01/install/base_demo/include/base_demo/base_demo/msg/detail/student__type_support.c
[1.603s] -- Installing: /home/jon/ws01/install/base_demo/include/base_demo/base_demo/msg/rosidl_typesupport_introspection_c__visibility_control.h
[1.603s] -- Installing: /home/jon/ws01/install/base_demo/lib/libbase_demo__rosidl_typesupport_introspection_c.so
[1.603s] -- Set runtime path of "/home/jon/ws01/install/base_demo/lib/libbase_demo__rosidl_typesupport_introspection_c.so" to ""
[1.603s] -- Installing: /home/jon/ws01/install/base_demo/lib/libbase_demo__rosidl_typesupport_c.so
[1.603s] -- Set runtime path of "/home/jon/ws01/install/base_demo/lib/libbase_demo__rosidl_typesupport_c.so" to ""
[1.603s] -- Up-to-date: /home/jon/ws01/install/base_demo/include/base_demo/base_demo
[1.603s] -- Up-to-date: /home/jon/ws01/install/base_demo/include/base_demo/base_demo/msg
[1.603s] -- Installing: /home/jon/ws01/install/base_demo/include/base_demo/base_demo/msg/student.hpp
[1.604s] -- Up-to-date: /home/jon/ws01/install/base_demo/include/base_demo/base_demo/msg/detail
[1.604s] -- Installing: /home/jon/ws01/install/base_demo/include/base_demo/base_demo/msg/detail/student__type_support.hpp
[1.604s] -- Installing: /home/jon/ws01/install/base_demo/include/base_demo/base_demo/msg/detail/student__struct.hpp
[1.604s] -- Installing: /home/jon/ws01/install/base_demo/include/base_demo/base_demo/msg/detail/student__traits.hpp
[1.604s] -- Installing: /home/jon/ws01/install/base_demo/include/base_demo/base_demo/msg/detail/student__builder.hpp
[1.604s] -- Installing: /home/jon/ws01/install/base_demo/include/base_demo/base_demo/msg/rosidl_generator_cpp__visibility_control.hpp
[1.604s] -- Up-to-date: /home/jon/ws01/install/base_demo/include/base_demo/base_demo
[1.604s] -- Up-to-date: /home/jon/ws01/install/base_demo/include/base_demo/base_demo/msg
[1.604s] -- Installing: /home/jon/ws01/install/base_demo/include/base_demo/base_demo/msg/rosidl_typesupport_fastrtps_cpp__visibility_control.h
[1.604s] -- Up-to-date: /home/jon/ws01/install/base_demo/include/base_demo/base_demo/msg/detail
[1.604s] -- Installing: /home/jon/ws01/install/base_demo/include/base_demo/base_demo/msg/detail/dds_fastrtps
[1.604s] -- Installing: /home/jon/ws01/install/base_demo/include/base_demo/base_demo/msg/detail/student__rosidl_typesupport_fastrtps_cpp.hpp
[1.604s] -- Installing: /home/jon/ws01/install/base_demo/lib/libbase_demo__rosidl_typesupport_fastrtps_cpp.so
[1.604s] -- Set runtime path of "/home/jon/ws01/install/base_demo/lib/libbase_demo__rosidl_typesupport_fastrtps_cpp.so" to ""
[1.605s] -- Up-to-date: /home/jon/ws01/install/base_demo/include/base_demo/base_demo
[1.605s] -- Up-to-date: /home/jon/ws01/install/base_demo/include/base_demo/base_demo/msg
[1.605s] -- Up-to-date: /home/jon/ws01/install/base_demo/include/base_demo/base_demo/msg/detail
[1.605s] -- Installing: /home/jon/ws01/install/base_demo/include/base_demo/base_demo/msg/detail/student__rosidl_typesupport_introspection_cpp.hpp
[1.605s] -- Installing: /home/jon/ws01/install/base_demo/include/base_demo/base_demo/msg/detail/student__type_support.cpp
[1.605s] -- Installing: /home/jon/ws01/install/base_demo/lib/libbase_demo__rosidl_typesupport_introspection_cpp.so
[1.605s] -- Set runtime path of "/home/jon/ws01/install/base_demo/lib/libbase_demo__rosidl_typesupport_introspection_cpp.so" to ""
[1.605s] -- Installing: /home/jon/ws01/install/base_demo/lib/libbase_demo__rosidl_typesupport_cpp.so
[1.605s] -- Set runtime path of "/home/jon/ws01/install/base_demo/lib/libbase_demo__rosidl_typesupport_cpp.so" to ""
[1.605s] -- Installing: /home/jon/ws01/install/base_demo/share/base_demo/environment/pythonpath.sh
[1.605s] -- Installing: /home/jon/ws01/install/base_demo/share/base_demo/environment/pythonpath.dsv
[1.605s] -- Installing: /home/jon/ws01/install/base_demo/local/lib/python3.10/dist-packages/base_demo-0.0.0-py3.10.egg-info
[1.605s] -- Installing: /home/jon/ws01/install/base_demo/local/lib/python3.10/dist-packages/base_demo-0.0.0-py3.10.egg-info/PKG-INFO
[1.605s] -- Installing: /home/jon/ws01/install/base_demo/local/lib/python3.10/dist-packages/base_demo-0.0.0-py3.10.egg-info/SOURCES.txt
[1.605s] -- Installing: /home/jon/ws01/install/base_demo/local/lib/python3.10/dist-packages/base_demo-0.0.0-py3.10.egg-info/dependency_links.txt
[1.605s] -- Installing: /home/jon/ws01/install/base_demo/local/lib/python3.10/dist-packages/base_demo-0.0.0-py3.10.egg-info/top_level.txt
[1.605s] -- Installing: /home/jon/ws01/install/base_demo/local/lib/python3.10/dist-packages/base_demo
[1.605s] -- Installing: /home/jon/ws01/install/base_demo/local/lib/python3.10/dist-packages/base_demo/__init__.py
[1.606s] -- Installing: /home/jon/ws01/install/base_demo/local/lib/python3.10/dist-packages/base_demo/msg
[1.606s] -- Installing: /home/jon/ws01/install/base_demo/local/lib/python3.10/dist-packages/base_demo/msg/__init__.py
[1.606s] -- Installing: /home/jon/ws01/install/base_demo/local/lib/python3.10/dist-packages/base_demo/msg/_student.py
[1.606s] -- Installing: /home/jon/ws01/install/base_demo/local/lib/python3.10/dist-packages/base_demo/msg/_student_s.c
[1.607s] -- Installing: /home/jon/ws01/install/base_demo/local/lib/python3.10/dist-packages/base_demo/base_demo_s__rosidl_typesupport_introspection_c.cpython-310-x86_64-linux-gnu.so
[1.607s] -- Installing: /home/jon/ws01/install/base_demo/local/lib/python3.10/dist-packages/base_demo/base_demo_s__rosidl_typesupport_fastrtps_c.cpython-310-x86_64-linux-gnu.so
[1.607s] -- Installing: /home/jon/ws01/install/base_demo/local/lib/python3.10/dist-packages/base_demo/_base_demo_s.ep.rosidl_typesupport_c.c
[1.607s] -- Installing: /home/jon/ws01/install/base_demo/local/lib/python3.10/dist-packages/base_demo/_base_demo_s.ep.rosidl_typesupport_fastrtps_c.c
[1.607s] -- Installing: /home/jon/ws01/install/base_demo/local/lib/python3.10/dist-packages/base_demo/base_demo_s__rosidl_typesupport_c.cpython-310-x86_64-linux-gnu.so
[1.607s] -- Installing: /home/jon/ws01/install/base_demo/local/lib/python3.10/dist-packages/base_demo/_base_demo_s.ep.rosidl_typesupport_introspection_c.c
[1.607s] -- Installing: /home/jon/ws01/install/base_demo/local/lib/python3.10/dist-packages/base_demo/libbase_demo__rosidl_generator_py.so
[1.625s] Listing '/home/jon/ws01/install/base_demo/local/lib/python3.10/dist-packages/base_demo'...
[1.625s] Compiling '/home/jon/ws01/install/base_demo/local/lib/python3.10/dist-packages/base_demo/__init__.py'...
[1.625s] Listing '/home/jon/ws01/install/base_demo/local/lib/python3.10/dist-packages/base_demo/msg'...
[1.625s] Compiling '/home/jon/ws01/install/base_demo/local/lib/python3.10/dist-packages/base_demo/msg/__init__.py'...
[1.625s] Compiling '/home/jon/ws01/install/base_demo/local/lib/python3.10/dist-packages/base_demo/msg/_student.py'...
[1.628s] -- Installing: /home/jon/ws01/install/base_demo/local/lib/python3.10/dist-packages/base_demo/base_demo_s__rosidl_typesupport_fastrtps_c.cpython-310-x86_64-linux-gnu.so
[1.628s] -- Set runtime path of "/home/jon/ws01/install/base_demo/local/lib/python3.10/dist-packages/base_demo/base_demo_s__rosidl_typesupport_fastrtps_c.cpython-310-x86_64-linux-gnu.so" to ""
[1.628s] -- Installing: /home/jon/ws01/install/base_demo/local/lib/python3.10/dist-packages/base_demo/base_demo_s__rosidl_typesupport_introspection_c.cpython-310-x86_64-linux-gnu.so
[1.628s] -- Set runtime path of "/home/jon/ws01/install/base_demo/local/lib/python3.10/dist-packages/base_demo/base_demo_s__rosidl_typesupport_introspection_c.cpython-310-x86_64-linux-gnu.so" to ""
[1.628s] -- Installing: /home/jon/ws01/install/base_demo/local/lib/python3.10/dist-packages/base_demo/base_demo_s__rosidl_typesupport_c.cpython-310-x86_64-linux-gnu.so
[1.628s] -- Set runtime path of "/home/jon/ws01/install/base_demo/local/lib/python3.10/dist-packages/base_demo/base_demo_s__rosidl_typesupport_c.cpython-310-x86_64-linux-gnu.so" to ""
[1.628s] -- Installing: /home/jon/ws01/install/base_demo/lib/libbase_demo__rosidl_generator_py.so
[1.628s] -- Set runtime path of "/home/jon/ws01/install/base_demo/lib/libbase_demo__rosidl_generator_py.so" to ""
[1.628s] -- Installing: /home/jon/ws01/install/base_demo/share/base_demo/rust
[1.628s] -- Installing: /home/jon/ws01/install/base_demo/share/base_demo/rust/Cargo.toml
[1.628s] -- Installing: /home/jon/ws01/install/base_demo/share/base_demo/rust/build.rs
[1.628s] -- Installing: /home/jon/ws01/install/base_demo/share/base_demo/rust/src
[1.628s] -- Installing: /home/jon/ws01/install/base_demo/share/base_demo/rust/src/msg
[1.628s] -- Installing: /home/jon/ws01/install/base_demo/share/base_demo/rust/src/msg/rmw.rs
[1.629s] -- Installing: /home/jon/ws01/install/base_demo/share/base_demo/rust/src/msg.rs
[1.629s] -- Installing: /home/jon/ws01/install/base_demo/share/base_demo/rust/src/lib.rs
[1.629s] -- Installing: /home/jon/ws01/install/base_demo/share/base_demo/msg/Student.idl
[1.629s] -- Installing: /home/jon/ws01/install/base_demo/share/base_demo/msg/Student.msg
[1.629s] -- Installing: /home/jon/ws01/install/base_demo/share/ament_index/resource_index/package_run_dependencies/base_demo
[1.629s] -- Installing: /home/jon/ws01/install/base_demo/share/ament_index/resource_index/parent_prefix_path/base_demo
[1.629s] -- Up-to-date: /home/jon/ws01/install/base_demo/share/base_demo/environment/ament_prefix_path.sh
[1.629s] -- Installing: /home/jon/ws01/install/base_demo/share/base_demo/environment/ament_prefix_path.dsv
[1.629s] -- Up-to-date: /home/jon/ws01/install/base_demo/share/base_demo/environment/path.sh
[1.629s] -- Installing: /home/jon/ws01/install/base_demo/share/base_demo/environment/path.dsv
[1.629s] -- Up-to-date: /home/jon/ws01/install/base_demo/share/base_demo/local_setup.bash
[1.629s] -- Installing: /home/jon/ws01/install/base_demo/share/base_demo/local_setup.sh
[1.629s] -- Up-to-date: /home/jon/ws01/install/base_demo/share/base_demo/local_setup.zsh
[1.629s] -- Installing: /home/jon/ws01/install/base_demo/share/base_demo/local_setup.dsv
[1.629s] -- Installing: /home/jon/ws01/install/base_demo/share/base_demo/package.dsv
[1.629s] -- Up-to-date: /home/jon/ws01/install/base_demo/share/ament_index/resource_index/packages/base_demo
[1.629s] -- Installing: /home/jon/ws01/install/base_demo/share/base_demo/cmake/export_base_demo__rosidl_generator_cExport.cmake
[1.629s] -- Installing: /home/jon/ws01/install/base_demo/share/base_demo/cmake/export_base_demo__rosidl_generator_cExport-noconfig.cmake
[1.629s] -- Installing: /home/jon/ws01/install/base_demo/share/base_demo/cmake/export_base_demo__rosidl_typesupport_fastrtps_cExport.cmake
[1.629s] -- Installing: /home/jon/ws01/install/base_demo/share/base_demo/cmake/export_base_demo__rosidl_typesupport_fastrtps_cExport-noconfig.cmake
[1.629s] -- Installing: /home/jon/ws01/install/base_demo/share/base_demo/cmake/base_demo__rosidl_typesupport_introspection_cExport.cmake
[1.629s] -- Installing: /home/jon/ws01/install/base_demo/share/base_demo/cmake/base_demo__rosidl_typesupport_introspection_cExport-noconfig.cmake
[1.630s] -- Installing: /home/jon/ws01/install/base_demo/share/base_demo/cmake/base_demo__rosidl_typesupport_cExport.cmake
[1.630s] -- Installing: /home/jon/ws01/install/base_demo/share/base_demo/cmake/base_demo__rosidl_typesupport_cExport-noconfig.cmake
[1.630s] -- Installing: /home/jon/ws01/install/base_demo/share/base_demo/cmake/export_base_demo__rosidl_generator_cppExport.cmake
[1.630s] -- Installing: /home/jon/ws01/install/base_demo/share/base_demo/cmake/export_base_demo__rosidl_typesupport_fastrtps_cppExport.cmake
[1.630s] -- Installing: /home/jon/ws01/install/base_demo/share/base_demo/cmake/export_base_demo__rosidl_typesupport_fastrtps_cppExport-noconfig.cmake
[1.630s] -- Installing: /home/jon/ws01/install/base_demo/share/base_demo/cmake/base_demo__rosidl_typesupport_introspection_cppExport.cmake
[1.630s] -- Installing: /home/jon/ws01/install/base_demo/share/base_demo/cmake/base_demo__rosidl_typesupport_introspection_cppExport-noconfig.cmake
[1.630s] -- Installing: /home/jon/ws01/install/base_demo/share/base_demo/cmake/base_demo__rosidl_typesupport_cppExport.cmake
[1.630s] -- Installing: /home/jon/ws01/install/base_demo/share/base_demo/cmake/base_demo__rosidl_typesupport_cppExport-noconfig.cmake
[1.630s] -- Installing: /home/jon/ws01/install/base_demo/share/base_demo/cmake/export_base_demo__rosidl_generator_pyExport.cmake
[1.630s] -- Installing: /home/jon/ws01/install/base_demo/share/base_demo/cmake/export_base_demo__rosidl_generator_pyExport-noconfig.cmake
[1.630s] -- Installing: /home/jon/ws01/install/base_demo/share/base_demo/cmake/rosidl_cmake-extras.cmake
[1.630s] -- Installing: /home/jon/ws01/install/base_demo/share/base_demo/cmake/ament_cmake_export_include_directories-extras.cmake
[1.630s] -- Installing: /home/jon/ws01/install/base_demo/share/base_demo/cmake/ament_cmake_export_libraries-extras.cmake
[1.630s] -- Installing: /home/jon/ws01/install/base_demo/share/base_demo/cmake/ament_cmake_export_targets-extras.cmake
[1.630s] -- Installing: /home/jon/ws01/install/base_demo/share/base_demo/cmake/rosidl_cmake_export_typesupport_targets-extras.cmake
[1.630s] -- Installing: /home/jon/ws01/install/base_demo/share/base_demo/cmake/ament_cmake_export_dependencies-extras.cmake
[1.630s] -- Installing: /home/jon/ws01/install/base_demo/share/base_demo/cmake/rosidl_cmake_export_typesupport_libraries-extras.cmake
[1.630s] -- Installing: /home/jon/ws01/install/base_demo/share/base_demo/cmake/rosidl_cmake_aggregate_target-extras.cmake
[1.630s] -- Installing: /home/jon/ws01/install/base_demo/share/base_demo/cmake/base_demoConfig.cmake
[1.630s] -- Up-to-date: /home/jon/ws01/install/base_demo/share/base_demo/cmake/base_demoConfig-version.cmake
[1.630s] -- Installing: /home/jon/ws01/install/base_demo/share/base_demo/package.xml
[1.631s] Invoked command in '/home/jon/ws01/build/base_demo' returned '0': CMAKE_PREFIX_PATH=/opt/ros/humble /usr/bin/cmake --install /home/jon/ws01/build/base_demo
