[0.006s] Invoking command in '/home/jon/ws01/src/build/base_demo': CMAKE_PREFIX_PATH=${CMAKE_PREFIX_PATH}:/opt/ros/humble /usr/bin/cmake /home/jon/ws01/src/base_demo -DCMAKE_INSTALL_PREFIX=/home/jon/ws01/src/install/base_demo
[0.080s] -- The C compiler identification is GNU 11.4.0
[0.126s] -- The CXX compiler identification is GNU 11.4.0
[0.132s] -- Detecting C compiler ABI info
[0.176s] -- Detecting C compiler ABI info - done
[0.179s] -- Check for working C compiler: /usr/bin/cc - skipped
[0.180s] -- Detecting C compile features
[0.181s] -- Detecting C compile features - done
[0.186s] -- Detecting CXX compiler ABI info
[0.234s] -- Detecting CXX compiler ABI info - done
[0.238s] -- Check for working CXX compiler: /usr/bin/c++ - skipped
[0.238s] -- Detecting CXX compile features
[0.239s] -- Detecting CXX compile features - done
[0.242s] -- Found ament_cmake: 1.3.14 (/opt/ros/humble/share/ament_cmake/cmake)
[0.326s] -- Found Python3: /usr/bin/python3 (found version "3.10.12") found components: Interpreter 
[0.377s] -- Found rosidl_default_generators: 1.2.1 (/opt/ros/humble/share/rosidl_default_generators/cmake)
[0.382s] -- Using all available rosidl_typesupport_c: rosidl_typesupport_fastrtps_c;rosidl_typesupport_introspection_c
[0.387s] -- Found rosidl_adapter: 3.1.9 (/opt/ros/humble/share/rosidl_adapter/cmake)
[0.412s] -- Using all available rosidl_typesupport_cpp: rosidl_typesupport_fastrtps_cpp;rosidl_typesupport_introspection_cpp
[0.621s] -- Found ament_cmake_ros: 0.10.1 (/opt/ros/humble/share/ament_cmake_ros/cmake)
[0.731s] -- Using all available rosidl_typesupport_c: rosidl_typesupport_fastrtps_c;rosidl_typesupport_introspection_c
[0.871s] -- Using all available rosidl_typesupport_cpp: rosidl_typesupport_fastrtps_cpp;rosidl_typesupport_introspection_cpp
[0.884s] -- Found PythonInterp: /usr/bin/python3 (found suitable version "3.10.12", minimum required is "3.6") 
[0.885s] -- Found python_cmake_module: 0.10.0 (/opt/ros/humble/share/python_cmake_module/cmake)
[0.899s] -- Found PythonLibs: /usr/lib/x86_64-linux-gnu/libpython3.10.so (found suitable version "3.10.12", minimum required is "3.5") 
[0.899s] -- Using PYTHON_EXECUTABLE: /usr/bin/python3
[0.899s] -- Using PYTHON_INCLUDE_DIRS: /usr/include/python3.10
[0.899s] -- Using PYTHON_LIBRARIES: /usr/lib/x86_64-linux-gnu/libpython3.10.so
[0.915s] -- Found PythonExtra: .so  
[0.969s] -- Found ament_lint_auto: 0.12.15 (/opt/ros/humble/share/ament_lint_auto/cmake)
[0.980s] -- Added test 'lint_cmake' to check CMake code style
[0.981s] -- Added test 'xmllint' to check XML markup files
[0.982s] -- Configuring done
[0.997s] -- Generating done
[1.002s] -- Build files have been written to: /home/jon/ws01/src/build/base_demo
[1.008s] Invoked command in '/home/jon/ws01/src/build/base_demo' returned '0': CMAKE_PREFIX_PATH=${CMAKE_PREFIX_PATH}:/opt/ros/humble /usr/bin/cmake /home/jon/ws01/src/base_demo -DCMAKE_INSTALL_PREFIX=/home/jon/ws01/src/install/base_demo
[1.010s] Invoking command in '/home/jon/ws01/src/build/base_demo': CMAKE_PREFIX_PATH=${CMAKE_PREFIX_PATH}:/opt/ros/humble /usr/bin/cmake --build /home/jon/ws01/src/build/base_demo -- -j24 -l24
[1.037s] [  2%] [34m[1mGenerating C code for ROS interfaces[0m
[1.043s] [  4%] [34m[1mGenerating Rust code for ROS interfaces[0m
[1.043s] [  6%] [34m[1mGenerating C++ code for ROS interfaces[0m
[1.048s] [  6%] Built target ament_cmake_python_copy_base_demo
[1.148s] running egg_info
[1.148s] creating base_demo.egg-info
[1.149s] writing base_demo.egg-info/PKG-INFO
[1.149s] writing dependency_links to base_demo.egg-info/dependency_links.txt
[1.149s] writing top-level names to base_demo.egg-info/top_level.txt
[1.149s] writing manifest file 'base_demo.egg-info/SOURCES.txt'
[1.151s] reading manifest file 'base_demo.egg-info/SOURCES.txt'
[1.154s] writing manifest file 'base_demo.egg-info/SOURCES.txt'
[1.168s] [  6%] Built target ament_cmake_python_build_base_demo_egg
[1.182s] [  6%] Built target base_demo__rs
[1.277s] [  8%] [32mBuilding C object CMakeFiles/base_demo__rosidl_generator_c.dir/rosidl_generator_c/base_demo/msg/detail/student__functions.c.o[0m
[1.277s] [ 10%] [32mBuilding C object CMakeFiles/base_demo__rosidl_generator_c.dir/rosidl_generator_c/base_demo/srv/detail/addints__functions.c.o[0m
[1.278s] [ 12%] [32mBuilding C object CMakeFiles/base_demo__rosidl_generator_c.dir/rosidl_generator_c/base_demo/action/detail/progress__functions.c.o[0m
[1.279s] [ 12%] Built target base_demo__cpp
[1.285s] [ 14%] [34m[1mGenerating C++ type support for eProsima Fast-RTPS[0m
[1.287s] [ 16%] [34m[1mGenerating C++ introspection for ROS interfaces[0m
[1.287s] [ 18%] [34m[1mGenerating C++ type support dispatch for ROS interfaces[0m
[1.356s] [ 20%] [32m[1mLinking C shared library libbase_demo__rosidl_generator_c.so[0m
[1.381s] [ 20%] Built target base_demo__rosidl_generator_c
[1.389s] [ 22%] [34m[1mGenerating C type support for eProsima Fast-RTPS[0m
[1.389s] [ 25%] [34m[1mGenerating C introspection for ROS interfaces[0m
[1.389s] [ 27%] [34m[1mGenerating C type support dispatch for ROS interfaces[0m
[1.444s] [ 29%] [32mBuilding CXX object CMakeFiles/base_demo__rosidl_typesupport_cpp.dir/rosidl_typesupport_cpp/base_demo/msg/student__type_support.cpp.o[0m
[1.444s] [ 31%] [32mBuilding CXX object CMakeFiles/base_demo__rosidl_typesupport_cpp.dir/rosidl_typesupport_cpp/base_demo/srv/addints__type_support.cpp.o[0m
[1.444s] [ 33%] [32mBuilding CXX object CMakeFiles/base_demo__rosidl_typesupport_cpp.dir/rosidl_typesupport_cpp/base_demo/action/progress__type_support.cpp.o[0m
[1.475s] [ 35%] [32mBuilding CXX object CMakeFiles/base_demo__rosidl_typesupport_introspection_cpp.dir/rosidl_typesupport_introspection_cpp/base_demo/msg/detail/student__type_support.cpp.o[0m
[1.476s] [ 37%] [32mBuilding CXX object CMakeFiles/base_demo__rosidl_typesupport_introspection_cpp.dir/rosidl_typesupport_introspection_cpp/base_demo/srv/detail/addints__type_support.cpp.o[0m
[1.478s] [ 39%] [32mBuilding CXX object CMakeFiles/base_demo__rosidl_typesupport_introspection_cpp.dir/rosidl_typesupport_introspection_cpp/base_demo/action/detail/progress__type_support.cpp.o[0m
[1.499s] [ 41%] [32mBuilding CXX object CMakeFiles/base_demo__rosidl_typesupport_fastrtps_cpp.dir/rosidl_typesupport_fastrtps_cpp/base_demo/msg/detail/dds_fastrtps/student__type_support.cpp.o[0m
[1.502s] [ 43%] [32mBuilding CXX object CMakeFiles/base_demo__rosidl_typesupport_fastrtps_cpp.dir/rosidl_typesupport_fastrtps_cpp/base_demo/srv/detail/dds_fastrtps/addints__type_support.cpp.o[0m
[1.505s] [ 45%] [32mBuilding CXX object CMakeFiles/base_demo__rosidl_typesupport_fastrtps_cpp.dir/rosidl_typesupport_fastrtps_cpp/base_demo/action/detail/dds_fastrtps/progress__type_support.cpp.o[0m
[1.555s] [ 52%] [32mBuilding CXX object CMakeFiles/base_demo__rosidl_typesupport_c.dir/rosidl_typesupport_c/base_demo/msg/student__type_support.cpp.o[0m
[1.555s] [ 52%] [32mBuilding CXX object CMakeFiles/base_demo__rosidl_typesupport_c.dir/rosidl_typesupport_c/base_demo/srv/addints__type_support.cpp.o[0m
[1.555s] [ 52%] [32mBuilding CXX object CMakeFiles/base_demo__rosidl_typesupport_c.dir/rosidl_typesupport_c/base_demo/action/progress__type_support.cpp.o[0m
[1.589s] [ 54%] [32m[1mLinking CXX shared library libbase_demo__rosidl_typesupport_c.so[0m
[1.612s] [ 56%] [32mBuilding CXX object CMakeFiles/base_demo__rosidl_typesupport_fastrtps_c.dir/rosidl_typesupport_fastrtps_c/base_demo/srv/detail/addints__type_support_c.cpp.o[0m
[1.612s] [ 58%] [32mBuilding CXX object CMakeFiles/base_demo__rosidl_typesupport_fastrtps_c.dir/rosidl_typesupport_fastrtps_c/base_demo/msg/detail/student__type_support_c.cpp.o[0m
[1.612s] [ 60%] [32mBuilding CXX object CMakeFiles/base_demo__rosidl_typesupport_fastrtps_c.dir/rosidl_typesupport_fastrtps_c/base_demo/action/detail/progress__type_support_c.cpp.o[0m
[1.618s] [ 62%] [32mBuilding C object CMakeFiles/base_demo__rosidl_typesupport_introspection_c.dir/rosidl_typesupport_introspection_c/base_demo/action/detail/progress__type_support.c.o[0m
[1.618s] [ 64%] [32mBuilding C object CMakeFiles/base_demo__rosidl_typesupport_introspection_c.dir/rosidl_typesupport_introspection_c/base_demo/srv/detail/addints__type_support.c.o[0m
[1.620s] [ 64%] Built target base_demo__rosidl_typesupport_c
[1.620s] [ 66%] [32mBuilding C object CMakeFiles/base_demo__rosidl_typesupport_introspection_c.dir/rosidl_typesupport_introspection_c/base_demo/msg/detail/student__type_support.c.o[0m
[1.648s] [ 68%] [32m[1mLinking C shared library libbase_demo__rosidl_typesupport_introspection_c.so[0m
[1.668s] [ 68%] Built target base_demo__rosidl_typesupport_introspection_c
[1.670s] [ 70%] [32m[1mLinking CXX shared library libbase_demo__rosidl_typesupport_cpp.so[0m
[1.695s] [ 70%] Built target base_demo__rosidl_typesupport_cpp
[1.757s] [ 72%] [32m[1mLinking CXX shared library libbase_demo__rosidl_typesupport_introspection_cpp.so[0m
[1.757s] [ 75%] [32m[1mLinking CXX shared library libbase_demo__rosidl_typesupport_fastrtps_cpp.so[0m
[1.791s] [ 77%] [32m[1mLinking CXX shared library libbase_demo__rosidl_typesupport_fastrtps_c.so[0m
[1.798s] [ 77%] Built target base_demo__rosidl_typesupport_introspection_cpp
[1.803s] [ 77%] Built target base_demo__rosidl_typesupport_fastrtps_cpp
[1.838s] [ 77%] Built target base_demo__rosidl_typesupport_fastrtps_c
[1.851s] [ 77%] Built target base_demo
[1.862s] [ 79%] [34m[1mGenerating Python code for ROS interfaces[0m
[2.234s] [ 79%] Built target base_demo__py
[2.248s] [ 81%] [32mBuilding C object CMakeFiles/base_demo__rosidl_generator_py.dir/rosidl_generator_py/base_demo/srv/_addints_s.c.o[0m
[2.248s] [ 83%] [32mBuilding C object CMakeFiles/base_demo__rosidl_generator_py.dir/rosidl_generator_py/base_demo/action/_progress_s.c.o[0m
[2.248s] [ 85%] [32mBuilding C object CMakeFiles/base_demo__rosidl_generator_py.dir/rosidl_generator_py/base_demo/msg/_student_s.c.o[0m
[2.328s] [ 87%] [32m[1mLinking C shared library rosidl_generator_py/base_demo/libbase_demo__rosidl_generator_py.so[0m
[2.353s] [ 87%] Built target base_demo__rosidl_generator_py
[2.366s] [ 89%] [32mBuilding C object CMakeFiles/base_demo__rosidl_typesupport_fastrtps_c__pyext.dir/rosidl_generator_py/base_demo/_base_demo_s.ep.rosidl_typesupport_fastrtps_c.c.o[0m
[2.366s] [ 91%] [32mBuilding C object CMakeFiles/base_demo__rosidl_typesupport_c__pyext.dir/rosidl_generator_py/base_demo/_base_demo_s.ep.rosidl_typesupport_c.c.o[0m
[2.366s] [ 93%] [32mBuilding C object CMakeFiles/base_demo__rosidl_typesupport_introspection_c__pyext.dir/rosidl_generator_py/base_demo/_base_demo_s.ep.rosidl_typesupport_introspection_c.c.o[0m
[2.427s] [ 95%] [32m[1mLinking C shared library rosidl_generator_py/base_demo/base_demo_s__rosidl_typesupport_introspection_c.cpython-310-x86_64-linux-gnu.so[0m
[2.427s] [ 97%] [32m[1mLinking C shared library rosidl_generator_py/base_demo/base_demo_s__rosidl_typesupport_c.cpython-310-x86_64-linux-gnu.so[0m
[2.427s] [100%] [32m[1mLinking C shared library rosidl_generator_py/base_demo/base_demo_s__rosidl_typesupport_fastrtps_c.cpython-310-x86_64-linux-gnu.so[0m
[2.451s] [100%] Built target base_demo__rosidl_typesupport_fastrtps_c__pyext
[2.451s] [100%] Built target base_demo__rosidl_typesupport_c__pyext
[2.452s] [100%] Built target base_demo__rosidl_typesupport_introspection_c__pyext
[2.459s] Invoked command in '/home/jon/ws01/src/build/base_demo' returned '0': CMAKE_PREFIX_PATH=${CMAKE_PREFIX_PATH}:/opt/ros/humble /usr/bin/cmake --build /home/jon/ws01/src/build/base_demo -- -j24 -l24
[2.465s] Invoking command in '/home/jon/ws01/src/build/base_demo': CMAKE_PREFIX_PATH=${CMAKE_PREFIX_PATH}:/opt/ros/humble /usr/bin/cmake --install /home/jon/ws01/src/build/base_demo
[2.470s] -- Install configuration: ""
[2.470s] -- Installing: /home/jon/ws01/src/install/base_demo/share/ament_index/resource_index/rosidl_interfaces/base_demo
[2.470s] -- Installing: /home/jon/ws01/src/install/base_demo/include/base_demo/base_demo
[2.470s] -- Installing: /home/jon/ws01/src/install/base_demo/include/base_demo/base_demo/msg
[2.470s] -- Installing: /home/jon/ws01/src/install/base_demo/include/base_demo/base_demo/msg/student.h
[2.470s] -- Installing: /home/jon/ws01/src/install/base_demo/include/base_demo/base_demo/msg/detail
[2.470s] -- Installing: /home/jon/ws01/src/install/base_demo/include/base_demo/base_demo/msg/detail/student__struct.h
[2.470s] -- Installing: /home/jon/ws01/src/install/base_demo/include/base_demo/base_demo/msg/detail/student__functions.c
[2.470s] -- Installing: /home/jon/ws01/src/install/base_demo/include/base_demo/base_demo/msg/detail/student__functions.h
[2.470s] -- Installing: /home/jon/ws01/src/install/base_demo/include/base_demo/base_demo/msg/detail/student__type_support.h
[2.470s] -- Installing: /home/jon/ws01/src/install/base_demo/include/base_demo/base_demo/msg/rosidl_generator_c__visibility_control.h
[2.470s] -- Installing: /home/jon/ws01/src/install/base_demo/include/base_demo/base_demo/action
[2.470s] -- Installing: /home/jon/ws01/src/install/base_demo/include/base_demo/base_demo/action/progress.h
[2.470s] -- Installing: /home/jon/ws01/src/install/base_demo/include/base_demo/base_demo/action/detail
[2.470s] -- Installing: /home/jon/ws01/src/install/base_demo/include/base_demo/base_demo/action/detail/progress__functions.h
[2.470s] -- Installing: /home/jon/ws01/src/install/base_demo/include/base_demo/base_demo/action/detail/progress__functions.c
[2.470s] -- Installing: /home/jon/ws01/src/install/base_demo/include/base_demo/base_demo/action/detail/progress__struct.h
[2.470s] -- Installing: /home/jon/ws01/src/install/base_demo/include/base_demo/base_demo/action/detail/progress__type_support.h
[2.470s] -- Installing: /home/jon/ws01/src/install/base_demo/include/base_demo/base_demo/srv
[2.470s] -- Installing: /home/jon/ws01/src/install/base_demo/include/base_demo/base_demo/srv/addints.h
[2.470s] -- Installing: /home/jon/ws01/src/install/base_demo/include/base_demo/base_demo/srv/detail
[2.470s] -- Installing: /home/jon/ws01/src/install/base_demo/include/base_demo/base_demo/srv/detail/addints__type_support.h
[2.470s] -- Installing: /home/jon/ws01/src/install/base_demo/include/base_demo/base_demo/srv/detail/addints__functions.h
[2.470s] -- Installing: /home/jon/ws01/src/install/base_demo/include/base_demo/base_demo/srv/detail/addints__struct.h
[2.470s] -- Installing: /home/jon/ws01/src/install/base_demo/include/base_demo/base_demo/srv/detail/addints__functions.c
[2.470s] -- Installing: /home/jon/ws01/src/install/base_demo/share/base_demo/environment/library_path.sh
[2.470s] -- Installing: /home/jon/ws01/src/install/base_demo/share/base_demo/environment/library_path.dsv
[2.471s] -- Installing: /home/jon/ws01/src/install/base_demo/lib/libbase_demo__rosidl_generator_c.so
[2.471s] -- Set runtime path of "/home/jon/ws01/src/install/base_demo/lib/libbase_demo__rosidl_generator_c.so" to ""
[2.471s] -- Up-to-date: /home/jon/ws01/src/install/base_demo/include/base_demo/base_demo
[2.471s] -- Up-to-date: /home/jon/ws01/src/install/base_demo/include/base_demo/base_demo/msg
[2.471s] -- Installing: /home/jon/ws01/src/install/base_demo/include/base_demo/base_demo/msg/rosidl_typesupport_fastrtps_c__visibility_control.h
[2.471s] -- Up-to-date: /home/jon/ws01/src/install/base_demo/include/base_demo/base_demo/msg/detail
[2.471s] -- Installing: /home/jon/ws01/src/install/base_demo/include/base_demo/base_demo/msg/detail/student__rosidl_typesupport_fastrtps_c.h
[2.471s] -- Up-to-date: /home/jon/ws01/src/install/base_demo/include/base_demo/base_demo/action
[2.471s] -- Up-to-date: /home/jon/ws01/src/install/base_demo/include/base_demo/base_demo/action/detail
[2.471s] -- Installing: /home/jon/ws01/src/install/base_demo/include/base_demo/base_demo/action/detail/progress__rosidl_typesupport_fastrtps_c.h
[2.471s] -- Up-to-date: /home/jon/ws01/src/install/base_demo/include/base_demo/base_demo/srv
[2.471s] -- Up-to-date: /home/jon/ws01/src/install/base_demo/include/base_demo/base_demo/srv/detail
[2.471s] -- Installing: /home/jon/ws01/src/install/base_demo/include/base_demo/base_demo/srv/detail/addints__rosidl_typesupport_fastrtps_c.h
[2.471s] -- Installing: /home/jon/ws01/src/install/base_demo/lib/libbase_demo__rosidl_typesupport_fastrtps_c.so
[2.471s] -- Set runtime path of "/home/jon/ws01/src/install/base_demo/lib/libbase_demo__rosidl_typesupport_fastrtps_c.so" to ""
[2.471s] -- Up-to-date: /home/jon/ws01/src/install/base_demo/include/base_demo/base_demo
[2.471s] -- Up-to-date: /home/jon/ws01/src/install/base_demo/include/base_demo/base_demo/msg
[2.471s] -- Up-to-date: /home/jon/ws01/src/install/base_demo/include/base_demo/base_demo/msg/detail
[2.471s] -- Installing: /home/jon/ws01/src/install/base_demo/include/base_demo/base_demo/msg/detail/student__rosidl_typesupport_introspection_c.h
[2.471s] -- Installing: /home/jon/ws01/src/install/base_demo/include/base_demo/base_demo/msg/detail/student__type_support.c
[2.471s] -- Installing: /home/jon/ws01/src/install/base_demo/include/base_demo/base_demo/msg/rosidl_typesupport_introspection_c__visibility_control.h
[2.471s] -- Up-to-date: /home/jon/ws01/src/install/base_demo/include/base_demo/base_demo/action
[2.471s] -- Up-to-date: /home/jon/ws01/src/install/base_demo/include/base_demo/base_demo/action/detail
[2.471s] -- Installing: /home/jon/ws01/src/install/base_demo/include/base_demo/base_demo/action/detail/progress__rosidl_typesupport_introspection_c.h
[2.471s] -- Installing: /home/jon/ws01/src/install/base_demo/include/base_demo/base_demo/action/detail/progress__type_support.c
[2.471s] -- Up-to-date: /home/jon/ws01/src/install/base_demo/include/base_demo/base_demo/srv
[2.471s] -- Up-to-date: /home/jon/ws01/src/install/base_demo/include/base_demo/base_demo/srv/detail
[2.471s] -- Installing: /home/jon/ws01/src/install/base_demo/include/base_demo/base_demo/srv/detail/addints__type_support.c
[2.471s] -- Installing: /home/jon/ws01/src/install/base_demo/include/base_demo/base_demo/srv/detail/addints__rosidl_typesupport_introspection_c.h
[2.471s] -- Installing: /home/jon/ws01/src/install/base_demo/lib/libbase_demo__rosidl_typesupport_introspection_c.so
[2.471s] -- Set runtime path of "/home/jon/ws01/src/install/base_demo/lib/libbase_demo__rosidl_typesupport_introspection_c.so" to ""
[2.471s] -- Installing: /home/jon/ws01/src/install/base_demo/lib/libbase_demo__rosidl_typesupport_c.so
[2.471s] -- Set runtime path of "/home/jon/ws01/src/install/base_demo/lib/libbase_demo__rosidl_typesupport_c.so" to ""
[2.471s] -- Up-to-date: /home/jon/ws01/src/install/base_demo/include/base_demo/base_demo
[2.471s] -- Up-to-date: /home/jon/ws01/src/install/base_demo/include/base_demo/base_demo/msg
[2.471s] -- Installing: /home/jon/ws01/src/install/base_demo/include/base_demo/base_demo/msg/student.hpp
[2.471s] -- Up-to-date: /home/jon/ws01/src/install/base_demo/include/base_demo/base_demo/msg/detail
[2.471s] -- Installing: /home/jon/ws01/src/install/base_demo/include/base_demo/base_demo/msg/detail/student__type_support.hpp
[2.471s] -- Installing: /home/jon/ws01/src/install/base_demo/include/base_demo/base_demo/msg/detail/student__struct.hpp
[2.471s] -- Installing: /home/jon/ws01/src/install/base_demo/include/base_demo/base_demo/msg/detail/student__traits.hpp
[2.472s] -- Installing: /home/jon/ws01/src/install/base_demo/include/base_demo/base_demo/msg/detail/student__builder.hpp
[2.472s] -- Installing: /home/jon/ws01/src/install/base_demo/include/base_demo/base_demo/msg/rosidl_generator_cpp__visibility_control.hpp
[2.472s] -- Up-to-date: /home/jon/ws01/src/install/base_demo/include/base_demo/base_demo/action
[2.472s] -- Installing: /home/jon/ws01/src/install/base_demo/include/base_demo/base_demo/action/progress.hpp
[2.472s] -- Up-to-date: /home/jon/ws01/src/install/base_demo/include/base_demo/base_demo/action/detail
[2.472s] -- Installing: /home/jon/ws01/src/install/base_demo/include/base_demo/base_demo/action/detail/progress__type_support.hpp
[2.472s] -- Installing: /home/jon/ws01/src/install/base_demo/include/base_demo/base_demo/action/detail/progress__traits.hpp
[2.472s] -- Installing: /home/jon/ws01/src/install/base_demo/include/base_demo/base_demo/action/detail/progress__builder.hpp
[2.472s] -- Installing: /home/jon/ws01/src/install/base_demo/include/base_demo/base_demo/action/detail/progress__struct.hpp
[2.472s] -- Up-to-date: /home/jon/ws01/src/install/base_demo/include/base_demo/base_demo/srv
[2.472s] -- Installing: /home/jon/ws01/src/install/base_demo/include/base_demo/base_demo/srv/addints.hpp
[2.472s] -- Up-to-date: /home/jon/ws01/src/install/base_demo/include/base_demo/base_demo/srv/detail
[2.472s] -- Installing: /home/jon/ws01/src/install/base_demo/include/base_demo/base_demo/srv/detail/addints__traits.hpp
[2.472s] -- Installing: /home/jon/ws01/src/install/base_demo/include/base_demo/base_demo/srv/detail/addints__type_support.hpp
[2.472s] -- Installing: /home/jon/ws01/src/install/base_demo/include/base_demo/base_demo/srv/detail/addints__builder.hpp
[2.472s] -- Installing: /home/jon/ws01/src/install/base_demo/include/base_demo/base_demo/srv/detail/addints__struct.hpp
[2.472s] -- Up-to-date: /home/jon/ws01/src/install/base_demo/include/base_demo/base_demo
[2.472s] -- Up-to-date: /home/jon/ws01/src/install/base_demo/include/base_demo/base_demo/msg
[2.472s] -- Installing: /home/jon/ws01/src/install/base_demo/include/base_demo/base_demo/msg/rosidl_typesupport_fastrtps_cpp__visibility_control.h
[2.472s] -- Up-to-date: /home/jon/ws01/src/install/base_demo/include/base_demo/base_demo/msg/detail
[2.472s] -- Installing: /home/jon/ws01/src/install/base_demo/include/base_demo/base_demo/msg/detail/dds_fastrtps
[2.472s] -- Installing: /home/jon/ws01/src/install/base_demo/include/base_demo/base_demo/msg/detail/student__rosidl_typesupport_fastrtps_cpp.hpp
[2.472s] -- Up-to-date: /home/jon/ws01/src/install/base_demo/include/base_demo/base_demo/action
[2.472s] -- Up-to-date: /home/jon/ws01/src/install/base_demo/include/base_demo/base_demo/action/detail
[2.472s] -- Installing: /home/jon/ws01/src/install/base_demo/include/base_demo/base_demo/action/detail/dds_fastrtps
[2.472s] -- Installing: /home/jon/ws01/src/install/base_demo/include/base_demo/base_demo/action/detail/progress__rosidl_typesupport_fastrtps_cpp.hpp
[2.472s] -- Up-to-date: /home/jon/ws01/src/install/base_demo/include/base_demo/base_demo/srv
[2.472s] -- Up-to-date: /home/jon/ws01/src/install/base_demo/include/base_demo/base_demo/srv/detail
[2.472s] -- Installing: /home/jon/ws01/src/install/base_demo/include/base_demo/base_demo/srv/detail/addints__rosidl_typesupport_fastrtps_cpp.hpp
[2.472s] -- Installing: /home/jon/ws01/src/install/base_demo/include/base_demo/base_demo/srv/detail/dds_fastrtps
[2.472s] -- Installing: /home/jon/ws01/src/install/base_demo/lib/libbase_demo__rosidl_typesupport_fastrtps_cpp.so
[2.472s] -- Set runtime path of "/home/jon/ws01/src/install/base_demo/lib/libbase_demo__rosidl_typesupport_fastrtps_cpp.so" to ""
[2.472s] -- Up-to-date: /home/jon/ws01/src/install/base_demo/include/base_demo/base_demo
[2.472s] -- Up-to-date: /home/jon/ws01/src/install/base_demo/include/base_demo/base_demo/msg
[2.472s] -- Up-to-date: /home/jon/ws01/src/install/base_demo/include/base_demo/base_demo/msg/detail
[2.472s] -- Installing: /home/jon/ws01/src/install/base_demo/include/base_demo/base_demo/msg/detail/student__rosidl_typesupport_introspection_cpp.hpp
[2.472s] -- Installing: /home/jon/ws01/src/install/base_demo/include/base_demo/base_demo/msg/detail/student__type_support.cpp
[2.472s] -- Up-to-date: /home/jon/ws01/src/install/base_demo/include/base_demo/base_demo/action
[2.472s] -- Up-to-date: /home/jon/ws01/src/install/base_demo/include/base_demo/base_demo/action/detail
[2.472s] -- Installing: /home/jon/ws01/src/install/base_demo/include/base_demo/base_demo/action/detail/progress__type_support.cpp
[2.472s] -- Installing: /home/jon/ws01/src/install/base_demo/include/base_demo/base_demo/action/detail/progress__rosidl_typesupport_introspection_cpp.hpp
[2.472s] -- Up-to-date: /home/jon/ws01/src/install/base_demo/include/base_demo/base_demo/srv
[2.472s] -- Up-to-date: /home/jon/ws01/src/install/base_demo/include/base_demo/base_demo/srv/detail
[2.473s] -- Installing: /home/jon/ws01/src/install/base_demo/include/base_demo/base_demo/srv/detail/addints__type_support.cpp
[2.473s] -- Installing: /home/jon/ws01/src/install/base_demo/include/base_demo/base_demo/srv/detail/addints__rosidl_typesupport_introspection_cpp.hpp
[2.473s] -- Installing: /home/jon/ws01/src/install/base_demo/lib/libbase_demo__rosidl_typesupport_introspection_cpp.so
[2.473s] -- Set runtime path of "/home/jon/ws01/src/install/base_demo/lib/libbase_demo__rosidl_typesupport_introspection_cpp.so" to ""
[2.473s] -- Installing: /home/jon/ws01/src/install/base_demo/lib/libbase_demo__rosidl_typesupport_cpp.so
[2.473s] -- Set runtime path of "/home/jon/ws01/src/install/base_demo/lib/libbase_demo__rosidl_typesupport_cpp.so" to ""
[2.473s] -- Installing: /home/jon/ws01/src/install/base_demo/share/base_demo/environment/pythonpath.sh
[2.473s] -- Installing: /home/jon/ws01/src/install/base_demo/share/base_demo/environment/pythonpath.dsv
[2.473s] -- Installing: /home/jon/ws01/src/install/base_demo/local/lib/python3.10/dist-packages/base_demo-0.0.0-py3.10.egg-info
[2.473s] -- Installing: /home/jon/ws01/src/install/base_demo/local/lib/python3.10/dist-packages/base_demo-0.0.0-py3.10.egg-info/PKG-INFO
[2.473s] -- Installing: /home/jon/ws01/src/install/base_demo/local/lib/python3.10/dist-packages/base_demo-0.0.0-py3.10.egg-info/SOURCES.txt
[2.473s] -- Installing: /home/jon/ws01/src/install/base_demo/local/lib/python3.10/dist-packages/base_demo-0.0.0-py3.10.egg-info/dependency_links.txt
[2.473s] -- Installing: /home/jon/ws01/src/install/base_demo/local/lib/python3.10/dist-packages/base_demo-0.0.0-py3.10.egg-info/top_level.txt
[2.473s] -- Installing: /home/jon/ws01/src/install/base_demo/local/lib/python3.10/dist-packages/base_demo
[2.473s] -- Installing: /home/jon/ws01/src/install/base_demo/local/lib/python3.10/dist-packages/base_demo/__init__.py
[2.473s] -- Installing: /home/jon/ws01/src/install/base_demo/local/lib/python3.10/dist-packages/base_demo/msg
[2.473s] -- Installing: /home/jon/ws01/src/install/base_demo/local/lib/python3.10/dist-packages/base_demo/msg/__init__.py
[2.473s] -- Installing: /home/jon/ws01/src/install/base_demo/local/lib/python3.10/dist-packages/base_demo/msg/_student.py
[2.473s] -- Installing: /home/jon/ws01/src/install/base_demo/local/lib/python3.10/dist-packages/base_demo/msg/_student_s.c
[2.473s] -- Installing: /home/jon/ws01/src/install/base_demo/local/lib/python3.10/dist-packages/base_demo/base_demo_s__rosidl_typesupport_introspection_c.cpython-310-x86_64-linux-gnu.so
[2.473s] -- Installing: /home/jon/ws01/src/install/base_demo/local/lib/python3.10/dist-packages/base_demo/base_demo_s__rosidl_typesupport_fastrtps_c.cpython-310-x86_64-linux-gnu.so
[2.473s] -- Installing: /home/jon/ws01/src/install/base_demo/local/lib/python3.10/dist-packages/base_demo/_base_demo_s.ep.rosidl_typesupport_c.c
[2.473s] -- Installing: /home/jon/ws01/src/install/base_demo/local/lib/python3.10/dist-packages/base_demo/_base_demo_s.ep.rosidl_typesupport_fastrtps_c.c
[2.473s] -- Installing: /home/jon/ws01/src/install/base_demo/local/lib/python3.10/dist-packages/base_demo/base_demo_s__rosidl_typesupport_c.cpython-310-x86_64-linux-gnu.so
[2.473s] -- Installing: /home/jon/ws01/src/install/base_demo/local/lib/python3.10/dist-packages/base_demo/_base_demo_s.ep.rosidl_typesupport_introspection_c.c
[2.473s] -- Installing: /home/jon/ws01/src/install/base_demo/local/lib/python3.10/dist-packages/base_demo/libbase_demo__rosidl_generator_py.so
[2.474s] -- Installing: /home/jon/ws01/src/install/base_demo/local/lib/python3.10/dist-packages/base_demo/action
[2.474s] -- Installing: /home/jon/ws01/src/install/base_demo/local/lib/python3.10/dist-packages/base_demo/action/__init__.py
[2.474s] -- Installing: /home/jon/ws01/src/install/base_demo/local/lib/python3.10/dist-packages/base_demo/action/_progress.py
[2.474s] -- Installing: /home/jon/ws01/src/install/base_demo/local/lib/python3.10/dist-packages/base_demo/action/_progress_s.c
[2.474s] -- Installing: /home/jon/ws01/src/install/base_demo/local/lib/python3.10/dist-packages/base_demo/srv
[2.474s] -- Installing: /home/jon/ws01/src/install/base_demo/local/lib/python3.10/dist-packages/base_demo/srv/__init__.py
[2.474s] -- Installing: /home/jon/ws01/src/install/base_demo/local/lib/python3.10/dist-packages/base_demo/srv/_addints.py
[2.474s] -- Installing: /home/jon/ws01/src/install/base_demo/local/lib/python3.10/dist-packages/base_demo/srv/_addints_s.c
[2.495s] Listing '/home/jon/ws01/src/install/base_demo/local/lib/python3.10/dist-packages/base_demo'...
[2.495s] Compiling '/home/jon/ws01/src/install/base_demo/local/lib/python3.10/dist-packages/base_demo/__init__.py'...
[2.495s] Listing '/home/jon/ws01/src/install/base_demo/local/lib/python3.10/dist-packages/base_demo/action'...
[2.495s] Compiling '/home/jon/ws01/src/install/base_demo/local/lib/python3.10/dist-packages/base_demo/action/__init__.py'...
[2.495s] Compiling '/home/jon/ws01/src/install/base_demo/local/lib/python3.10/dist-packages/base_demo/action/_progress.py'...
[2.495s] Listing '/home/jon/ws01/src/install/base_demo/local/lib/python3.10/dist-packages/base_demo/msg'...
[2.495s] Compiling '/home/jon/ws01/src/install/base_demo/local/lib/python3.10/dist-packages/base_demo/msg/__init__.py'...
[2.495s] Compiling '/home/jon/ws01/src/install/base_demo/local/lib/python3.10/dist-packages/base_demo/msg/_student.py'...
[2.495s] Listing '/home/jon/ws01/src/install/base_demo/local/lib/python3.10/dist-packages/base_demo/srv'...
[2.495s] Compiling '/home/jon/ws01/src/install/base_demo/local/lib/python3.10/dist-packages/base_demo/srv/__init__.py'...
[2.495s] Compiling '/home/jon/ws01/src/install/base_demo/local/lib/python3.10/dist-packages/base_demo/srv/_addints.py'...
[2.497s] -- Installing: /home/jon/ws01/src/install/base_demo/local/lib/python3.10/dist-packages/base_demo/base_demo_s__rosidl_typesupport_fastrtps_c.cpython-310-x86_64-linux-gnu.so
[2.498s] -- Set runtime path of "/home/jon/ws01/src/install/base_demo/local/lib/python3.10/dist-packages/base_demo/base_demo_s__rosidl_typesupport_fastrtps_c.cpython-310-x86_64-linux-gnu.so" to ""
[2.498s] -- Installing: /home/jon/ws01/src/install/base_demo/local/lib/python3.10/dist-packages/base_demo/base_demo_s__rosidl_typesupport_introspection_c.cpython-310-x86_64-linux-gnu.so
[2.498s] -- Set runtime path of "/home/jon/ws01/src/install/base_demo/local/lib/python3.10/dist-packages/base_demo/base_demo_s__rosidl_typesupport_introspection_c.cpython-310-x86_64-linux-gnu.so" to ""
[2.498s] -- Installing: /home/jon/ws01/src/install/base_demo/local/lib/python3.10/dist-packages/base_demo/base_demo_s__rosidl_typesupport_c.cpython-310-x86_64-linux-gnu.so
[2.498s] -- Set runtime path of "/home/jon/ws01/src/install/base_demo/local/lib/python3.10/dist-packages/base_demo/base_demo_s__rosidl_typesupport_c.cpython-310-x86_64-linux-gnu.so" to ""
[2.498s] -- Installing: /home/jon/ws01/src/install/base_demo/lib/libbase_demo__rosidl_generator_py.so
[2.498s] -- Set runtime path of "/home/jon/ws01/src/install/base_demo/lib/libbase_demo__rosidl_generator_py.so" to ""
[2.498s] -- Installing: /home/jon/ws01/src/install/base_demo/share/base_demo/rust
[2.498s] -- Installing: /home/jon/ws01/src/install/base_demo/share/base_demo/rust/Cargo.toml
[2.498s] -- Installing: /home/jon/ws01/src/install/base_demo/share/base_demo/rust/build.rs
[2.498s] -- Installing: /home/jon/ws01/src/install/base_demo/share/base_demo/rust/src
[2.498s] -- Installing: /home/jon/ws01/src/install/base_demo/share/base_demo/rust/src/msg
[2.498s] -- Installing: /home/jon/ws01/src/install/base_demo/share/base_demo/rust/src/msg/rmw.rs
[2.498s] -- Installing: /home/jon/ws01/src/install/base_demo/share/base_demo/rust/src/msg.rs
[2.498s] -- Installing: /home/jon/ws01/src/install/base_demo/share/base_demo/rust/src/action.rs
[2.498s] -- Installing: /home/jon/ws01/src/install/base_demo/share/base_demo/rust/src/lib.rs
[2.498s] -- Installing: /home/jon/ws01/src/install/base_demo/share/base_demo/rust/src/srv.rs
[2.498s] -- Installing: /home/jon/ws01/src/install/base_demo/share/base_demo/rust/src/action
[2.498s] -- Installing: /home/jon/ws01/src/install/base_demo/share/base_demo/rust/src/action/rmw.rs
[2.498s] -- Installing: /home/jon/ws01/src/install/base_demo/share/base_demo/rust/src/srv
[2.498s] -- Installing: /home/jon/ws01/src/install/base_demo/share/base_demo/rust/src/srv/rmw.rs
[2.498s] -- Installing: /home/jon/ws01/src/install/base_demo/share/base_demo/msg/Student.idl
[2.498s] -- Installing: /home/jon/ws01/src/install/base_demo/share/base_demo/srv/Addints.idl
[2.498s] -- Installing: /home/jon/ws01/src/install/base_demo/share/base_demo/action/Progress.idl
[2.499s] -- Installing: /home/jon/ws01/src/install/base_demo/share/base_demo/msg/Student.msg
[2.499s] -- Installing: /home/jon/ws01/src/install/base_demo/share/base_demo/srv/Addints.srv
[2.499s] -- Installing: /home/jon/ws01/src/install/base_demo/share/base_demo/srv/Addints_Request.msg
[2.499s] -- Installing: /home/jon/ws01/src/install/base_demo/share/base_demo/srv/Addints_Response.msg
[2.499s] -- Installing: /home/jon/ws01/src/install/base_demo/share/base_demo/action/Progress.action
[2.499s] -- Installing: /home/jon/ws01/src/install/base_demo/share/ament_index/resource_index/package_run_dependencies/base_demo
[2.499s] -- Installing: /home/jon/ws01/src/install/base_demo/share/ament_index/resource_index/parent_prefix_path/base_demo
[2.499s] -- Installing: /home/jon/ws01/src/install/base_demo/share/base_demo/environment/ament_prefix_path.sh
[2.500s] -- Installing: /home/jon/ws01/src/install/base_demo/share/base_demo/environment/ament_prefix_path.dsv
[2.500s] -- Installing: /home/jon/ws01/src/install/base_demo/share/base_demo/environment/path.sh
[2.500s] -- Installing: /home/jon/ws01/src/install/base_demo/share/base_demo/environment/path.dsv
[2.500s] -- Installing: /home/jon/ws01/src/install/base_demo/share/base_demo/local_setup.bash
[2.500s] -- Installing: /home/jon/ws01/src/install/base_demo/share/base_demo/local_setup.sh
[2.500s] -- Installing: /home/jon/ws01/src/install/base_demo/share/base_demo/local_setup.zsh
[2.500s] -- Installing: /home/jon/ws01/src/install/base_demo/share/base_demo/local_setup.dsv
[2.500s] -- Installing: /home/jon/ws01/src/install/base_demo/share/base_demo/package.dsv
[2.500s] -- Installing: /home/jon/ws01/src/install/base_demo/share/ament_index/resource_index/packages/base_demo
[2.500s] -- Installing: /home/jon/ws01/src/install/base_demo/share/base_demo/cmake/export_base_demo__rosidl_generator_cExport.cmake
[2.501s] -- Installing: /home/jon/ws01/src/install/base_demo/share/base_demo/cmake/export_base_demo__rosidl_generator_cExport-noconfig.cmake
[2.501s] -- Installing: /home/jon/ws01/src/install/base_demo/share/base_demo/cmake/export_base_demo__rosidl_typesupport_fastrtps_cExport.cmake
[2.501s] -- Installing: /home/jon/ws01/src/install/base_demo/share/base_demo/cmake/export_base_demo__rosidl_typesupport_fastrtps_cExport-noconfig.cmake
[2.501s] -- Installing: /home/jon/ws01/src/install/base_demo/share/base_demo/cmake/base_demo__rosidl_typesupport_introspection_cExport.cmake
[2.501s] -- Installing: /home/jon/ws01/src/install/base_demo/share/base_demo/cmake/base_demo__rosidl_typesupport_introspection_cExport-noconfig.cmake
[2.501s] -- Installing: /home/jon/ws01/src/install/base_demo/share/base_demo/cmake/base_demo__rosidl_typesupport_cExport.cmake
[2.501s] -- Installing: /home/jon/ws01/src/install/base_demo/share/base_demo/cmake/base_demo__rosidl_typesupport_cExport-noconfig.cmake
[2.501s] -- Installing: /home/jon/ws01/src/install/base_demo/share/base_demo/cmake/export_base_demo__rosidl_generator_cppExport.cmake
[2.501s] -- Installing: /home/jon/ws01/src/install/base_demo/share/base_demo/cmake/export_base_demo__rosidl_typesupport_fastrtps_cppExport.cmake
[2.501s] -- Installing: /home/jon/ws01/src/install/base_demo/share/base_demo/cmake/export_base_demo__rosidl_typesupport_fastrtps_cppExport-noconfig.cmake
[2.501s] -- Installing: /home/jon/ws01/src/install/base_demo/share/base_demo/cmake/base_demo__rosidl_typesupport_introspection_cppExport.cmake
[2.501s] -- Installing: /home/jon/ws01/src/install/base_demo/share/base_demo/cmake/base_demo__rosidl_typesupport_introspection_cppExport-noconfig.cmake
[2.501s] -- Installing: /home/jon/ws01/src/install/base_demo/share/base_demo/cmake/base_demo__rosidl_typesupport_cppExport.cmake
[2.501s] -- Installing: /home/jon/ws01/src/install/base_demo/share/base_demo/cmake/base_demo__rosidl_typesupport_cppExport-noconfig.cmake
[2.501s] -- Installing: /home/jon/ws01/src/install/base_demo/share/base_demo/cmake/export_base_demo__rosidl_generator_pyExport.cmake
[2.501s] -- Installing: /home/jon/ws01/src/install/base_demo/share/base_demo/cmake/export_base_demo__rosidl_generator_pyExport-noconfig.cmake
[2.501s] -- Installing: /home/jon/ws01/src/install/base_demo/share/base_demo/cmake/rosidl_cmake-extras.cmake
[2.501s] -- Installing: /home/jon/ws01/src/install/base_demo/share/base_demo/cmake/ament_cmake_export_dependencies-extras.cmake
[2.501s] -- Installing: /home/jon/ws01/src/install/base_demo/share/base_demo/cmake/ament_cmake_export_include_directories-extras.cmake
[2.501s] -- Installing: /home/jon/ws01/src/install/base_demo/share/base_demo/cmake/ament_cmake_export_libraries-extras.cmake
[2.501s] -- Installing: /home/jon/ws01/src/install/base_demo/share/base_demo/cmake/ament_cmake_export_targets-extras.cmake
[2.501s] -- Installing: /home/jon/ws01/src/install/base_demo/share/base_demo/cmake/rosidl_cmake_export_typesupport_targets-extras.cmake
[2.501s] -- Installing: /home/jon/ws01/src/install/base_demo/share/base_demo/cmake/rosidl_cmake_export_typesupport_libraries-extras.cmake
[2.501s] -- Installing: /home/jon/ws01/src/install/base_demo/share/base_demo/cmake/rosidl_cmake_aggregate_target-extras.cmake
[2.501s] -- Installing: /home/jon/ws01/src/install/base_demo/share/base_demo/cmake/base_demoConfig.cmake
[2.501s] -- Installing: /home/jon/ws01/src/install/base_demo/share/base_demo/cmake/base_demoConfig-version.cmake
[2.501s] -- Installing: /home/jon/ws01/src/install/base_demo/share/base_demo/package.xml
[2.502s] Invoked command in '/home/jon/ws01/src/build/base_demo' returned '0': CMAKE_PREFIX_PATH=${CMAKE_PREFIX_PATH}:/opt/ros/humble /usr/bin/cmake --install /home/jon/ws01/src/build/base_demo
