[0.007s] Invoking command in '/home/jon/ws00/build/hello_cpp': CMAKE_PREFIX_PATH=${CMAKE_PREFIX_PATH}:/opt/ros/humble /usr/bin/cmake /home/jon/ws00/src/hello_cpp -DCMAKE_EXPORT_COMPILE_COMMANDS=ON -DCMAKE_INSTALL_PREFIX=/home/jon/ws00/install/hello_cpp
[0.041s] -- The C compiler identification is GNU 11.4.0
[0.070s] -- The CXX compiler identification is GNU 11.4.0
[0.074s] -- Detecting C compiler ABI info
[0.120s] -- Detecting C compiler ABI info - done
[0.122s] -- Check for working C compiler: /usr/bin/cc - skipped
[0.122s] -- Detecting C compile features
[0.122s] -- Detecting C compile features - done
[0.123s] -- Detecting CXX compiler ABI info
[0.167s] -- Detecting CXX compiler ABI info - done
[0.171s] -- Check for working CXX compiler: /usr/bin/c++ - skipped
[0.171s] -- Detecting CXX compile features
[0.171s] -- Detecting CXX compile features - done
[0.172s] -- Found ament_cmake: 1.3.14 (/opt/ros/humble/share/ament_cmake/cmake)
[0.253s] -- Found Python3: /usr/bin/python3 (found version "3.10.12") found components: Interpreter 
[0.296s] -- Found rclcpp: 16.0.21 (/opt/ros/humble/share/rclcpp/cmake)
[0.312s] -- Found rosidl_generator_c: 3.1.9 (/opt/ros/humble/share/rosidl_generator_c/cmake)
[0.314s] -- Found rosidl_adapter: 3.1.9 (/opt/ros/humble/share/rosidl_adapter/cmake)
[0.317s] -- Found rosidl_generator_cpp: 3.1.9 (/opt/ros/humble/share/rosidl_generator_cpp/cmake)
[0.322s] -- Using all available rosidl_typesupport_c: rosidl_typesupport_fastrtps_c;rosidl_typesupport_introspection_c
[0.328s] -- Using all available rosidl_typesupport_cpp: rosidl_typesupport_fastrtps_cpp;rosidl_typesupport_introspection_cpp
[0.345s] -- Found rmw_implementation_cmake: 6.1.4 (/opt/ros/humble/share/rmw_implementation_cmake/cmake)
[0.346s] -- Found rmw_fastrtps_cpp: 6.2.10 (/opt/ros/humble/share/rmw_fastrtps_cpp/cmake)
[0.393s] -- Found OpenSSL: /usr/lib/x86_64-linux-gnu/libcrypto.so (found version "3.0.2")  
[0.407s] -- Found FastRTPS: /opt/ros/humble/include  
[0.426s] -- Using RMW implementation 'rmw_fastrtps_cpp' as default
[0.430s] -- Looking for pthread.h
[0.468s] -- Looking for pthread.h - found
[0.469s] -- Performing Test CMAKE_HAVE_LIBC_PTHREAD
[0.509s] -- Performing Test CMAKE_HAVE_LIBC_PTHREAD - Success
[0.509s] -- Found Threads: TRUE  
[0.535s] -- Found ament_lint_auto: 0.12.15 (/opt/ros/humble/share/ament_lint_auto/cmake)
[0.569s] -- Added test 'cppcheck' to perform static code analysis on C / C++ code
[0.570s] -- Configured cppcheck include dirs: $<BUILD_INTERFACE:/home/jon/ws00/src/hello_cpp/include>
[0.570s] -- Configured cppcheck exclude dirs and/or files: 
[0.570s] -- Added test 'lint_cmake' to check CMake code style
[0.570s] -- Added test 'uncrustify' to check C / C++ code style
[0.570s] -- Configured uncrustify additional arguments: 
[0.570s] -- Added test 'xmllint' to check XML markup files
[0.571s] -- Configuring done
[0.574s] -- Generating done
[0.575s] -- Build files have been written to: /home/jon/ws00/build/hello_cpp
[0.581s] Invoked command in '/home/jon/ws00/build/hello_cpp' returned '0': CMAKE_PREFIX_PATH=${CMAKE_PREFIX_PATH}:/opt/ros/humble /usr/bin/cmake /home/jon/ws00/src/hello_cpp -DCMAKE_EXPORT_COMPILE_COMMANDS=ON -DCMAKE_INSTALL_PREFIX=/home/jon/ws00/install/hello_cpp
[0.581s] Invoking command in '/home/jon/ws00/build/hello_cpp': CMAKE_PREFIX_PATH=${CMAKE_PREFIX_PATH}:/opt/ros/humble /usr/bin/cmake --build /home/jon/ws00/build/hello_cpp -- -j24 -l24
[0.607s] [ 50%] Building CXX object CMakeFiles/hello_node.dir/src/hello_node.cpp.o
[2.021s] [100%] Linking CXX executable hello_node
[2.084s] [100%] Built target hello_node
[2.096s] Invoked command in '/home/jon/ws00/build/hello_cpp' returned '0': CMAKE_PREFIX_PATH=${CMAKE_PREFIX_PATH}:/opt/ros/humble /usr/bin/cmake --build /home/jon/ws00/build/hello_cpp -- -j24 -l24
[2.099s] Invoking command in '/home/jon/ws00/build/hello_cpp': CMAKE_PREFIX_PATH=${CMAKE_PREFIX_PATH}:/opt/ros/humble /usr/bin/cmake --install /home/jon/ws00/build/hello_cpp
[2.110s] -- Install configuration: ""
[2.113s] -- Installing: /home/jon/ws00/install/hello_cpp/lib/hello_cpp/hello_node
[2.113s] -- Set runtime path of "/home/jon/ws00/install/hello_cpp/lib/hello_cpp/hello_node" to ""
[2.113s] -- Installing: /home/jon/ws00/install/hello_cpp/share/ament_index/resource_index/package_run_dependencies/hello_cpp
[2.113s] -- Installing: /home/jon/ws00/install/hello_cpp/share/ament_index/resource_index/parent_prefix_path/hello_cpp
[2.113s] -- Installing: /home/jon/ws00/install/hello_cpp/share/hello_cpp/environment/ament_prefix_path.sh
[2.113s] -- Installing: /home/jon/ws00/install/hello_cpp/share/hello_cpp/environment/ament_prefix_path.dsv
[2.113s] -- Installing: /home/jon/ws00/install/hello_cpp/share/hello_cpp/environment/path.sh
[2.113s] -- Installing: /home/jon/ws00/install/hello_cpp/share/hello_cpp/environment/path.dsv
[2.113s] -- Installing: /home/jon/ws00/install/hello_cpp/share/hello_cpp/local_setup.bash
[2.113s] -- Installing: /home/jon/ws00/install/hello_cpp/share/hello_cpp/local_setup.sh
[2.113s] -- Installing: /home/jon/ws00/install/hello_cpp/share/hello_cpp/local_setup.zsh
[2.113s] -- Installing: /home/jon/ws00/install/hello_cpp/share/hello_cpp/local_setup.dsv
[2.113s] -- Installing: /home/jon/ws00/install/hello_cpp/share/hello_cpp/package.dsv
[2.113s] -- Installing: /home/jon/ws00/install/hello_cpp/share/ament_index/resource_index/packages/hello_cpp
[2.113s] -- Installing: /home/jon/ws00/install/hello_cpp/share/hello_cpp/cmake/hello_cppConfig.cmake
[2.113s] -- Installing: /home/jon/ws00/install/hello_cpp/share/hello_cpp/cmake/hello_cppConfig-version.cmake
[2.113s] -- Installing: /home/jon/ws00/install/hello_cpp/share/hello_cpp/package.xml
[2.113s] Invoked command in '/home/jon/ws00/build/hello_cpp' returned '0': CMAKE_PREFIX_PATH=${CMAKE_PREFIX_PATH}:/opt/ros/humble /usr/bin/cmake --install /home/jon/ws00/build/hello_cpp
