[0.006s] Invoking command in '/home/jon/ws01/build/base_demo': CMAKE_PREFIX_PATH=/opt/ros/humble /usr/bin/cmake --build /home/jon/ws01/build/base_demo -- -j24 -l24
[0.022s] -- Found ament_cmake: 1.3.14 (/opt/ros/humble/share/ament_cmake/cmake)
[0.094s] -- Found rosidl_default_generators: 1.2.1 (/opt/ros/humble/share/rosidl_default_generators/cmake)
[0.095s] -- Using all available rosidl_typesupport_c: rosidl_typesupport_fastrtps_c;rosidl_typesupport_introspection_c
[0.096s] -- Found rosidl_adapter: 3.1.9 (/opt/ros/humble/share/rosidl_adapter/cmake)
[0.109s] -- Using all available rosidl_typesupport_cpp: rosidl_typesupport_fastrtps_cpp;rosidl_typesupport_introspection_cpp
[0.272s] -- Found ament_cmake_ros: 0.10.1 (/opt/ros/humble/share/ament_cmake_ros/cmake)
[0.371s] -- Using all available rosidl_typesupport_c: rosidl_typesupport_fastrtps_c;rosidl_typesupport_introspection_c
[0.513s] -- Using all available rosidl_typesupport_cpp: rosidl_typesupport_fastrtps_cpp;rosidl_typesupport_introspection_cpp
[0.526s] -- Found python_cmake_module: 0.10.0 (/opt/ros/humble/share/python_cmake_module/cmake)
[0.537s] -- Using PYTHON_EXECUTABLE: /usr/bin/python3
[0.537s] -- Using PYTHON_INCLUDE_DIRS: /usr/include/python3.10
[0.537s] -- Using PYTHON_LIBRARIES: /usr/lib/x86_64-linux-gnu/libpython3.10.so
[0.581s] -- Found ament_lint_auto: 0.12.15 (/opt/ros/humble/share/ament_lint_auto/cmake)
[0.587s] -- Added test 'lint_cmake' to check CMake code style
[0.587s] -- Added test 'xmllint' to check XML markup files
[0.588s] -- Configuring done
[0.607s] -- Generating done
[0.612s] -- Build files have been written to: /home/jon/ws01/build/base_demo
[0.631s] [  2%] Generating C code for ROS interfaces
[0.641s] [  4%] Generating Rust code for ROS interfaces
[0.642s] [  6%] Generating C++ code for ROS interfaces
[0.650s] [  6%] Built target ament_cmake_python_copy_base_demo
[0.751s] running egg_info
[0.751s] writing base_demo.egg-info/PKG-INFO
[0.751s] writing dependency_links to base_demo.egg-info/dependency_links.txt
[0.751s] writing top-level names to base_demo.egg-info/top_level.txt
[0.752s] reading manifest file 'base_demo.egg-info/SOURCES.txt'
[0.752s] writing manifest file 'base_demo.egg-info/SOURCES.txt'
[0.768s] [  6%] Built target ament_cmake_python_build_base_demo_egg
[0.778s] [  6%] Built target base_demo__rs
[0.874s] Consolidate compiler generated dependencies of target base_demo__rosidl_generator_c
[0.876s] [  6%] Built target base_demo__cpp
[0.882s] [  8%] Building C object CMakeFiles/base_demo__rosidl_generator_c.dir/rosidl_generator_c/base_demo/msg/detail/student__functions.c.o
[0.882s] [ 10%] Building C object CMakeFiles/base_demo__rosidl_generator_c.dir/rosidl_generator_c/base_demo/srv/detail/addints__functions.c.o
[0.882s] [ 12%] Building C object CMakeFiles/base_demo__rosidl_generator_c.dir/rosidl_generator_c/base_demo/action/detail/progress__functions.c.o
[0.882s] [ 14%] Generating C++ introspection for ROS interfaces
[0.882s] [ 16%] Generating C++ type support for eProsima Fast-RTPS
[0.883s] [ 18%] Generating C++ type support dispatch for ROS interfaces
[0.948s] [ 20%] Linking C shared library libbase_demo__rosidl_generator_c.so
[0.975s] [ 20%] Built target base_demo__rosidl_generator_c
[0.983s] [ 22%] Generating C introspection for ROS interfaces
[0.984s] [ 25%] Generating C type support dispatch for ROS interfaces
[0.985s] [ 27%] Generating C type support for eProsima Fast-RTPS
[1.035s] Consolidate compiler generated dependencies of target base_demo__rosidl_typesupport_cpp
[1.045s] [ 29%] Building CXX object CMakeFiles/base_demo__rosidl_typesupport_cpp.dir/rosidl_typesupport_cpp/base_demo/msg/student__type_support.cpp.o
[1.046s] [ 31%] Building CXX object CMakeFiles/base_demo__rosidl_typesupport_cpp.dir/rosidl_typesupport_cpp/base_demo/srv/addints__type_support.cpp.o
[1.046s] [ 33%] Building CXX object CMakeFiles/base_demo__rosidl_typesupport_cpp.dir/rosidl_typesupport_cpp/base_demo/action/progress__type_support.cpp.o
[1.074s] Consolidate compiler generated dependencies of target base_demo__rosidl_typesupport_introspection_cpp
[1.081s] [ 37%] Building CXX object CMakeFiles/base_demo__rosidl_typesupport_introspection_cpp.dir/rosidl_typesupport_introspection_cpp/base_demo/msg/detail/student__type_support.cpp.o
[1.081s] [ 37%] Building CXX object CMakeFiles/base_demo__rosidl_typesupport_introspection_cpp.dir/rosidl_typesupport_introspection_cpp/base_demo/srv/detail/addints__type_support.cpp.o
[1.082s] Consolidate compiler generated dependencies of target base_demo__rosidl_typesupport_fastrtps_cpp
[1.084s] [ 39%] Building CXX object CMakeFiles/base_demo__rosidl_typesupport_introspection_cpp.dir/rosidl_typesupport_introspection_cpp/base_demo/action/detail/progress__type_support.cpp.o
[1.091s] [ 41%] Building CXX object CMakeFiles/base_demo__rosidl_typesupport_fastrtps_cpp.dir/rosidl_typesupport_fastrtps_cpp/base_demo/msg/detail/dds_fastrtps/student__type_support.cpp.o
[1.091s] [ 43%] Building CXX object CMakeFiles/base_demo__rosidl_typesupport_fastrtps_cpp.dir/rosidl_typesupport_fastrtps_cpp/base_demo/srv/detail/dds_fastrtps/addints__type_support.cpp.o
[1.091s] [ 45%] Building CXX object CMakeFiles/base_demo__rosidl_typesupport_fastrtps_cpp.dir/rosidl_typesupport_fastrtps_cpp/base_demo/action/detail/dds_fastrtps/progress__type_support.cpp.o
[1.161s] Consolidate compiler generated dependencies of target base_demo__rosidl_typesupport_c
[1.170s] [ 47%] Building CXX object CMakeFiles/base_demo__rosidl_typesupport_c.dir/rosidl_typesupport_c/base_demo/msg/student__type_support.cpp.o
[1.170s] [ 52%] Building CXX object CMakeFiles/base_demo__rosidl_typesupport_c.dir/rosidl_typesupport_c/base_demo/srv/addints__type_support.cpp.o
[1.170s] [ 50%] Building CXX object CMakeFiles/base_demo__rosidl_typesupport_c.dir/rosidl_typesupport_c/base_demo/action/progress__type_support.cpp.o
[1.188s] Consolidate compiler generated dependencies of target base_demo__rosidl_typesupport_introspection_c
[1.198s] [ 56%] Building C object CMakeFiles/base_demo__rosidl_typesupport_introspection_c.dir/rosidl_typesupport_introspection_c/base_demo/msg/detail/student__type_support.c.o
[1.198s] [ 56%] Building C object CMakeFiles/base_demo__rosidl_typesupport_introspection_c.dir/rosidl_typesupport_introspection_c/base_demo/action/detail/progress__type_support.c.o
[1.200s] [ 58%] Building C object CMakeFiles/base_demo__rosidl_typesupport_introspection_c.dir/rosidl_typesupport_introspection_c/base_demo/srv/detail/addints__type_support.c.o
[1.206s] [ 60%] Linking CXX shared library libbase_demo__rosidl_typesupport_c.so
[1.206s] Consolidate compiler generated dependencies of target base_demo__rosidl_typesupport_fastrtps_c
[1.218s] [ 64%] Building CXX object CMakeFiles/base_demo__rosidl_typesupport_fastrtps_c.dir/rosidl_typesupport_fastrtps_c/base_demo/msg/detail/student__type_support_c.cpp.o
[1.218s] [ 64%] Building CXX object CMakeFiles/base_demo__rosidl_typesupport_fastrtps_c.dir/rosidl_typesupport_fastrtps_c/base_demo/action/detail/progress__type_support_c.cpp.o
[1.218s] [ 66%] Building CXX object CMakeFiles/base_demo__rosidl_typesupport_fastrtps_c.dir/rosidl_typesupport_fastrtps_c/base_demo/srv/detail/addints__type_support_c.cpp.o
[1.232s] [ 68%] Linking C shared library libbase_demo__rosidl_typesupport_introspection_c.so
[1.238s] [ 68%] Built target base_demo__rosidl_typesupport_c
[1.256s] [ 68%] Built target base_demo__rosidl_typesupport_introspection_c
[1.343s] [ 70%] Linking CXX shared library libbase_demo__rosidl_typesupport_cpp.so
[1.370s] [ 70%] Built target base_demo__rosidl_typesupport_cpp
[1.375s] [ 72%] Linking CXX shared library libbase_demo__rosidl_typesupport_fastrtps_cpp.so
[1.379s] [ 75%] Linking CXX shared library libbase_demo__rosidl_typesupport_introspection_cpp.so
[1.402s] [ 77%] Linking CXX shared library libbase_demo__rosidl_typesupport_fastrtps_c.so
[1.420s] [ 77%] Built target base_demo__rosidl_typesupport_fastrtps_cpp
[1.426s] [ 77%] Built target base_demo__rosidl_typesupport_introspection_cpp
[1.449s] [ 77%] Built target base_demo__rosidl_typesupport_fastrtps_c
[1.461s] [ 77%] Built target base_demo
[1.475s] [ 79%] Generating Python code for ROS interfaces
[1.849s] [ 79%] Built target base_demo__py
[1.857s] Consolidate compiler generated dependencies of target base_demo__rosidl_generator_py
[1.864s] [ 85%] Building C object CMakeFiles/base_demo__rosidl_generator_py.dir/rosidl_generator_py/base_demo/action/_progress_s.c.o
[1.864s] [ 85%] Building C object CMakeFiles/base_demo__rosidl_generator_py.dir/rosidl_generator_py/base_demo/srv/_addints_s.c.o
[1.864s] [ 85%] Building C object CMakeFiles/base_demo__rosidl_generator_py.dir/rosidl_generator_py/base_demo/msg/_student_s.c.o
[1.929s] [ 87%] Linking C shared library rosidl_generator_py/base_demo/libbase_demo__rosidl_generator_py.so
[1.957s] [ 87%] Built target base_demo__rosidl_generator_py
[1.965s] Consolidate compiler generated dependencies of target base_demo__rosidl_typesupport_introspection_c__pyext
[1.965s] Consolidate compiler generated dependencies of target base_demo__rosidl_typesupport_fastrtps_c__pyext
[1.965s] Consolidate compiler generated dependencies of target base_demo__rosidl_typesupport_c__pyext
[1.973s] [ 91%] Building C object CMakeFiles/base_demo__rosidl_typesupport_fastrtps_c__pyext.dir/rosidl_generator_py/base_demo/_base_demo_s.ep.rosidl_typesupport_fastrtps_c.c.o
[1.973s] [ 91%] Building C object CMakeFiles/base_demo__rosidl_typesupport_c__pyext.dir/rosidl_generator_py/base_demo/_base_demo_s.ep.rosidl_typesupport_c.c.o
[1.975s] [ 93%] Building C object CMakeFiles/base_demo__rosidl_typesupport_introspection_c__pyext.dir/rosidl_generator_py/base_demo/_base_demo_s.ep.rosidl_typesupport_introspection_c.c.o
[2.036s] [ 95%] Linking C shared library rosidl_generator_py/base_demo/base_demo_s__rosidl_typesupport_fastrtps_c.cpython-310-x86_64-linux-gnu.so
[2.037s] [ 97%] Linking C shared library rosidl_generator_py/base_demo/base_demo_s__rosidl_typesupport_introspection_c.cpython-310-x86_64-linux-gnu.so
[2.042s] [100%] Linking C shared library rosidl_generator_py/base_demo/base_demo_s__rosidl_typesupport_c.cpython-310-x86_64-linux-gnu.so
[2.061s] [100%] Built target base_demo__rosidl_typesupport_introspection_c__pyext
[2.065s] [100%] Built target base_demo__rosidl_typesupport_fastrtps_c__pyext
[2.070s] [100%] Built target base_demo__rosidl_typesupport_c__pyext
[2.078s] Invoked command in '/home/jon/ws01/build/base_demo' returned '0': CMAKE_PREFIX_PATH=/opt/ros/humble /usr/bin/cmake --build /home/jon/ws01/build/base_demo -- -j24 -l24
[2.085s] Invoking command in '/home/jon/ws01/build/base_demo': CMAKE_PREFIX_PATH=/opt/ros/humble /usr/bin/cmake --install /home/jon/ws01/build/base_demo
[2.091s] -- Install configuration: ""
[2.091s] -- Installing: /home/jon/ws01/install/base_demo/share/ament_index/resource_index/rosidl_interfaces/base_demo
[2.091s] -- Up-to-date: /home/jon/ws01/install/base_demo/include/base_demo/base_demo
[2.091s] -- Up-to-date: /home/jon/ws01/install/base_demo/include/base_demo/base_demo/msg
[2.091s] -- Installing: /home/jon/ws01/install/base_demo/include/base_demo/base_demo/msg/student.h
[2.091s] -- Up-to-date: /home/jon/ws01/install/base_demo/include/base_demo/base_demo/msg/detail
[2.091s] -- Installing: /home/jon/ws01/install/base_demo/include/base_demo/base_demo/msg/detail/student__struct.h
[2.091s] -- Installing: /home/jon/ws01/install/base_demo/include/base_demo/base_demo/msg/detail/student__functions.c
[2.091s] -- Installing: /home/jon/ws01/install/base_demo/include/base_demo/base_demo/msg/detail/student__functions.h
[2.091s] -- Installing: /home/jon/ws01/install/base_demo/include/base_demo/base_demo/msg/detail/student__type_support.h
[2.091s] -- Up-to-date: /home/jon/ws01/install/base_demo/include/base_demo/base_demo/msg/rosidl_generator_c__visibility_control.h
[2.091s] -- Installing: /home/jon/ws01/install/base_demo/include/base_demo/base_demo/action
[2.091s] -- Installing: /home/jon/ws01/install/base_demo/include/base_demo/base_demo/action/progress.h
[2.091s] -- Installing: /home/jon/ws01/install/base_demo/include/base_demo/base_demo/action/detail
[2.091s] -- Installing: /home/jon/ws01/install/base_demo/include/base_demo/base_demo/action/detail/progress__functions.h
[2.091s] -- Installing: /home/jon/ws01/install/base_demo/include/base_demo/base_demo/action/detail/progress__functions.c
[2.091s] -- Installing: /home/jon/ws01/install/base_demo/include/base_demo/base_demo/action/detail/progress__struct.h
[2.091s] -- Installing: /home/jon/ws01/install/base_demo/include/base_demo/base_demo/action/detail/progress__type_support.h
[2.091s] -- Up-to-date: /home/jon/ws01/install/base_demo/include/base_demo/base_demo/srv
[2.091s] -- Installing: /home/jon/ws01/install/base_demo/include/base_demo/base_demo/srv/addints.h
[2.091s] -- Up-to-date: /home/jon/ws01/install/base_demo/include/base_demo/base_demo/srv/detail
[2.091s] -- Installing: /home/jon/ws01/install/base_demo/include/base_demo/base_demo/srv/detail/addints__type_support.h
[2.091s] -- Installing: /home/jon/ws01/install/base_demo/include/base_demo/base_demo/srv/detail/addints__functions.h
[2.091s] -- Installing: /home/jon/ws01/install/base_demo/include/base_demo/base_demo/srv/detail/addints__struct.h
[2.091s] -- Installing: /home/jon/ws01/install/base_demo/include/base_demo/base_demo/srv/detail/addints__functions.c
[2.091s] -- Up-to-date: /home/jon/ws01/install/base_demo/share/base_demo/environment/library_path.sh
[2.091s] -- Installing: /home/jon/ws01/install/base_demo/share/base_demo/environment/library_path.dsv
[2.091s] -- Installing: /home/jon/ws01/install/base_demo/lib/libbase_demo__rosidl_generator_c.so
[2.091s] -- Set runtime path of "/home/jon/ws01/install/base_demo/lib/libbase_demo__rosidl_generator_c.so" to ""
[2.091s] -- Up-to-date: /home/jon/ws01/install/base_demo/include/base_demo/base_demo
[2.092s] -- Up-to-date: /home/jon/ws01/install/base_demo/include/base_demo/base_demo/msg
[2.092s] -- Up-to-date: /home/jon/ws01/install/base_demo/include/base_demo/base_demo/msg/rosidl_typesupport_fastrtps_c__visibility_control.h
[2.092s] -- Up-to-date: /home/jon/ws01/install/base_demo/include/base_demo/base_demo/msg/detail
[2.092s] -- Installing: /home/jon/ws01/install/base_demo/include/base_demo/base_demo/msg/detail/student__rosidl_typesupport_fastrtps_c.h
[2.092s] -- Up-to-date: /home/jon/ws01/install/base_demo/include/base_demo/base_demo/action
[2.092s] -- Up-to-date: /home/jon/ws01/install/base_demo/include/base_demo/base_demo/action/detail
[2.092s] -- Installing: /home/jon/ws01/install/base_demo/include/base_demo/base_demo/action/detail/progress__rosidl_typesupport_fastrtps_c.h
[2.092s] -- Up-to-date: /home/jon/ws01/install/base_demo/include/base_demo/base_demo/srv
[2.092s] -- Up-to-date: /home/jon/ws01/install/base_demo/include/base_demo/base_demo/srv/detail
[2.092s] -- Installing: /home/jon/ws01/install/base_demo/include/base_demo/base_demo/srv/detail/addints__rosidl_typesupport_fastrtps_c.h
[2.092s] -- Installing: /home/jon/ws01/install/base_demo/lib/libbase_demo__rosidl_typesupport_fastrtps_c.so
[2.092s] -- Set runtime path of "/home/jon/ws01/install/base_demo/lib/libbase_demo__rosidl_typesupport_fastrtps_c.so" to ""
[2.092s] -- Up-to-date: /home/jon/ws01/install/base_demo/include/base_demo/base_demo
[2.092s] -- Up-to-date: /home/jon/ws01/install/base_demo/include/base_demo/base_demo/msg
[2.092s] -- Up-to-date: /home/jon/ws01/install/base_demo/include/base_demo/base_demo/msg/detail
[2.092s] -- Installing: /home/jon/ws01/install/base_demo/include/base_demo/base_demo/msg/detail/student__rosidl_typesupport_introspection_c.h
[2.093s] -- Installing: /home/jon/ws01/install/base_demo/include/base_demo/base_demo/msg/detail/student__type_support.c
[2.093s] -- Up-to-date: /home/jon/ws01/install/base_demo/include/base_demo/base_demo/msg/rosidl_typesupport_introspection_c__visibility_control.h
[2.093s] -- Up-to-date: /home/jon/ws01/install/base_demo/include/base_demo/base_demo/action
[2.093s] -- Up-to-date: /home/jon/ws01/install/base_demo/include/base_demo/base_demo/action/detail
[2.093s] -- Installing: /home/jon/ws01/install/base_demo/include/base_demo/base_demo/action/detail/progress__rosidl_typesupport_introspection_c.h
[2.093s] -- Installing: /home/jon/ws01/install/base_demo/include/base_demo/base_demo/action/detail/progress__type_support.c
[2.093s] -- Up-to-date: /home/jon/ws01/install/base_demo/include/base_demo/base_demo/srv
[2.093s] -- Up-to-date: /home/jon/ws01/install/base_demo/include/base_demo/base_demo/srv/detail
[2.093s] -- Installing: /home/jon/ws01/install/base_demo/include/base_demo/base_demo/srv/detail/addints__type_support.c
[2.093s] -- Installing: /home/jon/ws01/install/base_demo/include/base_demo/base_demo/srv/detail/addints__rosidl_typesupport_introspection_c.h
[2.093s] -- Installing: /home/jon/ws01/install/base_demo/lib/libbase_demo__rosidl_typesupport_introspection_c.so
[2.093s] -- Set runtime path of "/home/jon/ws01/install/base_demo/lib/libbase_demo__rosidl_typesupport_introspection_c.so" to ""
[2.093s] -- Installing: /home/jon/ws01/install/base_demo/lib/libbase_demo__rosidl_typesupport_c.so
[2.094s] -- Set runtime path of "/home/jon/ws01/install/base_demo/lib/libbase_demo__rosidl_typesupport_c.so" to ""
[2.094s] -- Up-to-date: /home/jon/ws01/install/base_demo/include/base_demo/base_demo
[2.094s] -- Up-to-date: /home/jon/ws01/install/base_demo/include/base_demo/base_demo/msg
[2.094s] -- Installing: /home/jon/ws01/install/base_demo/include/base_demo/base_demo/msg/student.hpp
[2.094s] -- Up-to-date: /home/jon/ws01/install/base_demo/include/base_demo/base_demo/msg/detail
[2.094s] -- Installing: /home/jon/ws01/install/base_demo/include/base_demo/base_demo/msg/detail/student__type_support.hpp
[2.094s] -- Installing: /home/jon/ws01/install/base_demo/include/base_demo/base_demo/msg/detail/student__struct.hpp
[2.094s] -- Installing: /home/jon/ws01/install/base_demo/include/base_demo/base_demo/msg/detail/student__traits.hpp
[2.096s] -- Installing: /home/jon/ws01/install/base_demo/include/base_demo/base_demo/msg/detail/student__builder.hpp
[2.096s] -- Up-to-date: /home/jon/ws01/install/base_demo/include/base_demo/base_demo/msg/rosidl_generator_cpp__visibility_control.hpp
[2.096s] -- Up-to-date: /home/jon/ws01/install/base_demo/include/base_demo/base_demo/action
[2.096s] -- Installing: /home/jon/ws01/install/base_demo/include/base_demo/base_demo/action/progress.hpp
[2.096s] -- Up-to-date: /home/jon/ws01/install/base_demo/include/base_demo/base_demo/action/detail
[2.096s] -- Installing: /home/jon/ws01/install/base_demo/include/base_demo/base_demo/action/detail/progress__type_support.hpp
[2.096s] -- Installing: /home/jon/ws01/install/base_demo/include/base_demo/base_demo/action/detail/progress__traits.hpp
[2.096s] -- Installing: /home/jon/ws01/install/base_demo/include/base_demo/base_demo/action/detail/progress__builder.hpp
[2.096s] -- Installing: /home/jon/ws01/install/base_demo/include/base_demo/base_demo/action/detail/progress__struct.hpp
[2.096s] -- Up-to-date: /home/jon/ws01/install/base_demo/include/base_demo/base_demo/srv
[2.096s] -- Installing: /home/jon/ws01/install/base_demo/include/base_demo/base_demo/srv/addints.hpp
[2.096s] -- Up-to-date: /home/jon/ws01/install/base_demo/include/base_demo/base_demo/srv/detail
[2.096s] -- Installing: /home/jon/ws01/install/base_demo/include/base_demo/base_demo/srv/detail/addints__traits.hpp
[2.096s] -- Installing: /home/jon/ws01/install/base_demo/include/base_demo/base_demo/srv/detail/addints__type_support.hpp
[2.096s] -- Installing: /home/jon/ws01/install/base_demo/include/base_demo/base_demo/srv/detail/addints__builder.hpp
[2.096s] -- Installing: /home/jon/ws01/install/base_demo/include/base_demo/base_demo/srv/detail/addints__struct.hpp
[2.097s] -- Up-to-date: /home/jon/ws01/install/base_demo/include/base_demo/base_demo
[2.097s] -- Up-to-date: /home/jon/ws01/install/base_demo/include/base_demo/base_demo/msg
[2.097s] -- Up-to-date: /home/jon/ws01/install/base_demo/include/base_demo/base_demo/msg/rosidl_typesupport_fastrtps_cpp__visibility_control.h
[2.097s] -- Up-to-date: /home/jon/ws01/install/base_demo/include/base_demo/base_demo/msg/detail
[2.097s] -- Up-to-date: /home/jon/ws01/install/base_demo/include/base_demo/base_demo/msg/detail/dds_fastrtps
[2.097s] -- Installing: /home/jon/ws01/install/base_demo/include/base_demo/base_demo/msg/detail/student__rosidl_typesupport_fastrtps_cpp.hpp
[2.097s] -- Up-to-date: /home/jon/ws01/install/base_demo/include/base_demo/base_demo/action
[2.097s] -- Up-to-date: /home/jon/ws01/install/base_demo/include/base_demo/base_demo/action/detail
[2.097s] -- Installing: /home/jon/ws01/install/base_demo/include/base_demo/base_demo/action/detail/dds_fastrtps
[2.097s] -- Installing: /home/jon/ws01/install/base_demo/include/base_demo/base_demo/action/detail/progress__rosidl_typesupport_fastrtps_cpp.hpp
[2.097s] -- Up-to-date: /home/jon/ws01/install/base_demo/include/base_demo/base_demo/srv
[2.097s] -- Up-to-date: /home/jon/ws01/install/base_demo/include/base_demo/base_demo/srv/detail
[2.097s] -- Installing: /home/jon/ws01/install/base_demo/include/base_demo/base_demo/srv/detail/addints__rosidl_typesupport_fastrtps_cpp.hpp
[2.097s] -- Up-to-date: /home/jon/ws01/install/base_demo/include/base_demo/base_demo/srv/detail/dds_fastrtps
[2.097s] -- Installing: /home/jon/ws01/install/base_demo/lib/libbase_demo__rosidl_typesupport_fastrtps_cpp.so
[2.097s] -- Set runtime path of "/home/jon/ws01/install/base_demo/lib/libbase_demo__rosidl_typesupport_fastrtps_cpp.so" to ""
[2.097s] -- Up-to-date: /home/jon/ws01/install/base_demo/include/base_demo/base_demo
[2.097s] -- Up-to-date: /home/jon/ws01/install/base_demo/include/base_demo/base_demo/msg
[2.097s] -- Up-to-date: /home/jon/ws01/install/base_demo/include/base_demo/base_demo/msg/detail
[2.097s] -- Installing: /home/jon/ws01/install/base_demo/include/base_demo/base_demo/msg/detail/student__rosidl_typesupport_introspection_cpp.hpp
[2.097s] -- Installing: /home/jon/ws01/install/base_demo/include/base_demo/base_demo/msg/detail/student__type_support.cpp
[2.097s] -- Up-to-date: /home/jon/ws01/install/base_demo/include/base_demo/base_demo/action
[2.097s] -- Up-to-date: /home/jon/ws01/install/base_demo/include/base_demo/base_demo/action/detail
[2.097s] -- Installing: /home/jon/ws01/install/base_demo/include/base_demo/base_demo/action/detail/progress__type_support.cpp
[2.097s] -- Installing: /home/jon/ws01/install/base_demo/include/base_demo/base_demo/action/detail/progress__rosidl_typesupport_introspection_cpp.hpp
[2.097s] -- Up-to-date: /home/jon/ws01/install/base_demo/include/base_demo/base_demo/srv
[2.097s] -- Up-to-date: /home/jon/ws01/install/base_demo/include/base_demo/base_demo/srv/detail
[2.097s] -- Installing: /home/jon/ws01/install/base_demo/include/base_demo/base_demo/srv/detail/addints__type_support.cpp
[2.097s] -- Installing: /home/jon/ws01/install/base_demo/include/base_demo/base_demo/srv/detail/addints__rosidl_typesupport_introspection_cpp.hpp
[2.097s] -- Installing: /home/jon/ws01/install/base_demo/lib/libbase_demo__rosidl_typesupport_introspection_cpp.so
[2.097s] -- Set runtime path of "/home/jon/ws01/install/base_demo/lib/libbase_demo__rosidl_typesupport_introspection_cpp.so" to ""
[2.098s] -- Installing: /home/jon/ws01/install/base_demo/lib/libbase_demo__rosidl_typesupport_cpp.so
[2.098s] -- Set runtime path of "/home/jon/ws01/install/base_demo/lib/libbase_demo__rosidl_typesupport_cpp.so" to ""
[2.098s] -- Up-to-date: /home/jon/ws01/install/base_demo/share/base_demo/environment/pythonpath.sh
[2.099s] -- Installing: /home/jon/ws01/install/base_demo/share/base_demo/environment/pythonpath.dsv
[2.099s] -- Up-to-date: /home/jon/ws01/install/base_demo/local/lib/python3.10/dist-packages/base_demo-0.0.0-py3.10.egg-info
[2.099s] -- Installing: /home/jon/ws01/install/base_demo/local/lib/python3.10/dist-packages/base_demo-0.0.0-py3.10.egg-info/PKG-INFO
[2.099s] -- Installing: /home/jon/ws01/install/base_demo/local/lib/python3.10/dist-packages/base_demo-0.0.0-py3.10.egg-info/SOURCES.txt
[2.099s] -- Installing: /home/jon/ws01/install/base_demo/local/lib/python3.10/dist-packages/base_demo-0.0.0-py3.10.egg-info/dependency_links.txt
[2.099s] -- Installing: /home/jon/ws01/install/base_demo/local/lib/python3.10/dist-packages/base_demo-0.0.0-py3.10.egg-info/top_level.txt
[2.099s] -- Up-to-date: /home/jon/ws01/install/base_demo/local/lib/python3.10/dist-packages/base_demo
[2.099s] -- Installing: /home/jon/ws01/install/base_demo/local/lib/python3.10/dist-packages/base_demo/__init__.py
[2.099s] -- Up-to-date: /home/jon/ws01/install/base_demo/local/lib/python3.10/dist-packages/base_demo/msg
[2.099s] -- Installing: /home/jon/ws01/install/base_demo/local/lib/python3.10/dist-packages/base_demo/msg/__init__.py
[2.099s] -- Installing: /home/jon/ws01/install/base_demo/local/lib/python3.10/dist-packages/base_demo/msg/_student.py
[2.099s] -- Installing: /home/jon/ws01/install/base_demo/local/lib/python3.10/dist-packages/base_demo/msg/_student_s.c
[2.099s] -- Installing: /home/jon/ws01/install/base_demo/local/lib/python3.10/dist-packages/base_demo/base_demo_s__rosidl_typesupport_introspection_c.cpython-310-x86_64-linux-gnu.so
[2.099s] -- Installing: /home/jon/ws01/install/base_demo/local/lib/python3.10/dist-packages/base_demo/base_demo_s__rosidl_typesupport_fastrtps_c.cpython-310-x86_64-linux-gnu.so
[2.099s] -- Installing: /home/jon/ws01/install/base_demo/local/lib/python3.10/dist-packages/base_demo/_base_demo_s.ep.rosidl_typesupport_c.c
[2.099s] -- Installing: /home/jon/ws01/install/base_demo/local/lib/python3.10/dist-packages/base_demo/_base_demo_s.ep.rosidl_typesupport_fastrtps_c.c
[2.099s] -- Installing: /home/jon/ws01/install/base_demo/local/lib/python3.10/dist-packages/base_demo/base_demo_s__rosidl_typesupport_c.cpython-310-x86_64-linux-gnu.so
[2.099s] -- Installing: /home/jon/ws01/install/base_demo/local/lib/python3.10/dist-packages/base_demo/_base_demo_s.ep.rosidl_typesupport_introspection_c.c
[2.099s] -- Installing: /home/jon/ws01/install/base_demo/local/lib/python3.10/dist-packages/base_demo/libbase_demo__rosidl_generator_py.so
[2.099s] -- Installing: /home/jon/ws01/install/base_demo/local/lib/python3.10/dist-packages/base_demo/action
[2.099s] -- Installing: /home/jon/ws01/install/base_demo/local/lib/python3.10/dist-packages/base_demo/action/__init__.py
[2.099s] -- Installing: /home/jon/ws01/install/base_demo/local/lib/python3.10/dist-packages/base_demo/action/_progress.py
[2.099s] -- Installing: /home/jon/ws01/install/base_demo/local/lib/python3.10/dist-packages/base_demo/action/_progress_s.c
[2.099s] -- Up-to-date: /home/jon/ws01/install/base_demo/local/lib/python3.10/dist-packages/base_demo/srv
[2.099s] -- Installing: /home/jon/ws01/install/base_demo/local/lib/python3.10/dist-packages/base_demo/srv/__init__.py
[2.099s] -- Installing: /home/jon/ws01/install/base_demo/local/lib/python3.10/dist-packages/base_demo/srv/_addints.py
[2.099s] -- Installing: /home/jon/ws01/install/base_demo/local/lib/python3.10/dist-packages/base_demo/srv/_addints_s.c
[2.126s] Listing '/home/jon/ws01/install/base_demo/local/lib/python3.10/dist-packages/base_demo'...
[2.126s] Compiling '/home/jon/ws01/install/base_demo/local/lib/python3.10/dist-packages/base_demo/__init__.py'...
[2.126s] Listing '/home/jon/ws01/install/base_demo/local/lib/python3.10/dist-packages/base_demo/action'...
[2.126s] Compiling '/home/jon/ws01/install/base_demo/local/lib/python3.10/dist-packages/base_demo/action/__init__.py'...
[2.126s] Compiling '/home/jon/ws01/install/base_demo/local/lib/python3.10/dist-packages/base_demo/action/_progress.py'...
[2.126s] Listing '/home/jon/ws01/install/base_demo/local/lib/python3.10/dist-packages/base_demo/msg'...
[2.126s] Compiling '/home/jon/ws01/install/base_demo/local/lib/python3.10/dist-packages/base_demo/msg/__init__.py'...
[2.126s] Compiling '/home/jon/ws01/install/base_demo/local/lib/python3.10/dist-packages/base_demo/msg/_student.py'...
[2.126s] Listing '/home/jon/ws01/install/base_demo/local/lib/python3.10/dist-packages/base_demo/srv'...
[2.126s] Compiling '/home/jon/ws01/install/base_demo/local/lib/python3.10/dist-packages/base_demo/srv/__init__.py'...
[2.126s] Compiling '/home/jon/ws01/install/base_demo/local/lib/python3.10/dist-packages/base_demo/srv/_addints.py'...
[2.129s] -- Installing: /home/jon/ws01/install/base_demo/local/lib/python3.10/dist-packages/base_demo/base_demo_s__rosidl_typesupport_fastrtps_c.cpython-310-x86_64-linux-gnu.so
[2.129s] -- Set runtime path of "/home/jon/ws01/install/base_demo/local/lib/python3.10/dist-packages/base_demo/base_demo_s__rosidl_typesupport_fastrtps_c.cpython-310-x86_64-linux-gnu.so" to ""
[2.129s] -- Installing: /home/jon/ws01/install/base_demo/local/lib/python3.10/dist-packages/base_demo/base_demo_s__rosidl_typesupport_introspection_c.cpython-310-x86_64-linux-gnu.so
[2.129s] -- Set runtime path of "/home/jon/ws01/install/base_demo/local/lib/python3.10/dist-packages/base_demo/base_demo_s__rosidl_typesupport_introspection_c.cpython-310-x86_64-linux-gnu.so" to ""
[2.129s] -- Installing: /home/jon/ws01/install/base_demo/local/lib/python3.10/dist-packages/base_demo/base_demo_s__rosidl_typesupport_c.cpython-310-x86_64-linux-gnu.so
[2.129s] -- Set runtime path of "/home/jon/ws01/install/base_demo/local/lib/python3.10/dist-packages/base_demo/base_demo_s__rosidl_typesupport_c.cpython-310-x86_64-linux-gnu.so" to ""
[2.130s] -- Installing: /home/jon/ws01/install/base_demo/lib/libbase_demo__rosidl_generator_py.so
[2.130s] -- Set runtime path of "/home/jon/ws01/install/base_demo/lib/libbase_demo__rosidl_generator_py.so" to ""
[2.130s] -- Up-to-date: /home/jon/ws01/install/base_demo/share/base_demo/rust
[2.130s] -- Installing: /home/jon/ws01/install/base_demo/share/base_demo/rust/Cargo.toml
[2.130s] -- Installing: /home/jon/ws01/install/base_demo/share/base_demo/rust/build.rs
[2.130s] -- Up-to-date: /home/jon/ws01/install/base_demo/share/base_demo/rust/src
[2.130s] -- Up-to-date: /home/jon/ws01/install/base_demo/share/base_demo/rust/src/msg
[2.130s] -- Installing: /home/jon/ws01/install/base_demo/share/base_demo/rust/src/msg/rmw.rs
[2.130s] -- Installing: /home/jon/ws01/install/base_demo/share/base_demo/rust/src/msg.rs
[2.130s] -- Installing: /home/jon/ws01/install/base_demo/share/base_demo/rust/src/action.rs
[2.130s] -- Installing: /home/jon/ws01/install/base_demo/share/base_demo/rust/src/lib.rs
[2.130s] -- Installing: /home/jon/ws01/install/base_demo/share/base_demo/rust/src/srv.rs
[2.130s] -- Installing: /home/jon/ws01/install/base_demo/share/base_demo/rust/src/action
[2.130s] -- Installing: /home/jon/ws01/install/base_demo/share/base_demo/rust/src/action/rmw.rs
[2.130s] -- Up-to-date: /home/jon/ws01/install/base_demo/share/base_demo/rust/src/srv
[2.130s] -- Installing: /home/jon/ws01/install/base_demo/share/base_demo/rust/src/srv/rmw.rs
[2.131s] -- Up-to-date: /home/jon/ws01/install/base_demo/share/base_demo/msg/Student.idl
[2.131s] -- Up-to-date: /home/jon/ws01/install/base_demo/share/base_demo/srv/Addints.idl
[2.131s] -- Installing: /home/jon/ws01/install/base_demo/share/base_demo/action/Progress.idl
[2.131s] -- Up-to-date: /home/jon/ws01/install/base_demo/share/base_demo/msg/Student.msg
[2.131s] -- Up-to-date: /home/jon/ws01/install/base_demo/share/base_demo/srv/Addints.srv
[2.131s] -- Up-to-date: /home/jon/ws01/install/base_demo/share/base_demo/srv/Addints_Request.msg
[2.131s] -- Up-to-date: /home/jon/ws01/install/base_demo/share/base_demo/srv/Addints_Response.msg
[2.131s] -- Installing: /home/jon/ws01/install/base_demo/share/base_demo/action/Progress.action
[2.131s] -- Installing: /home/jon/ws01/install/base_demo/share/ament_index/resource_index/package_run_dependencies/base_demo
[2.131s] -- Installing: /home/jon/ws01/install/base_demo/share/ament_index/resource_index/parent_prefix_path/base_demo
[2.131s] -- Up-to-date: /home/jon/ws01/install/base_demo/share/base_demo/environment/ament_prefix_path.sh
[2.131s] -- Installing: /home/jon/ws01/install/base_demo/share/base_demo/environment/ament_prefix_path.dsv
[2.131s] -- Up-to-date: /home/jon/ws01/install/base_demo/share/base_demo/environment/path.sh
[2.131s] -- Installing: /home/jon/ws01/install/base_demo/share/base_demo/environment/path.dsv
[2.131s] -- Up-to-date: /home/jon/ws01/install/base_demo/share/base_demo/local_setup.bash
[2.131s] -- Up-to-date: /home/jon/ws01/install/base_demo/share/base_demo/local_setup.sh
[2.131s] -- Up-to-date: /home/jon/ws01/install/base_demo/share/base_demo/local_setup.zsh
[2.131s] -- Installing: /home/jon/ws01/install/base_demo/share/base_demo/local_setup.dsv
[2.131s] -- Installing: /home/jon/ws01/install/base_demo/share/base_demo/package.dsv
[2.131s] -- Up-to-date: /home/jon/ws01/install/base_demo/share/ament_index/resource_index/packages/base_demo
[2.131s] -- Old export file "/home/jon/ws01/install/base_demo/share/base_demo/cmake/export_base_demo__rosidl_generator_cExport.cmake" will be replaced.  Removing files [/home/jon/ws01/install/base_demo/share/base_demo/cmake/export_base_demo__rosidl_generator_cExport-noconfig.cmake].
[2.131s] -- Installing: /home/jon/ws01/install/base_demo/share/base_demo/cmake/export_base_demo__rosidl_generator_cExport.cmake
[2.131s] -- Installing: /home/jon/ws01/install/base_demo/share/base_demo/cmake/export_base_demo__rosidl_generator_cExport-noconfig.cmake
[2.132s] -- Old export file "/home/jon/ws01/install/base_demo/share/base_demo/cmake/export_base_demo__rosidl_typesupport_fastrtps_cExport.cmake" will be replaced.  Removing files [/home/jon/ws01/install/base_demo/share/base_demo/cmake/export_base_demo__rosidl_typesupport_fastrtps_cExport-noconfig.cmake].
[2.132s] -- Installing: /home/jon/ws01/install/base_demo/share/base_demo/cmake/export_base_demo__rosidl_typesupport_fastrtps_cExport.cmake
[2.132s] -- Installing: /home/jon/ws01/install/base_demo/share/base_demo/cmake/export_base_demo__rosidl_typesupport_fastrtps_cExport-noconfig.cmake
[2.132s] -- Old export file "/home/jon/ws01/install/base_demo/share/base_demo/cmake/base_demo__rosidl_typesupport_introspection_cExport.cmake" will be replaced.  Removing files [/home/jon/ws01/install/base_demo/share/base_demo/cmake/base_demo__rosidl_typesupport_introspection_cExport-noconfig.cmake].
[2.132s] -- Installing: /home/jon/ws01/install/base_demo/share/base_demo/cmake/base_demo__rosidl_typesupport_introspection_cExport.cmake
[2.132s] -- Installing: /home/jon/ws01/install/base_demo/share/base_demo/cmake/base_demo__rosidl_typesupport_introspection_cExport-noconfig.cmake
[2.132s] -- Old export file "/home/jon/ws01/install/base_demo/share/base_demo/cmake/base_demo__rosidl_typesupport_cExport.cmake" will be replaced.  Removing files [/home/jon/ws01/install/base_demo/share/base_demo/cmake/base_demo__rosidl_typesupport_cExport-noconfig.cmake].
[2.132s] -- Installing: /home/jon/ws01/install/base_demo/share/base_demo/cmake/base_demo__rosidl_typesupport_cExport.cmake
[2.132s] -- Installing: /home/jon/ws01/install/base_demo/share/base_demo/cmake/base_demo__rosidl_typesupport_cExport-noconfig.cmake
[2.132s] -- Installing: /home/jon/ws01/install/base_demo/share/base_demo/cmake/export_base_demo__rosidl_generator_cppExport.cmake
[2.132s] -- Old export file "/home/jon/ws01/install/base_demo/share/base_demo/cmake/export_base_demo__rosidl_typesupport_fastrtps_cppExport.cmake" will be replaced.  Removing files [/home/jon/ws01/install/base_demo/share/base_demo/cmake/export_base_demo__rosidl_typesupport_fastrtps_cppExport-noconfig.cmake].
[2.132s] -- Installing: /home/jon/ws01/install/base_demo/share/base_demo/cmake/export_base_demo__rosidl_typesupport_fastrtps_cppExport.cmake
[2.132s] -- Installing: /home/jon/ws01/install/base_demo/share/base_demo/cmake/export_base_demo__rosidl_typesupport_fastrtps_cppExport-noconfig.cmake
[2.132s] -- Old export file "/home/jon/ws01/install/base_demo/share/base_demo/cmake/base_demo__rosidl_typesupport_introspection_cppExport.cmake" will be replaced.  Removing files [/home/jon/ws01/install/base_demo/share/base_demo/cmake/base_demo__rosidl_typesupport_introspection_cppExport-noconfig.cmake].
[2.132s] -- Installing: /home/jon/ws01/install/base_demo/share/base_demo/cmake/base_demo__rosidl_typesupport_introspection_cppExport.cmake
[2.132s] -- Installing: /home/jon/ws01/install/base_demo/share/base_demo/cmake/base_demo__rosidl_typesupport_introspection_cppExport-noconfig.cmake
[2.132s] -- Old export file "/home/jon/ws01/install/base_demo/share/base_demo/cmake/base_demo__rosidl_typesupport_cppExport.cmake" will be replaced.  Removing files [/home/jon/ws01/install/base_demo/share/base_demo/cmake/base_demo__rosidl_typesupport_cppExport-noconfig.cmake].
[2.132s] -- Installing: /home/jon/ws01/install/base_demo/share/base_demo/cmake/base_demo__rosidl_typesupport_cppExport.cmake
[2.132s] -- Installing: /home/jon/ws01/install/base_demo/share/base_demo/cmake/base_demo__rosidl_typesupport_cppExport-noconfig.cmake
[2.132s] -- Old export file "/home/jon/ws01/install/base_demo/share/base_demo/cmake/export_base_demo__rosidl_generator_pyExport.cmake" will be replaced.  Removing files [/home/jon/ws01/install/base_demo/share/base_demo/cmake/export_base_demo__rosidl_generator_pyExport-noconfig.cmake].
[2.132s] -- Installing: /home/jon/ws01/install/base_demo/share/base_demo/cmake/export_base_demo__rosidl_generator_pyExport.cmake
[2.132s] -- Installing: /home/jon/ws01/install/base_demo/share/base_demo/cmake/export_base_demo__rosidl_generator_pyExport-noconfig.cmake
[2.132s] -- Installing: /home/jon/ws01/install/base_demo/share/base_demo/cmake/rosidl_cmake-extras.cmake
[2.132s] -- Installing: /home/jon/ws01/install/base_demo/share/base_demo/cmake/ament_cmake_export_dependencies-extras.cmake
[2.132s] -- Up-to-date: /home/jon/ws01/install/base_demo/share/base_demo/cmake/ament_cmake_export_include_directories-extras.cmake
[2.132s] -- Up-to-date: /home/jon/ws01/install/base_demo/share/base_demo/cmake/ament_cmake_export_libraries-extras.cmake
[2.132s] -- Up-to-date: /home/jon/ws01/install/base_demo/share/base_demo/cmake/ament_cmake_export_targets-extras.cmake
[2.132s] -- Up-to-date: /home/jon/ws01/install/base_demo/share/base_demo/cmake/rosidl_cmake_export_typesupport_targets-extras.cmake
[2.132s] -- Up-to-date: /home/jon/ws01/install/base_demo/share/base_demo/cmake/rosidl_cmake_export_typesupport_libraries-extras.cmake
[2.132s] -- Up-to-date: /home/jon/ws01/install/base_demo/share/base_demo/cmake/rosidl_cmake_aggregate_target-extras.cmake
[2.132s] -- Installing: /home/jon/ws01/install/base_demo/share/base_demo/cmake/base_demoConfig.cmake
[2.132s] -- Up-to-date: /home/jon/ws01/install/base_demo/share/base_demo/cmake/base_demoConfig-version.cmake
[2.132s] -- Installing: /home/jon/ws01/install/base_demo/share/base_demo/package.xml
[2.134s] Invoked command in '/home/jon/ws01/build/base_demo' returned '0': CMAKE_PREFIX_PATH=/opt/ros/humble /usr/bin/cmake --install /home/jon/ws01/build/base_demo
