[0.011s] Invoking command in '/home/jon/ws01/build/tutorails_plumbing': CMAKE_PREFIX_PATH=/home/jon/ws01/install/cpp03_action:/home/jon/ws01/install/cpp02_service:/home/jon/ws01/install/cpp01_topic:/home/jon/ws01/install/cpp04_param:/home/jon/ws01/install/base_demo:/home/jon/ws01/install/cpp05_names:/opt/ros/humble /usr/bin/cmake /home/jon/ws01/src/tutorails_plumbing -DCMAKE_INSTALL_PREFIX=/home/jon/ws01/install/tutorails_plumbing
[0.053s] -- The C compiler identification is GNU 11.4.0
[0.100s] -- The CXX compiler identification is GNU 11.4.0
[0.109s] -- Detecting C compiler ABI info
[0.162s] -- Detecting C compiler ABI info - done
[0.172s] -- Check for working C compiler: /usr/bin/cc - skipped
[0.172s] -- Detecting C compile features
[0.173s] -- Detecting C compile features - done
[0.179s] -- Detecting CXX compiler ABI info
[0.245s] -- Detecting CXX compiler ABI info - done
[0.249s] -- Check for working CXX compiler: /usr/bin/c++ - skipped
[0.249s] -- Detecting CXX compile features
[0.249s] -- Detecting CXX compile features - done
[0.250s] -- Found ament_cmake: 1.3.14 (/opt/ros/humble/share/ament_cmake/cmake)
[0.345s] -- Found Python3: /usr/bin/python3 (found version "3.10.12") found components: Interpreter 
[0.392s] -- Found ament_lint_auto: 0.12.15 (/opt/ros/humble/share/ament_lint_auto/cmake)
[0.425s] -- Configuring done
[0.426s] -- Generating done
[0.427s] -- Build files have been written to: /home/jon/ws01/build/tutorails_plumbing
[0.430s] Invoked command in '/home/jon/ws01/build/tutorails_plumbing' returned '0': CMAKE_PREFIX_PATH=/home/jon/ws01/install/cpp03_action:/home/jon/ws01/install/cpp02_service:/home/jon/ws01/install/cpp01_topic:/home/jon/ws01/install/cpp04_param:/home/jon/ws01/install/base_demo:/home/jon/ws01/install/cpp05_names:/opt/ros/humble /usr/bin/cmake /home/jon/ws01/src/tutorails_plumbing -DCMAKE_INSTALL_PREFIX=/home/jon/ws01/install/tutorails_plumbing
[0.431s] Invoking command in '/home/jon/ws01/build/tutorails_plumbing': CMAKE_PREFIX_PATH=/home/jon/ws01/install/cpp03_action:/home/jon/ws01/install/cpp02_service:/home/jon/ws01/install/cpp01_topic:/home/jon/ws01/install/cpp04_param:/home/jon/ws01/install/base_demo:/home/jon/ws01/install/cpp05_names:/opt/ros/humble /usr/bin/cmake --build /home/jon/ws01/build/tutorails_plumbing -- -j24 -l24
[0.452s] Invoked command in '/home/jon/ws01/build/tutorails_plumbing' returned '0': CMAKE_PREFIX_PATH=/home/jon/ws01/install/cpp03_action:/home/jon/ws01/install/cpp02_service:/home/jon/ws01/install/cpp01_topic:/home/jon/ws01/install/cpp04_param:/home/jon/ws01/install/base_demo:/home/jon/ws01/install/cpp05_names:/opt/ros/humble /usr/bin/cmake --build /home/jon/ws01/build/tutorails_plumbing -- -j24 -l24
[0.453s] Invoking command in '/home/jon/ws01/build/tutorails_plumbing': CMAKE_PREFIX_PATH=/home/jon/ws01/install/cpp03_action:/home/jon/ws01/install/cpp02_service:/home/jon/ws01/install/cpp01_topic:/home/jon/ws01/install/cpp04_param:/home/jon/ws01/install/base_demo:/home/jon/ws01/install/cpp05_names:/opt/ros/humble /usr/bin/cmake --install /home/jon/ws01/build/tutorails_plumbing
[0.458s] -- Install configuration: ""
[0.458s] -- Installing: /home/jon/ws01/install/tutorails_plumbing/share/ament_index/resource_index/package_run_dependencies/tutorails_plumbing
[0.458s] -- Installing: /home/jon/ws01/install/tutorails_plumbing/share/ament_index/resource_index/parent_prefix_path/tutorails_plumbing
[0.458s] -- Installing: /home/jon/ws01/install/tutorails_plumbing/share/tutorails_plumbing/environment/ament_prefix_path.sh
[0.458s] -- Installing: /home/jon/ws01/install/tutorails_plumbing/share/tutorails_plumbing/environment/ament_prefix_path.dsv
[0.458s] -- Installing: /home/jon/ws01/install/tutorails_plumbing/share/tutorails_plumbing/environment/path.sh
[0.458s] -- Installing: /home/jon/ws01/install/tutorails_plumbing/share/tutorails_plumbing/environment/path.dsv
[0.458s] -- Installing: /home/jon/ws01/install/tutorails_plumbing/share/tutorails_plumbing/local_setup.bash
[0.458s] -- Installing: /home/jon/ws01/install/tutorails_plumbing/share/tutorails_plumbing/local_setup.sh
[0.458s] -- Installing: /home/jon/ws01/install/tutorails_plumbing/share/tutorails_plumbing/local_setup.zsh
[0.458s] -- Installing: /home/jon/ws01/install/tutorails_plumbing/share/tutorails_plumbing/local_setup.dsv
[0.458s] -- Installing: /home/jon/ws01/install/tutorails_plumbing/share/tutorails_plumbing/package.dsv
[0.458s] -- Installing: /home/jon/ws01/install/tutorails_plumbing/share/ament_index/resource_index/packages/tutorails_plumbing
[0.458s] -- Installing: /home/jon/ws01/install/tutorails_plumbing/share/tutorails_plumbing/cmake/tutorails_plumbingConfig.cmake
[0.458s] -- Installing: /home/jon/ws01/install/tutorails_plumbing/share/tutorails_plumbing/cmake/tutorails_plumbingConfig-version.cmake
[0.458s] -- Installing: /home/jon/ws01/install/tutorails_plumbing/share/tutorails_plumbing/package.xml
[0.460s] Invoked command in '/home/jon/ws01/build/tutorails_plumbing' returned '0': CMAKE_PREFIX_PATH=/home/jon/ws01/install/cpp03_action:/home/jon/ws01/install/cpp02_service:/home/jon/ws01/install/cpp01_topic:/home/jon/ws01/install/cpp04_param:/home/jon/ws01/install/base_demo:/home/jon/ws01/install/cpp05_names:/opt/ros/humble /usr/bin/cmake --install /home/jon/ws01/build/tutorails_plumbing
