[0.005s] Invoking command in '/home/jon/ros2_ws/build/hello_cppp': CMAKE_PREFIX_PATH=/opt/ros/humble /usr/bin/cmake /home/jon/ros2_ws/src/hello_cppp -DCMAKE_INSTALL_PREFIX=/home/jon/ros2_ws/install/hello_cppp
[0.040s] -- The C compiler identification is GNU 11.4.0
[0.069s] -- The CXX compiler identification is GNU 11.4.0
[0.074s] -- Detecting C compiler ABI info
[0.116s] -- Detecting C compiler ABI info - done
[0.119s] -- Check for working C compiler: /usr/bin/cc - skipped
[0.119s] -- Detecting C compile features
[0.120s] -- Detecting C compile features - done
[0.121s] -- Detecting CXX compiler ABI info
[0.168s] -- Detecting CXX compiler ABI info - done
[0.171s] -- Check for working CXX compiler: /usr/bin/c++ - skipped
[0.171s] -- Detecting CXX compile features
[0.171s] -- Detecting CXX compile features - done
[0.172s] -- Found ament_cmake: 1.3.14 (/opt/ros/humble/share/ament_cmake/cmake)
[0.255s] -- Found Python3: /usr/bin/python3 (found version "3.10.12") found components: Interpreter 
[0.295s] -- Found rclcpp: 16.0.21 (/opt/ros/humble/share/rclcpp/cmake)
[0.310s] -- Found rosidl_generator_c: 3.1.9 (/opt/ros/humble/share/rosidl_generator_c/cmake)
[0.311s] -- Found rosidl_adapter: 3.1.9 (/opt/ros/humble/share/rosidl_adapter/cmake)
[0.315s] -- Found rosidl_generator_cpp: 3.1.9 (/opt/ros/humble/share/rosidl_generator_cpp/cmake)
[0.319s] -- Using all available rosidl_typesupport_c: rosidl_typesupport_fastrtps_c;rosidl_typesupport_introspection_c
[0.325s] -- Using all available rosidl_typesupport_cpp: rosidl_typesupport_fastrtps_cpp;rosidl_typesupport_introspection_cpp
[0.341s] -- Found rmw_implementation_cmake: 6.1.4 (/opt/ros/humble/share/rmw_implementation_cmake/cmake)
[0.342s] -- Found rmw_fastrtps_cpp: 6.2.10 (/opt/ros/humble/share/rmw_fastrtps_cpp/cmake)
[0.396s] -- Found OpenSSL: /usr/lib/x86_64-linux-gnu/libcrypto.so (found version "3.0.2")  
[0.410s] -- Found FastRTPS: /opt/ros/humble/include  
[0.429s] -- Using RMW implementation 'rmw_fastrtps_cpp' as default
[0.432s] -- Looking for pthread.h
[0.475s] -- Looking for pthread.h - found
[0.477s] -- Performing Test CMAKE_HAVE_LIBC_PTHREAD
[0.518s] -- Performing Test CMAKE_HAVE_LIBC_PTHREAD - Success
[0.520s] -- Found Threads: TRUE  
[0.543s] -- Found ament_lint_auto: 0.12.15 (/opt/ros/humble/share/ament_lint_auto/cmake)
[0.577s] -- Added test 'cppcheck' to perform static code analysis on C / C++ code
[0.577s] -- Configured cppcheck include dirs: $<BUILD_INTERFACE:/home/jon/ros2_ws/src/hello_cppp/include>
[0.577s] -- Configured cppcheck exclude dirs and/or files: 
[0.577s] -- Added test 'lint_cmake' to check CMake code style
[0.577s] -- Added test 'uncrustify' to check C / C++ code style
[0.577s] -- Configured uncrustify additional arguments: 
[0.577s] -- Added test 'xmllint' to check XML markup files
[0.578s] -- Configuring done
[0.581s] -- Generating done
[0.583s] -- Build files have been written to: /home/jon/ros2_ws/build/hello_cppp
[0.589s] Invoked command in '/home/jon/ros2_ws/build/hello_cppp' returned '0': CMAKE_PREFIX_PATH=/opt/ros/humble /usr/bin/cmake /home/jon/ros2_ws/src/hello_cppp -DCMAKE_INSTALL_PREFIX=/home/jon/ros2_ws/install/hello_cppp
[0.589s] Invoking command in '/home/jon/ros2_ws/build/hello_cppp': CMAKE_PREFIX_PATH=/opt/ros/humble /usr/bin/cmake --build /home/jon/ros2_ws/build/hello_cppp -- -j24 -l24
[0.623s] [ 50%] Building CXX object CMakeFiles/hello_node.dir/src/hello_node.cpp.o
[1.934s] [100%] Linking CXX executable hello_node
[1.994s] [100%] Built target hello_node
[2.001s] Invoked command in '/home/jon/ros2_ws/build/hello_cppp' returned '0': CMAKE_PREFIX_PATH=/opt/ros/humble /usr/bin/cmake --build /home/jon/ros2_ws/build/hello_cppp -- -j24 -l24
[2.009s] Invoking command in '/home/jon/ros2_ws/build/hello_cppp': CMAKE_PREFIX_PATH=/opt/ros/humble /usr/bin/cmake --install /home/jon/ros2_ws/build/hello_cppp
[2.014s] -- Install configuration: ""
[2.014s] -- Installing: /home/jon/ros2_ws/install/hello_cppp/lib/hello_cppp/hello_node
[2.014s] -- Set runtime path of "/home/jon/ros2_ws/install/hello_cppp/lib/hello_cppp/hello_node" to ""
[2.014s] -- Installing: /home/jon/ros2_ws/install/hello_cppp/share/ament_index/resource_index/package_run_dependencies/hello_cppp
[2.014s] -- Installing: /home/jon/ros2_ws/install/hello_cppp/share/ament_index/resource_index/parent_prefix_path/hello_cppp
[2.014s] -- Installing: /home/jon/ros2_ws/install/hello_cppp/share/hello_cppp/environment/ament_prefix_path.sh
[2.014s] -- Installing: /home/jon/ros2_ws/install/hello_cppp/share/hello_cppp/environment/ament_prefix_path.dsv
[2.014s] -- Installing: /home/jon/ros2_ws/install/hello_cppp/share/hello_cppp/environment/path.sh
[2.014s] -- Installing: /home/jon/ros2_ws/install/hello_cppp/share/hello_cppp/environment/path.dsv
[2.014s] -- Installing: /home/jon/ros2_ws/install/hello_cppp/share/hello_cppp/local_setup.bash
[2.014s] -- Installing: /home/jon/ros2_ws/install/hello_cppp/share/hello_cppp/local_setup.sh
[2.014s] -- Installing: /home/jon/ros2_ws/install/hello_cppp/share/hello_cppp/local_setup.zsh
[2.014s] -- Installing: /home/jon/ros2_ws/install/hello_cppp/share/hello_cppp/local_setup.dsv
[2.014s] -- Installing: /home/jon/ros2_ws/install/hello_cppp/share/hello_cppp/package.dsv
[2.014s] -- Installing: /home/jon/ros2_ws/install/hello_cppp/share/ament_index/resource_index/packages/hello_cppp
[2.014s] -- Installing: /home/jon/ros2_ws/install/hello_cppp/share/hello_cppp/cmake/hello_cpppConfig.cmake
[2.014s] -- Installing: /home/jon/ros2_ws/install/hello_cppp/share/hello_cppp/cmake/hello_cpppConfig-version.cmake
[2.014s] -- Installing: /home/jon/ros2_ws/install/hello_cppp/share/hello_cppp/package.xml
[2.016s] Invoked command in '/home/jon/ros2_ws/build/hello_cppp' returned '0': CMAKE_PREFIX_PATH=/opt/ros/humble /usr/bin/cmake --install /home/jon/ros2_ws/build/hello_cppp
