[0.026s] Invoking command in '/home/jon/ws01/build/base_demo': CMAKE_PREFIX_PATH=${CMAKE_PREFIX_PATH}:/opt/ros/humble /usr/bin/cmake --build /home/jon/ws01/build/base_demo -- -j24 -l24
[0.063s] -- Found ament_cmake: 1.3.14 (/opt/ros/humble/share/ament_cmake/cmake)
[0.198s] -- Found rosidl_default_generators: 1.2.1 (/opt/ros/humble/share/rosidl_default_generators/cmake)
[0.202s] -- Using all available rosidl_typesupport_c: rosidl_typesupport_fastrtps_c;rosidl_typesupport_introspection_c
[0.206s] -- Found rosidl_adapter: 3.1.9 (/opt/ros/humble/share/rosidl_adapter/cmake)
[0.236s] -- Using all available rosidl_typesupport_cpp: rosidl_typesupport_fastrtps_cpp;rosidl_typesupport_introspection_cpp
[0.563s] -- Found ament_cmake_ros: 0.10.1 (/opt/ros/humble/share/ament_cmake_ros/cmake)
[0.711s] -- Using all available rosidl_typesupport_c: rosidl_typesupport_fastrtps_c;rosidl_typesupport_introspection_c
[0.897s] -- Using all available rosidl_typesupport_cpp: rosidl_typesupport_fastrtps_cpp;rosidl_typesupport_introspection_cpp
[0.920s] -- Found python_cmake_module: 0.10.0 (/opt/ros/humble/share/python_cmake_module/cmake)
[0.947s] -- Using PYTHON_EXECUTABLE: /usr/bin/python3
[0.947s] -- Using PYTHON_INCLUDE_DIRS: /usr/include/python3.10
[0.948s] -- Using PYTHON_LIBRARIES: /usr/lib/x86_64-linux-gnu/libpython3.10.so
[1.006s] -- Found ament_lint_auto: 0.12.15 (/opt/ros/humble/share/ament_lint_auto/cmake)
[1.018s] -- Added test 'lint_cmake' to check CMake code style
[1.019s] -- Added test 'xmllint' to check XML markup files
[1.025s] -- Configuring done
[1.052s] -- Generating done
[1.058s] -- Build files have been written to: /home/jon/ws01/build/base_demo
[1.077s] [  1%] [34m[1mGenerating C code for ROS interfaces[0m
[1.082s] [  3%] [34m[1mGenerating Rust code for ROS interfaces[0m
[1.084s] [  4%] [34m[1mGenerating C++ code for ROS interfaces[0m
[1.094s] [  4%] Built target ament_cmake_python_copy_base_demo
[1.246s] running egg_info
[1.246s] writing base_demo.egg-info/PKG-INFO
[1.246s] writing dependency_links to base_demo.egg-info/dependency_links.txt
[1.246s] writing top-level names to base_demo.egg-info/top_level.txt
[1.248s] reading manifest file 'base_demo.egg-info/SOURCES.txt'
[1.248s] writing manifest file 'base_demo.egg-info/SOURCES.txt'
[1.269s] [  4%] Built target ament_cmake_python_build_base_demo_egg
[1.326s] [  4%] Built target base_demo__rs
[1.540s] [35m[1mConsolidate compiler generated dependencies of target base_demo__rosidl_generator_c[0m
[1.549s] [  7%] [32mBuilding C object CMakeFiles/base_demo__rosidl_generator_c.dir/rosidl_generator_c/base_demo/msg/detail/student__functions.c.o[0m
[1.549s] [  7%] [32mBuilding C object CMakeFiles/base_demo__rosidl_generator_c.dir/rosidl_generator_c/base_demo/srv/detail/addints__functions.c.o[0m
[1.550s] [  9%] [32mBuilding C object CMakeFiles/base_demo__rosidl_generator_c.dir/rosidl_generator_c/base_demo/srv/detail/distance__functions.c.o[0m
[1.551s] [ 10%] [32mBuilding C object CMakeFiles/base_demo__rosidl_generator_c.dir/rosidl_generator_c/base_demo/action/detail/nav__functions.c.o[0m
[1.552s] [ 12%] [32mBuilding C object CMakeFiles/base_demo__rosidl_generator_c.dir/rosidl_generator_c/base_demo/action/detail/progress__functions.c.o[0m
[1.553s] [ 12%] Built target base_demo__cpp
[1.560s] [ 17%] [34m[1mGenerating C++ introspection for ROS interfaces[0m
[1.560s] [ 17%] [34m[1mGenerating C++ type support dispatch for ROS interfaces[0m
[1.561s] [ 17%] [34m[1mGenerating C++ type support for eProsima Fast-RTPS[0m
[1.662s] [ 18%] [32m[1mLinking C shared library libbase_demo__rosidl_generator_c.so[0m
[1.697s] [ 18%] Built target base_demo__rosidl_generator_c
[1.706s] [ 20%] [34m[1mGenerating C introspection for ROS interfaces[0m
[1.706s] [ 21%] [34m[1mGenerating C type support for eProsima Fast-RTPS[0m
[1.706s] [ 23%] [34m[1mGenerating C type support dispatch for ROS interfaces[0m
[1.896s] [35m[1mConsolidate compiler generated dependencies of target base_demo__rosidl_typesupport_cpp[0m
[1.909s] [ 25%] [32mBuilding CXX object CMakeFiles/base_demo__rosidl_typesupport_cpp.dir/rosidl_typesupport_cpp/base_demo/msg/student__type_support.cpp.o[0m
[1.909s] [ 26%] [32mBuilding CXX object CMakeFiles/base_demo__rosidl_typesupport_cpp.dir/rosidl_typesupport_cpp/base_demo/srv/addints__type_support.cpp.o[0m
[1.909s] [ 28%] [32mBuilding CXX object CMakeFiles/base_demo__rosidl_typesupport_cpp.dir/rosidl_typesupport_cpp/base_demo/srv/distance__type_support.cpp.o[0m
[1.912s] [ 29%] [32mBuilding CXX object CMakeFiles/base_demo__rosidl_typesupport_cpp.dir/rosidl_typesupport_cpp/base_demo/action/nav__type_support.cpp.o[0m
[1.913s] [ 31%] [32mBuilding CXX object CMakeFiles/base_demo__rosidl_typesupport_cpp.dir/rosidl_typesupport_cpp/base_demo/action/progress__type_support.cpp.o[0m
[1.916s] [35m[1mConsolidate compiler generated dependencies of target base_demo__rosidl_typesupport_introspection_cpp[0m
[1.932s] [ 32%] [32mBuilding CXX object CMakeFiles/base_demo__rosidl_typesupport_introspection_cpp.dir/rosidl_typesupport_introspection_cpp/base_demo/action/detail/progress__type_support.cpp.o[0m
[1.932s] [ 34%] [32mBuilding CXX object CMakeFiles/base_demo__rosidl_typesupport_introspection_cpp.dir/rosidl_typesupport_introspection_cpp/base_demo/action/detail/nav__type_support.cpp.o[0m
[1.935s] [ 35%] [32mBuilding CXX object CMakeFiles/base_demo__rosidl_typesupport_introspection_cpp.dir/rosidl_typesupport_introspection_cpp/base_demo/msg/detail/student__type_support.cpp.o[0m
[1.935s] [ 37%] [32mBuilding CXX object CMakeFiles/base_demo__rosidl_typesupport_introspection_cpp.dir/rosidl_typesupport_introspection_cpp/base_demo/srv/detail/addints__type_support.cpp.o[0m
[1.937s] [ 39%] [32mBuilding CXX object CMakeFiles/base_demo__rosidl_typesupport_introspection_cpp.dir/rosidl_typesupport_introspection_cpp/base_demo/srv/detail/distance__type_support.cpp.o[0m
[2.063s] [35m[1mConsolidate compiler generated dependencies of target base_demo__rosidl_typesupport_fastrtps_cpp[0m
[2.064s] [35m[1mConsolidate compiler generated dependencies of target base_demo__rosidl_typesupport_c[0m
[2.078s] [ 40%] [32mBuilding CXX object CMakeFiles/base_demo__rosidl_typesupport_c.dir/rosidl_typesupport_c/base_demo/srv/addints__type_support.cpp.o[0m
[2.078s] [ 43%] [32mBuilding CXX object CMakeFiles/base_demo__rosidl_typesupport_c.dir/rosidl_typesupport_c/base_demo/msg/student__type_support.cpp.o[0m
[2.078s] [ 43%] [32mBuilding CXX object CMakeFiles/base_demo__rosidl_typesupport_c.dir/rosidl_typesupport_c/base_demo/action/progress__type_support.cpp.o[0m
[2.078s] [ 45%] [32mBuilding CXX object CMakeFiles/base_demo__rosidl_typesupport_fastrtps_cpp.dir/rosidl_typesupport_fastrtps_cpp/base_demo/msg/detail/dds_fastrtps/student__type_support.cpp.o[0m
[2.078s] [ 46%] [32mBuilding CXX object CMakeFiles/base_demo__rosidl_typesupport_c.dir/rosidl_typesupport_c/base_demo/action/nav__type_support.cpp.o[0m
[2.078s] [ 50%] [32mBuilding CXX object CMakeFiles/base_demo__rosidl_typesupport_fastrtps_cpp.dir/rosidl_typesupport_fastrtps_cpp/base_demo/action/detail/dds_fastrtps/progress__type_support.cpp.o[0m
[2.078s] [ 50%] [32mBuilding CXX object CMakeFiles/base_demo__rosidl_typesupport_fastrtps_cpp.dir/rosidl_typesupport_fastrtps_cpp/base_demo/srv/detail/dds_fastrtps/distance__type_support.cpp.o[0m
[2.078s] [ 51%] [32mBuilding CXX object CMakeFiles/base_demo__rosidl_typesupport_fastrtps_cpp.dir/rosidl_typesupport_fastrtps_cpp/base_demo/srv/detail/dds_fastrtps/addints__type_support.cpp.o[0m
[2.083s] [ 53%] [32mBuilding CXX object CMakeFiles/base_demo__rosidl_typesupport_c.dir/rosidl_typesupport_c/base_demo/srv/distance__type_support.cpp.o[0m
[2.086s] [ 54%] [32mBuilding CXX object CMakeFiles/base_demo__rosidl_typesupport_fastrtps_cpp.dir/rosidl_typesupport_fastrtps_cpp/base_demo/action/detail/dds_fastrtps/nav__type_support.cpp.o[0m
[2.160s] [ 56%] [32m[1mLinking CXX shared library libbase_demo__rosidl_typesupport_c.so[0m
[2.201s] [ 56%] Built target base_demo__rosidl_typesupport_c
[2.282s] [35m[1mConsolidate compiler generated dependencies of target base_demo__rosidl_typesupport_fastrtps_c[0m
[2.296s] [ 57%] [32mBuilding CXX object CMakeFiles/base_demo__rosidl_typesupport_fastrtps_c.dir/rosidl_typesupport_fastrtps_c/base_demo/msg/detail/student__type_support_c.cpp.o[0m
[2.300s] [ 59%] [32mBuilding CXX object CMakeFiles/base_demo__rosidl_typesupport_fastrtps_c.dir/rosidl_typesupport_fastrtps_c/base_demo/srv/detail/addints__type_support_c.cpp.o[0m
[2.301s] [ 60%] [32mBuilding CXX object CMakeFiles/base_demo__rosidl_typesupport_fastrtps_c.dir/rosidl_typesupport_fastrtps_c/base_demo/action/detail/progress__type_support_c.cpp.o[0m
[2.304s] [ 62%] [32mBuilding CXX object CMakeFiles/base_demo__rosidl_typesupport_fastrtps_c.dir/rosidl_typesupport_fastrtps_c/base_demo/action/detail/nav__type_support_c.cpp.o[0m
[2.305s] [35m[1mConsolidate compiler generated dependencies of target base_demo__rosidl_typesupport_introspection_c[0m
[2.317s] [ 64%] [32mBuilding CXX object CMakeFiles/base_demo__rosidl_typesupport_fastrtps_c.dir/rosidl_typesupport_fastrtps_c/base_demo/srv/detail/distance__type_support_c.cpp.o[0m
[2.324s] [ 65%] [32mBuilding C object CMakeFiles/base_demo__rosidl_typesupport_introspection_c.dir/rosidl_typesupport_introspection_c/base_demo/msg/detail/student__type_support.c.o[0m
[2.324s] [ 67%] [32mBuilding C object CMakeFiles/base_demo__rosidl_typesupport_introspection_c.dir/rosidl_typesupport_introspection_c/base_demo/srv/detail/addints__type_support.c.o[0m
[2.337s] [ 70%] [32mBuilding C object CMakeFiles/base_demo__rosidl_typesupport_introspection_c.dir/rosidl_typesupport_introspection_c/base_demo/srv/detail/distance__type_support.c.o[0m
[2.337s] [ 70%] [32mBuilding C object CMakeFiles/base_demo__rosidl_typesupport_introspection_c.dir/rosidl_typesupport_introspection_c/base_demo/action/detail/progress__type_support.c.o[0m
[2.366s] [ 71%] [32mBuilding C object CMakeFiles/base_demo__rosidl_typesupport_introspection_c.dir/rosidl_typesupport_introspection_c/base_demo/action/detail/nav__type_support.c.o[0m
[2.434s] [ 73%] [32m[1mLinking C shared library libbase_demo__rosidl_typesupport_introspection_c.so[0m
[2.469s] [ 75%] [32m[1mLinking CXX shared library libbase_demo__rosidl_typesupport_cpp.so[0m
[2.515s] [ 75%] Built target base_demo__rosidl_typesupport_introspection_c
[2.545s] [ 75%] Built target base_demo__rosidl_typesupport_cpp
[2.699s] [ 76%] [32m[1mLinking CXX shared library libbase_demo__rosidl_typesupport_introspection_cpp.so[0m
[2.787s] [ 78%] [32m[1mLinking CXX shared library libbase_demo__rosidl_typesupport_fastrtps_c.so[0m
[2.789s] [ 78%] Built target base_demo__rosidl_typesupport_introspection_cpp
[2.791s] [ 79%] [32m[1mLinking CXX shared library libbase_demo__rosidl_typesupport_fastrtps_cpp.so[0m
[2.854s] [ 79%] Built target base_demo__rosidl_typesupport_fastrtps_c
[2.861s] [ 79%] Built target base_demo__rosidl_typesupport_fastrtps_cpp
[2.875s] [ 79%] Built target base_demo
[2.888s] [ 81%] [34m[1mGenerating Python code for ROS interfaces[0m
[3.689s] [ 81%] Built target base_demo__py
[3.699s] [35m[1mConsolidate compiler generated dependencies of target base_demo__rosidl_generator_py[0m
[3.709s] [ 84%] [32mBuilding C object CMakeFiles/base_demo__rosidl_generator_py.dir/rosidl_generator_py/base_demo/srv/_addints_s.c.o[0m
[3.709s] [ 84%] [32mBuilding C object CMakeFiles/base_demo__rosidl_generator_py.dir/rosidl_generator_py/base_demo/msg/_student_s.c.o[0m
[3.709s] [ 85%] [32mBuilding C object CMakeFiles/base_demo__rosidl_generator_py.dir/rosidl_generator_py/base_demo/action/_progress_s.c.o[0m
[3.709s] [ 87%] [32mBuilding C object CMakeFiles/base_demo__rosidl_generator_py.dir/rosidl_generator_py/base_demo/srv/_distance_s.c.o[0m
[3.711s] [ 89%] [32mBuilding C object CMakeFiles/base_demo__rosidl_generator_py.dir/rosidl_generator_py/base_demo/action/_nav_s.c.o[0m
[3.828s] [ 90%] [32m[1mLinking C shared library rosidl_generator_py/base_demo/libbase_demo__rosidl_generator_py.so[0m
[3.862s] [ 90%] Built target base_demo__rosidl_generator_py
[3.872s] [35m[1mConsolidate compiler generated dependencies of target base_demo__rosidl_typesupport_introspection_c__pyext[0m
[3.872s] [35m[1mConsolidate compiler generated dependencies of target base_demo__rosidl_typesupport_fastrtps_c__pyext[0m
[3.872s] [35m[1mConsolidate compiler generated dependencies of target base_demo__rosidl_typesupport_c__pyext[0m
[3.879s] [ 93%] [32mBuilding C object CMakeFiles/base_demo__rosidl_typesupport_c__pyext.dir/rosidl_generator_py/base_demo/_base_demo_s.ep.rosidl_typesupport_c.c.o[0m
[3.880s] [ 95%] [32mBuilding C object CMakeFiles/base_demo__rosidl_typesupport_fastrtps_c__pyext.dir/rosidl_generator_py/base_demo/_base_demo_s.ep.rosidl_typesupport_fastrtps_c.c.o[0m
[3.880s] [ 93%] [32mBuilding C object CMakeFiles/base_demo__rosidl_typesupport_introspection_c__pyext.dir/rosidl_generator_py/base_demo/_base_demo_s.ep.rosidl_typesupport_introspection_c.c.o[0m
[3.985s] [ 96%] [32m[1mLinking C shared library rosidl_generator_py/base_demo/base_demo_s__rosidl_typesupport_fastrtps_c.cpython-310-x86_64-linux-gnu.so[0m
[3.991s] [ 98%] [32m[1mLinking C shared library rosidl_generator_py/base_demo/base_demo_s__rosidl_typesupport_introspection_c.cpython-310-x86_64-linux-gnu.so[0m
[3.991s] [100%] [32m[1mLinking C shared library rosidl_generator_py/base_demo/base_demo_s__rosidl_typesupport_c.cpython-310-x86_64-linux-gnu.so[0m
[4.018s] [100%] Built target base_demo__rosidl_typesupport_fastrtps_c__pyext
[4.019s] [100%] Built target base_demo__rosidl_typesupport_introspection_c__pyext
[4.024s] [100%] Built target base_demo__rosidl_typesupport_c__pyext
[4.035s] Invoked command in '/home/jon/ws01/build/base_demo' returned '0': CMAKE_PREFIX_PATH=${CMAKE_PREFIX_PATH}:/opt/ros/humble /usr/bin/cmake --build /home/jon/ws01/build/base_demo -- -j24 -l24
[4.036s] Invoking command in '/home/jon/ws01/build/base_demo': CMAKE_PREFIX_PATH=${CMAKE_PREFIX_PATH}:/opt/ros/humble /usr/bin/cmake --install /home/jon/ws01/build/base_demo
[4.043s] -- Install configuration: ""
[4.044s] -- Installing: /home/jon/ws01/install/base_demo/share/ament_index/resource_index/rosidl_interfaces/base_demo
[4.044s] -- Up-to-date: /home/jon/ws01/install/base_demo/include/base_demo/base_demo
[4.044s] -- Up-to-date: /home/jon/ws01/install/base_demo/include/base_demo/base_demo/msg
[4.044s] -- Installing: /home/jon/ws01/install/base_demo/include/base_demo/base_demo/msg/student.h
[4.044s] -- Up-to-date: /home/jon/ws01/install/base_demo/include/base_demo/base_demo/msg/detail
[4.044s] -- Installing: /home/jon/ws01/install/base_demo/include/base_demo/base_demo/msg/detail/student__struct.h
[4.044s] -- Installing: /home/jon/ws01/install/base_demo/include/base_demo/base_demo/msg/detail/student__functions.c
[4.044s] -- Installing: /home/jon/ws01/install/base_demo/include/base_demo/base_demo/msg/detail/student__functions.h
[4.044s] -- Installing: /home/jon/ws01/install/base_demo/include/base_demo/base_demo/msg/detail/student__type_support.h
[4.044s] -- Up-to-date: /home/jon/ws01/install/base_demo/include/base_demo/base_demo/msg/rosidl_generator_c__visibility_control.h
[4.044s] -- Up-to-date: /home/jon/ws01/install/base_demo/include/base_demo/base_demo/action
[4.044s] -- Installing: /home/jon/ws01/install/base_demo/include/base_demo/base_demo/action/nav.h
[4.044s] -- Installing: /home/jon/ws01/install/base_demo/include/base_demo/base_demo/action/progress.h
[4.044s] -- Up-to-date: /home/jon/ws01/install/base_demo/include/base_demo/base_demo/action/detail
[4.044s] -- Installing: /home/jon/ws01/install/base_demo/include/base_demo/base_demo/action/detail/progress__functions.h
[4.044s] -- Installing: /home/jon/ws01/install/base_demo/include/base_demo/base_demo/action/detail/nav__functions.c
[4.044s] -- Installing: /home/jon/ws01/install/base_demo/include/base_demo/base_demo/action/detail/progress__functions.c
[4.044s] -- Installing: /home/jon/ws01/install/base_demo/include/base_demo/base_demo/action/detail/progress__struct.h
[4.044s] -- Installing: /home/jon/ws01/install/base_demo/include/base_demo/base_demo/action/detail/nav__type_support.h
[4.044s] -- Installing: /home/jon/ws01/install/base_demo/include/base_demo/base_demo/action/detail/nav__functions.h
[4.044s] -- Installing: /home/jon/ws01/install/base_demo/include/base_demo/base_demo/action/detail/nav__struct.h
[4.044s] -- Installing: /home/jon/ws01/install/base_demo/include/base_demo/base_demo/action/detail/progress__type_support.h
[4.045s] -- Up-to-date: /home/jon/ws01/install/base_demo/include/base_demo/base_demo/srv
[4.045s] -- Installing: /home/jon/ws01/install/base_demo/include/base_demo/base_demo/srv/distance.h
[4.045s] -- Installing: /home/jon/ws01/install/base_demo/include/base_demo/base_demo/srv/addints.h
[4.045s] -- Up-to-date: /home/jon/ws01/install/base_demo/include/base_demo/base_demo/srv/detail
[4.045s] -- Installing: /home/jon/ws01/install/base_demo/include/base_demo/base_demo/srv/detail/addints__type_support.h
[4.045s] -- Installing: /home/jon/ws01/install/base_demo/include/base_demo/base_demo/srv/detail/addints__functions.h
[4.045s] -- Installing: /home/jon/ws01/install/base_demo/include/base_demo/base_demo/srv/detail/addints__struct.h
[4.045s] -- Installing: /home/jon/ws01/install/base_demo/include/base_demo/base_demo/srv/detail/distance__type_support.h
[4.045s] -- Installing: /home/jon/ws01/install/base_demo/include/base_demo/base_demo/srv/detail/distance__functions.c
[4.045s] -- Installing: /home/jon/ws01/install/base_demo/include/base_demo/base_demo/srv/detail/addints__functions.c
[4.045s] -- Installing: /home/jon/ws01/install/base_demo/include/base_demo/base_demo/srv/detail/distance__struct.h
[4.045s] -- Installing: /home/jon/ws01/install/base_demo/include/base_demo/base_demo/srv/detail/distance__functions.h
[4.045s] -- Up-to-date: /home/jon/ws01/install/base_demo/share/base_demo/environment/library_path.sh
[4.045s] -- Installing: /home/jon/ws01/install/base_demo/share/base_demo/environment/library_path.dsv
[4.045s] -- Installing: /home/jon/ws01/install/base_demo/lib/libbase_demo__rosidl_generator_c.so
[4.046s] -- Set runtime path of "/home/jon/ws01/install/base_demo/lib/libbase_demo__rosidl_generator_c.so" to ""
[4.046s] -- Up-to-date: /home/jon/ws01/install/base_demo/include/base_demo/base_demo
[4.046s] -- Up-to-date: /home/jon/ws01/install/base_demo/include/base_demo/base_demo/msg
[4.046s] -- Up-to-date: /home/jon/ws01/install/base_demo/include/base_demo/base_demo/msg/rosidl_typesupport_fastrtps_c__visibility_control.h
[4.046s] -- Up-to-date: /home/jon/ws01/install/base_demo/include/base_demo/base_demo/msg/detail
[4.046s] -- Installing: /home/jon/ws01/install/base_demo/include/base_demo/base_demo/msg/detail/student__rosidl_typesupport_fastrtps_c.h
[4.046s] -- Up-to-date: /home/jon/ws01/install/base_demo/include/base_demo/base_demo/action
[4.046s] -- Up-to-date: /home/jon/ws01/install/base_demo/include/base_demo/base_demo/action/detail
[4.046s] -- Installing: /home/jon/ws01/install/base_demo/include/base_demo/base_demo/action/detail/progress__rosidl_typesupport_fastrtps_c.h
[4.046s] -- Installing: /home/jon/ws01/install/base_demo/include/base_demo/base_demo/action/detail/nav__rosidl_typesupport_fastrtps_c.h
[4.046s] -- Up-to-date: /home/jon/ws01/install/base_demo/include/base_demo/base_demo/srv
[4.046s] -- Up-to-date: /home/jon/ws01/install/base_demo/include/base_demo/base_demo/srv/detail
[4.046s] -- Installing: /home/jon/ws01/install/base_demo/include/base_demo/base_demo/srv/detail/addints__rosidl_typesupport_fastrtps_c.h
[4.046s] -- Installing: /home/jon/ws01/install/base_demo/include/base_demo/base_demo/srv/detail/distance__rosidl_typesupport_fastrtps_c.h
[4.046s] -- Installing: /home/jon/ws01/install/base_demo/lib/libbase_demo__rosidl_typesupport_fastrtps_c.so
[4.047s] -- Set runtime path of "/home/jon/ws01/install/base_demo/lib/libbase_demo__rosidl_typesupport_fastrtps_c.so" to ""
[4.047s] -- Up-to-date: /home/jon/ws01/install/base_demo/include/base_demo/base_demo
[4.048s] -- Up-to-date: /home/jon/ws01/install/base_demo/include/base_demo/base_demo/msg
[4.048s] -- Up-to-date: /home/jon/ws01/install/base_demo/include/base_demo/base_demo/msg/detail
[4.048s] -- Installing: /home/jon/ws01/install/base_demo/include/base_demo/base_demo/msg/detail/student__rosidl_typesupport_introspection_c.h
[4.048s] -- Installing: /home/jon/ws01/install/base_demo/include/base_demo/base_demo/msg/detail/student__type_support.c
[4.048s] -- Up-to-date: /home/jon/ws01/install/base_demo/include/base_demo/base_demo/msg/rosidl_typesupport_introspection_c__visibility_control.h
[4.048s] -- Up-to-date: /home/jon/ws01/install/base_demo/include/base_demo/base_demo/action
[4.048s] -- Up-to-date: /home/jon/ws01/install/base_demo/include/base_demo/base_demo/action/detail
[4.048s] -- Installing: /home/jon/ws01/install/base_demo/include/base_demo/base_demo/action/detail/nav__rosidl_typesupport_introspection_c.h
[4.048s] -- Installing: /home/jon/ws01/install/base_demo/include/base_demo/base_demo/action/detail/nav__type_support.c
[4.048s] -- Installing: /home/jon/ws01/install/base_demo/include/base_demo/base_demo/action/detail/progress__rosidl_typesupport_introspection_c.h
[4.048s] -- Installing: /home/jon/ws01/install/base_demo/include/base_demo/base_demo/action/detail/progress__type_support.c
[4.048s] -- Up-to-date: /home/jon/ws01/install/base_demo/include/base_demo/base_demo/srv
[4.048s] -- Up-to-date: /home/jon/ws01/install/base_demo/include/base_demo/base_demo/srv/detail
[4.048s] -- Installing: /home/jon/ws01/install/base_demo/include/base_demo/base_demo/srv/detail/addints__type_support.c
[4.048s] -- Installing: /home/jon/ws01/install/base_demo/include/base_demo/base_demo/srv/detail/distance__type_support.c
[4.048s] -- Installing: /home/jon/ws01/install/base_demo/include/base_demo/base_demo/srv/detail/addints__rosidl_typesupport_introspection_c.h
[4.048s] -- Installing: /home/jon/ws01/install/base_demo/include/base_demo/base_demo/srv/detail/distance__rosidl_typesupport_introspection_c.h
[4.048s] -- Installing: /home/jon/ws01/install/base_demo/lib/libbase_demo__rosidl_typesupport_introspection_c.so
[4.048s] -- Set runtime path of "/home/jon/ws01/install/base_demo/lib/libbase_demo__rosidl_typesupport_introspection_c.so" to ""
[4.049s] -- Installing: /home/jon/ws01/install/base_demo/lib/libbase_demo__rosidl_typesupport_c.so
[4.049s] -- Set runtime path of "/home/jon/ws01/install/base_demo/lib/libbase_demo__rosidl_typesupport_c.so" to ""
[4.049s] -- Up-to-date: /home/jon/ws01/install/base_demo/include/base_demo/base_demo
[4.050s] -- Up-to-date: /home/jon/ws01/install/base_demo/include/base_demo/base_demo/msg
[4.050s] -- Installing: /home/jon/ws01/install/base_demo/include/base_demo/base_demo/msg/student.hpp
[4.050s] -- Up-to-date: /home/jon/ws01/install/base_demo/include/base_demo/base_demo/msg/detail
[4.050s] -- Installing: /home/jon/ws01/install/base_demo/include/base_demo/base_demo/msg/detail/student__type_support.hpp
[4.050s] -- Installing: /home/jon/ws01/install/base_demo/include/base_demo/base_demo/msg/detail/student__struct.hpp
[4.050s] -- Installing: /home/jon/ws01/install/base_demo/include/base_demo/base_demo/msg/detail/student__traits.hpp
[4.050s] -- Installing: /home/jon/ws01/install/base_demo/include/base_demo/base_demo/msg/detail/student__builder.hpp
[4.050s] -- Up-to-date: /home/jon/ws01/install/base_demo/include/base_demo/base_demo/msg/rosidl_generator_cpp__visibility_control.hpp
[4.050s] -- Up-to-date: /home/jon/ws01/install/base_demo/include/base_demo/base_demo/action
[4.050s] -- Installing: /home/jon/ws01/install/base_demo/include/base_demo/base_demo/action/progress.hpp
[4.050s] -- Up-to-date: /home/jon/ws01/install/base_demo/include/base_demo/base_demo/action/detail
[4.050s] -- Installing: /home/jon/ws01/install/base_demo/include/base_demo/base_demo/action/detail/nav__type_support.hpp
[4.050s] -- Installing: /home/jon/ws01/install/base_demo/include/base_demo/base_demo/action/detail/nav__builder.hpp
[4.050s] -- Installing: /home/jon/ws01/install/base_demo/include/base_demo/base_demo/action/detail/progress__type_support.hpp
[4.050s] -- Installing: /home/jon/ws01/install/base_demo/include/base_demo/base_demo/action/detail/nav__traits.hpp
[4.050s] -- Installing: /home/jon/ws01/install/base_demo/include/base_demo/base_demo/action/detail/progress__traits.hpp
[4.050s] -- Installing: /home/jon/ws01/install/base_demo/include/base_demo/base_demo/action/detail/progress__builder.hpp
[4.050s] -- Installing: /home/jon/ws01/install/base_demo/include/base_demo/base_demo/action/detail/progress__struct.hpp
[4.050s] -- Installing: /home/jon/ws01/install/base_demo/include/base_demo/base_demo/action/detail/nav__struct.hpp
[4.050s] -- Installing: /home/jon/ws01/install/base_demo/include/base_demo/base_demo/action/nav.hpp
[4.050s] -- Up-to-date: /home/jon/ws01/install/base_demo/include/base_demo/base_demo/srv
[4.050s] -- Installing: /home/jon/ws01/install/base_demo/include/base_demo/base_demo/srv/distance.hpp
[4.050s] -- Installing: /home/jon/ws01/install/base_demo/include/base_demo/base_demo/srv/addints.hpp
[4.051s] -- Up-to-date: /home/jon/ws01/install/base_demo/include/base_demo/base_demo/srv/detail
[4.051s] -- Installing: /home/jon/ws01/install/base_demo/include/base_demo/base_demo/srv/detail/distance__struct.hpp
[4.051s] -- Installing: /home/jon/ws01/install/base_demo/include/base_demo/base_demo/srv/detail/addints__traits.hpp
[4.051s] -- Installing: /home/jon/ws01/install/base_demo/include/base_demo/base_demo/srv/detail/addints__type_support.hpp
[4.051s] -- Installing: /home/jon/ws01/install/base_demo/include/base_demo/base_demo/srv/detail/distance__builder.hpp
[4.051s] -- Installing: /home/jon/ws01/install/base_demo/include/base_demo/base_demo/srv/detail/addints__builder.hpp
[4.051s] -- Installing: /home/jon/ws01/install/base_demo/include/base_demo/base_demo/srv/detail/distance__type_support.hpp
[4.051s] -- Installing: /home/jon/ws01/install/base_demo/include/base_demo/base_demo/srv/detail/distance__traits.hpp
[4.051s] -- Installing: /home/jon/ws01/install/base_demo/include/base_demo/base_demo/srv/detail/addints__struct.hpp
[4.051s] -- Up-to-date: /home/jon/ws01/install/base_demo/include/base_demo/base_demo
[4.051s] -- Up-to-date: /home/jon/ws01/install/base_demo/include/base_demo/base_demo/msg
[4.051s] -- Up-to-date: /home/jon/ws01/install/base_demo/include/base_demo/base_demo/msg/rosidl_typesupport_fastrtps_cpp__visibility_control.h
[4.051s] -- Up-to-date: /home/jon/ws01/install/base_demo/include/base_demo/base_demo/msg/detail
[4.051s] -- Up-to-date: /home/jon/ws01/install/base_demo/include/base_demo/base_demo/msg/detail/dds_fastrtps
[4.051s] -- Installing: /home/jon/ws01/install/base_demo/include/base_demo/base_demo/msg/detail/student__rosidl_typesupport_fastrtps_cpp.hpp
[4.051s] -- Up-to-date: /home/jon/ws01/install/base_demo/include/base_demo/base_demo/action
[4.051s] -- Up-to-date: /home/jon/ws01/install/base_demo/include/base_demo/base_demo/action/detail
[4.052s] -- Up-to-date: /home/jon/ws01/install/base_demo/include/base_demo/base_demo/action/detail/dds_fastrtps
[4.053s] -- Installing: /home/jon/ws01/install/base_demo/include/base_demo/base_demo/action/detail/progress__rosidl_typesupport_fastrtps_cpp.hpp
[4.053s] -- Installing: /home/jon/ws01/install/base_demo/include/base_demo/base_demo/action/detail/nav__rosidl_typesupport_fastrtps_cpp.hpp
[4.053s] -- Up-to-date: /home/jon/ws01/install/base_demo/include/base_demo/base_demo/srv
[4.053s] -- Up-to-date: /home/jon/ws01/install/base_demo/include/base_demo/base_demo/srv/detail
[4.053s] -- Installing: /home/jon/ws01/install/base_demo/include/base_demo/base_demo/srv/detail/addints__rosidl_typesupport_fastrtps_cpp.hpp
[4.053s] -- Installing: /home/jon/ws01/install/base_demo/include/base_demo/base_demo/srv/detail/distance__rosidl_typesupport_fastrtps_cpp.hpp
[4.053s] -- Up-to-date: /home/jon/ws01/install/base_demo/include/base_demo/base_demo/srv/detail/dds_fastrtps
[4.053s] -- Installing: /home/jon/ws01/install/base_demo/lib/libbase_demo__rosidl_typesupport_fastrtps_cpp.so
[4.054s] -- Set runtime path of "/home/jon/ws01/install/base_demo/lib/libbase_demo__rosidl_typesupport_fastrtps_cpp.so" to ""
[4.054s] -- Up-to-date: /home/jon/ws01/install/base_demo/include/base_demo/base_demo
[4.054s] -- Up-to-date: /home/jon/ws01/install/base_demo/include/base_demo/base_demo/msg
[4.054s] -- Up-to-date: /home/jon/ws01/install/base_demo/include/base_demo/base_demo/msg/detail
[4.054s] -- Installing: /home/jon/ws01/install/base_demo/include/base_demo/base_demo/msg/detail/student__rosidl_typesupport_introspection_cpp.hpp
[4.054s] -- Installing: /home/jon/ws01/install/base_demo/include/base_demo/base_demo/msg/detail/student__type_support.cpp
[4.054s] -- Up-to-date: /home/jon/ws01/install/base_demo/include/base_demo/base_demo/action
[4.054s] -- Up-to-date: /home/jon/ws01/install/base_demo/include/base_demo/base_demo/action/detail
[4.055s] -- Installing: /home/jon/ws01/install/base_demo/include/base_demo/base_demo/action/detail/progress__type_support.cpp
[4.055s] -- Installing: /home/jon/ws01/install/base_demo/include/base_demo/base_demo/action/detail/nav__rosidl_typesupport_introspection_cpp.hpp
[4.055s] -- Installing: /home/jon/ws01/install/base_demo/include/base_demo/base_demo/action/detail/progress__rosidl_typesupport_introspection_cpp.hpp
[4.055s] -- Installing: /home/jon/ws01/install/base_demo/include/base_demo/base_demo/action/detail/nav__type_support.cpp
[4.055s] -- Up-to-date: /home/jon/ws01/install/base_demo/include/base_demo/base_demo/srv
[4.055s] -- Up-to-date: /home/jon/ws01/install/base_demo/include/base_demo/base_demo/srv/detail
[4.055s] -- Installing: /home/jon/ws01/install/base_demo/include/base_demo/base_demo/srv/detail/addints__type_support.cpp
[4.055s] -- Installing: /home/jon/ws01/install/base_demo/include/base_demo/base_demo/srv/detail/distance__rosidl_typesupport_introspection_cpp.hpp
[4.055s] -- Installing: /home/jon/ws01/install/base_demo/include/base_demo/base_demo/srv/detail/addints__rosidl_typesupport_introspection_cpp.hpp
[4.055s] -- Installing: /home/jon/ws01/install/base_demo/include/base_demo/base_demo/srv/detail/distance__type_support.cpp
[4.055s] -- Installing: /home/jon/ws01/install/base_demo/lib/libbase_demo__rosidl_typesupport_introspection_cpp.so
[4.055s] -- Set runtime path of "/home/jon/ws01/install/base_demo/lib/libbase_demo__rosidl_typesupport_introspection_cpp.so" to ""
[4.056s] -- Installing: /home/jon/ws01/install/base_demo/lib/libbase_demo__rosidl_typesupport_cpp.so
[4.056s] -- Set runtime path of "/home/jon/ws01/install/base_demo/lib/libbase_demo__rosidl_typesupport_cpp.so" to ""
[4.056s] -- Up-to-date: /home/jon/ws01/install/base_demo/share/base_demo/environment/pythonpath.sh
[4.056s] -- Installing: /home/jon/ws01/install/base_demo/share/base_demo/environment/pythonpath.dsv
[4.057s] -- Up-to-date: /home/jon/ws01/install/base_demo/local/lib/python3.10/dist-packages/base_demo-0.0.0-py3.10.egg-info
[4.057s] -- Installing: /home/jon/ws01/install/base_demo/local/lib/python3.10/dist-packages/base_demo-0.0.0-py3.10.egg-info/PKG-INFO
[4.057s] -- Installing: /home/jon/ws01/install/base_demo/local/lib/python3.10/dist-packages/base_demo-0.0.0-py3.10.egg-info/SOURCES.txt
[4.058s] -- Installing: /home/jon/ws01/install/base_demo/local/lib/python3.10/dist-packages/base_demo-0.0.0-py3.10.egg-info/dependency_links.txt
[4.058s] -- Installing: /home/jon/ws01/install/base_demo/local/lib/python3.10/dist-packages/base_demo-0.0.0-py3.10.egg-info/top_level.txt
[4.058s] -- Up-to-date: /home/jon/ws01/install/base_demo/local/lib/python3.10/dist-packages/base_demo
[4.058s] -- Installing: /home/jon/ws01/install/base_demo/local/lib/python3.10/dist-packages/base_demo/__init__.py
[4.058s] -- Up-to-date: /home/jon/ws01/install/base_demo/local/lib/python3.10/dist-packages/base_demo/msg
[4.058s] -- Installing: /home/jon/ws01/install/base_demo/local/lib/python3.10/dist-packages/base_demo/msg/__init__.py
[4.058s] -- Installing: /home/jon/ws01/install/base_demo/local/lib/python3.10/dist-packages/base_demo/msg/_student.py
[4.058s] -- Installing: /home/jon/ws01/install/base_demo/local/lib/python3.10/dist-packages/base_demo/msg/_student_s.c
[4.058s] -- Installing: /home/jon/ws01/install/base_demo/local/lib/python3.10/dist-packages/base_demo/base_demo_s__rosidl_typesupport_introspection_c.cpython-310-x86_64-linux-gnu.so
[4.058s] -- Installing: /home/jon/ws01/install/base_demo/local/lib/python3.10/dist-packages/base_demo/base_demo_s__rosidl_typesupport_fastrtps_c.cpython-310-x86_64-linux-gnu.so
[4.058s] -- Installing: /home/jon/ws01/install/base_demo/local/lib/python3.10/dist-packages/base_demo/_base_demo_s.ep.rosidl_typesupport_c.c
[4.058s] -- Installing: /home/jon/ws01/install/base_demo/local/lib/python3.10/dist-packages/base_demo/_base_demo_s.ep.rosidl_typesupport_fastrtps_c.c
[4.058s] -- Installing: /home/jon/ws01/install/base_demo/local/lib/python3.10/dist-packages/base_demo/base_demo_s__rosidl_typesupport_c.cpython-310-x86_64-linux-gnu.so
[4.058s] -- Installing: /home/jon/ws01/install/base_demo/local/lib/python3.10/dist-packages/base_demo/_base_demo_s.ep.rosidl_typesupport_introspection_c.c
[4.058s] -- Installing: /home/jon/ws01/install/base_demo/local/lib/python3.10/dist-packages/base_demo/libbase_demo__rosidl_generator_py.so
[4.058s] -- Up-to-date: /home/jon/ws01/install/base_demo/local/lib/python3.10/dist-packages/base_demo/action
[4.058s] -- Installing: /home/jon/ws01/install/base_demo/local/lib/python3.10/dist-packages/base_demo/action/__init__.py
[4.059s] -- Installing: /home/jon/ws01/install/base_demo/local/lib/python3.10/dist-packages/base_demo/action/_progress.py
[4.059s] -- Installing: /home/jon/ws01/install/base_demo/local/lib/python3.10/dist-packages/base_demo/action/_nav_s.c
[4.059s] -- Installing: /home/jon/ws01/install/base_demo/local/lib/python3.10/dist-packages/base_demo/action/_progress_s.c
[4.059s] -- Installing: /home/jon/ws01/install/base_demo/local/lib/python3.10/dist-packages/base_demo/action/_nav.py
[4.059s] -- Up-to-date: /home/jon/ws01/install/base_demo/local/lib/python3.10/dist-packages/base_demo/srv
[4.059s] -- Installing: /home/jon/ws01/install/base_demo/local/lib/python3.10/dist-packages/base_demo/srv/__init__.py
[4.059s] -- Installing: /home/jon/ws01/install/base_demo/local/lib/python3.10/dist-packages/base_demo/srv/_distance_s.c
[4.059s] -- Installing: /home/jon/ws01/install/base_demo/local/lib/python3.10/dist-packages/base_demo/srv/_addints.py
[4.059s] -- Installing: /home/jon/ws01/install/base_demo/local/lib/python3.10/dist-packages/base_demo/srv/_distance.py
[4.059s] -- Installing: /home/jon/ws01/install/base_demo/local/lib/python3.10/dist-packages/base_demo/srv/_addints_s.c
[4.098s] Listing '/home/jon/ws01/install/base_demo/local/lib/python3.10/dist-packages/base_demo'...
[4.098s] Compiling '/home/jon/ws01/install/base_demo/local/lib/python3.10/dist-packages/base_demo/__init__.py'...
[4.098s] Listing '/home/jon/ws01/install/base_demo/local/lib/python3.10/dist-packages/base_demo/action'...
[4.098s] Compiling '/home/jon/ws01/install/base_demo/local/lib/python3.10/dist-packages/base_demo/action/__init__.py'...
[4.098s] Compiling '/home/jon/ws01/install/base_demo/local/lib/python3.10/dist-packages/base_demo/action/_nav.py'...
[4.098s] Compiling '/home/jon/ws01/install/base_demo/local/lib/python3.10/dist-packages/base_demo/action/_progress.py'...
[4.098s] Listing '/home/jon/ws01/install/base_demo/local/lib/python3.10/dist-packages/base_demo/msg'...
[4.098s] Compiling '/home/jon/ws01/install/base_demo/local/lib/python3.10/dist-packages/base_demo/msg/__init__.py'...
[4.098s] Compiling '/home/jon/ws01/install/base_demo/local/lib/python3.10/dist-packages/base_demo/msg/_student.py'...
[4.098s] Listing '/home/jon/ws01/install/base_demo/local/lib/python3.10/dist-packages/base_demo/srv'...
[4.098s] Compiling '/home/jon/ws01/install/base_demo/local/lib/python3.10/dist-packages/base_demo/srv/__init__.py'...
[4.098s] Compiling '/home/jon/ws01/install/base_demo/local/lib/python3.10/dist-packages/base_demo/srv/_addints.py'...
[4.098s] Compiling '/home/jon/ws01/install/base_demo/local/lib/python3.10/dist-packages/base_demo/srv/_distance.py'...
[4.101s] -- Installing: /home/jon/ws01/install/base_demo/local/lib/python3.10/dist-packages/base_demo/base_demo_s__rosidl_typesupport_fastrtps_c.cpython-310-x86_64-linux-gnu.so
[4.101s] -- Set runtime path of "/home/jon/ws01/install/base_demo/local/lib/python3.10/dist-packages/base_demo/base_demo_s__rosidl_typesupport_fastrtps_c.cpython-310-x86_64-linux-gnu.so" to ""
[4.102s] -- Installing: /home/jon/ws01/install/base_demo/local/lib/python3.10/dist-packages/base_demo/base_demo_s__rosidl_typesupport_introspection_c.cpython-310-x86_64-linux-gnu.so
[4.102s] -- Set runtime path of "/home/jon/ws01/install/base_demo/local/lib/python3.10/dist-packages/base_demo/base_demo_s__rosidl_typesupport_introspection_c.cpython-310-x86_64-linux-gnu.so" to ""
[4.102s] -- Installing: /home/jon/ws01/install/base_demo/local/lib/python3.10/dist-packages/base_demo/base_demo_s__rosidl_typesupport_c.cpython-310-x86_64-linux-gnu.so
[4.102s] -- Set runtime path of "/home/jon/ws01/install/base_demo/local/lib/python3.10/dist-packages/base_demo/base_demo_s__rosidl_typesupport_c.cpython-310-x86_64-linux-gnu.so" to ""
[4.102s] -- Installing: /home/jon/ws01/install/base_demo/lib/libbase_demo__rosidl_generator_py.so
[4.103s] -- Set runtime path of "/home/jon/ws01/install/base_demo/lib/libbase_demo__rosidl_generator_py.so" to ""
[4.103s] -- Up-to-date: /home/jon/ws01/install/base_demo/share/base_demo/rust
[4.103s] -- Installing: /home/jon/ws01/install/base_demo/share/base_demo/rust/Cargo.toml
[4.103s] -- Installing: /home/jon/ws01/install/base_demo/share/base_demo/rust/build.rs
[4.103s] -- Up-to-date: /home/jon/ws01/install/base_demo/share/base_demo/rust/src
[4.104s] -- Up-to-date: /home/jon/ws01/install/base_demo/share/base_demo/rust/src/msg
[4.104s] -- Installing: /home/jon/ws01/install/base_demo/share/base_demo/rust/src/msg/rmw.rs
[4.104s] -- Installing: /home/jon/ws01/install/base_demo/share/base_demo/rust/src/msg.rs
[4.104s] -- Installing: /home/jon/ws01/install/base_demo/share/base_demo/rust/src/action.rs
[4.104s] -- Installing: /home/jon/ws01/install/base_demo/share/base_demo/rust/src/lib.rs
[4.104s] -- Installing: /home/jon/ws01/install/base_demo/share/base_demo/rust/src/srv.rs
[4.104s] -- Up-to-date: /home/jon/ws01/install/base_demo/share/base_demo/rust/src/action
[4.104s] -- Installing: /home/jon/ws01/install/base_demo/share/base_demo/rust/src/action/rmw.rs
[4.104s] -- Up-to-date: /home/jon/ws01/install/base_demo/share/base_demo/rust/src/srv
[4.104s] -- Installing: /home/jon/ws01/install/base_demo/share/base_demo/rust/src/srv/rmw.rs
[4.104s] -- Up-to-date: /home/jon/ws01/install/base_demo/share/base_demo/msg/Student.idl
[4.104s] -- Up-to-date: /home/jon/ws01/install/base_demo/share/base_demo/srv/Addints.idl
[4.104s] -- Up-to-date: /home/jon/ws01/install/base_demo/share/base_demo/action/Progress.idl
[4.104s] -- Up-to-date: /home/jon/ws01/install/base_demo/share/base_demo/srv/Distance.idl
[4.104s] -- Installing: /home/jon/ws01/install/base_demo/share/base_demo/action/Nav.idl
[4.104s] -- Up-to-date: /home/jon/ws01/install/base_demo/share/base_demo/msg/Student.msg
[4.104s] -- Up-to-date: /home/jon/ws01/install/base_demo/share/base_demo/srv/Addints.srv
[4.104s] -- Up-to-date: /home/jon/ws01/install/base_demo/share/base_demo/srv/Addints_Request.msg
[4.104s] -- Up-to-date: /home/jon/ws01/install/base_demo/share/base_demo/srv/Addints_Response.msg
[4.104s] -- Up-to-date: /home/jon/ws01/install/base_demo/share/base_demo/action/Progress.action
[4.104s] -- Up-to-date: /home/jon/ws01/install/base_demo/share/base_demo/srv/Distance.srv
[4.104s] -- Up-to-date: /home/jon/ws01/install/base_demo/share/base_demo/srv/Distance_Request.msg
[4.104s] -- Up-to-date: /home/jon/ws01/install/base_demo/share/base_demo/srv/Distance_Response.msg
[4.104s] -- Installing: /home/jon/ws01/install/base_demo/share/base_demo/action/Nav.action
[4.104s] -- Up-to-date: /home/jon/ws01/install/base_demo/share/ament_index/resource_index/package_run_dependencies/base_demo
[4.104s] -- Up-to-date: /home/jon/ws01/install/base_demo/share/ament_index/resource_index/parent_prefix_path/base_demo
[4.104s] -- Up-to-date: /home/jon/ws01/install/base_demo/share/base_demo/environment/ament_prefix_path.sh
[4.104s] -- Installing: /home/jon/ws01/install/base_demo/share/base_demo/environment/ament_prefix_path.dsv
[4.104s] -- Up-to-date: /home/jon/ws01/install/base_demo/share/base_demo/environment/path.sh
[4.104s] -- Installing: /home/jon/ws01/install/base_demo/share/base_demo/environment/path.dsv
[4.105s] -- Up-to-date: /home/jon/ws01/install/base_demo/share/base_demo/local_setup.bash
[4.105s] -- Up-to-date: /home/jon/ws01/install/base_demo/share/base_demo/local_setup.sh
[4.105s] -- Up-to-date: /home/jon/ws01/install/base_demo/share/base_demo/local_setup.zsh
[4.105s] -- Installing: /home/jon/ws01/install/base_demo/share/base_demo/local_setup.dsv
[4.105s] -- Installing: /home/jon/ws01/install/base_demo/share/base_demo/package.dsv
[4.105s] -- Up-to-date: /home/jon/ws01/install/base_demo/share/ament_index/resource_index/packages/base_demo
[4.105s] -- Up-to-date: /home/jon/ws01/install/base_demo/share/base_demo/cmake/export_base_demo__rosidl_generator_cExport.cmake
[4.105s] -- Up-to-date: /home/jon/ws01/install/base_demo/share/base_demo/cmake/export_base_demo__rosidl_generator_cExport-noconfig.cmake
[4.105s] -- Up-to-date: /home/jon/ws01/install/base_demo/share/base_demo/cmake/export_base_demo__rosidl_typesupport_fastrtps_cExport.cmake
[4.105s] -- Up-to-date: /home/jon/ws01/install/base_demo/share/base_demo/cmake/export_base_demo__rosidl_typesupport_fastrtps_cExport-noconfig.cmake
[4.105s] -- Up-to-date: /home/jon/ws01/install/base_demo/share/base_demo/cmake/base_demo__rosidl_typesupport_introspection_cExport.cmake
[4.105s] -- Up-to-date: /home/jon/ws01/install/base_demo/share/base_demo/cmake/base_demo__rosidl_typesupport_introspection_cExport-noconfig.cmake
[4.105s] -- Up-to-date: /home/jon/ws01/install/base_demo/share/base_demo/cmake/base_demo__rosidl_typesupport_cExport.cmake
[4.106s] -- Up-to-date: /home/jon/ws01/install/base_demo/share/base_demo/cmake/base_demo__rosidl_typesupport_cExport-noconfig.cmake
[4.106s] -- Up-to-date: /home/jon/ws01/install/base_demo/share/base_demo/cmake/export_base_demo__rosidl_generator_cppExport.cmake
[4.106s] -- Up-to-date: /home/jon/ws01/install/base_demo/share/base_demo/cmake/export_base_demo__rosidl_typesupport_fastrtps_cppExport.cmake
[4.106s] -- Up-to-date: /home/jon/ws01/install/base_demo/share/base_demo/cmake/export_base_demo__rosidl_typesupport_fastrtps_cppExport-noconfig.cmake
[4.106s] -- Up-to-date: /home/jon/ws01/install/base_demo/share/base_demo/cmake/base_demo__rosidl_typesupport_introspection_cppExport.cmake
[4.106s] -- Up-to-date: /home/jon/ws01/install/base_demo/share/base_demo/cmake/base_demo__rosidl_typesupport_introspection_cppExport-noconfig.cmake
[4.106s] -- Up-to-date: /home/jon/ws01/install/base_demo/share/base_demo/cmake/base_demo__rosidl_typesupport_cppExport.cmake
[4.106s] -- Up-to-date: /home/jon/ws01/install/base_demo/share/base_demo/cmake/base_demo__rosidl_typesupport_cppExport-noconfig.cmake
[4.106s] -- Up-to-date: /home/jon/ws01/install/base_demo/share/base_demo/cmake/export_base_demo__rosidl_generator_pyExport.cmake
[4.106s] -- Up-to-date: /home/jon/ws01/install/base_demo/share/base_demo/cmake/export_base_demo__rosidl_generator_pyExport-noconfig.cmake
[4.106s] -- Installing: /home/jon/ws01/install/base_demo/share/base_demo/cmake/rosidl_cmake-extras.cmake
[4.106s] -- Up-to-date: /home/jon/ws01/install/base_demo/share/base_demo/cmake/ament_cmake_export_dependencies-extras.cmake
[4.106s] -- Up-to-date: /home/jon/ws01/install/base_demo/share/base_demo/cmake/ament_cmake_export_include_directories-extras.cmake
[4.106s] -- Up-to-date: /home/jon/ws01/install/base_demo/share/base_demo/cmake/ament_cmake_export_libraries-extras.cmake
[4.106s] -- Up-to-date: /home/jon/ws01/install/base_demo/share/base_demo/cmake/ament_cmake_export_targets-extras.cmake
[4.106s] -- Up-to-date: /home/jon/ws01/install/base_demo/share/base_demo/cmake/rosidl_cmake_export_typesupport_targets-extras.cmake
[4.106s] -- Up-to-date: /home/jon/ws01/install/base_demo/share/base_demo/cmake/rosidl_cmake_export_typesupport_libraries-extras.cmake
[4.106s] -- Up-to-date: /home/jon/ws01/install/base_demo/share/base_demo/cmake/rosidl_cmake_aggregate_target-extras.cmake
[4.106s] -- Up-to-date: /home/jon/ws01/install/base_demo/share/base_demo/cmake/base_demoConfig.cmake
[4.106s] -- Up-to-date: /home/jon/ws01/install/base_demo/share/base_demo/cmake/base_demoConfig-version.cmake
[4.106s] -- Up-to-date: /home/jon/ws01/install/base_demo/share/base_demo/package.xml
[4.107s] Invoked command in '/home/jon/ws01/build/base_demo' returned '0': CMAKE_PREFIX_PATH=${CMAKE_PREFIX_PATH}:/opt/ros/humble /usr/bin/cmake --install /home/jon/ws01/build/base_demo
