[0.005s] Invoking command in '/home/jon/ws00/build/hellovscode_cpp': CMAKE_PREFIX_PATH=${CMAKE_PREFIX_PATH}:/opt/ros/humble /usr/bin/cmake /home/jon/ws00/src/hellovscode_cpp -DCMAKE_EXPORT_COMPILE_COMMANDS=ON -DCMAKE_INSTALL_PREFIX=/home/jon/ws00/install/hellovscode_cpp
[0.042s] -- The C compiler identification is GNU 11.4.0
[0.071s] -- The CXX compiler identification is GNU 11.4.0
[0.075s] -- Detecting C compiler ABI info
[0.114s] -- Detecting C compiler ABI info - done
[0.117s] -- Check for working C compiler: /usr/bin/cc - skipped
[0.117s] -- Detecting C compile features
[0.117s] -- Detecting C compile features - done
[0.119s] -- Detecting CXX compiler ABI info
[0.166s] -- Detecting CXX compiler ABI info - done
[0.172s] -- Check for working CXX compiler: /usr/bin/c++ - skipped
[0.172s] -- Detecting CXX compile features
[0.172s] -- Detecting CXX compile features - done
[0.172s] -- Found ament_cmake: 1.3.14 (/opt/ros/humble/share/ament_cmake/cmake)
[0.250s] -- Found Python3: /usr/bin/python3 (found version "3.10.12") found components: Interpreter 
[0.289s] -- Found rclcpp: 16.0.21 (/opt/ros/humble/share/rclcpp/cmake)
[0.305s] -- Found rosidl_generator_c: 3.1.9 (/opt/ros/humble/share/rosidl_generator_c/cmake)
[0.306s] -- Found rosidl_adapter: 3.1.9 (/opt/ros/humble/share/rosidl_adapter/cmake)
[0.310s] -- Found rosidl_generator_cpp: 3.1.9 (/opt/ros/humble/share/rosidl_generator_cpp/cmake)
[0.314s] -- Using all available rosidl_typesupport_c: rosidl_typesupport_fastrtps_c;rosidl_typesupport_introspection_c
[0.321s] -- Using all available rosidl_typesupport_cpp: rosidl_typesupport_fastrtps_cpp;rosidl_typesupport_introspection_cpp
[0.338s] -- Found rmw_implementation_cmake: 6.1.4 (/opt/ros/humble/share/rmw_implementation_cmake/cmake)
[0.339s] -- Found rmw_fastrtps_cpp: 6.2.10 (/opt/ros/humble/share/rmw_fastrtps_cpp/cmake)
[0.387s] -- Found OpenSSL: /usr/lib/x86_64-linux-gnu/libcrypto.so (found version "3.0.2")  
[0.402s] -- Found FastRTPS: /opt/ros/humble/include  
[0.420s] -- Using RMW implementation 'rmw_fastrtps_cpp' as default
[0.423s] -- Looking for pthread.h
[0.465s] -- Looking for pthread.h - found
[0.465s] -- Performing Test CMAKE_HAVE_LIBC_PTHREAD
[0.506s] -- Performing Test CMAKE_HAVE_LIBC_PTHREAD - Success
[0.507s] -- Found Threads: TRUE  
[0.530s] -- Found ament_lint_auto: 0.12.15 (/opt/ros/humble/share/ament_lint_auto/cmake)
[0.566s] -- Added test 'cppcheck' to perform static code analysis on C / C++ code
[0.566s] -- Configured cppcheck include dirs: $<BUILD_INTERFACE:/home/jon/ws00/src/hellovscode_cpp/include>
[0.566s] -- Configured cppcheck exclude dirs and/or files: 
[0.566s] -- Added test 'lint_cmake' to check CMake code style
[0.566s] -- Added test 'uncrustify' to check C / C++ code style
[0.566s] -- Configured uncrustify additional arguments: 
[0.566s] -- Added test 'xmllint' to check XML markup files
[0.566s] -- Configuring done
[0.570s] -- Generating done
[0.571s] -- Build files have been written to: /home/jon/ws00/build/hellovscode_cpp
[0.577s] Invoked command in '/home/jon/ws00/build/hellovscode_cpp' returned '0': CMAKE_PREFIX_PATH=${CMAKE_PREFIX_PATH}:/opt/ros/humble /usr/bin/cmake /home/jon/ws00/src/hellovscode_cpp -DCMAKE_EXPORT_COMPILE_COMMANDS=ON -DCMAKE_INSTALL_PREFIX=/home/jon/ws00/install/hellovscode_cpp
[0.577s] Invoking command in '/home/jon/ws00/build/hellovscode_cpp': CMAKE_PREFIX_PATH=${CMAKE_PREFIX_PATH}:/opt/ros/humble /usr/bin/cmake --build /home/jon/ws00/build/hellovscode_cpp -- -j24 -l24
[0.603s] [ 50%] Building CXX object CMakeFiles/hellovscode.dir/src/hellovscode.cpp.o
[2.012s] [100%] Linking CXX executable hellovscode
[2.075s] [100%] Built target hellovscode
[2.086s] Invoked command in '/home/jon/ws00/build/hellovscode_cpp' returned '0': CMAKE_PREFIX_PATH=${CMAKE_PREFIX_PATH}:/opt/ros/humble /usr/bin/cmake --build /home/jon/ws00/build/hellovscode_cpp -- -j24 -l24
[2.091s] Invoking command in '/home/jon/ws00/build/hellovscode_cpp': CMAKE_PREFIX_PATH=${CMAKE_PREFIX_PATH}:/opt/ros/humble /usr/bin/cmake --install /home/jon/ws00/build/hellovscode_cpp
[2.098s] -- Install configuration: ""
[2.098s] -- Installing: /home/jon/ws00/install/hellovscode_cpp/lib/hellovscode_cpp/hellovscode
[2.099s] -- Set runtime path of "/home/jon/ws00/install/hellovscode_cpp/lib/hellovscode_cpp/hellovscode" to ""
[2.099s] -- Installing: /home/jon/ws00/install/hellovscode_cpp/share/ament_index/resource_index/package_run_dependencies/hellovscode_cpp
[2.099s] -- Installing: /home/jon/ws00/install/hellovscode_cpp/share/ament_index/resource_index/parent_prefix_path/hellovscode_cpp
[2.099s] -- Installing: /home/jon/ws00/install/hellovscode_cpp/share/hellovscode_cpp/environment/ament_prefix_path.sh
[2.099s] -- Installing: /home/jon/ws00/install/hellovscode_cpp/share/hellovscode_cpp/environment/ament_prefix_path.dsv
[2.099s] -- Installing: /home/jon/ws00/install/hellovscode_cpp/share/hellovscode_cpp/environment/path.sh
[2.099s] -- Installing: /home/jon/ws00/install/hellovscode_cpp/share/hellovscode_cpp/environment/path.dsv
[2.099s] -- Installing: /home/jon/ws00/install/hellovscode_cpp/share/hellovscode_cpp/local_setup.bash
[2.099s] -- Installing: /home/jon/ws00/install/hellovscode_cpp/share/hellovscode_cpp/local_setup.sh
[2.099s] -- Installing: /home/jon/ws00/install/hellovscode_cpp/share/hellovscode_cpp/local_setup.zsh
[2.099s] -- Installing: /home/jon/ws00/install/hellovscode_cpp/share/hellovscode_cpp/local_setup.dsv
[2.099s] -- Installing: /home/jon/ws00/install/hellovscode_cpp/share/hellovscode_cpp/package.dsv
[2.099s] -- Installing: /home/jon/ws00/install/hellovscode_cpp/share/ament_index/resource_index/packages/hellovscode_cpp
[2.099s] -- Installing: /home/jon/ws00/install/hellovscode_cpp/share/hellovscode_cpp/cmake/hellovscode_cppConfig.cmake
[2.099s] -- Installing: /home/jon/ws00/install/hellovscode_cpp/share/hellovscode_cpp/cmake/hellovscode_cppConfig-version.cmake
[2.099s] -- Installing: /home/jon/ws00/install/hellovscode_cpp/share/hellovscode_cpp/package.xml
[2.099s] Invoked command in '/home/jon/ws00/build/hellovscode_cpp' returned '0': CMAKE_PREFIX_PATH=${CMAKE_PREFIX_PATH}:/opt/ros/humble /usr/bin/cmake --install /home/jon/ws00/build/hellovscode_cpp
