[ 25%] Building CXX object CMakeFiles/demo04_listener.dir/src/demo04_listener.cpp.o
[ 25%] Building CXX object CMakeFiles/demo03_talker.dir/src/demo03_talker.cpp.o
[ 50%] Built target demo02_listener
[ 75%] Built target demo01_talker
[ 87%] Linking CXX executable demo03_talker
[100%] Linking CXX executable demo04_listener
[100%] Built target demo04_listener
[100%] Built target demo03_talker
-- Install configuration: ""
-- Up-to-date: /home/jon/ws01/install/cpp01_topic/lib/cpp01_topic/demo01_talker
-- Up-to-date: /home/jon/ws01/install/cpp01_topic/lib/cpp01_topic/demo02_listener
-- Installing: /home/jon/ws01/install/cpp01_topic/lib/cpp01_topic/demo03_talker
-- Set runtime path of "/home/jon/ws01/install/cpp01_topic/lib/cpp01_topic/demo03_talker" to ""
-- Installing: /home/jon/ws01/install/cpp01_topic/lib/cpp01_topic/demo04_listener
-- Set runtime path of "/home/jon/ws01/install/cpp01_topic/lib/cpp01_topic/demo04_listener" to ""
-- Up-to-date: /home/jon/ws01/install/cpp01_topic/share/ament_index/resource_index/package_run_dependencies/cpp01_topic
-- Installing: /home/jon/ws01/install/cpp01_topic/share/ament_index/resource_index/parent_prefix_path/cpp01_topic
-- Up-to-date: /home/jon/ws01/install/cpp01_topic/share/cpp01_topic/environment/ament_prefix_path.sh
-- Installing: /home/jon/ws01/install/cpp01_topic/share/cpp01_topic/environment/ament_prefix_path.dsv
-- Up-to-date: /home/jon/ws01/install/cpp01_topic/share/cpp01_topic/environment/path.sh
-- Installing: /home/jon/ws01/install/cpp01_topic/share/cpp01_topic/environment/path.dsv
-- Up-to-date: /home/jon/ws01/install/cpp01_topic/share/cpp01_topic/local_setup.bash
-- Up-to-date: /home/jon/ws01/install/cpp01_topic/share/cpp01_topic/local_setup.sh
-- Up-to-date: /home/jon/ws01/install/cpp01_topic/share/cpp01_topic/local_setup.zsh
-- Installing: /home/jon/ws01/install/cpp01_topic/share/cpp01_topic/local_setup.dsv
-- Installing: /home/jon/ws01/install/cpp01_topic/share/cpp01_topic/package.dsv
-- Up-to-date: /home/jon/ws01/install/cpp01_topic/share/ament_index/resource_index/packages/cpp01_topic
-- Up-to-date: /home/jon/ws01/install/cpp01_topic/share/cpp01_topic/cmake/cpp01_topicConfig.cmake
-- Up-to-date: /home/jon/ws01/install/cpp01_topic/share/cpp01_topic/cmake/cpp01_topicConfig-version.cmake
-- Up-to-date: /home/jon/ws01/install/cpp01_topic/share/cpp01_topic/package.xml
