[0.005s] Invoking command in '/home/jon/ws01/build/cpp02_service': AMENT_PREFIX_PATH=/home/jon/ws01/install/base_demo:${AMENT_PREFIX_PATH} CMAKE_PREFIX_PATH=/home/jon/ws01/install/base_demo:/home/jon/ros2_ws/install/hellovscode_cpp:/home/jon/ros2_ws/install/hello_cpp:/opt/ros/humble LD_LIBRARY_PATH=/home/jon/ws01/install/base_demo/lib:${LD_LIBRARY_PATH} PYTHONPATH=/home/jon/ws01/install/base_demo/local/lib/python3.10/dist-packages:${PYTHONPATH} /usr/bin/cmake /home/jon/ws01/src/cpp02_service -DCMAKE_EXPORT_COMPILE_COMMANDS=ON -DCMAKE_INSTALL_PREFIX=/home/jon/ws01/install/cpp02_service
[0.014s] -- Found ament_cmake: 1.3.14 (/opt/ros/humble/share/ament_cmake/cmake)
[0.097s] -- Found rclcpp: 16.0.21 (/opt/ros/humble/share/rclcpp/cmake)
[0.113s] -- Found rosidl_generator_c: 3.1.9 (/opt/ros/humble/share/rosidl_generator_c/cmake)
[0.117s] -- Found rosidl_adapter: 3.1.9 (/opt/ros/humble/share/rosidl_adapter/cmake)
[0.120s] -- Found rosidl_generator_cpp: 3.1.9 (/opt/ros/humble/share/rosidl_generator_cpp/cmake)
[0.124s] -- Using all available rosidl_typesupport_c: rosidl_typesupport_fastrtps_c;rosidl_typesupport_introspection_c
[0.130s] -- Using all available rosidl_typesupport_cpp: rosidl_typesupport_fastrtps_cpp;rosidl_typesupport_introspection_cpp
[0.147s] -- Found rmw_implementation_cmake: 6.1.4 (/opt/ros/humble/share/rmw_implementation_cmake/cmake)
[0.148s] -- Found rmw_fastrtps_cpp: 6.2.10 (/opt/ros/humble/share/rmw_fastrtps_cpp/cmake)
[0.201s] -- Using RMW implementation 'rmw_fastrtps_cpp' as default
[0.230s] -- Found base_demo: 0.0.0 (/home/jon/ws01/install/base_demo/share/base_demo/cmake)
[0.247s] -- Found ament_lint_auto: 0.12.15 (/opt/ros/humble/share/ament_lint_auto/cmake)
[0.288s] -- Added test 'cppcheck' to perform static code analysis on C / C++ code
[0.288s] -- Configured cppcheck include dirs: $<BUILD_INTERFACE:/home/jon/ws01/src/cpp02_service/include>
[0.288s] -- Configured cppcheck exclude dirs and/or files: 
[0.291s] -- Added test 'lint_cmake' to check CMake code style
[0.291s] -- Added test 'uncrustify' to check C / C++ code style
[0.291s] -- Configured uncrustify additional arguments: 
[0.291s] -- Added test 'xmllint' to check XML markup files
[0.291s] -- Configuring done
[0.298s] -- Generating done
[0.302s] -- Build files have been written to: /home/jon/ws01/build/cpp02_service
[0.311s] Invoked command in '/home/jon/ws01/build/cpp02_service' returned '0': AMENT_PREFIX_PATH=/home/jon/ws01/install/base_demo:${AMENT_PREFIX_PATH} CMAKE_PREFIX_PATH=/home/jon/ws01/install/base_demo:/home/jon/ros2_ws/install/hellovscode_cpp:/home/jon/ros2_ws/install/hello_cpp:/opt/ros/humble LD_LIBRARY_PATH=/home/jon/ws01/install/base_demo/lib:${LD_LIBRARY_PATH} PYTHONPATH=/home/jon/ws01/install/base_demo/local/lib/python3.10/dist-packages:${PYTHONPATH} /usr/bin/cmake /home/jon/ws01/src/cpp02_service -DCMAKE_EXPORT_COMPILE_COMMANDS=ON -DCMAKE_INSTALL_PREFIX=/home/jon/ws01/install/cpp02_service
[0.312s] Invoking command in '/home/jon/ws01/build/cpp02_service': AMENT_PREFIX_PATH=/home/jon/ws01/install/base_demo:${AMENT_PREFIX_PATH} CMAKE_PREFIX_PATH=/home/jon/ws01/install/base_demo:/home/jon/ros2_ws/install/hellovscode_cpp:/home/jon/ros2_ws/install/hello_cpp:/opt/ros/humble LD_LIBRARY_PATH=/home/jon/ws01/install/base_demo/lib:${LD_LIBRARY_PATH} PYTHONPATH=/home/jon/ws01/install/base_demo/local/lib/python3.10/dist-packages:${PYTHONPATH} /usr/bin/cmake --build /home/jon/ws01/build/cpp02_service -- -j24 -l24
[0.339s] Consolidate compiler generated dependencies of target demo01_server
[0.342s] Consolidate compiler generated dependencies of target demo02_client
[0.354s] [ 50%] Built target demo01_server
[0.354s] [100%] Built target demo02_client
[0.363s] Invoked command in '/home/jon/ws01/build/cpp02_service' returned '0': AMENT_PREFIX_PATH=/home/jon/ws01/install/base_demo:${AMENT_PREFIX_PATH} CMAKE_PREFIX_PATH=/home/jon/ws01/install/base_demo:/home/jon/ros2_ws/install/hellovscode_cpp:/home/jon/ros2_ws/install/hello_cpp:/opt/ros/humble LD_LIBRARY_PATH=/home/jon/ws01/install/base_demo/lib:${LD_LIBRARY_PATH} PYTHONPATH=/home/jon/ws01/install/base_demo/local/lib/python3.10/dist-packages:${PYTHONPATH} /usr/bin/cmake --build /home/jon/ws01/build/cpp02_service -- -j24 -l24
[0.365s] Invoking command in '/home/jon/ws01/build/cpp02_service': AMENT_PREFIX_PATH=/home/jon/ws01/install/base_demo:${AMENT_PREFIX_PATH} CMAKE_PREFIX_PATH=/home/jon/ws01/install/base_demo:/home/jon/ros2_ws/install/hellovscode_cpp:/home/jon/ros2_ws/install/hello_cpp:/opt/ros/humble LD_LIBRARY_PATH=/home/jon/ws01/install/base_demo/lib:${LD_LIBRARY_PATH} PYTHONPATH=/home/jon/ws01/install/base_demo/local/lib/python3.10/dist-packages:${PYTHONPATH} /usr/bin/cmake --install /home/jon/ws01/build/cpp02_service
[0.379s] -- Install configuration: ""
[0.379s] -- Up-to-date: /home/jon/ws01/install/cpp02_service/lib/cpp02_service/demo01_server
[0.380s] -- Up-to-date: /home/jon/ws01/install/cpp02_service/lib/cpp02_service/demo02_client
[0.380s] -- Up-to-date: /home/jon/ws01/install/cpp02_service/share/ament_index/resource_index/package_run_dependencies/cpp02_service
[0.380s] -- Installing: /home/jon/ws01/install/cpp02_service/share/ament_index/resource_index/parent_prefix_path/cpp02_service
[0.380s] -- Up-to-date: /home/jon/ws01/install/cpp02_service/share/cpp02_service/environment/ament_prefix_path.sh
[0.380s] -- Installing: /home/jon/ws01/install/cpp02_service/share/cpp02_service/environment/ament_prefix_path.dsv
[0.380s] -- Up-to-date: /home/jon/ws01/install/cpp02_service/share/cpp02_service/environment/path.sh
[0.380s] -- Installing: /home/jon/ws01/install/cpp02_service/share/cpp02_service/environment/path.dsv
[0.380s] -- Up-to-date: /home/jon/ws01/install/cpp02_service/share/cpp02_service/local_setup.bash
[0.380s] -- Up-to-date: /home/jon/ws01/install/cpp02_service/share/cpp02_service/local_setup.sh
[0.380s] -- Up-to-date: /home/jon/ws01/install/cpp02_service/share/cpp02_service/local_setup.zsh
[0.380s] -- Installing: /home/jon/ws01/install/cpp02_service/share/cpp02_service/local_setup.dsv
[0.380s] -- Installing: /home/jon/ws01/install/cpp02_service/share/cpp02_service/package.dsv
[0.380s] -- Up-to-date: /home/jon/ws01/install/cpp02_service/share/ament_index/resource_index/packages/cpp02_service
[0.380s] -- Up-to-date: /home/jon/ws01/install/cpp02_service/share/cpp02_service/cmake/cpp02_serviceConfig.cmake
[0.380s] -- Up-to-date: /home/jon/ws01/install/cpp02_service/share/cpp02_service/cmake/cpp02_serviceConfig-version.cmake
[0.380s] -- Up-to-date: /home/jon/ws01/install/cpp02_service/share/cpp02_service/package.xml
[0.389s] Invoked command in '/home/jon/ws01/build/cpp02_service' returned '0': AMENT_PREFIX_PATH=/home/jon/ws01/install/base_demo:${AMENT_PREFIX_PATH} CMAKE_PREFIX_PATH=/home/jon/ws01/install/base_demo:/home/jon/ros2_ws/install/hellovscode_cpp:/home/jon/ros2_ws/install/hello_cpp:/opt/ros/humble LD_LIBRARY_PATH=/home/jon/ws01/install/base_demo/lib:${LD_LIBRARY_PATH} PYTHONPATH=/home/jon/ws01/install/base_demo/local/lib/python3.10/dist-packages:${PYTHONPATH} /usr/bin/cmake --install /home/jon/ws01/build/cpp02_service
