[0.010s] Invoking command in '/home/jon/ws01/src/build/cpp02_service': AMENT_PREFIX_PATH=/home/jon/ws01/src/install/base_demo:${AMENT_PREFIX_PATH} CMAKE_PREFIX_PATH=/home/jon/ws01/src/install/base_demo:/home/jon/ros2_ws/install/hellovscode_cpp:/home/jon/ros2_ws/install/hello_cpp:/opt/ros/humble LD_LIBRARY_PATH=/home/jon/ws01/src/install/base_demo/lib:${LD_LIBRARY_PATH} PYTHONPATH=/home/jon/ws01/src/install/base_demo/local/lib/python3.10/dist-packages:${PYTHONPATH} /usr/bin/cmake --build /home/jon/ws01/src/build/cpp02_service -- -j24 -l24
[0.032s] [35m[1mConsolidate compiler generated dependencies of target demo02_client[0m
[0.034s] [35m[1mConsolidate compiler generated dependencies of target demo01_server[0m
[0.042s] [ 50%] Built target demo02_client
[0.042s] [100%] Built target demo01_server
[0.051s] Invoked command in '/home/jon/ws01/src/build/cpp02_service' returned '0': AMENT_PREFIX_PATH=/home/jon/ws01/src/install/base_demo:${AMENT_PREFIX_PATH} CMAKE_PREFIX_PATH=/home/jon/ws01/src/install/base_demo:/home/jon/ros2_ws/install/hellovscode_cpp:/home/jon/ros2_ws/install/hello_cpp:/opt/ros/humble LD_LIBRARY_PATH=/home/jon/ws01/src/install/base_demo/lib:${LD_LIBRARY_PATH} PYTHONPATH=/home/jon/ws01/src/install/base_demo/local/lib/python3.10/dist-packages:${PYTHONPATH} /usr/bin/cmake --build /home/jon/ws01/src/build/cpp02_service -- -j24 -l24
[0.052s] Invoking command in '/home/jon/ws01/src/build/cpp02_service': AMENT_PREFIX_PATH=/home/jon/ws01/src/install/base_demo:${AMENT_PREFIX_PATH} CMAKE_PREFIX_PATH=/home/jon/ws01/src/install/base_demo:/home/jon/ros2_ws/install/hellovscode_cpp:/home/jon/ros2_ws/install/hello_cpp:/opt/ros/humble LD_LIBRARY_PATH=/home/jon/ws01/src/install/base_demo/lib:${LD_LIBRARY_PATH} PYTHONPATH=/home/jon/ws01/src/install/base_demo/local/lib/python3.10/dist-packages:${PYTHONPATH} /usr/bin/cmake --install /home/jon/ws01/src/build/cpp02_service
[0.057s] -- Install configuration: ""
[0.057s] -- Up-to-date: /home/jon/ws01/src/install/cpp02_service/lib/cpp02_service/demo01_server
[0.057s] -- Up-to-date: /home/jon/ws01/src/install/cpp02_service/lib/cpp02_service/demo02_client
[0.057s] -- Up-to-date: /home/jon/ws01/src/install/cpp02_service/share/ament_index/resource_index/package_run_dependencies/cpp02_service
[0.057s] -- Up-to-date: /home/jon/ws01/src/install/cpp02_service/share/ament_index/resource_index/parent_prefix_path/cpp02_service
[0.058s] -- Up-to-date: /home/jon/ws01/src/install/cpp02_service/share/cpp02_service/environment/ament_prefix_path.sh
[0.058s] -- Up-to-date: /home/jon/ws01/src/install/cpp02_service/share/cpp02_service/environment/ament_prefix_path.dsv
[0.059s] -- Up-to-date: /home/jon/ws01/src/install/cpp02_service/share/cpp02_service/environment/path.sh
[0.059s] -- Up-to-date: /home/jon/ws01/src/install/cpp02_service/share/cpp02_service/environment/path.dsv
[0.059s] -- Up-to-date: /home/jon/ws01/src/install/cpp02_service/share/cpp02_service/local_setup.bash
[0.059s] -- Up-to-date: /home/jon/ws01/src/install/cpp02_service/share/cpp02_service/local_setup.sh
[0.059s] -- Up-to-date: /home/jon/ws01/src/install/cpp02_service/share/cpp02_service/local_setup.zsh
[0.059s] -- Up-to-date: /home/jon/ws01/src/install/cpp02_service/share/cpp02_service/local_setup.dsv
[0.059s] -- Installing: /home/jon/ws01/src/install/cpp02_service/share/cpp02_service/package.dsv
[0.059s] -- Up-to-date: /home/jon/ws01/src/install/cpp02_service/share/ament_index/resource_index/packages/cpp02_service
[0.059s] -- Up-to-date: /home/jon/ws01/src/install/cpp02_service/share/cpp02_service/cmake/cpp02_serviceConfig.cmake
[0.059s] -- Up-to-date: /home/jon/ws01/src/install/cpp02_service/share/cpp02_service/cmake/cpp02_serviceConfig-version.cmake
[0.059s] -- Up-to-date: /home/jon/ws01/src/install/cpp02_service/share/cpp02_service/package.xml
[0.061s] Invoked command in '/home/jon/ws01/src/build/cpp02_service' returned '0': AMENT_PREFIX_PATH=/home/jon/ws01/src/install/base_demo:${AMENT_PREFIX_PATH} CMAKE_PREFIX_PATH=/home/jon/ws01/src/install/base_demo:/home/jon/ros2_ws/install/hellovscode_cpp:/home/jon/ros2_ws/install/hello_cpp:/opt/ros/humble LD_LIBRARY_PATH=/home/jon/ws01/src/install/base_demo/lib:${LD_LIBRARY_PATH} PYTHONPATH=/home/jon/ws01/src/install/base_demo/local/lib/python3.10/dist-packages:${PYTHONPATH} /usr/bin/cmake --install /home/jon/ws01/src/build/cpp02_service
