[0.264s] Invoking command in '/home/jon/ros2_ws/src/hello_py': PYTHONPATH=/home/jon/ros2_ws/build/hello_py/prefix_override:/usr/lib/python3/dist-packages/colcon_core/task/python/colcon_distutils_commands:/home/jon/ros2_ws/install/hello_py/lib/python3.10/site-packages:${PYTHONPATH} /usr/bin/python3 -W ignore:setup.py install is deprecated -W ignore:easy_install command is deprecated setup.py egg_info --egg-base ../../build/hello_py build --build-base /home/jon/ros2_ws/build/hello_py/build install --record /home/jon/ros2_ws/build/hello_py/install.log --install-scripts $base/lib/hello_py --single-version-externally-managed install_data
[0.357s] running egg_info
[0.357s] creating ../../build/hello_py/hello_py.egg-info
[0.357s] writing ../../build/hello_py/hello_py.egg-info/PKG-INFO
[0.357s] writing dependency_links to ../../build/hello_py/hello_py.egg-info/dependency_links.txt
[0.357s] writing entry points to ../../build/hello_py/hello_py.egg-info/entry_points.txt
[0.357s] writing requirements to ../../build/hello_py/hello_py.egg-info/requires.txt
[0.357s] writing top-level names to ../../build/hello_py/hello_py.egg-info/top_level.txt
[0.357s] writing manifest file '../../build/hello_py/hello_py.egg-info/SOURCES.txt'
[0.358s] reading manifest file '../../build/hello_py/hello_py.egg-info/SOURCES.txt'
[0.359s] writing manifest file '../../build/hello_py/hello_py.egg-info/SOURCES.txt'
[0.359s] running build
[0.359s] running build_py
[0.359s] creating /home/jon/ros2_ws/build/hello_py/build
[0.359s] creating /home/jon/ros2_ws/build/hello_py/build/lib
[0.359s] creating /home/jon/ros2_ws/build/hello_py/build/lib/hello_py
[0.359s] copying hello_py/__init__.py -> /home/jon/ros2_ws/build/hello_py/build/lib/hello_py
[0.359s] copying hello_py/hello_node.py -> /home/jon/ros2_ws/build/hello_py/build/lib/hello_py
[0.359s] running install
[0.359s] running install_lib
[0.359s] creating /home/jon/ros2_ws/install/hello_py/lib/python3.10/site-packages/hello_py
[0.359s] copying /home/jon/ros2_ws/build/hello_py/build/lib/hello_py/__init__.py -> /home/jon/ros2_ws/install/hello_py/lib/python3.10/site-packages/hello_py
[0.359s] copying /home/jon/ros2_ws/build/hello_py/build/lib/hello_py/hello_node.py -> /home/jon/ros2_ws/install/hello_py/lib/python3.10/site-packages/hello_py
[0.359s] byte-compiling /home/jon/ros2_ws/install/hello_py/lib/python3.10/site-packages/hello_py/__init__.py to __init__.cpython-310.pyc
[0.359s] byte-compiling /home/jon/ros2_ws/install/hello_py/lib/python3.10/site-packages/hello_py/hello_node.py to hello_node.cpython-310.pyc
[0.359s] running install_data
[0.359s] creating /home/jon/ros2_ws/install/hello_py/share/ament_index
[0.359s] creating /home/jon/ros2_ws/install/hello_py/share/ament_index/resource_index
[0.359s] creating /home/jon/ros2_ws/install/hello_py/share/ament_index/resource_index/packages
[0.359s] copying resource/hello_py -> /home/jon/ros2_ws/install/hello_py/share/ament_index/resource_index/packages
[0.360s] copying package.xml -> /home/jon/ros2_ws/install/hello_py/share/hello_py
[0.360s] running install_egg_info
[0.361s] Copying ../../build/hello_py/hello_py.egg-info to /home/jon/ros2_ws/install/hello_py/lib/python3.10/site-packages/hello_py-0.0.0-py3.10.egg-info
[0.361s] running install_scripts
[0.370s] Installing hello_node script to /home/jon/ros2_ws/install/hello_py/lib/hello_py
[0.370s] writing list of installed files to '/home/jon/ros2_ws/build/hello_py/install.log'
[0.388s] Invoked command in '/home/jon/ros2_ws/src/hello_py' returned '0': PYTHONPATH=/home/jon/ros2_ws/build/hello_py/prefix_override:/usr/lib/python3/dist-packages/colcon_core/task/python/colcon_distutils_commands:/home/jon/ros2_ws/install/hello_py/lib/python3.10/site-packages:${PYTHONPATH} /usr/bin/python3 -W ignore:setup.py install is deprecated -W ignore:easy_install command is deprecated setup.py egg_info --egg-base ../../build/hello_py build --build-base /home/jon/ros2_ws/build/hello_py/build install --record /home/jon/ros2_ws/build/hello_py/install.log --install-scripts $base/lib/hello_py --single-version-externally-managed install_data
