[0.009s] Invoking command in '/home/jon/ws01/build/cpp01_topic': CMAKE_PREFIX_PATH=/home/jon/ws01/install/base_demo:/home/jon/ws01/install/cpp01_topic:/home/jon/ros2_ws/install/hellovscode_cpp:/home/jon/ros2_ws/install/hello_cpp:/opt/ros/humble /usr/bin/cmake --build /home/jon/ws01/build/cpp01_topic -- -j24 -l24
[0.025s] -- Found ament_cmake: 1.3.14 (/opt/ros/humble/share/ament_cmake/cmake)
[0.093s] -- Found rclcpp: 16.0.21 (/opt/ros/humble/share/rclcpp/cmake)
[0.107s] -- Found rosidl_generator_c: 3.1.9 (/opt/ros/humble/share/rosidl_generator_c/cmake)
[0.107s] -- Found rosidl_adapter: 3.1.9 (/opt/ros/humble/share/rosidl_adapter/cmake)
[0.110s] -- Found rosidl_generator_cpp: 3.1.9 (/opt/ros/humble/share/rosidl_generator_cpp/cmake)
[0.113s] -- Using all available rosidl_typesupport_c: rosidl_typesupport_fastrtps_c;rosidl_typesupport_introspection_c
[0.118s] -- Using all available rosidl_typesupport_cpp: rosidl_typesupport_fastrtps_cpp;rosidl_typesupport_introspection_cpp
[0.131s] -- Found rmw_implementation_cmake: 6.1.4 (/opt/ros/humble/share/rmw_implementation_cmake/cmake)
[0.131s] -- Found rmw_fastrtps_cpp: 6.2.10 (/opt/ros/humble/share/rmw_fastrtps_cpp/cmake)
[0.178s] -- Using RMW implementation 'rmw_fastrtps_cpp' as default
[0.200s] -- Found base_demo: 0.0.0 (/home/jon/ws01/install/base_demo/share/base_demo/cmake)
[0.200s] -- Configuring incomplete, errors occurred!
[0.200s] See also "/home/jon/ws01/build/cpp01_topic/CMakeFiles/CMakeOutput.log".
[0.201s] [31mCMake Error at /opt/ros/humble/share/ament_cmake_target_dependencies/cmake/ament_target_dependencies.cmake:42 (message):
[0.201s]   ament_target_dependencies() the first argument must be a valid target name
[0.201s] Call Stack (most recent call first):
[0.201s]   CMakeLists.txt:26 (ament_target_dependencies)
[0.201s] 
[0.201s] [0m
[0.205s] gmake: *** [Makefile:308：cmake_check_build_system] 错误 1
[0.205s] Invoked command in '/home/jon/ws01/build/cpp01_topic' returned '2': CMAKE_PREFIX_PATH=/home/jon/ws01/install/base_demo:/home/jon/ws01/install/cpp01_topic:/home/jon/ros2_ws/install/hellovscode_cpp:/home/jon/ros2_ws/install/hello_cpp:/opt/ros/humble /usr/bin/cmake --build /home/jon/ws01/build/cpp01_topic -- -j24 -l24
