-- Found ament_cmake: 1.3.14 (/opt/ros/humble/share/ament_cmake/cmake)
-- Found rclcpp: 16.0.21 (/opt/ros/humble/share/rclcpp/cmake)
-- Found rosidl_generator_c: 3.1.9 (/opt/ros/humble/share/rosidl_generator_c/cmake)
-- Found rosidl_adapter: 3.1.9 (/opt/ros/humble/share/rosidl_adapter/cmake)
-- Found rosidl_generator_cpp: 3.1.9 (/opt/ros/humble/share/rosidl_generator_cpp/cmake)
-- Using all available rosidl_typesupport_c: rosidl_typesupport_fastrtps_c;rosidl_typesupport_introspection_c
-- Using all available rosidl_typesupport_cpp: rosidl_typesupport_fastrtps_cpp;rosidl_typesupport_introspection_cpp
-- Found rmw_implementation_cmake: 6.1.4 (/opt/ros/humble/share/rmw_implementation_cmake/cmake)
-- Found rmw_fastrtps_cpp: 6.2.10 (/opt/ros/humble/share/rmw_fastrtps_cpp/cmake)
-- Using RMW implementation 'rmw_fastrtps_cpp' as default
-- Found rclcpp_action: 16.0.21 (/opt/ros/humble/share/rclcpp_action/cmake)
-- Found base_demo: 0.0.0 (/home/jon/ws01/install/base_demo/share/base_demo/cmake)
-- Found ament_lint_auto: 0.12.15 (/opt/ros/humble/share/ament_lint_auto/cmake)
-- Added test 'cppcheck' to perform static code analysis on C / C++ code
-- Configured cppcheck include dirs: $<BUILD_INTERFACE:/home/jon/ws01/src/cpp03_action/include>
-- Configured cppcheck exclude dirs and/or files: 
-- Added test 'lint_cmake' to check CMake code style
-- Added test 'uncrustify' to check C / C++ code style
-- Configured uncrustify additional arguments: 
-- Added test 'xmllint' to check XML markup files
-- Configuring done
-- Generating done
-- Build files have been written to: /home/jon/ws01/build/cpp03_action
Consolidate compiler generated dependencies of target demo01_server
Consolidate compiler generated dependencies of target demo02_client
[ 50%] Built target demo01_server
[100%] Built target demo02_client
-- Install configuration: ""
-- Up-to-date: /home/jon/ws01/install/cpp03_action/lib/cpp03_action/demo01_server
-- Up-to-date: /home/jon/ws01/install/cpp03_action/lib/cpp03_action/demo02_client
-- Up-to-date: /home/jon/ws01/install/cpp03_action/share/ament_index/resource_index/package_run_dependencies/cpp03_action
-- Installing: /home/jon/ws01/install/cpp03_action/share/ament_index/resource_index/parent_prefix_path/cpp03_action
-- Up-to-date: /home/jon/ws01/install/cpp03_action/share/cpp03_action/environment/ament_prefix_path.sh
-- Installing: /home/jon/ws01/install/cpp03_action/share/cpp03_action/environment/ament_prefix_path.dsv
-- Up-to-date: /home/jon/ws01/install/cpp03_action/share/cpp03_action/environment/path.sh
-- Installing: /home/jon/ws01/install/cpp03_action/share/cpp03_action/environment/path.dsv
-- Up-to-date: /home/jon/ws01/install/cpp03_action/share/cpp03_action/local_setup.bash
-- Up-to-date: /home/jon/ws01/install/cpp03_action/share/cpp03_action/local_setup.sh
-- Up-to-date: /home/jon/ws01/install/cpp03_action/share/cpp03_action/local_setup.zsh
-- Installing: /home/jon/ws01/install/cpp03_action/share/cpp03_action/local_setup.dsv
-- Installing: /home/jon/ws01/install/cpp03_action/share/cpp03_action/package.dsv
-- Up-to-date: /home/jon/ws01/install/cpp03_action/share/ament_index/resource_index/packages/cpp03_action
-- Up-to-date: /home/jon/ws01/install/cpp03_action/share/cpp03_action/cmake/cpp03_actionConfig.cmake
-- Up-to-date: /home/jon/ws01/install/cpp03_action/share/cpp03_action/cmake/cpp03_actionConfig-version.cmake
-- Up-to-date: /home/jon/ws01/install/cpp03_action/share/cpp03_action/package.xml
