[0.020s] Invoking command in '/home/jon/ws01/build/cpp06_time': CMAKE_PREFIX_PATH=${CMAKE_PREFIX_PATH}:/opt/ros/humble /usr/bin/cmake /home/jon/ws01/src/cpp06_time -DCMAKE_INSTALL_PREFIX=/home/jon/ws01/install/cpp06_time
[0.029s] -- Found ament_cmake: 1.3.14 (/opt/ros/humble/share/ament_cmake/cmake)
[0.121s] -- Found rclcpp: 16.0.21 (/opt/ros/humble/share/rclcpp/cmake)
[0.142s] -- Found rosidl_generator_c: 3.1.9 (/opt/ros/humble/share/rosidl_generator_c/cmake)
[0.142s] -- Found rosidl_adapter: 3.1.9 (/opt/ros/humble/share/rosidl_adapter/cmake)
[0.146s] -- Found rosidl_generator_cpp: 3.1.9 (/opt/ros/humble/share/rosidl_generator_cpp/cmake)
[0.150s] -- Using all available rosidl_typesupport_c: rosidl_typesupport_fastrtps_c;rosidl_typesupport_introspection_c
[0.158s] -- Using all available rosidl_typesupport_cpp: rosidl_typesupport_fastrtps_cpp;rosidl_typesupport_introspection_cpp
[0.177s] -- Found rmw_implementation_cmake: 6.1.4 (/opt/ros/humble/share/rmw_implementation_cmake/cmake)
[0.179s] -- Found rmw_fastrtps_cpp: 6.2.10 (/opt/ros/humble/share/rmw_fastrtps_cpp/cmake)
[0.244s] -- Using RMW implementation 'rmw_fastrtps_cpp' as default
[0.278s] -- Found ament_lint_auto: 0.12.15 (/opt/ros/humble/share/ament_lint_auto/cmake)
[0.327s] -- Added test 'cppcheck' to perform static code analysis on C / C++ code
[0.327s] -- Configured cppcheck include dirs: $<BUILD_INTERFACE:/home/jon/ws01/src/cpp06_time/include>
[0.327s] -- Configured cppcheck exclude dirs and/or files: 
[0.327s] -- Added test 'lint_cmake' to check CMake code style
[0.327s] -- Added test 'uncrustify' to check C / C++ code style
[0.327s] -- Configured uncrustify additional arguments: 
[0.327s] -- Added test 'xmllint' to check XML markup files
[0.327s] -- Configuring done
[0.332s] -- Generating done
[0.335s] -- Build files have been written to: /home/jon/ws01/build/cpp06_time
[0.342s] Invoked command in '/home/jon/ws01/build/cpp06_time' returned '0': CMAKE_PREFIX_PATH=${CMAKE_PREFIX_PATH}:/opt/ros/humble /usr/bin/cmake /home/jon/ws01/src/cpp06_time -DCMAKE_INSTALL_PREFIX=/home/jon/ws01/install/cpp06_time
[0.342s] Invoking command in '/home/jon/ws01/build/cpp06_time': CMAKE_PREFIX_PATH=${CMAKE_PREFIX_PATH}:/opt/ros/humble /usr/bin/cmake --build /home/jon/ws01/build/cpp06_time -- -j24 -l24
[0.373s] [35m[1mConsolidate compiler generated dependencies of target demo01_time[0m
[0.394s] [ 50%] [32mBuilding CXX object CMakeFiles/demo01_time.dir/src/demo01_time.cpp.o[0m
[1.918s] [100%] [32m[1mLinking CXX executable demo01_time[0m
[1.981s] [100%] Built target demo01_time
[1.992s] Invoked command in '/home/jon/ws01/build/cpp06_time' returned '0': CMAKE_PREFIX_PATH=${CMAKE_PREFIX_PATH}:/opt/ros/humble /usr/bin/cmake --build /home/jon/ws01/build/cpp06_time -- -j24 -l24
[1.993s] Invoking command in '/home/jon/ws01/build/cpp06_time': CMAKE_PREFIX_PATH=${CMAKE_PREFIX_PATH}:/opt/ros/humble /usr/bin/cmake --install /home/jon/ws01/build/cpp06_time
[1.995s] -- Install configuration: ""
[1.995s] -- Installing: /home/jon/ws01/install/cpp06_time/lib/cpp06_time/demo01_time
[1.996s] -- Set runtime path of "/home/jon/ws01/install/cpp06_time/lib/cpp06_time/demo01_time" to ""
[1.996s] -- Up-to-date: /home/jon/ws01/install/cpp06_time/share/ament_index/resource_index/package_run_dependencies/cpp06_time
[1.996s] -- Installing: /home/jon/ws01/install/cpp06_time/share/ament_index/resource_index/parent_prefix_path/cpp06_time
[1.996s] -- Up-to-date: /home/jon/ws01/install/cpp06_time/share/cpp06_time/environment/ament_prefix_path.sh
[1.996s] -- Installing: /home/jon/ws01/install/cpp06_time/share/cpp06_time/environment/ament_prefix_path.dsv
[1.996s] -- Up-to-date: /home/jon/ws01/install/cpp06_time/share/cpp06_time/environment/path.sh
[1.996s] -- Installing: /home/jon/ws01/install/cpp06_time/share/cpp06_time/environment/path.dsv
[1.996s] -- Up-to-date: /home/jon/ws01/install/cpp06_time/share/cpp06_time/local_setup.bash
[1.996s] -- Up-to-date: /home/jon/ws01/install/cpp06_time/share/cpp06_time/local_setup.sh
[1.996s] -- Up-to-date: /home/jon/ws01/install/cpp06_time/share/cpp06_time/local_setup.zsh
[1.996s] -- Installing: /home/jon/ws01/install/cpp06_time/share/cpp06_time/local_setup.dsv
[1.996s] -- Installing: /home/jon/ws01/install/cpp06_time/share/cpp06_time/package.dsv
[1.996s] -- Up-to-date: /home/jon/ws01/install/cpp06_time/share/ament_index/resource_index/packages/cpp06_time
[1.996s] -- Up-to-date: /home/jon/ws01/install/cpp06_time/share/cpp06_time/cmake/cpp06_timeConfig.cmake
[1.996s] -- Up-to-date: /home/jon/ws01/install/cpp06_time/share/cpp06_time/cmake/cpp06_timeConfig-version.cmake
[1.996s] -- Up-to-date: /home/jon/ws01/install/cpp06_time/share/cpp06_time/package.xml
[1.997s] Invoked command in '/home/jon/ws01/build/cpp06_time' returned '0': CMAKE_PREFIX_PATH=${CMAKE_PREFIX_PATH}:/opt/ros/humble /usr/bin/cmake --install /home/jon/ws01/build/cpp06_time
