[0.015s] Invoking command in '/home/jon/ws01/build/cpp01_topic': CMAKE_PREFIX_PATH=/home/jon/ws01/install/base_demo:/home/jon/ws01/install/cpp03_action:/home/jon/ws01/install/cpp02_service:/home/jon/ws01/install/cpp01_topic:/home/jon/ros2_ws/install/hellovscode_cpp:/home/jon/ros2_ws/install/hello_cpp:/opt/ros/humble /usr/bin/cmake --build /home/jon/ws01/build/cpp01_topic -- -j24 -l24
[0.039s] -- Found ament_cmake: 1.3.14 (/opt/ros/humble/share/ament_cmake/cmake)
[0.156s] -- Found rclcpp: 16.0.21 (/opt/ros/humble/share/rclcpp/cmake)
[0.190s] -- Found rosidl_generator_c: 3.1.9 (/opt/ros/humble/share/rosidl_generator_c/cmake)
[0.192s] -- Found rosidl_adapter: 3.1.9 (/opt/ros/humble/share/rosidl_adapter/cmake)
[0.198s] -- Found rosidl_generator_cpp: 3.1.9 (/opt/ros/humble/share/rosidl_generator_cpp/cmake)
[0.209s] -- Using all available rosidl_typesupport_c: rosidl_typesupport_fastrtps_c;rosidl_typesupport_introspection_c
[0.223s] -- Using all available rosidl_typesupport_cpp: rosidl_typesupport_fastrtps_cpp;rosidl_typesupport_introspection_cpp
[0.253s] -- Found rmw_implementation_cmake: 6.1.4 (/opt/ros/humble/share/rmw_implementation_cmake/cmake)
[0.253s] -- Found rmw_fastrtps_cpp: 6.2.10 (/opt/ros/humble/share/rmw_fastrtps_cpp/cmake)
[0.334s] -- Using RMW implementation 'rmw_fastrtps_cpp' as default
[0.367s] -- Found base_demo: 0.0.0 (/home/jon/ws01/install/base_demo/share/base_demo/cmake)
[0.397s] -- Found ament_lint_auto: 0.12.15 (/opt/ros/humble/share/ament_lint_auto/cmake)
[0.470s] -- Added test 'cppcheck' to perform static code analysis on C / C++ code
[0.470s] -- Configured cppcheck include dirs: $<BUILD_INTERFACE:/home/jon/ws01/src/cpp01_topic/include>
[0.470s] -- Configured cppcheck exclude dirs and/or files: 
[0.471s] -- Added test 'lint_cmake' to check CMake code style
[0.472s] -- Added test 'uncrustify' to check C / C++ code style
[0.472s] -- Configured uncrustify additional arguments: 
[0.472s] -- Added test 'xmllint' to check XML markup files
[0.474s] -- Configuring done
[0.495s] -- Generating done
[0.503s] -- Build files have been written to: /home/jon/ws01/build/cpp01_topic
[0.526s] [35m[1mConsolidate compiler generated dependencies of target demo02_listener[0m
[0.526s] [35m[1mConsolidate compiler generated dependencies of target demo01_talker[0m
[0.528s] [35m[1mConsolidate compiler generated dependencies of target demo03_talker[0m
[0.528s] [35m[1mConsolidate compiler generated dependencies of target demo04_listener[0m
[0.538s] [ 12%] [32mBuilding CXX object CMakeFiles/demo02_listener.dir/src/demo02_listener.cpp.o[0m
[0.539s] [ 25%] [32mBuilding CXX object CMakeFiles/demo03_talker.dir/src/demo03_talker.cpp.o[0m
[0.539s] [ 37%] [32mBuilding CXX object CMakeFiles/demo04_listener.dir/src/demo04_listener.cpp.o[0m
[0.540s] [ 50%] [32mBuilding CXX object CMakeFiles/demo01_talker.dir/src/demo01_talker.cpp.o[0m
[3.625s] [ 62%] [32m[1mLinking CXX executable demo01_talker[0m
[3.628s] [ 75%] [32m[1mLinking CXX executable demo03_talker[0m
[3.780s] [ 75%] Built target demo01_talker
[3.783s] [ 75%] Built target demo03_talker
[5.652s] [ 87%] [32m[1mLinking CXX executable demo04_listener[0m
[5.696s] [100%] [32m[1mLinking CXX executable demo02_listener[0m
[5.858s] [100%] Built target demo04_listener
[5.911s] [100%] Built target demo02_listener
