[ 12%] Built target base_demo__rosidl_generator_c
[ 12%] Built target base_demo__rs
[ 15%] Built target base_demo__cpp
[ 15%] Built target ament_cmake_python_copy_base_demo
[ 25%] Built target base_demo__rosidl_typesupport_introspection_cpp
[ 35%] Built target base_demo__rosidl_typesupport_fastrtps_cpp
[ 45%] Built target base_demo__rosidl_typesupport_cpp
[ 55%] Built target base_demo__rosidl_typesupport_introspection_c
[ 65%] Built target base_demo__rosidl_typesupport_c
[ 75%] Built target base_demo__rosidl_typesupport_fastrtps_c
[ 75%] Built target base_demo
[ 77%] Built target base_demo__py
[ 85%] Built target base_demo__rosidl_generator_py
[ 90%] Built target base_demo__rosidl_typesupport_fastrtps_c__pyext
[ 95%] Built target base_demo__rosidl_typesupport_introspection_c__pyext
[100%] Built target base_demo__rosidl_typesupport_c__pyext
running egg_info
writing base_demo.egg-info/PKG-INFO
writing dependency_links to base_demo.egg-info/dependency_links.txt
writing top-level names to base_demo.egg-info/top_level.txt
reading manifest file 'base_demo.egg-info/SOURCES.txt'
writing manifest file 'base_demo.egg-info/SOURCES.txt'
[100%] Built target ament_cmake_python_build_base_demo_egg
-- Install configuration: ""
-- Up-to-date: /home/jon/ws01/install/base_demo/share/ament_index/resource_index/rosidl_interfaces/base_demo
-- Up-to-date: /home/jon/ws01/install/base_demo/include/base_demo/base_demo
-- Up-to-date: /home/jon/ws01/install/base_demo/include/base_demo/base_demo/msg
-- Up-to-date: /home/jon/ws01/install/base_demo/include/base_demo/base_demo/msg/student.h
-- Up-to-date: /home/jon/ws01/install/base_demo/include/base_demo/base_demo/msg/detail
-- Up-to-date: /home/jon/ws01/install/base_demo/include/base_demo/base_demo/msg/detail/student__struct.h
-- Up-to-date: /home/jon/ws01/install/base_demo/include/base_demo/base_demo/msg/detail/student__functions.c
-- Up-to-date: /home/jon/ws01/install/base_demo/include/base_demo/base_demo/msg/detail/student__functions.h
-- Up-to-date: /home/jon/ws01/install/base_demo/include/base_demo/base_demo/msg/detail/student__type_support.h
-- Up-to-date: /home/jon/ws01/install/base_demo/include/base_demo/base_demo/msg/rosidl_generator_c__visibility_control.h
-- Up-to-date: /home/jon/ws01/install/base_demo/include/base_demo/base_demo/srv
-- Up-to-date: /home/jon/ws01/install/base_demo/include/base_demo/base_demo/srv/addints.h
-- Up-to-date: /home/jon/ws01/install/base_demo/include/base_demo/base_demo/srv/detail
-- Up-to-date: /home/jon/ws01/install/base_demo/include/base_demo/base_demo/srv/detail/addints__type_support.h
-- Up-to-date: /home/jon/ws01/install/base_demo/include/base_demo/base_demo/srv/detail/addints__functions.h
-- Up-to-date: /home/jon/ws01/install/base_demo/include/base_demo/base_demo/srv/detail/addints__struct.h
-- Up-to-date: /home/jon/ws01/install/base_demo/include/base_demo/base_demo/srv/detail/addints__functions.c
-- Up-to-date: /home/jon/ws01/install/base_demo/share/base_demo/environment/library_path.sh
-- Up-to-date: /home/jon/ws01/install/base_demo/share/base_demo/environment/library_path.dsv
-- Up-to-date: /home/jon/ws01/install/base_demo/lib/libbase_demo__rosidl_generator_c.so
-- Up-to-date: /home/jon/ws01/install/base_demo/include/base_demo/base_demo
-- Up-to-date: /home/jon/ws01/install/base_demo/include/base_demo/base_demo/msg
-- Up-to-date: /home/jon/ws01/install/base_demo/include/base_demo/base_demo/msg/rosidl_typesupport_fastrtps_c__visibility_control.h
-- Up-to-date: /home/jon/ws01/install/base_demo/include/base_demo/base_demo/msg/detail
-- Up-to-date: /home/jon/ws01/install/base_demo/include/base_demo/base_demo/msg/detail/student__rosidl_typesupport_fastrtps_c.h
-- Up-to-date: /home/jon/ws01/install/base_demo/include/base_demo/base_demo/srv
-- Up-to-date: /home/jon/ws01/install/base_demo/include/base_demo/base_demo/srv/detail
-- Up-to-date: /home/jon/ws01/install/base_demo/include/base_demo/base_demo/srv/detail/addints__rosidl_typesupport_fastrtps_c.h
-- Up-to-date: /home/jon/ws01/install/base_demo/lib/libbase_demo__rosidl_typesupport_fastrtps_c.so
-- Up-to-date: /home/jon/ws01/install/base_demo/include/base_demo/base_demo
-- Up-to-date: /home/jon/ws01/install/base_demo/include/base_demo/base_demo/msg
-- Up-to-date: /home/jon/ws01/install/base_demo/include/base_demo/base_demo/msg/detail
-- Up-to-date: /home/jon/ws01/install/base_demo/include/base_demo/base_demo/msg/detail/student__rosidl_typesupport_introspection_c.h
-- Up-to-date: /home/jon/ws01/install/base_demo/include/base_demo/base_demo/msg/detail/student__type_support.c
-- Up-to-date: /home/jon/ws01/install/base_demo/include/base_demo/base_demo/msg/rosidl_typesupport_introspection_c__visibility_control.h
-- Up-to-date: /home/jon/ws01/install/base_demo/include/base_demo/base_demo/srv
-- Up-to-date: /home/jon/ws01/install/base_demo/include/base_demo/base_demo/srv/detail
-- Up-to-date: /home/jon/ws01/install/base_demo/include/base_demo/base_demo/srv/detail/addints__type_support.c
-- Up-to-date: /home/jon/ws01/install/base_demo/include/base_demo/base_demo/srv/detail/addints__rosidl_typesupport_introspection_c.h
-- Up-to-date: /home/jon/ws01/install/base_demo/lib/libbase_demo__rosidl_typesupport_introspection_c.so
-- Up-to-date: /home/jon/ws01/install/base_demo/lib/libbase_demo__rosidl_typesupport_c.so
-- Up-to-date: /home/jon/ws01/install/base_demo/include/base_demo/base_demo
-- Up-to-date: /home/jon/ws01/install/base_demo/include/base_demo/base_demo/msg
-- Up-to-date: /home/jon/ws01/install/base_demo/include/base_demo/base_demo/msg/student.hpp
-- Up-to-date: /home/jon/ws01/install/base_demo/include/base_demo/base_demo/msg/detail
-- Up-to-date: /home/jon/ws01/install/base_demo/include/base_demo/base_demo/msg/detail/student__type_support.hpp
-- Up-to-date: /home/jon/ws01/install/base_demo/include/base_demo/base_demo/msg/detail/student__struct.hpp
-- Up-to-date: /home/jon/ws01/install/base_demo/include/base_demo/base_demo/msg/detail/student__traits.hpp
-- Up-to-date: /home/jon/ws01/install/base_demo/include/base_demo/base_demo/msg/detail/student__builder.hpp
-- Up-to-date: /home/jon/ws01/install/base_demo/include/base_demo/base_demo/msg/rosidl_generator_cpp__visibility_control.hpp
-- Up-to-date: /home/jon/ws01/install/base_demo/include/base_demo/base_demo/srv
-- Up-to-date: /home/jon/ws01/install/base_demo/include/base_demo/base_demo/srv/addints.hpp
-- Up-to-date: /home/jon/ws01/install/base_demo/include/base_demo/base_demo/srv/detail
-- Up-to-date: /home/jon/ws01/install/base_demo/include/base_demo/base_demo/srv/detail/addints__traits.hpp
-- Up-to-date: /home/jon/ws01/install/base_demo/include/base_demo/base_demo/srv/detail/addints__type_support.hpp
-- Up-to-date: /home/jon/ws01/install/base_demo/include/base_demo/base_demo/srv/detail/addints__builder.hpp
-- Up-to-date: /home/jon/ws01/install/base_demo/include/base_demo/base_demo/srv/detail/addints__struct.hpp
-- Up-to-date: /home/jon/ws01/install/base_demo/include/base_demo/base_demo
-- Up-to-date: /home/jon/ws01/install/base_demo/include/base_demo/base_demo/msg
-- Up-to-date: /home/jon/ws01/install/base_demo/include/base_demo/base_demo/msg/rosidl_typesupport_fastrtps_cpp__visibility_control.h
-- Up-to-date: /home/jon/ws01/install/base_demo/include/base_demo/base_demo/msg/detail
-- Up-to-date: /home/jon/ws01/install/base_demo/include/base_demo/base_demo/msg/detail/dds_fastrtps
-- Up-to-date: /home/jon/ws01/install/base_demo/include/base_demo/base_demo/msg/detail/student__rosidl_typesupport_fastrtps_cpp.hpp
-- Up-to-date: /home/jon/ws01/install/base_demo/include/base_demo/base_demo/srv
-- Up-to-date: /home/jon/ws01/install/base_demo/include/base_demo/base_demo/srv/detail
-- Up-to-date: /home/jon/ws01/install/base_demo/include/base_demo/base_demo/srv/detail/addints__rosidl_typesupport_fastrtps_cpp.hpp
-- Up-to-date: /home/jon/ws01/install/base_demo/include/base_demo/base_demo/srv/detail/dds_fastrtps
-- Up-to-date: /home/jon/ws01/install/base_demo/lib/libbase_demo__rosidl_typesupport_fastrtps_cpp.so
-- Up-to-date: /home/jon/ws01/install/base_demo/include/base_demo/base_demo
-- Up-to-date: /home/jon/ws01/install/base_demo/include/base_demo/base_demo/msg
-- Up-to-date: /home/jon/ws01/install/base_demo/include/base_demo/base_demo/msg/detail
-- Up-to-date: /home/jon/ws01/install/base_demo/include/base_demo/base_demo/msg/detail/student__rosidl_typesupport_introspection_cpp.hpp
-- Up-to-date: /home/jon/ws01/install/base_demo/include/base_demo/base_demo/msg/detail/student__type_support.cpp
-- Up-to-date: /home/jon/ws01/install/base_demo/include/base_demo/base_demo/srv
-- Up-to-date: /home/jon/ws01/install/base_demo/include/base_demo/base_demo/srv/detail
-- Up-to-date: /home/jon/ws01/install/base_demo/include/base_demo/base_demo/srv/detail/addints__type_support.cpp
-- Up-to-date: /home/jon/ws01/install/base_demo/include/base_demo/base_demo/srv/detail/addints__rosidl_typesupport_introspection_cpp.hpp
-- Up-to-date: /home/jon/ws01/install/base_demo/lib/libbase_demo__rosidl_typesupport_introspection_cpp.so
-- Up-to-date: /home/jon/ws01/install/base_demo/lib/libbase_demo__rosidl_typesupport_cpp.so
-- Up-to-date: /home/jon/ws01/install/base_demo/share/base_demo/environment/pythonpath.sh
-- Up-to-date: /home/jon/ws01/install/base_demo/share/base_demo/environment/pythonpath.dsv
-- Up-to-date: /home/jon/ws01/install/base_demo/local/lib/python3.10/dist-packages/base_demo-0.0.0-py3.10.egg-info
-- Installing: /home/jon/ws01/install/base_demo/local/lib/python3.10/dist-packages/base_demo-0.0.0-py3.10.egg-info/PKG-INFO
-- Installing: /home/jon/ws01/install/base_demo/local/lib/python3.10/dist-packages/base_demo-0.0.0-py3.10.egg-info/SOURCES.txt
-- Installing: /home/jon/ws01/install/base_demo/local/lib/python3.10/dist-packages/base_demo-0.0.0-py3.10.egg-info/dependency_links.txt
-- Installing: /home/jon/ws01/install/base_demo/local/lib/python3.10/dist-packages/base_demo-0.0.0-py3.10.egg-info/top_level.txt
-- Up-to-date: /home/jon/ws01/install/base_demo/local/lib/python3.10/dist-packages/base_demo
-- Up-to-date: /home/jon/ws01/install/base_demo/local/lib/python3.10/dist-packages/base_demo/__init__.py
-- Up-to-date: /home/jon/ws01/install/base_demo/local/lib/python3.10/dist-packages/base_demo/msg
-- Up-to-date: /home/jon/ws01/install/base_demo/local/lib/python3.10/dist-packages/base_demo/msg/__init__.py
-- Up-to-date: /home/jon/ws01/install/base_demo/local/lib/python3.10/dist-packages/base_demo/msg/_student.py
-- Up-to-date: /home/jon/ws01/install/base_demo/local/lib/python3.10/dist-packages/base_demo/msg/_student_s.c
-- Up-to-date: /home/jon/ws01/install/base_demo/local/lib/python3.10/dist-packages/base_demo/base_demo_s__rosidl_typesupport_introspection_c.cpython-310-x86_64-linux-gnu.so
-- Up-to-date: /home/jon/ws01/install/base_demo/local/lib/python3.10/dist-packages/base_demo/base_demo_s__rosidl_typesupport_fastrtps_c.cpython-310-x86_64-linux-gnu.so
-- Up-to-date: /home/jon/ws01/install/base_demo/local/lib/python3.10/dist-packages/base_demo/_base_demo_s.ep.rosidl_typesupport_c.c
-- Up-to-date: /home/jon/ws01/install/base_demo/local/lib/python3.10/dist-packages/base_demo/_base_demo_s.ep.rosidl_typesupport_fastrtps_c.c
-- Up-to-date: /home/jon/ws01/install/base_demo/local/lib/python3.10/dist-packages/base_demo/base_demo_s__rosidl_typesupport_c.cpython-310-x86_64-linux-gnu.so
-- Up-to-date: /home/jon/ws01/install/base_demo/local/lib/python3.10/dist-packages/base_demo/_base_demo_s.ep.rosidl_typesupport_introspection_c.c
-- Up-to-date: /home/jon/ws01/install/base_demo/local/lib/python3.10/dist-packages/base_demo/libbase_demo__rosidl_generator_py.so
-- Up-to-date: /home/jon/ws01/install/base_demo/local/lib/python3.10/dist-packages/base_demo/srv
-- Up-to-date: /home/jon/ws01/install/base_demo/local/lib/python3.10/dist-packages/base_demo/srv/__init__.py
-- Up-to-date: /home/jon/ws01/install/base_demo/local/lib/python3.10/dist-packages/base_demo/srv/_addints.py
-- Up-to-date: /home/jon/ws01/install/base_demo/local/lib/python3.10/dist-packages/base_demo/srv/_addints_s.c
Listing '/home/jon/ws01/install/base_demo/local/lib/python3.10/dist-packages/base_demo'...
Listing '/home/jon/ws01/install/base_demo/local/lib/python3.10/dist-packages/base_demo/msg'...
Listing '/home/jon/ws01/install/base_demo/local/lib/python3.10/dist-packages/base_demo/srv'...
-- Up-to-date: /home/jon/ws01/install/base_demo/local/lib/python3.10/dist-packages/base_demo/base_demo_s__rosidl_typesupport_fastrtps_c.cpython-310-x86_64-linux-gnu.so
-- Up-to-date: /home/jon/ws01/install/base_demo/local/lib/python3.10/dist-packages/base_demo/base_demo_s__rosidl_typesupport_introspection_c.cpython-310-x86_64-linux-gnu.so
-- Up-to-date: /home/jon/ws01/install/base_demo/local/lib/python3.10/dist-packages/base_demo/base_demo_s__rosidl_typesupport_c.cpython-310-x86_64-linux-gnu.so
-- Up-to-date: /home/jon/ws01/install/base_demo/lib/libbase_demo__rosidl_generator_py.so
-- Up-to-date: /home/jon/ws01/install/base_demo/share/base_demo/rust
-- Up-to-date: /home/jon/ws01/install/base_demo/share/base_demo/rust/Cargo.toml
-- Up-to-date: /home/jon/ws01/install/base_demo/share/base_demo/rust/build.rs
-- Up-to-date: /home/jon/ws01/install/base_demo/share/base_demo/rust/src
-- Up-to-date: /home/jon/ws01/install/base_demo/share/base_demo/rust/src/msg
-- Up-to-date: /home/jon/ws01/install/base_demo/share/base_demo/rust/src/msg/rmw.rs
-- Up-to-date: /home/jon/ws01/install/base_demo/share/base_demo/rust/src/msg.rs
-- Up-to-date: /home/jon/ws01/install/base_demo/share/base_demo/rust/src/lib.rs
-- Up-to-date: /home/jon/ws01/install/base_demo/share/base_demo/rust/src/srv.rs
-- Up-to-date: /home/jon/ws01/install/base_demo/share/base_demo/rust/src/srv
-- Up-to-date: /home/jon/ws01/install/base_demo/share/base_demo/rust/src/srv/rmw.rs
-- Up-to-date: /home/jon/ws01/install/base_demo/share/base_demo/msg/Student.idl
-- Up-to-date: /home/jon/ws01/install/base_demo/share/base_demo/srv/Addints.idl
-- Up-to-date: /home/jon/ws01/install/base_demo/share/base_demo/msg/Student.msg
-- Up-to-date: /home/jon/ws01/install/base_demo/share/base_demo/srv/Addints.srv
-- Up-to-date: /home/jon/ws01/install/base_demo/share/base_demo/srv/Addints_Request.msg
-- Up-to-date: /home/jon/ws01/install/base_demo/share/base_demo/srv/Addints_Response.msg
-- Up-to-date: /home/jon/ws01/install/base_demo/share/ament_index/resource_index/package_run_dependencies/base_demo
-- Up-to-date: /home/jon/ws01/install/base_demo/share/ament_index/resource_index/parent_prefix_path/base_demo
-- Up-to-date: /home/jon/ws01/install/base_demo/share/base_demo/environment/ament_prefix_path.sh
-- Up-to-date: /home/jon/ws01/install/base_demo/share/base_demo/environment/ament_prefix_path.dsv
-- Up-to-date: /home/jon/ws01/install/base_demo/share/base_demo/environment/path.sh
-- Up-to-date: /home/jon/ws01/install/base_demo/share/base_demo/environment/path.dsv
-- Up-to-date: /home/jon/ws01/install/base_demo/share/base_demo/local_setup.bash
-- Up-to-date: /home/jon/ws01/install/base_demo/share/base_demo/local_setup.sh
-- Up-to-date: /home/jon/ws01/install/base_demo/share/base_demo/local_setup.zsh
-- Up-to-date: /home/jon/ws01/install/base_demo/share/base_demo/local_setup.dsv
-- Installing: /home/jon/ws01/install/base_demo/share/base_demo/package.dsv
-- Up-to-date: /home/jon/ws01/install/base_demo/share/ament_index/resource_index/packages/base_demo
-- Up-to-date: /home/jon/ws01/install/base_demo/share/base_demo/cmake/export_base_demo__rosidl_generator_cExport.cmake
-- Up-to-date: /home/jon/ws01/install/base_demo/share/base_demo/cmake/export_base_demo__rosidl_generator_cExport-noconfig.cmake
-- Up-to-date: /home/jon/ws01/install/base_demo/share/base_demo/cmake/export_base_demo__rosidl_typesupport_fastrtps_cExport.cmake
-- Up-to-date: /home/jon/ws01/install/base_demo/share/base_demo/cmake/export_base_demo__rosidl_typesupport_fastrtps_cExport-noconfig.cmake
-- Up-to-date: /home/jon/ws01/install/base_demo/share/base_demo/cmake/base_demo__rosidl_typesupport_introspection_cExport.cmake
-- Up-to-date: /home/jon/ws01/install/base_demo/share/base_demo/cmake/base_demo__rosidl_typesupport_introspection_cExport-noconfig.cmake
-- Up-to-date: /home/jon/ws01/install/base_demo/share/base_demo/cmake/base_demo__rosidl_typesupport_cExport.cmake
-- Up-to-date: /home/jon/ws01/install/base_demo/share/base_demo/cmake/base_demo__rosidl_typesupport_cExport-noconfig.cmake
-- Up-to-date: /home/jon/ws01/install/base_demo/share/base_demo/cmake/export_base_demo__rosidl_generator_cppExport.cmake
-- Up-to-date: /home/jon/ws01/install/base_demo/share/base_demo/cmake/export_base_demo__rosidl_typesupport_fastrtps_cppExport.cmake
-- Up-to-date: /home/jon/ws01/install/base_demo/share/base_demo/cmake/export_base_demo__rosidl_typesupport_fastrtps_cppExport-noconfig.cmake
-- Up-to-date: /home/jon/ws01/install/base_demo/share/base_demo/cmake/base_demo__rosidl_typesupport_introspection_cppExport.cmake
-- Up-to-date: /home/jon/ws01/install/base_demo/share/base_demo/cmake/base_demo__rosidl_typesupport_introspection_cppExport-noconfig.cmake
-- Up-to-date: /home/jon/ws01/install/base_demo/share/base_demo/cmake/base_demo__rosidl_typesupport_cppExport.cmake
-- Up-to-date: /home/jon/ws01/install/base_demo/share/base_demo/cmake/base_demo__rosidl_typesupport_cppExport-noconfig.cmake
-- Up-to-date: /home/jon/ws01/install/base_demo/share/base_demo/cmake/export_base_demo__rosidl_generator_pyExport.cmake
-- Up-to-date: /home/jon/ws01/install/base_demo/share/base_demo/cmake/export_base_demo__rosidl_generator_pyExport-noconfig.cmake
-- Up-to-date: /home/jon/ws01/install/base_demo/share/base_demo/cmake/rosidl_cmake-extras.cmake
-- Up-to-date: /home/jon/ws01/install/base_demo/share/base_demo/cmake/ament_cmake_export_include_directories-extras.cmake
-- Up-to-date: /home/jon/ws01/install/base_demo/share/base_demo/cmake/ament_cmake_export_libraries-extras.cmake
-- Up-to-date: /home/jon/ws01/install/base_demo/share/base_demo/cmake/ament_cmake_export_targets-extras.cmake
-- Up-to-date: /home/jon/ws01/install/base_demo/share/base_demo/cmake/rosidl_cmake_export_typesupport_targets-extras.cmake
-- Up-to-date: /home/jon/ws01/install/base_demo/share/base_demo/cmake/ament_cmake_export_dependencies-extras.cmake
-- Up-to-date: /home/jon/ws01/install/base_demo/share/base_demo/cmake/rosidl_cmake_export_typesupport_libraries-extras.cmake
-- Up-to-date: /home/jon/ws01/install/base_demo/share/base_demo/cmake/rosidl_cmake_aggregate_target-extras.cmake
-- Up-to-date: /home/jon/ws01/install/base_demo/share/base_demo/cmake/base_demoConfig.cmake
-- Up-to-date: /home/jon/ws01/install/base_demo/share/base_demo/cmake/base_demoConfig-version.cmake
-- Up-to-date: /home/jon/ws01/install/base_demo/share/base_demo/package.xml
