[0.010s] Invoking command in '/home/jon/ws01/build/cpp01_topic': CMAKE_PREFIX_PATH=/home/jon/ws01/install/base_demo:/home/jon/ws01/install/cpp01_topic:/home/jon/ros2_ws/install/hellovscode_cpp:/home/jon/ros2_ws/install/hello_cpp:/opt/ros/humble /usr/bin/cmake --build /home/jon/ws01/build/cpp01_topic -- -j24 -l24
[0.029s] -- Found ament_cmake: 1.3.14 (/opt/ros/humble/share/ament_cmake/cmake)
[0.115s] -- Found rclcpp: 16.0.21 (/opt/ros/humble/share/rclcpp/cmake)
[0.128s] -- Found rosidl_generator_c: 3.1.9 (/opt/ros/humble/share/rosidl_generator_c/cmake)
[0.129s] -- Found rosidl_adapter: 3.1.9 (/opt/ros/humble/share/rosidl_adapter/cmake)
[0.132s] -- Found rosidl_generator_cpp: 3.1.9 (/opt/ros/humble/share/rosidl_generator_cpp/cmake)
[0.136s] -- Using all available rosidl_typesupport_c: rosidl_typesupport_fastrtps_c;rosidl_typesupport_introspection_c
[0.142s] -- Using all available rosidl_typesupport_cpp: rosidl_typesupport_fastrtps_cpp;rosidl_typesupport_introspection_cpp
[0.156s] -- Found rmw_implementation_cmake: 6.1.4 (/opt/ros/humble/share/rmw_implementation_cmake/cmake)
[0.157s] -- Found rmw_fastrtps_cpp: 6.2.10 (/opt/ros/humble/share/rmw_fastrtps_cpp/cmake)
[0.204s] -- Using RMW implementation 'rmw_fastrtps_cpp' as default
[0.226s] -- Found base_demo: 0.0.0 (/home/jon/ws01/install/base_demo/share/base_demo/cmake)
[0.231s] -- Found ament_lint_auto: 0.12.15 (/opt/ros/humble/share/ament_lint_auto/cmake)
[0.263s] -- Added test 'cppcheck' to perform static code analysis on C / C++ code
[0.263s] -- Configured cppcheck include dirs: $<BUILD_INTERFACE:/home/jon/ws01/src/cpp01_topic/include>
[0.263s] -- Configured cppcheck exclude dirs and/or files: 
[0.263s] -- Added test 'lint_cmake' to check CMake code style
[0.264s] -- Added test 'uncrustify' to check C / C++ code style
[0.264s] -- Configured uncrustify additional arguments: 
[0.264s] -- Added test 'xmllint' to check XML markup files
[0.264s] -- Configuring done
[0.273s] -- Generating done
[0.274s] -- Build files have been written to: /home/jon/ws01/build/cpp01_topic
[0.292s] [35m[1mConsolidate compiler generated dependencies of target demo01_talker[0m
[0.292s] [35m[1mConsolidate compiler generated dependencies of target demo02_listener[0m
[0.297s] [ 12%] [32mBuilding CXX object CMakeFiles/demo03_talker.dir/src/demo03_talker.cpp.o[0m
[0.302s] [ 37%] Built target demo01_talker
[0.304s] [ 62%] Built target demo02_listener
[0.305s] [ 75%] [32mBuilding CXX object CMakeFiles/demo04_listener.dir/src/demo04_listener.cpp.o[0m
[0.310s] [ 87%] [32m[1mLinking CXX executable demo03_talker[0m
[0.317s] [100%] [32m[1mLinking CXX executable demo04_listener[0m
[0.348s] /usr/bin/ld: /usr/lib/gcc/x86_64-linux-gnu/11/../../../x86_64-linux-gnu/Scrt1.o: in function `_start':
[0.348s] (.text+0x1b): undefined reference to `main'
[0.351s] collect2: error: ld returned 1 exit status
[0.352s] gmake[2]: *** [CMakeFiles/demo03_talker.dir/build.make:167：demo03_talker] 错误 1
[0.352s] gmake[1]: *** [CMakeFiles/Makefile2:195：CMakeFiles/demo03_talker.dir/all] 错误 2
[0.352s] gmake[1]: *** 正在等待未完成的任务....
[0.352s] /usr/bin/ld: /usr/lib/gcc/x86_64-linux-gnu/11/../../../x86_64-linux-gnu/Scrt1.o: in function `_start':
[0.352s] (.text+0x1b): undefined reference to `main'
[0.353s] collect2: error: ld returned 1 exit status
[0.354s] gmake[2]: *** [CMakeFiles/demo04_listener.dir/build.make:167：demo04_listener] 错误 1
[0.354s] gmake[1]: *** [CMakeFiles/Makefile2:221：CMakeFiles/demo04_listener.dir/all] 错误 2
[0.354s] gmake: *** [Makefile:146：all] 错误 2
[0.356s] Invoked command in '/home/jon/ws01/build/cpp01_topic' returned '2': CMAKE_PREFIX_PATH=/home/jon/ws01/install/base_demo:/home/jon/ws01/install/cpp01_topic:/home/jon/ros2_ws/install/hellovscode_cpp:/home/jon/ros2_ws/install/hello_cpp:/opt/ros/humble /usr/bin/cmake --build /home/jon/ws01/build/cpp01_topic -- -j24 -l24
