[0.006s] Invoking command in '/home/jon/ws01/build/cpp01_topic': AMENT_PREFIX_PATH=/home/jon/ws01/install/base_demo:${AMENT_PREFIX_PATH} CMAKE_PREFIX_PATH=/home/jon/ws01/install/base_demo:/home/jon/ros2_ws/install/hellovscode_cpp:/home/jon/ros2_ws/install/hello_cpp:/opt/ros/humble /usr/bin/cmake --build /home/jon/ws01/build/cpp01_topic -- -j24 -l24
[0.039s] [35m[1mConsolidate compiler generated dependencies of target demo01_talker[0m
[0.053s] [ 50%] [32mBuilding CXX object CMakeFiles/demo01_talker.dir/src/demo01_talker.cpp.o[0m
[1.458s] [100%] [32m[1mLinking CXX executable demo01_talker[0m
[1.546s] [100%] Built target demo01_talker
[1.554s] Invoked command in '/home/jon/ws01/build/cpp01_topic' returned '0': AMENT_PREFIX_PATH=/home/jon/ws01/install/base_demo:${AMENT_PREFIX_PATH} CMAKE_PREFIX_PATH=/home/jon/ws01/install/base_demo:/home/jon/ros2_ws/install/hellovscode_cpp:/home/jon/ros2_ws/install/hello_cpp:/opt/ros/humble /usr/bin/cmake --build /home/jon/ws01/build/cpp01_topic -- -j24 -l24
[1.555s] Invoking command in '/home/jon/ws01/build/cpp01_topic': AMENT_PREFIX_PATH=/home/jon/ws01/install/base_demo:${AMENT_PREFIX_PATH} CMAKE_PREFIX_PATH=/home/jon/ws01/install/base_demo:/home/jon/ros2_ws/install/hellovscode_cpp:/home/jon/ros2_ws/install/hello_cpp:/opt/ros/humble /usr/bin/cmake --install /home/jon/ws01/build/cpp01_topic
[1.561s] -- Install configuration: ""
[1.562s] -- Installing: /home/jon/ws01/install/cpp01_topic/lib/cpp01_topic/demo01_talker
[1.562s] -- Set runtime path of "/home/jon/ws01/install/cpp01_topic/lib/cpp01_topic/demo01_talker" to ""
[1.562s] -- Installing: /home/jon/ws01/install/cpp01_topic/share/ament_index/resource_index/package_run_dependencies/cpp01_topic
[1.562s] -- Installing: /home/jon/ws01/install/cpp01_topic/share/ament_index/resource_index/parent_prefix_path/cpp01_topic
[1.562s] -- Installing: /home/jon/ws01/install/cpp01_topic/share/cpp01_topic/environment/ament_prefix_path.sh
[1.562s] -- Installing: /home/jon/ws01/install/cpp01_topic/share/cpp01_topic/environment/ament_prefix_path.dsv
[1.562s] -- Installing: /home/jon/ws01/install/cpp01_topic/share/cpp01_topic/environment/path.sh
[1.562s] -- Installing: /home/jon/ws01/install/cpp01_topic/share/cpp01_topic/environment/path.dsv
[1.562s] -- Installing: /home/jon/ws01/install/cpp01_topic/share/cpp01_topic/local_setup.bash
[1.562s] -- Installing: /home/jon/ws01/install/cpp01_topic/share/cpp01_topic/local_setup.sh
[1.562s] -- Installing: /home/jon/ws01/install/cpp01_topic/share/cpp01_topic/local_setup.zsh
[1.562s] -- Installing: /home/jon/ws01/install/cpp01_topic/share/cpp01_topic/local_setup.dsv
[1.562s] -- Installing: /home/jon/ws01/install/cpp01_topic/share/cpp01_topic/package.dsv
[1.562s] -- Installing: /home/jon/ws01/install/cpp01_topic/share/ament_index/resource_index/packages/cpp01_topic
[1.562s] -- Installing: /home/jon/ws01/install/cpp01_topic/share/cpp01_topic/cmake/cpp01_topicConfig.cmake
[1.562s] -- Installing: /home/jon/ws01/install/cpp01_topic/share/cpp01_topic/cmake/cpp01_topicConfig-version.cmake
[1.562s] -- Installing: /home/jon/ws01/install/cpp01_topic/share/cpp01_topic/package.xml
[1.564s] Invoked command in '/home/jon/ws01/build/cpp01_topic' returned '0': AMENT_PREFIX_PATH=/home/jon/ws01/install/base_demo:${AMENT_PREFIX_PATH} CMAKE_PREFIX_PATH=/home/jon/ws01/install/base_demo:/home/jon/ros2_ws/install/hellovscode_cpp:/home/jon/ros2_ws/install/hello_cpp:/opt/ros/humble /usr/bin/cmake --install /home/jon/ws01/build/cpp01_topic
