[0.015s] Invoking command in '/home/jon/ws01/build/cpp07_exercise': AMENT_PREFIX_PATH=/home/jon/ws01/install/turtlesim:${AMENT_PREFIX_PATH} CMAKE_PREFIX_PATH=/home/jon/ws01/install/turtlesim:/home/jon/ws01/install/base_demo:/home/jon/ws01/install/tutorails_plumbing:/home/jon/ws01/install/cpp07_exercise:/home/jon/ws01/install/cpp06_time:/home/jon/ws01/install/cpp05_names:/home/jon/ws01/install/cpp04_param:/home/jon/ws01/install/cpp03_action:/home/jon/ws01/install/cpp02_service:/home/jon/ws01/install/cpp01_topic:/opt/ros/humble LD_LIBRARY_PATH=/home/jon/ws01/install/turtlesim/lib:${LD_LIBRARY_PATH} PYTHONPATH=/home/jon/ws01/install/turtlesim/local/lib/python3.10/dist-packages:${PYTHONPATH} /usr/bin/cmake --build /home/jon/ws01/build/cpp07_exercise -- -j24 -l24
[0.050s] [100%] Built target exer02_server
[0.050s] [100%] Built target exer03_client
[0.051s] [100%] Built target exer01_pub_sub
[0.059s] Invoked command in '/home/jon/ws01/build/cpp07_exercise' returned '0': AMENT_PREFIX_PATH=/home/jon/ws01/install/turtlesim:${AMENT_PREFIX_PATH} CMAKE_PREFIX_PATH=/home/jon/ws01/install/turtlesim:/home/jon/ws01/install/base_demo:/home/jon/ws01/install/tutorails_plumbing:/home/jon/ws01/install/cpp07_exercise:/home/jon/ws01/install/cpp06_time:/home/jon/ws01/install/cpp05_names:/home/jon/ws01/install/cpp04_param:/home/jon/ws01/install/cpp03_action:/home/jon/ws01/install/cpp02_service:/home/jon/ws01/install/cpp01_topic:/opt/ros/humble LD_LIBRARY_PATH=/home/jon/ws01/install/turtlesim/lib:${LD_LIBRARY_PATH} PYTHONPATH=/home/jon/ws01/install/turtlesim/local/lib/python3.10/dist-packages:${PYTHONPATH} /usr/bin/cmake --build /home/jon/ws01/build/cpp07_exercise -- -j24 -l24
[0.065s] Invoking command in '/home/jon/ws01/build/cpp07_exercise': AMENT_PREFIX_PATH=/home/jon/ws01/install/turtlesim:${AMENT_PREFIX_PATH} CMAKE_PREFIX_PATH=/home/jon/ws01/install/turtlesim:/home/jon/ws01/install/base_demo:/home/jon/ws01/install/tutorails_plumbing:/home/jon/ws01/install/cpp07_exercise:/home/jon/ws01/install/cpp06_time:/home/jon/ws01/install/cpp05_names:/home/jon/ws01/install/cpp04_param:/home/jon/ws01/install/cpp03_action:/home/jon/ws01/install/cpp02_service:/home/jon/ws01/install/cpp01_topic:/opt/ros/humble LD_LIBRARY_PATH=/home/jon/ws01/install/turtlesim/lib:${LD_LIBRARY_PATH} PYTHONPATH=/home/jon/ws01/install/turtlesim/local/lib/python3.10/dist-packages:${PYTHONPATH} /usr/bin/cmake --install /home/jon/ws01/build/cpp07_exercise
[0.074s] -- Install configuration: ""
[0.074s] -- Up-to-date: /home/jon/ws01/install/cpp07_exercise/lib/cpp07_exercise/exer01_pub_sub
[0.074s] -- Up-to-date: /home/jon/ws01/install/cpp07_exercise/lib/cpp07_exercise/exer02_server
[0.074s] -- Up-to-date: /home/jon/ws01/install/cpp07_exercise/lib/cpp07_exercise/exer03_client
[0.074s] -- Up-to-date: /home/jon/ws01/install/cpp07_exercise/share/cpp07_exercise/launch
[0.074s] -- Up-to-date: /home/jon/ws01/install/cpp07_exercise/share/cpp07_exercise/launch/exer01_pub_sub_launch.py
[0.074s] -- Up-to-date: /home/jon/ws01/install/cpp07_exercise/share/cpp07_exercise/launch/exer02_server_launch.py
[0.074s] -- Up-to-date: /home/jon/ws01/install/cpp07_exercise/share/cpp07_exercise/launch/__pycache__
[0.074s] -- Installing: /home/jon/ws01/install/cpp07_exercise/share/cpp07_exercise/launch/__pycache__/exer03_client_launch.cpython-310.pyc
[0.074s] -- Installing: /home/jon/ws01/install/cpp07_exercise/share/cpp07_exercise/launch/exer03_client_launch.py
[0.074s] -- Up-to-date: /home/jon/ws01/install/cpp07_exercise/share/ament_index/resource_index/package_run_dependencies/cpp07_exercise
[0.074s] -- Up-to-date: /home/jon/ws01/install/cpp07_exercise/share/ament_index/resource_index/parent_prefix_path/cpp07_exercise
[0.074s] -- Up-to-date: /home/jon/ws01/install/cpp07_exercise/share/cpp07_exercise/environment/ament_prefix_path.sh
[0.075s] -- Up-to-date: /home/jon/ws01/install/cpp07_exercise/share/cpp07_exercise/environment/ament_prefix_path.dsv
[0.075s] -- Up-to-date: /home/jon/ws01/install/cpp07_exercise/share/cpp07_exercise/environment/path.sh
[0.075s] -- Up-to-date: /home/jon/ws01/install/cpp07_exercise/share/cpp07_exercise/environment/path.dsv
[0.075s] -- Up-to-date: /home/jon/ws01/install/cpp07_exercise/share/cpp07_exercise/local_setup.bash
[0.075s] -- Up-to-date: /home/jon/ws01/install/cpp07_exercise/share/cpp07_exercise/local_setup.sh
[0.075s] -- Up-to-date: /home/jon/ws01/install/cpp07_exercise/share/cpp07_exercise/local_setup.zsh
[0.075s] -- Up-to-date: /home/jon/ws01/install/cpp07_exercise/share/cpp07_exercise/local_setup.dsv
[0.075s] -- Installing: /home/jon/ws01/install/cpp07_exercise/share/cpp07_exercise/package.dsv
[0.075s] -- Up-to-date: /home/jon/ws01/install/cpp07_exercise/share/ament_index/resource_index/packages/cpp07_exercise
[0.075s] -- Up-to-date: /home/jon/ws01/install/cpp07_exercise/share/cpp07_exercise/cmake/cpp07_exerciseConfig.cmake
[0.075s] -- Up-to-date: /home/jon/ws01/install/cpp07_exercise/share/cpp07_exercise/cmake/cpp07_exerciseConfig-version.cmake
[0.075s] -- Up-to-date: /home/jon/ws01/install/cpp07_exercise/share/cpp07_exercise/package.xml
[0.076s] Invoked command in '/home/jon/ws01/build/cpp07_exercise' returned '0': AMENT_PREFIX_PATH=/home/jon/ws01/install/turtlesim:${AMENT_PREFIX_PATH} CMAKE_PREFIX_PATH=/home/jon/ws01/install/turtlesim:/home/jon/ws01/install/base_demo:/home/jon/ws01/install/tutorails_plumbing:/home/jon/ws01/install/cpp07_exercise:/home/jon/ws01/install/cpp06_time:/home/jon/ws01/install/cpp05_names:/home/jon/ws01/install/cpp04_param:/home/jon/ws01/install/cpp03_action:/home/jon/ws01/install/cpp02_service:/home/jon/ws01/install/cpp01_topic:/opt/ros/humble LD_LIBRARY_PATH=/home/jon/ws01/install/turtlesim/lib:${LD_LIBRARY_PATH} PYTHONPATH=/home/jon/ws01/install/turtlesim/local/lib/python3.10/dist-packages:${PYTHONPATH} /usr/bin/cmake --install /home/jon/ws01/build/cpp07_exercise
