[0.009s] Invoking command in '/home/jon/ws01/src/build/cpp04_param': CMAKE_PREFIX_PATH=${CMAKE_PREFIX_PATH}:/opt/ros/humble /usr/bin/cmake --build /home/jon/ws01/src/build/cpp04_param -- -j24 -l24
[0.044s] [35m[1mConsolidate compiler generated dependencies of target demo02_client[0m
[0.052s] [ 66%] Built target demo00_param
[0.053s] [ 66%] Built target demo01_sever
[0.054s] [ 83%] [32mBuilding CXX object CMakeFiles/demo02_client.dir/src/demo02_client.cpp.o[0m
[1.596s] [100%] [32m[1mLinking CXX executable demo02_client[0m
[1.680s] [100%] Built target demo02_client
[1.687s] Invoked command in '/home/jon/ws01/src/build/cpp04_param' returned '0': CMAKE_PREFIX_PATH=${CMAKE_PREFIX_PATH}:/opt/ros/humble /usr/bin/cmake --build /home/jon/ws01/src/build/cpp04_param -- -j24 -l24
[1.694s] Invoking command in '/home/jon/ws01/src/build/cpp04_param': CMAKE_PREFIX_PATH=${CMAKE_PREFIX_PATH}:/opt/ros/humble /usr/bin/cmake --install /home/jon/ws01/src/build/cpp04_param
[1.698s] -- Install configuration: ""
[1.698s] -- Up-to-date: /home/jon/ws01/src/install/cpp04_param/lib/cpp04_param/demo00_param
[1.698s] -- Up-to-date: /home/jon/ws01/src/install/cpp04_param/lib/cpp04_param/demo01_sever
[1.698s] -- Installing: /home/jon/ws01/src/install/cpp04_param/lib/cpp04_param/demo02_client
[1.698s] -- Set runtime path of "/home/jon/ws01/src/install/cpp04_param/lib/cpp04_param/demo02_client" to ""
[1.698s] -- Up-to-date: /home/jon/ws01/src/install/cpp04_param/share/ament_index/resource_index/package_run_dependencies/cpp04_param
[1.698s] -- Up-to-date: /home/jon/ws01/src/install/cpp04_param/share/ament_index/resource_index/parent_prefix_path/cpp04_param
[1.698s] -- Up-to-date: /home/jon/ws01/src/install/cpp04_param/share/cpp04_param/environment/ament_prefix_path.sh
[1.698s] -- Up-to-date: /home/jon/ws01/src/install/cpp04_param/share/cpp04_param/environment/ament_prefix_path.dsv
[1.698s] -- Up-to-date: /home/jon/ws01/src/install/cpp04_param/share/cpp04_param/environment/path.sh
[1.698s] -- Up-to-date: /home/jon/ws01/src/install/cpp04_param/share/cpp04_param/environment/path.dsv
[1.698s] -- Up-to-date: /home/jon/ws01/src/install/cpp04_param/share/cpp04_param/local_setup.bash
[1.698s] -- Up-to-date: /home/jon/ws01/src/install/cpp04_param/share/cpp04_param/local_setup.sh
[1.699s] -- Up-to-date: /home/jon/ws01/src/install/cpp04_param/share/cpp04_param/local_setup.zsh
[1.699s] -- Up-to-date: /home/jon/ws01/src/install/cpp04_param/share/cpp04_param/local_setup.dsv
[1.701s] -- Installing: /home/jon/ws01/src/install/cpp04_param/share/cpp04_param/package.dsv
[1.701s] -- Up-to-date: /home/jon/ws01/src/install/cpp04_param/share/ament_index/resource_index/packages/cpp04_param
[1.701s] -- Up-to-date: /home/jon/ws01/src/install/cpp04_param/share/cpp04_param/cmake/cpp04_paramConfig.cmake
[1.701s] -- Up-to-date: /home/jon/ws01/src/install/cpp04_param/share/cpp04_param/cmake/cpp04_paramConfig-version.cmake
[1.702s] -- Up-to-date: /home/jon/ws01/src/install/cpp04_param/share/cpp04_param/package.xml
[1.702s] Invoked command in '/home/jon/ws01/src/build/cpp04_param' returned '0': CMAKE_PREFIX_PATH=${CMAKE_PREFIX_PATH}:/opt/ros/humble /usr/bin/cmake --install /home/jon/ws01/src/build/cpp04_param
