Consolidate compiler generated dependencies of target hello_node
[ 50%] Building CXX object CMakeFiles/hello_node.dir/src/hello_node.cpp.o
[100%] Linking CXX executable hello_node
[100%] Built target hello_node
-- Install configuration: ""
-- Installing: /home/jon/ros2_ws/install/hello_cpp/lib/hello_cpp/hello_node
-- Set runtime path of "/home/jon/ros2_ws/install/hello_cpp/lib/hello_cpp/hello_node" to ""
-- Up-to-date: /home/jon/ros2_ws/install/hello_cpp/share/ament_index/resource_index/package_run_dependencies/hello_cpp
-- Up-to-date: /home/jon/ros2_ws/install/hello_cpp/share/ament_index/resource_index/parent_prefix_path/hello_cpp
-- Up-to-date: /home/jon/ros2_ws/install/hello_cpp/share/hello_cpp/environment/ament_prefix_path.sh
-- Up-to-date: /home/jon/ros2_ws/install/hello_cpp/share/hello_cpp/environment/ament_prefix_path.dsv
-- Up-to-date: /home/jon/ros2_ws/install/hello_cpp/share/hello_cpp/environment/path.sh
-- Up-to-date: /home/jon/ros2_ws/install/hello_cpp/share/hello_cpp/environment/path.dsv
-- Up-to-date: /home/jon/ros2_ws/install/hello_cpp/share/hello_cpp/local_setup.bash
-- Up-to-date: /home/jon/ros2_ws/install/hello_cpp/share/hello_cpp/local_setup.sh
-- Up-to-date: /home/jon/ros2_ws/install/hello_cpp/share/hello_cpp/local_setup.zsh
-- Up-to-date: /home/jon/ros2_ws/install/hello_cpp/share/hello_cpp/local_setup.dsv
-- Installing: /home/jon/ros2_ws/install/hello_cpp/share/hello_cpp/package.dsv
-- Up-to-date: /home/jon/ros2_ws/install/hello_cpp/share/ament_index/resource_index/packages/hello_cpp
-- Up-to-date: /home/jon/ros2_ws/install/hello_cpp/share/hello_cpp/cmake/hello_cppConfig.cmake
-- Up-to-date: /home/jon/ros2_ws/install/hello_cpp/share/hello_cpp/cmake/hello_cppConfig-version.cmake
-- Up-to-date: /home/jon/ros2_ws/install/hello_cpp/share/hello_cpp/package.xml
