[0.007s] Invoking command in '/home/jon/ws01/build/cpp05_names': CMAKE_PREFIX_PATH=${CMAKE_PREFIX_PATH}:/opt/ros/humble /usr/bin/cmake /home/jon/ws01/src/cpp05_names -DCMAKE_INSTALL_PREFIX=/home/jon/ws01/install/cpp05_names
[0.016s] -- Found ament_cmake: 1.3.14 (/opt/ros/humble/share/ament_cmake/cmake)
[0.114s] -- Found rclcpp: 16.0.21 (/opt/ros/humble/share/rclcpp/cmake)
[0.133s] -- Found rosidl_generator_c: 3.1.9 (/opt/ros/humble/share/rosidl_generator_c/cmake)
[0.134s] -- Found rosidl_adapter: 3.1.9 (/opt/ros/humble/share/rosidl_adapter/cmake)
[0.138s] -- Found rosidl_generator_cpp: 3.1.9 (/opt/ros/humble/share/rosidl_generator_cpp/cmake)
[0.144s] -- Using all available rosidl_typesupport_c: rosidl_typesupport_fastrtps_c;rosidl_typesupport_introspection_c
[0.152s] -- Using all available rosidl_typesupport_cpp: rosidl_typesupport_fastrtps_cpp;rosidl_typesupport_introspection_cpp
[0.171s] -- Found rmw_implementation_cmake: 6.1.4 (/opt/ros/humble/share/rmw_implementation_cmake/cmake)
[0.172s] -- Found rmw_fastrtps_cpp: 6.2.10 (/opt/ros/humble/share/rmw_fastrtps_cpp/cmake)
[0.238s] -- Using RMW implementation 'rmw_fastrtps_cpp' as default
[0.267s] -- Found ament_lint_auto: 0.12.15 (/opt/ros/humble/share/ament_lint_auto/cmake)
[0.306s] -- Added test 'cppcheck' to perform static code analysis on C / C++ code
[0.306s] -- Configured cppcheck include dirs: $<BUILD_INTERFACE:/home/jon/ws01/src/cpp05_names/include>
[0.306s] -- Configured cppcheck exclude dirs and/or files: 
[0.308s] -- Added test 'flake8' to check Python code syntax and style conventions
[0.308s] -- Added test 'lint_cmake' to check CMake code style
[0.308s] -- Added test 'pep257' to check Python code against some of the docstring style conventions in PEP 257
[0.308s] -- Added test 'uncrustify' to check C / C++ code style
[0.308s] -- Configured uncrustify additional arguments: 
[0.308s] -- Added test 'xmllint' to check XML markup files
[0.308s] -- Configuring done
[0.311s] -- Generating done
[0.313s] -- Build files have been written to: /home/jon/ws01/build/cpp05_names
[0.319s] Invoked command in '/home/jon/ws01/build/cpp05_names' returned '0': CMAKE_PREFIX_PATH=${CMAKE_PREFIX_PATH}:/opt/ros/humble /usr/bin/cmake /home/jon/ws01/src/cpp05_names -DCMAKE_INSTALL_PREFIX=/home/jon/ws01/install/cpp05_names
[0.320s] Invoking command in '/home/jon/ws01/build/cpp05_names': CMAKE_PREFIX_PATH=${CMAKE_PREFIX_PATH}:/opt/ros/humble /usr/bin/cmake --build /home/jon/ws01/build/cpp05_names -- -j24 -l24
[0.358s] [ 50%] [32mBuilding CXX object CMakeFiles/demo01_names.dir/src/demo01_names.cpp.o[0m
[0.386s] [100%] [32m[1mLinking CXX executable demo01_names[0m
[0.441s] [100%] Built target demo01_names
[0.454s] Invoked command in '/home/jon/ws01/build/cpp05_names' returned '0': CMAKE_PREFIX_PATH=${CMAKE_PREFIX_PATH}:/opt/ros/humble /usr/bin/cmake --build /home/jon/ws01/build/cpp05_names -- -j24 -l24
[0.461s] Invoking command in '/home/jon/ws01/build/cpp05_names': CMAKE_PREFIX_PATH=${CMAKE_PREFIX_PATH}:/opt/ros/humble /usr/bin/cmake --install /home/jon/ws01/build/cpp05_names
[0.467s] -- Install configuration: ""
[0.467s] -- Installing: /home/jon/ws01/install/cpp05_names/lib/cpp05_names/demo01_names
[0.467s] -- Set runtime path of "/home/jon/ws01/install/cpp05_names/lib/cpp05_names/demo01_names" to ""
[0.467s] -- Installing: /home/jon/ws01/install/cpp05_names/share/s{PROJECT_NAME}/launch
[0.467s] -- Installing: /home/jon/ws01/install/cpp05_names/share/s{PROJECT_NAME}/launch/demo01_names_launch.py
[0.467s] -- Installing: /home/jon/ws01/install/cpp05_names/share/ament_index/resource_index/package_run_dependencies/cpp05_names
[0.467s] -- Installing: /home/jon/ws01/install/cpp05_names/share/ament_index/resource_index/parent_prefix_path/cpp05_names
[0.467s] -- Installing: /home/jon/ws01/install/cpp05_names/share/cpp05_names/environment/ament_prefix_path.sh
[0.467s] -- Installing: /home/jon/ws01/install/cpp05_names/share/cpp05_names/environment/ament_prefix_path.dsv
[0.467s] -- Installing: /home/jon/ws01/install/cpp05_names/share/cpp05_names/environment/path.sh
[0.467s] -- Installing: /home/jon/ws01/install/cpp05_names/share/cpp05_names/environment/path.dsv
[0.467s] -- Installing: /home/jon/ws01/install/cpp05_names/share/cpp05_names/local_setup.bash
[0.467s] -- Installing: /home/jon/ws01/install/cpp05_names/share/cpp05_names/local_setup.sh
[0.467s] -- Installing: /home/jon/ws01/install/cpp05_names/share/cpp05_names/local_setup.zsh
[0.467s] -- Installing: /home/jon/ws01/install/cpp05_names/share/cpp05_names/local_setup.dsv
[0.467s] -- Installing: /home/jon/ws01/install/cpp05_names/share/cpp05_names/package.dsv
[0.467s] -- Installing: /home/jon/ws01/install/cpp05_names/share/ament_index/resource_index/packages/cpp05_names
[0.467s] -- Installing: /home/jon/ws01/install/cpp05_names/share/cpp05_names/cmake/cpp05_namesConfig.cmake
[0.467s] -- Installing: /home/jon/ws01/install/cpp05_names/share/cpp05_names/cmake/cpp05_namesConfig-version.cmake
[0.467s] -- Installing: /home/jon/ws01/install/cpp05_names/share/cpp05_names/package.xml
[0.470s] Invoked command in '/home/jon/ws01/build/cpp05_names' returned '0': CMAKE_PREFIX_PATH=${CMAKE_PREFIX_PATH}:/opt/ros/humble /usr/bin/cmake --install /home/jon/ws01/build/cpp05_names
