[0.009s] Invoking command in '/home/jon/ws01/build/cpp03_action': CMAKE_PREFIX_PATH=/home/jon/ws01/install/base_demo:/home/jon/ws01/install/cpp03_action:/home/jon/ws01/install/cpp02_service:/home/jon/ws01/install/cpp01_topic:/home/jon/ros2_ws/install/hellovscode_cpp:/home/jon/ros2_ws/install/hello_cpp:/opt/ros/humble /usr/bin/cmake --build /home/jon/ws01/build/cpp03_action -- -j24 -l24
[0.036s] [35m[1mConsolidate compiler generated dependencies of target demo02_client[0m
[0.041s] [ 50%] Built target demo01_server
[0.045s] [ 75%] [32mBuilding CXX object CMakeFiles/demo02_client.dir/src/demo02_client.cpp.o[0m
[1.969s] [100%] [32m[1mLinking CXX executable demo02_client[0m
[2.052s] [100%] Built target demo02_client
[2.064s] Invoked command in '/home/jon/ws01/build/cpp03_action' returned '0': CMAKE_PREFIX_PATH=/home/jon/ws01/install/base_demo:/home/jon/ws01/install/cpp03_action:/home/jon/ws01/install/cpp02_service:/home/jon/ws01/install/cpp01_topic:/home/jon/ros2_ws/install/hellovscode_cpp:/home/jon/ros2_ws/install/hello_cpp:/opt/ros/humble /usr/bin/cmake --build /home/jon/ws01/build/cpp03_action -- -j24 -l24
[2.069s] Invoking command in '/home/jon/ws01/build/cpp03_action': CMAKE_PREFIX_PATH=/home/jon/ws01/install/base_demo:/home/jon/ws01/install/cpp03_action:/home/jon/ws01/install/cpp02_service:/home/jon/ws01/install/cpp01_topic:/home/jon/ros2_ws/install/hellovscode_cpp:/home/jon/ros2_ws/install/hello_cpp:/opt/ros/humble /usr/bin/cmake --install /home/jon/ws01/build/cpp03_action
[2.071s] -- Install configuration: ""
[2.071s] -- Up-to-date: /home/jon/ws01/install/cpp03_action/lib/cpp03_action/demo01_server
[2.072s] -- Installing: /home/jon/ws01/install/cpp03_action/lib/cpp03_action/demo02_client
[2.072s] -- Set runtime path of "/home/jon/ws01/install/cpp03_action/lib/cpp03_action/demo02_client" to ""
[2.072s] -- Up-to-date: /home/jon/ws01/install/cpp03_action/share/ament_index/resource_index/package_run_dependencies/cpp03_action
[2.072s] -- Up-to-date: /home/jon/ws01/install/cpp03_action/share/ament_index/resource_index/parent_prefix_path/cpp03_action
[2.072s] -- Up-to-date: /home/jon/ws01/install/cpp03_action/share/cpp03_action/environment/ament_prefix_path.sh
[2.072s] -- Up-to-date: /home/jon/ws01/install/cpp03_action/share/cpp03_action/environment/ament_prefix_path.dsv
[2.072s] -- Up-to-date: /home/jon/ws01/install/cpp03_action/share/cpp03_action/environment/path.sh
[2.072s] -- Up-to-date: /home/jon/ws01/install/cpp03_action/share/cpp03_action/environment/path.dsv
[2.072s] -- Up-to-date: /home/jon/ws01/install/cpp03_action/share/cpp03_action/local_setup.bash
[2.072s] -- Up-to-date: /home/jon/ws01/install/cpp03_action/share/cpp03_action/local_setup.sh
[2.072s] -- Up-to-date: /home/jon/ws01/install/cpp03_action/share/cpp03_action/local_setup.zsh
[2.072s] -- Up-to-date: /home/jon/ws01/install/cpp03_action/share/cpp03_action/local_setup.dsv
[2.072s] -- Installing: /home/jon/ws01/install/cpp03_action/share/cpp03_action/package.dsv
[2.072s] -- Up-to-date: /home/jon/ws01/install/cpp03_action/share/ament_index/resource_index/packages/cpp03_action
[2.072s] -- Up-to-date: /home/jon/ws01/install/cpp03_action/share/cpp03_action/cmake/cpp03_actionConfig.cmake
[2.072s] -- Up-to-date: /home/jon/ws01/install/cpp03_action/share/cpp03_action/cmake/cpp03_actionConfig-version.cmake
[2.072s] -- Up-to-date: /home/jon/ws01/install/cpp03_action/share/cpp03_action/package.xml
[2.074s] Invoked command in '/home/jon/ws01/build/cpp03_action' returned '0': CMAKE_PREFIX_PATH=/home/jon/ws01/install/base_demo:/home/jon/ws01/install/cpp03_action:/home/jon/ws01/install/cpp02_service:/home/jon/ws01/install/cpp01_topic:/home/jon/ros2_ws/install/hellovscode_cpp:/home/jon/ros2_ws/install/hello_cpp:/opt/ros/humble /usr/bin/cmake --install /home/jon/ws01/build/cpp03_action
