[0.016s] Invoking command in '/home/jon/ws01/build/cpp03_action': CMAKE_PREFIX_PATH=/home/jon/ws01/install/base_demo:/home/jon/ws01/install/tutorails_plumbing:/home/jon/ws01/install/cpp07_exercise:/home/jon/ws01/install/turtlesim:/home/jon/ws01/install/cpp06_time:/home/jon/ws01/install/cpp05_names:/home/jon/ws01/install/cpp04_param:/home/jon/ws01/install/cpp03_action:/home/jon/ws01/install/cpp02_service:/home/jon/ws01/install/cpp01_topic:/opt/ros/humble LD_LIBRARY_PATH=/home/jon/ws01/install/base_demo/lib:/home/jon/ws01/install/turtlesim/lib:/opt/ros/humble/opt/rviz_ogre_vendor/lib:/opt/ros/humble/lib/x86_64-linux-gnu:/opt/ros/humble/lib /usr/bin/cmake --build /home/jon/ws01/build/cpp03_action -- -j24 -l24
[0.039s] -- Found ament_cmake: 1.3.14 (/opt/ros/humble/share/ament_cmake/cmake)
[0.148s] -- Found rclcpp: 16.0.21 (/opt/ros/humble/share/rclcpp/cmake)
[0.182s] -- Found rosidl_generator_c: 3.1.9 (/opt/ros/humble/share/rosidl_generator_c/cmake)
[0.187s] -- Found rosidl_adapter: 3.1.9 (/opt/ros/humble/share/rosidl_adapter/cmake)
[0.190s] -- Found rosidl_generator_cpp: 3.1.9 (/opt/ros/humble/share/rosidl_generator_cpp/cmake)
[0.197s] -- Using all available rosidl_typesupport_c: rosidl_typesupport_fastrtps_c;rosidl_typesupport_introspection_c
[0.207s] -- Using all available rosidl_typesupport_cpp: rosidl_typesupport_fastrtps_cpp;rosidl_typesupport_introspection_cpp
[0.235s] -- Found rmw_implementation_cmake: 6.1.4 (/opt/ros/humble/share/rmw_implementation_cmake/cmake)
[0.238s] -- Found rmw_fastrtps_cpp: 6.2.10 (/opt/ros/humble/share/rmw_fastrtps_cpp/cmake)
[0.316s] -- Using RMW implementation 'rmw_fastrtps_cpp' as default
[0.350s] -- Found rclcpp_action: 16.0.21 (/opt/ros/humble/share/rclcpp_action/cmake)
[0.372s] -- Found base_demo: 0.0.0 (/home/jon/ws01/install/base_demo/share/base_demo/cmake)
[0.388s] -- Found ament_lint_auto: 0.12.15 (/opt/ros/humble/share/ament_lint_auto/cmake)
[0.448s] -- Added test 'cppcheck' to perform static code analysis on C / C++ code
[0.449s] -- Configured cppcheck include dirs: $<BUILD_INTERFACE:/home/jon/ws01/src/cpp03_action/include>
[0.449s] -- Configured cppcheck exclude dirs and/or files: 
[0.449s] -- Added test 'lint_cmake' to check CMake code style
[0.449s] -- Added test 'uncrustify' to check C / C++ code style
[0.449s] -- Configured uncrustify additional arguments: 
[0.450s] -- Added test 'xmllint' to check XML markup files
[0.450s] -- Configuring done
[0.460s] -- Generating done
[0.463s] -- Build files have been written to: /home/jon/ws01/build/cpp03_action
[0.483s] [35m[1mConsolidate compiler generated dependencies of target demo01_server[0m
[0.484s] [35m[1mConsolidate compiler generated dependencies of target demo02_client[0m
[0.496s] [ 25%] [32mBuilding CXX object CMakeFiles/demo01_server.dir/src/demo01_server.cpp.o[0m
[0.502s] [ 50%] [32mBuilding CXX object CMakeFiles/demo02_client.dir/src/demo02_client.cpp.o[0m
[3.306s] [ 75%] [32m[1mLinking CXX executable demo01_server[0m
[3.432s] [ 75%] Built target demo01_server
[3.455s] [100%] [32m[1mLinking CXX executable demo02_client[0m
[3.591s] [100%] Built target demo02_client
[3.604s] Invoked command in '/home/jon/ws01/build/cpp03_action' returned '0': CMAKE_PREFIX_PATH=/home/jon/ws01/install/base_demo:/home/jon/ws01/install/tutorails_plumbing:/home/jon/ws01/install/cpp07_exercise:/home/jon/ws01/install/turtlesim:/home/jon/ws01/install/cpp06_time:/home/jon/ws01/install/cpp05_names:/home/jon/ws01/install/cpp04_param:/home/jon/ws01/install/cpp03_action:/home/jon/ws01/install/cpp02_service:/home/jon/ws01/install/cpp01_topic:/opt/ros/humble LD_LIBRARY_PATH=/home/jon/ws01/install/base_demo/lib:/home/jon/ws01/install/turtlesim/lib:/opt/ros/humble/opt/rviz_ogre_vendor/lib:/opt/ros/humble/lib/x86_64-linux-gnu:/opt/ros/humble/lib /usr/bin/cmake --build /home/jon/ws01/build/cpp03_action -- -j24 -l24
[3.605s] Invoking command in '/home/jon/ws01/build/cpp03_action': CMAKE_PREFIX_PATH=/home/jon/ws01/install/base_demo:/home/jon/ws01/install/tutorails_plumbing:/home/jon/ws01/install/cpp07_exercise:/home/jon/ws01/install/turtlesim:/home/jon/ws01/install/cpp06_time:/home/jon/ws01/install/cpp05_names:/home/jon/ws01/install/cpp04_param:/home/jon/ws01/install/cpp03_action:/home/jon/ws01/install/cpp02_service:/home/jon/ws01/install/cpp01_topic:/opt/ros/humble LD_LIBRARY_PATH=/home/jon/ws01/install/base_demo/lib:/home/jon/ws01/install/turtlesim/lib:/opt/ros/humble/opt/rviz_ogre_vendor/lib:/opt/ros/humble/lib/x86_64-linux-gnu:/opt/ros/humble/lib /usr/bin/cmake --install /home/jon/ws01/build/cpp03_action
[3.613s] -- Install configuration: ""
[3.613s] -- Installing: /home/jon/ws01/install/cpp03_action/lib/cpp03_action/demo01_server
[3.614s] -- Set runtime path of "/home/jon/ws01/install/cpp03_action/lib/cpp03_action/demo01_server" to ""
[3.615s] -- Installing: /home/jon/ws01/install/cpp03_action/lib/cpp03_action/demo02_client
[3.616s] -- Set runtime path of "/home/jon/ws01/install/cpp03_action/lib/cpp03_action/demo02_client" to ""
[3.616s] -- Up-to-date: /home/jon/ws01/install/cpp03_action/share/ament_index/resource_index/package_run_dependencies/cpp03_action
[3.616s] -- Up-to-date: /home/jon/ws01/install/cpp03_action/share/ament_index/resource_index/parent_prefix_path/cpp03_action
[3.616s] -- Up-to-date: /home/jon/ws01/install/cpp03_action/share/cpp03_action/environment/ament_prefix_path.sh
[3.616s] -- Installing: /home/jon/ws01/install/cpp03_action/share/cpp03_action/environment/ament_prefix_path.dsv
[3.617s] -- Up-to-date: /home/jon/ws01/install/cpp03_action/share/cpp03_action/environment/path.sh
[3.617s] -- Installing: /home/jon/ws01/install/cpp03_action/share/cpp03_action/environment/path.dsv
[3.617s] -- Up-to-date: /home/jon/ws01/install/cpp03_action/share/cpp03_action/local_setup.bash
[3.617s] -- Up-to-date: /home/jon/ws01/install/cpp03_action/share/cpp03_action/local_setup.sh
[3.617s] -- Up-to-date: /home/jon/ws01/install/cpp03_action/share/cpp03_action/local_setup.zsh
[3.618s] -- Installing: /home/jon/ws01/install/cpp03_action/share/cpp03_action/local_setup.dsv
[3.618s] -- Installing: /home/jon/ws01/install/cpp03_action/share/cpp03_action/package.dsv
[3.618s] -- Up-to-date: /home/jon/ws01/install/cpp03_action/share/ament_index/resource_index/packages/cpp03_action
[3.618s] -- Up-to-date: /home/jon/ws01/install/cpp03_action/share/cpp03_action/cmake/cpp03_actionConfig.cmake
[3.618s] -- Up-to-date: /home/jon/ws01/install/cpp03_action/share/cpp03_action/cmake/cpp03_actionConfig-version.cmake
[3.618s] -- Up-to-date: /home/jon/ws01/install/cpp03_action/share/cpp03_action/package.xml
[3.623s] Invoked command in '/home/jon/ws01/build/cpp03_action' returned '0': CMAKE_PREFIX_PATH=/home/jon/ws01/install/base_demo:/home/jon/ws01/install/tutorails_plumbing:/home/jon/ws01/install/cpp07_exercise:/home/jon/ws01/install/turtlesim:/home/jon/ws01/install/cpp06_time:/home/jon/ws01/install/cpp05_names:/home/jon/ws01/install/cpp04_param:/home/jon/ws01/install/cpp03_action:/home/jon/ws01/install/cpp02_service:/home/jon/ws01/install/cpp01_topic:/opt/ros/humble LD_LIBRARY_PATH=/home/jon/ws01/install/base_demo/lib:/home/jon/ws01/install/turtlesim/lib:/opt/ros/humble/opt/rviz_ogre_vendor/lib:/opt/ros/humble/lib/x86_64-linux-gnu:/opt/ros/humble/lib /usr/bin/cmake --install /home/jon/ws01/build/cpp03_action
