[0.130s] DEBUG:colcon:Command line arguments: ['/usr/bin/colcon', 'build']
[0.131s] DEBUG:colcon:Parsed command line arguments: Namespace(log_base=None, log_level=None, verb_name='build', build_base='build', install_base='install', merge_install=False, symlink_install=False, test_result_base=None, continue_on_error=False, executor='parallel', parallel_workers=24, event_handlers=None, ignore_user_meta=False, metas=['./colcon.meta'], base_paths=['.'], packages_ignore=None, packages_ignore_regex=None, paths=None, packages_up_to=None, packages_up_to_regex=None, packages_above=None, packages_above_and_dependencies=None, packages_above_depth=None, packages_select_by_dep=None, packages_skip_by_dep=None, packages_skip_up_to=None, packages_select_build_failed=False, packages_skip_build_finished=False, packages_select_test_failures=False, packages_skip_test_passed=False, packages_select=None, packages_skip=None, packages_select_regex=None, packages_skip_regex=None, packages_start=None, packages_end=None, allow_overriding=[], cmake_args=None, cmake_target=None, cmake_target_skip_unavailable=False, cmake_clean_cache=False, cmake_clean_first=False, cmake_force_configure=False, ament_cmake_args=None, catkin_cmake_args=None, catkin_skip_building_tests=False, mixin_files=None, mixin=None, verb_parser=<colcon_mixin.mixin.mixin_argument.MixinArgumentDecorator object at 0x7aa541665c00>, verb_extension=<colcon_core.verb.build.BuildVerb object at 0x7aa541665570>, main=<bound method BuildVerb.main of <colcon_core.verb.build.BuildVerb object at 0x7aa541665570>>, mixin_verb=('build',))
[0.249s] Level 1:colcon.colcon_core.package_discovery:discover_packages(colcon_meta) check parameters
[0.249s] Level 1:colcon.colcon_core.package_discovery:discover_packages(recursive) check parameters
[0.249s] Level 1:colcon.colcon_core.package_discovery:discover_packages(ignore) check parameters
[0.249s] Level 1:colcon.colcon_core.package_discovery:discover_packages(path) check parameters
[0.249s] Level 1:colcon.colcon_core.package_discovery:discover_packages(colcon_meta) discover
[0.250s] Level 1:colcon.colcon_core.package_discovery:discover_packages(recursive) discover
[0.250s] INFO:colcon.colcon_core.package_discovery:Crawling recursively for packages in '/home/jon/ws01'
[0.250s] Level 1:colcon.colcon_core.package_identification:_identify(.) by extensions ['ignore', 'ignore_ament_install']
[0.250s] Level 1:colcon.colcon_core.package_identification:_identify(.) by extension 'ignore'
[0.250s] Level 1:colcon.colcon_core.package_identification:_identify(.) by extension 'ignore_ament_install'
[0.250s] Level 1:colcon.colcon_core.package_identification:_identify(.) by extensions ['colcon_pkg']
[0.250s] Level 1:colcon.colcon_core.package_identification:_identify(.) by extension 'colcon_pkg'
[0.250s] Level 1:colcon.colcon_core.package_identification:_identify(.) by extensions ['colcon_meta']
[0.250s] Level 1:colcon.colcon_core.package_identification:_identify(.) by extension 'colcon_meta'
[0.250s] Level 1:colcon.colcon_core.package_identification:_identify(.) by extensions ['ros']
[0.250s] Level 1:colcon.colcon_core.package_identification:_identify(.) by extension 'ros'
[0.255s] Level 1:colcon.colcon_core.package_identification:_identify(.) by extensions ['cmake', 'python']
[0.255s] Level 1:colcon.colcon_core.package_identification:_identify(.) by extension 'cmake'
[0.255s] Level 1:colcon.colcon_core.package_identification:_identify(.) by extension 'python'
[0.255s] Level 1:colcon.colcon_core.package_identification:_identify(.) by extensions ['python_setup_py']
[0.255s] Level 1:colcon.colcon_core.package_identification:_identify(.) by extension 'python_setup_py'
[0.256s] Level 1:colcon.colcon_core.package_identification:_identify(build) by extensions ['ignore', 'ignore_ament_install']
[0.256s] Level 1:colcon.colcon_core.package_identification:_identify(build) by extension 'ignore'
[0.256s] Level 1:colcon.colcon_core.package_identification:_identify(build) ignored
[0.256s] Level 1:colcon.colcon_core.package_identification:_identify(install) by extensions ['ignore', 'ignore_ament_install']
[0.256s] Level 1:colcon.colcon_core.package_identification:_identify(install) by extension 'ignore'
[0.256s] Level 1:colcon.colcon_core.package_identification:_identify(install) ignored
[0.256s] Level 1:colcon.colcon_core.package_identification:_identify(log) by extensions ['ignore', 'ignore_ament_install']
[0.256s] Level 1:colcon.colcon_core.package_identification:_identify(log) by extension 'ignore'
[0.256s] Level 1:colcon.colcon_core.package_identification:_identify(log) ignored
[0.256s] Level 1:colcon.colcon_core.package_identification:_identify(src) by extensions ['ignore', 'ignore_ament_install']
[0.256s] Level 1:colcon.colcon_core.package_identification:_identify(src) by extension 'ignore'
[0.256s] Level 1:colcon.colcon_core.package_identification:_identify(src) by extension 'ignore_ament_install'
[0.256s] Level 1:colcon.colcon_core.package_identification:_identify(src) by extensions ['colcon_pkg']
[0.256s] Level 1:colcon.colcon_core.package_identification:_identify(src) by extension 'colcon_pkg'
[0.256s] Level 1:colcon.colcon_core.package_identification:_identify(src) by extensions ['colcon_meta']
[0.256s] Level 1:colcon.colcon_core.package_identification:_identify(src) by extension 'colcon_meta'
[0.256s] Level 1:colcon.colcon_core.package_identification:_identify(src) by extensions ['ros']
[0.256s] Level 1:colcon.colcon_core.package_identification:_identify(src) by extension 'ros'
[0.256s] Level 1:colcon.colcon_core.package_identification:_identify(src) by extensions ['cmake', 'python']
[0.256s] Level 1:colcon.colcon_core.package_identification:_identify(src) by extension 'cmake'
[0.256s] Level 1:colcon.colcon_core.package_identification:_identify(src) by extension 'python'
[0.256s] Level 1:colcon.colcon_core.package_identification:_identify(src) by extensions ['python_setup_py']
[0.256s] Level 1:colcon.colcon_core.package_identification:_identify(src) by extension 'python_setup_py'
[0.256s] Level 1:colcon.colcon_core.package_identification:_identify(src/base_demo) by extensions ['ignore', 'ignore_ament_install']
[0.256s] Level 1:colcon.colcon_core.package_identification:_identify(src/base_demo) by extension 'ignore'
[0.256s] Level 1:colcon.colcon_core.package_identification:_identify(src/base_demo) by extension 'ignore_ament_install'
[0.256s] Level 1:colcon.colcon_core.package_identification:_identify(src/base_demo) by extensions ['colcon_pkg']
[0.256s] Level 1:colcon.colcon_core.package_identification:_identify(src/base_demo) by extension 'colcon_pkg'
[0.256s] Level 1:colcon.colcon_core.package_identification:_identify(src/base_demo) by extensions ['colcon_meta']
[0.256s] Level 1:colcon.colcon_core.package_identification:_identify(src/base_demo) by extension 'colcon_meta'
[0.256s] Level 1:colcon.colcon_core.package_identification:_identify(src/base_demo) by extensions ['ros']
[0.256s] Level 1:colcon.colcon_core.package_identification:_identify(src/base_demo) by extension 'ros'
[0.258s] DEBUG:colcon.colcon_core.package_identification:Package 'src/base_demo' with type 'ros.ament_cmake' and name 'base_demo'
[0.258s] Level 1:colcon.colcon_core.package_identification:_identify(src/cpp01_topic) by extensions ['ignore', 'ignore_ament_install']
[0.258s] Level 1:colcon.colcon_core.package_identification:_identify(src/cpp01_topic) by extension 'ignore'
[0.258s] Level 1:colcon.colcon_core.package_identification:_identify(src/cpp01_topic) by extension 'ignore_ament_install'
[0.258s] Level 1:colcon.colcon_core.package_identification:_identify(src/cpp01_topic) by extensions ['colcon_pkg']
[0.258s] Level 1:colcon.colcon_core.package_identification:_identify(src/cpp01_topic) by extension 'colcon_pkg'
[0.258s] Level 1:colcon.colcon_core.package_identification:_identify(src/cpp01_topic) by extensions ['colcon_meta']
[0.258s] Level 1:colcon.colcon_core.package_identification:_identify(src/cpp01_topic) by extension 'colcon_meta'
[0.258s] Level 1:colcon.colcon_core.package_identification:_identify(src/cpp01_topic) by extensions ['ros']
[0.258s] Level 1:colcon.colcon_core.package_identification:_identify(src/cpp01_topic) by extension 'ros'
[0.258s] DEBUG:colcon.colcon_core.package_identification:Package 'src/cpp01_topic' with type 'ros.ament_cmake' and name 'cpp01_topic'
[0.258s] Level 1:colcon.colcon_core.package_discovery:discover_packages(recursive) using defaults
[0.258s] Level 1:colcon.colcon_core.package_discovery:discover_packages(ignore) discover
[0.259s] Level 1:colcon.colcon_core.package_discovery:discover_packages(ignore) using defaults
[0.259s] Level 1:colcon.colcon_core.package_discovery:discover_packages(path) discover
[0.259s] Level 1:colcon.colcon_core.package_discovery:discover_packages(path) using defaults
[0.283s] Level 1:colcon.colcon_core.package_discovery:discover_packages(prefix_path) check parameters
[0.283s] Level 1:colcon.colcon_core.package_discovery:discover_packages(prefix_path) discover
[0.284s] DEBUG:colcon.colcon_installed_package_information.package_discovery:Found 2 installed packages in /home/jon/ros2_ws/install
[0.284s] DEBUG:colcon.colcon_installed_package_information.package_discovery:Found 273 installed packages in /opt/ros/humble
[0.285s] Level 1:colcon.colcon_core.package_discovery:discover_packages(prefix_path) using defaults
[0.302s] Level 5:colcon.colcon_core.verb:set package 'base_demo' build argument 'cmake_args' from command line to 'None'
[0.302s] Level 5:colcon.colcon_core.verb:set package 'base_demo' build argument 'cmake_target' from command line to 'None'
[0.302s] Level 5:colcon.colcon_core.verb:set package 'base_demo' build argument 'cmake_target_skip_unavailable' from command line to 'False'
[0.302s] Level 5:colcon.colcon_core.verb:set package 'base_demo' build argument 'cmake_clean_cache' from command line to 'False'
[0.302s] Level 5:colcon.colcon_core.verb:set package 'base_demo' build argument 'cmake_clean_first' from command line to 'False'
[0.302s] Level 5:colcon.colcon_core.verb:set package 'base_demo' build argument 'cmake_force_configure' from command line to 'False'
[0.302s] Level 5:colcon.colcon_core.verb:set package 'base_demo' build argument 'ament_cmake_args' from command line to 'None'
[0.302s] Level 5:colcon.colcon_core.verb:set package 'base_demo' build argument 'catkin_cmake_args' from command line to 'None'
[0.302s] Level 5:colcon.colcon_core.verb:set package 'base_demo' build argument 'catkin_skip_building_tests' from command line to 'False'
[0.302s] DEBUG:colcon.colcon_core.verb:Building package 'base_demo' with the following arguments: {'ament_cmake_args': None, 'build_base': '/home/jon/ws01/build/base_demo', 'catkin_cmake_args': None, 'catkin_skip_building_tests': False, 'cmake_args': None, 'cmake_clean_cache': False, 'cmake_clean_first': False, 'cmake_force_configure': False, 'cmake_target': None, 'cmake_target_skip_unavailable': False, 'install_base': '/home/jon/ws01/install/base_demo', 'merge_install': False, 'path': '/home/jon/ws01/src/base_demo', 'symlink_install': False, 'test_result_base': None}
[0.302s] Level 5:colcon.colcon_core.verb:set package 'cpp01_topic' build argument 'cmake_args' from command line to 'None'
[0.302s] Level 5:colcon.colcon_core.verb:set package 'cpp01_topic' build argument 'cmake_target' from command line to 'None'
[0.302s] Level 5:colcon.colcon_core.verb:set package 'cpp01_topic' build argument 'cmake_target_skip_unavailable' from command line to 'False'
[0.302s] Level 5:colcon.colcon_core.verb:set package 'cpp01_topic' build argument 'cmake_clean_cache' from command line to 'False'
[0.302s] Level 5:colcon.colcon_core.verb:set package 'cpp01_topic' build argument 'cmake_clean_first' from command line to 'False'
[0.302s] Level 5:colcon.colcon_core.verb:set package 'cpp01_topic' build argument 'cmake_force_configure' from command line to 'False'
[0.302s] Level 5:colcon.colcon_core.verb:set package 'cpp01_topic' build argument 'ament_cmake_args' from command line to 'None'
[0.302s] Level 5:colcon.colcon_core.verb:set package 'cpp01_topic' build argument 'catkin_cmake_args' from command line to 'None'
[0.302s] Level 5:colcon.colcon_core.verb:set package 'cpp01_topic' build argument 'catkin_skip_building_tests' from command line to 'False'
[0.302s] DEBUG:colcon.colcon_core.verb:Building package 'cpp01_topic' with the following arguments: {'ament_cmake_args': None, 'build_base': '/home/jon/ws01/build/cpp01_topic', 'catkin_cmake_args': None, 'catkin_skip_building_tests': False, 'cmake_args': None, 'cmake_clean_cache': False, 'cmake_clean_first': False, 'cmake_force_configure': False, 'cmake_target': None, 'cmake_target_skip_unavailable': False, 'install_base': '/home/jon/ws01/install/cpp01_topic', 'merge_install': False, 'path': '/home/jon/ws01/src/cpp01_topic', 'symlink_install': False, 'test_result_base': None}
[0.302s] INFO:colcon.colcon_core.executor:Executing jobs using 'parallel' executor
[0.303s] DEBUG:colcon.colcon_parallel_executor.executor.parallel:run_until_complete
[0.303s] INFO:colcon.colcon_ros.task.ament_cmake.build:Building ROS package in '/home/jon/ws01/src/base_demo' with build type 'ament_cmake'
[0.303s] INFO:colcon.colcon_cmake.task.cmake.build:Building CMake package in '/home/jon/ws01/src/base_demo'
[0.305s] INFO:colcon.colcon_core.plugin_system:Skipping extension 'colcon_core.shell.bat': Not used on non-Windows systems
[0.305s] INFO:colcon.colcon_core.shell:Skip shell extension 'powershell' for command environment: Not usable outside of PowerShell
[0.305s] DEBUG:colcon.colcon_core.shell:Skip shell extension 'dsv' for command environment
[0.310s] DEBUG:colcon.colcon_core.event_handler.log_command:Invoking command in '/home/jon/ws01/build/base_demo': CMAKE_PREFIX_PATH=${CMAKE_PREFIX_PATH}:/opt/ros/humble /usr/bin/cmake /home/jon/ws01/src/base_demo -DCMAKE_INSTALL_PREFIX=/home/jon/ws01/install/base_demo
[0.760s] DEBUG:colcon.colcon_core.event_handler.log_command:Invoked command in '/home/jon/ws01/build/base_demo' returned '0': CMAKE_PREFIX_PATH=${CMAKE_PREFIX_PATH}:/opt/ros/humble /usr/bin/cmake /home/jon/ws01/src/base_demo -DCMAKE_INSTALL_PREFIX=/home/jon/ws01/install/base_demo
[0.762s] DEBUG:colcon.colcon_core.event_handler.log_command:Invoking command in '/home/jon/ws01/build/base_demo': CMAKE_PREFIX_PATH=${CMAKE_PREFIX_PATH}:/opt/ros/humble /usr/bin/cmake --build /home/jon/ws01/build/base_demo -- -j24 -l24
[0.787s] DEBUG:colcon.colcon_core.event_handler.log_command:Invoked command in '/home/jon/ws01/build/base_demo' returned '0': CMAKE_PREFIX_PATH=${CMAKE_PREFIX_PATH}:/opt/ros/humble /usr/bin/cmake --build /home/jon/ws01/build/base_demo -- -j24 -l24
[0.795s] DEBUG:colcon.colcon_core.event_handler.log_command:Invoking command in '/home/jon/ws01/build/base_demo': CMAKE_PREFIX_PATH=${CMAKE_PREFIX_PATH}:/opt/ros/humble /usr/bin/cmake --install /home/jon/ws01/build/base_demo
[0.802s] Level 1:colcon.colcon_core.environment:create_environment_scripts_only(base_demo)
[0.802s] DEBUG:colcon.colcon_core.event_handler.log_command:Invoked command in '/home/jon/ws01/build/base_demo' returned '0': CMAKE_PREFIX_PATH=${CMAKE_PREFIX_PATH}:/opt/ros/humble /usr/bin/cmake --install /home/jon/ws01/build/base_demo
[0.806s] Level 1:colcon.colcon_core.environment:checking '/home/jon/ws01/install/base_demo' for CMake module files
[0.806s] Level 1:colcon.colcon_core.environment:checking '/home/jon/ws01/install/base_demo' for CMake config files
[0.806s] Level 1:colcon.colcon_core.shell:create_environment_hook('base_demo', 'cmake_prefix_path')
[0.807s] INFO:colcon.colcon_core.shell:Creating environment hook '/home/jon/ws01/install/base_demo/share/base_demo/hook/cmake_prefix_path.ps1'
[0.807s] INFO:colcon.colcon_core.shell:Creating environment descriptor '/home/jon/ws01/install/base_demo/share/base_demo/hook/cmake_prefix_path.dsv'
[0.808s] INFO:colcon.colcon_core.shell:Creating environment hook '/home/jon/ws01/install/base_demo/share/base_demo/hook/cmake_prefix_path.sh'
[0.809s] Level 1:colcon.colcon_core.environment:checking '/home/jon/ws01/install/base_demo/bin'
[0.809s] Level 1:colcon.colcon_core.environment:checking '/home/jon/ws01/install/base_demo/lib/pkgconfig/base_demo.pc'
[0.809s] Level 1:colcon.colcon_core.environment:checking '/home/jon/ws01/install/base_demo/lib/python3.10/site-packages'
[0.809s] Level 1:colcon.colcon_core.environment:checking '/home/jon/ws01/install/base_demo/bin'
[0.809s] INFO:colcon.colcon_core.shell:Creating package script '/home/jon/ws01/install/base_demo/share/base_demo/package.ps1'
[0.810s] INFO:colcon.colcon_core.shell:Creating package descriptor '/home/jon/ws01/install/base_demo/share/base_demo/package.dsv'
[0.810s] INFO:colcon.colcon_core.shell:Creating package script '/home/jon/ws01/install/base_demo/share/base_demo/package.sh'
[0.811s] INFO:colcon.colcon_core.shell:Creating package script '/home/jon/ws01/install/base_demo/share/base_demo/package.bash'
[0.812s] INFO:colcon.colcon_core.shell:Creating package script '/home/jon/ws01/install/base_demo/share/base_demo/package.zsh'
[0.812s] Level 1:colcon.colcon_core.environment:create_file_with_runtime_dependencies(/home/jon/ws01/install/base_demo/share/colcon-core/packages/base_demo)
[0.813s] Level 1:colcon.colcon_core.environment:create_environment_scripts_only(base_demo)
[0.813s] Level 1:colcon.colcon_core.environment:checking '/home/jon/ws01/install/base_demo' for CMake module files
[0.813s] Level 1:colcon.colcon_core.environment:checking '/home/jon/ws01/install/base_demo' for CMake config files
[0.813s] Level 1:colcon.colcon_core.shell:create_environment_hook('base_demo', 'cmake_prefix_path')
[0.813s] INFO:colcon.colcon_core.shell:Creating environment hook '/home/jon/ws01/install/base_demo/share/base_demo/hook/cmake_prefix_path.ps1'
[0.814s] INFO:colcon.colcon_core.shell:Creating environment descriptor '/home/jon/ws01/install/base_demo/share/base_demo/hook/cmake_prefix_path.dsv'
[0.814s] INFO:colcon.colcon_core.shell:Creating environment hook '/home/jon/ws01/install/base_demo/share/base_demo/hook/cmake_prefix_path.sh'
[0.814s] Level 1:colcon.colcon_core.environment:checking '/home/jon/ws01/install/base_demo/bin'
[0.814s] Level 1:colcon.colcon_core.environment:checking '/home/jon/ws01/install/base_demo/lib/pkgconfig/base_demo.pc'
[0.814s] Level 1:colcon.colcon_core.environment:checking '/home/jon/ws01/install/base_demo/lib/python3.10/site-packages'
[0.814s] Level 1:colcon.colcon_core.environment:checking '/home/jon/ws01/install/base_demo/bin'
[0.815s] INFO:colcon.colcon_core.shell:Creating package script '/home/jon/ws01/install/base_demo/share/base_demo/package.ps1'
[0.815s] INFO:colcon.colcon_core.shell:Creating package descriptor '/home/jon/ws01/install/base_demo/share/base_demo/package.dsv'
[0.815s] INFO:colcon.colcon_core.shell:Creating package script '/home/jon/ws01/install/base_demo/share/base_demo/package.sh'
[0.816s] INFO:colcon.colcon_core.shell:Creating package script '/home/jon/ws01/install/base_demo/share/base_demo/package.bash'
[0.816s] INFO:colcon.colcon_core.shell:Creating package script '/home/jon/ws01/install/base_demo/share/base_demo/package.zsh'
[0.816s] Level 1:colcon.colcon_core.environment:create_file_with_runtime_dependencies(/home/jon/ws01/install/base_demo/share/colcon-core/packages/base_demo)
[0.817s] INFO:colcon.colcon_ros.task.ament_cmake.build:Building ROS package in '/home/jon/ws01/src/cpp01_topic' with build type 'ament_cmake'
[0.817s] INFO:colcon.colcon_cmake.task.cmake.build:Building CMake package in '/home/jon/ws01/src/cpp01_topic'
[0.817s] INFO:colcon.colcon_core.shell:Skip shell extension 'powershell' for command environment: Not usable outside of PowerShell
[0.817s] DEBUG:colcon.colcon_core.shell:Skip shell extension 'dsv' for command environment
[0.823s] DEBUG:colcon.colcon_core.event_handler.log_command:Invoking command in '/home/jon/ws01/build/cpp01_topic': AMENT_PREFIX_PATH=/home/jon/ws01/install/base_demo:${AMENT_PREFIX_PATH} CMAKE_PREFIX_PATH=/home/jon/ws01/install/base_demo:/home/jon/ros2_ws/install/hellovscode_cpp:/home/jon/ros2_ws/install/hello_cpp:/opt/ros/humble /usr/bin/cmake /home/jon/ws01/src/cpp01_topic -DCMAKE_INSTALL_PREFIX=/home/jon/ws01/install/cpp01_topic
[1.462s] DEBUG:colcon.colcon_core.event_handler.log_command:Invoked command in '/home/jon/ws01/build/cpp01_topic' returned '0': AMENT_PREFIX_PATH=/home/jon/ws01/install/base_demo:${AMENT_PREFIX_PATH} CMAKE_PREFIX_PATH=/home/jon/ws01/install/base_demo:/home/jon/ros2_ws/install/hellovscode_cpp:/home/jon/ros2_ws/install/hello_cpp:/opt/ros/humble /usr/bin/cmake /home/jon/ws01/src/cpp01_topic -DCMAKE_INSTALL_PREFIX=/home/jon/ws01/install/cpp01_topic
[1.462s] DEBUG:colcon.colcon_core.event_handler.log_command:Invoking command in '/home/jon/ws01/build/cpp01_topic': AMENT_PREFIX_PATH=/home/jon/ws01/install/base_demo:${AMENT_PREFIX_PATH} CMAKE_PREFIX_PATH=/home/jon/ws01/install/base_demo:/home/jon/ros2_ws/install/hellovscode_cpp:/home/jon/ros2_ws/install/hello_cpp:/opt/ros/humble /usr/bin/cmake --build /home/jon/ws01/build/cpp01_topic -- -j24 -l24
[2.878s] DEBUG:colcon.colcon_core.event_handler.log_command:Invoked command in '/home/jon/ws01/build/cpp01_topic' returned '2': AMENT_PREFIX_PATH=/home/jon/ws01/install/base_demo:${AMENT_PREFIX_PATH} CMAKE_PREFIX_PATH=/home/jon/ws01/install/base_demo:/home/jon/ros2_ws/install/hellovscode_cpp:/home/jon/ros2_ws/install/hello_cpp:/opt/ros/humble /usr/bin/cmake --build /home/jon/ws01/build/cpp01_topic -- -j24 -l24
[2.878s] Level 1:colcon.colcon_core.environment:create_environment_scripts_only(cpp01_topic)
[2.878s] Level 1:colcon.colcon_core.environment:checking '/home/jon/ws01/install/cpp01_topic' for CMake module files
[2.878s] Level 1:colcon.colcon_core.environment:checking '/home/jon/ws01/install/cpp01_topic' for CMake config files
[2.878s] Level 1:colcon.colcon_core.environment:checking '/home/jon/ws01/install/cpp01_topic/bin'
[2.878s] Level 1:colcon.colcon_core.environment:checking '/home/jon/ws01/install/cpp01_topic/lib/pkgconfig/cpp01_topic.pc'
[2.878s] Level 1:colcon.colcon_core.environment:checking '/home/jon/ws01/install/cpp01_topic/lib/python3.10/site-packages'
[2.879s] Level 1:colcon.colcon_core.environment:checking '/home/jon/ws01/install/cpp01_topic/bin'
[2.879s] INFO:colcon.colcon_core.shell:Creating package script '/home/jon/ws01/install/cpp01_topic/share/cpp01_topic/package.ps1'
[2.879s] INFO:colcon.colcon_core.shell:Creating package descriptor '/home/jon/ws01/install/cpp01_topic/share/cpp01_topic/package.dsv'
[2.879s] INFO:colcon.colcon_core.shell:Creating package script '/home/jon/ws01/install/cpp01_topic/share/cpp01_topic/package.sh'
[2.879s] INFO:colcon.colcon_core.shell:Creating package script '/home/jon/ws01/install/cpp01_topic/share/cpp01_topic/package.bash'
[2.879s] INFO:colcon.colcon_core.shell:Creating package script '/home/jon/ws01/install/cpp01_topic/share/cpp01_topic/package.zsh'
[2.880s] Level 1:colcon.colcon_core.environment:create_file_with_runtime_dependencies(/home/jon/ws01/install/cpp01_topic/share/colcon-core/packages/cpp01_topic)
[2.890s] DEBUG:colcon.colcon_parallel_executor.executor.parallel:closing loop
[2.890s] DEBUG:colcon.colcon_parallel_executor.executor.parallel:loop closed
[2.890s] DEBUG:colcon.colcon_parallel_executor.executor.parallel:run_until_complete finished with '2'
[2.890s] DEBUG:colcon.colcon_core.event_reactor:joining thread
[2.896s] INFO:colcon.colcon_core.plugin_system:Skipping extension 'colcon_notification.desktop_notification.terminal_notifier': Not used on non-Darwin systems
[2.896s] INFO:colcon.colcon_core.plugin_system:Skipping extension 'colcon_notification.desktop_notification.win32': Not used on non-Windows systems
[2.896s] INFO:colcon.colcon_notification.desktop_notification:Sending desktop notification using 'notify2'
[2.917s] DEBUG:colcon.colcon_core.event_reactor:joined thread
[2.918s] INFO:colcon.colcon_core.shell:Creating prefix script '/home/jon/ws01/install/local_setup.ps1'
[2.918s] INFO:colcon.colcon_core.shell:Creating prefix util module '/home/jon/ws01/install/_local_setup_util_ps1.py'
[2.919s] INFO:colcon.colcon_core.shell:Creating prefix chain script '/home/jon/ws01/install/setup.ps1'
[2.919s] INFO:colcon.colcon_core.shell:Creating prefix script '/home/jon/ws01/install/local_setup.sh'
[2.922s] INFO:colcon.colcon_core.shell:Creating prefix util module '/home/jon/ws01/install/_local_setup_util_sh.py'
[2.924s] INFO:colcon.colcon_core.shell:Creating prefix chain script '/home/jon/ws01/install/setup.sh'
[2.925s] INFO:colcon.colcon_core.shell:Creating prefix script '/home/jon/ws01/install/local_setup.bash'
[2.925s] INFO:colcon.colcon_core.shell:Creating prefix chain script '/home/jon/ws01/install/setup.bash'
[2.926s] INFO:colcon.colcon_core.shell:Creating prefix script '/home/jon/ws01/install/local_setup.zsh'
[2.926s] INFO:colcon.colcon_core.shell:Creating prefix chain script '/home/jon/ws01/install/setup.zsh'
