[0.007s] Invoking command in '/home/jon/ws01/src/build/cpp01_topic': AMENT_PREFIX_PATH=/home/jon/ws01/src/install/base_demo:${AMENT_PREFIX_PATH} CMAKE_PREFIX_PATH=/home/jon/ws01/src/install/base_demo:/home/jon/ros2_ws/install/hellovscode_cpp:/home/jon/ros2_ws/install/hello_cpp:/opt/ros/humble LD_LIBRARY_PATH=/home/jon/ws01/src/install/base_demo/lib:${LD_LIBRARY_PATH} PYTHONPATH=/home/jon/ws01/src/install/base_demo/local/lib/python3.10/dist-packages:${PYTHONPATH} /usr/bin/cmake /home/jon/ws01/src/cpp01_topic -DCMAKE_INSTALL_PREFIX=/home/jon/ws01/src/install/cpp01_topic
[0.041s] -- The C compiler identification is GNU 11.4.0
[0.070s] -- The CXX compiler identification is GNU 11.4.0
[0.073s] -- Detecting C compiler ABI info
[0.113s] -- Detecting C compiler ABI info - done
[0.113s] -- Check for working C compiler: /usr/bin/cc - skipped
[0.113s] -- Detecting C compile features
[0.113s] -- Detecting C compile features - done
[0.116s] -- Detecting CXX compiler ABI info
[0.159s] -- Detecting CXX compiler ABI info - done
[0.161s] -- Check for working CXX compiler: /usr/bin/c++ - skipped
[0.161s] -- Detecting CXX compile features
[0.161s] -- Detecting CXX compile features - done
[0.162s] -- Found ament_cmake: 1.3.14 (/opt/ros/humble/share/ament_cmake/cmake)
[0.245s] -- Found Python3: /usr/bin/python3 (found version "3.10.12") found components: Interpreter 
[0.289s] -- Found rclcpp: 16.0.21 (/opt/ros/humble/share/rclcpp/cmake)
[0.309s] -- Found rosidl_generator_c: 3.1.9 (/opt/ros/humble/share/rosidl_generator_c/cmake)
[0.311s] -- Found rosidl_adapter: 3.1.9 (/opt/ros/humble/share/rosidl_adapter/cmake)
[0.315s] -- Found rosidl_generator_cpp: 3.1.9 (/opt/ros/humble/share/rosidl_generator_cpp/cmake)
[0.320s] -- Using all available rosidl_typesupport_c: rosidl_typesupport_fastrtps_c;rosidl_typesupport_introspection_c
[0.326s] -- Using all available rosidl_typesupport_cpp: rosidl_typesupport_fastrtps_cpp;rosidl_typesupport_introspection_cpp
[0.348s] -- Found rmw_implementation_cmake: 6.1.4 (/opt/ros/humble/share/rmw_implementation_cmake/cmake)
[0.350s] -- Found rmw_fastrtps_cpp: 6.2.10 (/opt/ros/humble/share/rmw_fastrtps_cpp/cmake)
[0.404s] -- Found OpenSSL: /usr/lib/x86_64-linux-gnu/libcrypto.so (found version "3.0.2")  
[0.418s] -- Found FastRTPS: /opt/ros/humble/include  
[0.438s] -- Using RMW implementation 'rmw_fastrtps_cpp' as default
[0.442s] -- Looking for pthread.h
[0.483s] -- Looking for pthread.h - found
[0.483s] -- Performing Test CMAKE_HAVE_LIBC_PTHREAD
[0.525s] -- Performing Test CMAKE_HAVE_LIBC_PTHREAD - Success
[0.526s] -- Found Threads: TRUE  
[0.556s] -- Found base_demo: 0.0.0 (/home/jon/ws01/src/install/base_demo/share/base_demo/cmake)
[0.574s] -- Found ament_lint_auto: 0.12.15 (/opt/ros/humble/share/ament_lint_auto/cmake)
[0.608s] -- Added test 'cppcheck' to perform static code analysis on C / C++ code
[0.609s] -- Configured cppcheck include dirs: $<BUILD_INTERFACE:/home/jon/ws01/src/cpp01_topic/include>
[0.609s] -- Configured cppcheck exclude dirs and/or files: 
[0.609s] -- Added test 'lint_cmake' to check CMake code style
[0.609s] -- Added test 'uncrustify' to check C / C++ code style
[0.609s] -- Configured uncrustify additional arguments: 
[0.609s] -- Added test 'xmllint' to check XML markup files
[0.610s] -- Configuring done
[0.619s] -- Generating done
[0.621s] -- Build files have been written to: /home/jon/ws01/src/build/cpp01_topic
[0.628s] Invoked command in '/home/jon/ws01/src/build/cpp01_topic' returned '0': AMENT_PREFIX_PATH=/home/jon/ws01/src/install/base_demo:${AMENT_PREFIX_PATH} CMAKE_PREFIX_PATH=/home/jon/ws01/src/install/base_demo:/home/jon/ros2_ws/install/hellovscode_cpp:/home/jon/ros2_ws/install/hello_cpp:/opt/ros/humble LD_LIBRARY_PATH=/home/jon/ws01/src/install/base_demo/lib:${LD_LIBRARY_PATH} PYTHONPATH=/home/jon/ws01/src/install/base_demo/local/lib/python3.10/dist-packages:${PYTHONPATH} /usr/bin/cmake /home/jon/ws01/src/cpp01_topic -DCMAKE_INSTALL_PREFIX=/home/jon/ws01/src/install/cpp01_topic
[0.629s] Invoking command in '/home/jon/ws01/src/build/cpp01_topic': AMENT_PREFIX_PATH=/home/jon/ws01/src/install/base_demo:${AMENT_PREFIX_PATH} CMAKE_PREFIX_PATH=/home/jon/ws01/src/install/base_demo:/home/jon/ros2_ws/install/hellovscode_cpp:/home/jon/ros2_ws/install/hello_cpp:/opt/ros/humble LD_LIBRARY_PATH=/home/jon/ws01/src/install/base_demo/lib:${LD_LIBRARY_PATH} PYTHONPATH=/home/jon/ws01/src/install/base_demo/local/lib/python3.10/dist-packages:${PYTHONPATH} /usr/bin/cmake --build /home/jon/ws01/src/build/cpp01_topic -- -j24 -l24
[0.655s] [ 12%] [32mBuilding CXX object CMakeFiles/demo01_talker.dir/src/demo01_talker.cpp.o[0m
[0.658s] [ 25%] [32mBuilding CXX object CMakeFiles/demo02_listener.dir/src/demo02_listener.cpp.o[0m
[0.658s] [ 37%] [32mBuilding CXX object CMakeFiles/demo04_listener.dir/src/demo04_listener.cpp.o[0m
[0.658s] [ 50%] [32mBuilding CXX object CMakeFiles/demo03_talker.dir/src/demo03_talker.cpp.o[0m
[2.768s] [ 62%] [32m[1mLinking CXX executable demo03_talker[0m
[2.775s] [ 75%] [32m[1mLinking CXX executable demo01_talker[0m
[2.874s] [ 75%] Built target demo03_talker
[2.877s] [ 75%] Built target demo01_talker
[4.721s] [ 87%] [32m[1mLinking CXX executable demo04_listener[0m
[4.723s] [100%] [32m[1mLinking CXX executable demo02_listener[0m
[4.902s] [100%] Built target demo04_listener
[4.930s] [100%] Built target demo02_listener
[4.942s] Invoked command in '/home/jon/ws01/src/build/cpp01_topic' returned '0': AMENT_PREFIX_PATH=/home/jon/ws01/src/install/base_demo:${AMENT_PREFIX_PATH} CMAKE_PREFIX_PATH=/home/jon/ws01/src/install/base_demo:/home/jon/ros2_ws/install/hellovscode_cpp:/home/jon/ros2_ws/install/hello_cpp:/opt/ros/humble LD_LIBRARY_PATH=/home/jon/ws01/src/install/base_demo/lib:${LD_LIBRARY_PATH} PYTHONPATH=/home/jon/ws01/src/install/base_demo/local/lib/python3.10/dist-packages:${PYTHONPATH} /usr/bin/cmake --build /home/jon/ws01/src/build/cpp01_topic -- -j24 -l24
[4.943s] Invoking command in '/home/jon/ws01/src/build/cpp01_topic': AMENT_PREFIX_PATH=/home/jon/ws01/src/install/base_demo:${AMENT_PREFIX_PATH} CMAKE_PREFIX_PATH=/home/jon/ws01/src/install/base_demo:/home/jon/ros2_ws/install/hellovscode_cpp:/home/jon/ros2_ws/install/hello_cpp:/opt/ros/humble LD_LIBRARY_PATH=/home/jon/ws01/src/install/base_demo/lib:${LD_LIBRARY_PATH} PYTHONPATH=/home/jon/ws01/src/install/base_demo/local/lib/python3.10/dist-packages:${PYTHONPATH} /usr/bin/cmake --install /home/jon/ws01/src/build/cpp01_topic
[4.946s] -- Install configuration: ""
[4.946s] -- Installing: /home/jon/ws01/src/install/cpp01_topic/lib/cpp01_topic/demo01_talker
[4.947s] -- Set runtime path of "/home/jon/ws01/src/install/cpp01_topic/lib/cpp01_topic/demo01_talker" to ""
[4.947s] -- Installing: /home/jon/ws01/src/install/cpp01_topic/lib/cpp01_topic/demo02_listener
[4.949s] -- Set runtime path of "/home/jon/ws01/src/install/cpp01_topic/lib/cpp01_topic/demo02_listener" to ""
[4.949s] -- Installing: /home/jon/ws01/src/install/cpp01_topic/lib/cpp01_topic/demo03_talker
[4.949s] -- Set runtime path of "/home/jon/ws01/src/install/cpp01_topic/lib/cpp01_topic/demo03_talker" to ""
[4.949s] -- Installing: /home/jon/ws01/src/install/cpp01_topic/lib/cpp01_topic/demo04_listener
[4.951s] -- Set runtime path of "/home/jon/ws01/src/install/cpp01_topic/lib/cpp01_topic/demo04_listener" to ""
[4.951s] -- Installing: /home/jon/ws01/src/install/cpp01_topic/share/ament_index/resource_index/package_run_dependencies/cpp01_topic
[4.951s] -- Installing: /home/jon/ws01/src/install/cpp01_topic/share/ament_index/resource_index/parent_prefix_path/cpp01_topic
[4.951s] -- Installing: /home/jon/ws01/src/install/cpp01_topic/share/cpp01_topic/environment/ament_prefix_path.sh
[4.951s] -- Installing: /home/jon/ws01/src/install/cpp01_topic/share/cpp01_topic/environment/ament_prefix_path.dsv
[4.951s] -- Installing: /home/jon/ws01/src/install/cpp01_topic/share/cpp01_topic/environment/path.sh
[4.952s] -- Installing: /home/jon/ws01/src/install/cpp01_topic/share/cpp01_topic/environment/path.dsv
[4.952s] -- Installing: /home/jon/ws01/src/install/cpp01_topic/share/cpp01_topic/local_setup.bash
[4.952s] -- Installing: /home/jon/ws01/src/install/cpp01_topic/share/cpp01_topic/local_setup.sh
[4.952s] -- Installing: /home/jon/ws01/src/install/cpp01_topic/share/cpp01_topic/local_setup.zsh
[4.952s] -- Installing: /home/jon/ws01/src/install/cpp01_topic/share/cpp01_topic/local_setup.dsv
[4.952s] -- Installing: /home/jon/ws01/src/install/cpp01_topic/share/cpp01_topic/package.dsv
[4.952s] -- Installing: /home/jon/ws01/src/install/cpp01_topic/share/ament_index/resource_index/packages/cpp01_topic
[4.952s] -- Installing: /home/jon/ws01/src/install/cpp01_topic/share/cpp01_topic/cmake/cpp01_topicConfig.cmake
[4.952s] -- Installing: /home/jon/ws01/src/install/cpp01_topic/share/cpp01_topic/cmake/cpp01_topicConfig-version.cmake
[4.952s] -- Installing: /home/jon/ws01/src/install/cpp01_topic/share/cpp01_topic/package.xml
[4.954s] Invoked command in '/home/jon/ws01/src/build/cpp01_topic' returned '0': AMENT_PREFIX_PATH=/home/jon/ws01/src/install/base_demo:${AMENT_PREFIX_PATH} CMAKE_PREFIX_PATH=/home/jon/ws01/src/install/base_demo:/home/jon/ros2_ws/install/hellovscode_cpp:/home/jon/ros2_ws/install/hello_cpp:/opt/ros/humble LD_LIBRARY_PATH=/home/jon/ws01/src/install/base_demo/lib:${LD_LIBRARY_PATH} PYTHONPATH=/home/jon/ws01/src/install/base_demo/local/lib/python3.10/dist-packages:${PYTHONPATH} /usr/bin/cmake --install /home/jon/ws01/src/build/cpp01_topic
