[0.007s] Invoking command in '/home/jon/ros2_ws/build/hellovscode_cpp': CMAKE_PREFIX_PATH=${CMAKE_PREFIX_PATH}:/opt/ros/humble /usr/bin/cmake /home/jon/ros2_ws/src/hellovscode_cpp -DCMAKE_INSTALL_PREFIX=/home/jon/ros2_ws/install/hellovscode_cpp
[0.043s] -- The C compiler identification is GNU 11.4.0
[0.080s] -- The CXX compiler identification is GNU 11.4.0
[0.085s] -- Detecting C compiler ABI info
[0.129s] -- Detecting C compiler ABI info - done
[0.132s] -- Check for working C compiler: /usr/bin/cc - skipped
[0.132s] -- Detecting C compile features
[0.132s] -- Detecting C compile features - done
[0.134s] -- Detecting CXX compiler ABI info
[0.177s] -- Detecting CXX compiler ABI info - done
[0.179s] -- Check for working CXX compiler: /usr/bin/c++ - skipped
[0.179s] -- Detecting CXX compile features
[0.179s] -- Detecting CXX compile features - done
[0.180s] -- Found ament_cmake: 1.3.14 (/opt/ros/humble/share/ament_cmake/cmake)
[0.257s] -- Found Python3: /usr/bin/python3 (found version "3.10.12") found components: Interpreter 
[0.297s] -- Found rclcpp: 16.0.21 (/opt/ros/humble/share/rclcpp/cmake)
[0.317s] -- Found rosidl_generator_c: 3.1.9 (/opt/ros/humble/share/rosidl_generator_c/cmake)
[0.317s] -- Found rosidl_adapter: 3.1.9 (/opt/ros/humble/share/rosidl_adapter/cmake)
[0.322s] -- Found rosidl_generator_cpp: 3.1.9 (/opt/ros/humble/share/rosidl_generator_cpp/cmake)
[0.326s] -- Using all available rosidl_typesupport_c: rosidl_typesupport_fastrtps_c;rosidl_typesupport_introspection_c
[0.334s] -- Using all available rosidl_typesupport_cpp: rosidl_typesupport_fastrtps_cpp;rosidl_typesupport_introspection_cpp
[0.352s] -- Found rmw_implementation_cmake: 6.1.4 (/opt/ros/humble/share/rmw_implementation_cmake/cmake)
[0.352s] -- Found rmw_fastrtps_cpp: 6.2.10 (/opt/ros/humble/share/rmw_fastrtps_cpp/cmake)
[0.395s] -- Found OpenSSL: /usr/lib/x86_64-linux-gnu/libcrypto.so (found version "3.0.2")  
[0.408s] -- Found FastRTPS: /opt/ros/humble/include  
[0.425s] -- Using RMW implementation 'rmw_fastrtps_cpp' as default
[0.428s] -- Looking for pthread.h
[0.477s] -- Looking for pthread.h - found
[0.477s] -- Performing Test CMAKE_HAVE_LIBC_PTHREAD
[0.527s] -- Performing Test CMAKE_HAVE_LIBC_PTHREAD - Success
[0.527s] -- Found Threads: TRUE  
[0.551s] -- Found ament_lint_auto: 0.12.15 (/opt/ros/humble/share/ament_lint_auto/cmake)
[0.595s] -- Added test 'cppcheck' to perform static code analysis on C / C++ code
[0.595s] -- Configured cppcheck include dirs: $<BUILD_INTERFACE:/home/jon/ros2_ws/src/hellovscode_cpp/include>
[0.595s] -- Configured cppcheck exclude dirs and/or files: 
[0.595s] -- Added test 'lint_cmake' to check CMake code style
[0.595s] -- Added test 'uncrustify' to check C / C++ code style
[0.595s] -- Configured uncrustify additional arguments: 
[0.595s] -- Added test 'xmllint' to check XML markup files
[0.595s] -- Configuring done
[0.600s] -- Generating done
[0.600s] -- Build files have been written to: /home/jon/ros2_ws/build/hellovscode_cpp
[0.608s] Invoked command in '/home/jon/ros2_ws/build/hellovscode_cpp' returned '0': CMAKE_PREFIX_PATH=${CMAKE_PREFIX_PATH}:/opt/ros/humble /usr/bin/cmake /home/jon/ros2_ws/src/hellovscode_cpp -DCMAKE_INSTALL_PREFIX=/home/jon/ros2_ws/install/hellovscode_cpp
[0.608s] Invoking command in '/home/jon/ros2_ws/build/hellovscode_cpp': CMAKE_PREFIX_PATH=${CMAKE_PREFIX_PATH}:/opt/ros/humble /usr/bin/cmake --build /home/jon/ros2_ws/build/hellovscode_cpp -- -j24 -l24
[0.643s] [ 50%] [32mBuilding CXX object CMakeFiles/hellovscode.dir/src/hellovscode.cpp.o[0m
[0.663s] [100%] [32m[1mLinking CXX executable hellovscode[0m
[0.704s] [100%] Built target hellovscode
[0.713s] Invoked command in '/home/jon/ros2_ws/build/hellovscode_cpp' returned '0': CMAKE_PREFIX_PATH=${CMAKE_PREFIX_PATH}:/opt/ros/humble /usr/bin/cmake --build /home/jon/ros2_ws/build/hellovscode_cpp -- -j24 -l24
[0.714s] Invoking command in '/home/jon/ros2_ws/build/hellovscode_cpp': CMAKE_PREFIX_PATH=${CMAKE_PREFIX_PATH}:/opt/ros/humble /usr/bin/cmake --install /home/jon/ros2_ws/build/hellovscode_cpp
[0.718s] -- Install configuration: ""
[0.718s] -- Installing: /home/jon/ros2_ws/install/hellovscode_cpp/lib/hellovscode_cpp/hellovscode
[0.718s] -- Set runtime path of "/home/jon/ros2_ws/install/hellovscode_cpp/lib/hellovscode_cpp/hellovscode" to ""
[0.718s] -- Installing: /home/jon/ros2_ws/install/hellovscode_cpp/share/ament_index/resource_index/package_run_dependencies/hellovscode_cpp
[0.718s] -- Installing: /home/jon/ros2_ws/install/hellovscode_cpp/share/ament_index/resource_index/parent_prefix_path/hellovscode_cpp
[0.718s] -- Installing: /home/jon/ros2_ws/install/hellovscode_cpp/share/hellovscode_cpp/environment/ament_prefix_path.sh
[0.718s] -- Installing: /home/jon/ros2_ws/install/hellovscode_cpp/share/hellovscode_cpp/environment/ament_prefix_path.dsv
[0.718s] -- Installing: /home/jon/ros2_ws/install/hellovscode_cpp/share/hellovscode_cpp/environment/path.sh
[0.718s] -- Installing: /home/jon/ros2_ws/install/hellovscode_cpp/share/hellovscode_cpp/environment/path.dsv
[0.719s] -- Installing: /home/jon/ros2_ws/install/hellovscode_cpp/share/hellovscode_cpp/local_setup.bash
[0.719s] -- Installing: /home/jon/ros2_ws/install/hellovscode_cpp/share/hellovscode_cpp/local_setup.sh
[0.719s] -- Installing: /home/jon/ros2_ws/install/hellovscode_cpp/share/hellovscode_cpp/local_setup.zsh
[0.719s] -- Installing: /home/jon/ros2_ws/install/hellovscode_cpp/share/hellovscode_cpp/local_setup.dsv
[0.719s] -- Installing: /home/jon/ros2_ws/install/hellovscode_cpp/share/hellovscode_cpp/package.dsv
[0.719s] -- Installing: /home/jon/ros2_ws/install/hellovscode_cpp/share/ament_index/resource_index/packages/hellovscode_cpp
[0.720s] -- Installing: /home/jon/ros2_ws/install/hellovscode_cpp/share/hellovscode_cpp/cmake/hellovscode_cppConfig.cmake
[0.720s] -- Installing: /home/jon/ros2_ws/install/hellovscode_cpp/share/hellovscode_cpp/cmake/hellovscode_cppConfig-version.cmake
[0.721s] -- Installing: /home/jon/ros2_ws/install/hellovscode_cpp/share/hellovscode_cpp/package.xml
[0.721s] Invoked command in '/home/jon/ros2_ws/build/hellovscode_cpp' returned '0': CMAKE_PREFIX_PATH=${CMAKE_PREFIX_PATH}:/opt/ros/humble /usr/bin/cmake --install /home/jon/ros2_ws/build/hellovscode_cpp
