[0.006s] Invoking command in '/home/jon/ws01/build/cpp02_service': AMENT_PREFIX_PATH=/home/jon/ws01/install/base_demo:${AMENT_PREFIX_PATH} CMAKE_PREFIX_PATH=/home/jon/ws01/install/base_demo:/home/jon/ros2_ws/install/hellovscode_cpp:/home/jon/ros2_ws/install/hello_cpp:/opt/ros/humble LD_LIBRARY_PATH=/home/jon/ws01/install/base_demo/lib:${LD_LIBRARY_PATH} PYTHONPATH=/home/jon/ws01/install/base_demo/local/lib/python3.10/dist-packages:${PYTHONPATH} /usr/bin/cmake --build /home/jon/ws01/build/cpp02_service -- -j24 -l24
[0.047s] [ 25%] [32mBuilding CXX object CMakeFiles/demo02_client.dir/src/demo02_client.cpp.o[0m
[0.047s] [ 50%] [32mBuilding CXX object CMakeFiles/demo01_server.dir/src/demo01_server.cpp.o[0m
[1.435s] [ 75%] [32m[1mLinking CXX executable demo02_client[0m
[1.520s] [ 75%] Built target demo02_client
[1.685s] [100%] [32m[1mLinking CXX executable demo01_server[0m
[1.763s] [100%] Built target demo01_server
[1.771s] Invoked command in '/home/jon/ws01/build/cpp02_service' returned '0': AMENT_PREFIX_PATH=/home/jon/ws01/install/base_demo:${AMENT_PREFIX_PATH} CMAKE_PREFIX_PATH=/home/jon/ws01/install/base_demo:/home/jon/ros2_ws/install/hellovscode_cpp:/home/jon/ros2_ws/install/hello_cpp:/opt/ros/humble LD_LIBRARY_PATH=/home/jon/ws01/install/base_demo/lib:${LD_LIBRARY_PATH} PYTHONPATH=/home/jon/ws01/install/base_demo/local/lib/python3.10/dist-packages:${PYTHONPATH} /usr/bin/cmake --build /home/jon/ws01/build/cpp02_service -- -j24 -l24
[1.772s] Invoking command in '/home/jon/ws01/build/cpp02_service': AMENT_PREFIX_PATH=/home/jon/ws01/install/base_demo:${AMENT_PREFIX_PATH} CMAKE_PREFIX_PATH=/home/jon/ws01/install/base_demo:/home/jon/ros2_ws/install/hellovscode_cpp:/home/jon/ros2_ws/install/hello_cpp:/opt/ros/humble LD_LIBRARY_PATH=/home/jon/ws01/install/base_demo/lib:${LD_LIBRARY_PATH} PYTHONPATH=/home/jon/ws01/install/base_demo/local/lib/python3.10/dist-packages:${PYTHONPATH} /usr/bin/cmake --install /home/jon/ws01/build/cpp02_service
[1.778s] -- Install configuration: ""
[1.778s] -- Installing: /home/jon/ws01/install/cpp02_service/lib/cpp02_service/demo01_server
[1.778s] -- Set runtime path of "/home/jon/ws01/install/cpp02_service/lib/cpp02_service/demo01_server" to ""
[1.778s] -- Installing: /home/jon/ws01/install/cpp02_service/lib/cpp02_service/demo02_client
[1.778s] -- Set runtime path of "/home/jon/ws01/install/cpp02_service/lib/cpp02_service/demo02_client" to ""
[1.778s] -- Up-to-date: /home/jon/ws01/install/cpp02_service/share/ament_index/resource_index/package_run_dependencies/cpp02_service
[1.778s] -- Up-to-date: /home/jon/ws01/install/cpp02_service/share/ament_index/resource_index/parent_prefix_path/cpp02_service
[1.778s] -- Up-to-date: /home/jon/ws01/install/cpp02_service/share/cpp02_service/environment/ament_prefix_path.sh
[1.778s] -- Up-to-date: /home/jon/ws01/install/cpp02_service/share/cpp02_service/environment/ament_prefix_path.dsv
[1.778s] -- Up-to-date: /home/jon/ws01/install/cpp02_service/share/cpp02_service/environment/path.sh
[1.778s] -- Up-to-date: /home/jon/ws01/install/cpp02_service/share/cpp02_service/environment/path.dsv
[1.778s] -- Up-to-date: /home/jon/ws01/install/cpp02_service/share/cpp02_service/local_setup.bash
[1.778s] -- Up-to-date: /home/jon/ws01/install/cpp02_service/share/cpp02_service/local_setup.sh
[1.778s] -- Up-to-date: /home/jon/ws01/install/cpp02_service/share/cpp02_service/local_setup.zsh
[1.778s] -- Up-to-date: /home/jon/ws01/install/cpp02_service/share/cpp02_service/local_setup.dsv
[1.778s] -- Up-to-date: /home/jon/ws01/install/cpp02_service/share/cpp02_service/package.dsv
[1.778s] -- Up-to-date: /home/jon/ws01/install/cpp02_service/share/ament_index/resource_index/packages/cpp02_service
[1.778s] -- Up-to-date: /home/jon/ws01/install/cpp02_service/share/cpp02_service/cmake/cpp02_serviceConfig.cmake
[1.778s] -- Up-to-date: /home/jon/ws01/install/cpp02_service/share/cpp02_service/cmake/cpp02_serviceConfig-version.cmake
[1.778s] -- Up-to-date: /home/jon/ws01/install/cpp02_service/share/cpp02_service/package.xml
[1.779s] Invoked command in '/home/jon/ws01/build/cpp02_service' returned '0': AMENT_PREFIX_PATH=/home/jon/ws01/install/base_demo:${AMENT_PREFIX_PATH} CMAKE_PREFIX_PATH=/home/jon/ws01/install/base_demo:/home/jon/ros2_ws/install/hellovscode_cpp:/home/jon/ros2_ws/install/hello_cpp:/opt/ros/humble LD_LIBRARY_PATH=/home/jon/ws01/install/base_demo/lib:${LD_LIBRARY_PATH} PYTHONPATH=/home/jon/ws01/install/base_demo/local/lib/python3.10/dist-packages:${PYTHONPATH} /usr/bin/cmake --install /home/jon/ws01/build/cpp02_service
