[0.008s] Invoking command in '/home/jon/ws01/src/build/cpp03_action': CMAKE_PREFIX_PATH=/home/jon/ws01/src/install/base_demo:/home/jon/ws01/src/install/cpp03_action:/home/jon/ws01/src/install/cpp02_service:/home/jon/ws01/src/install/cpp01_topic:/home/jon/ros2_ws/install/hellovscode_cpp:/home/jon/ros2_ws/install/hello_cpp:/opt/ros/humble /usr/bin/cmake --build /home/jon/ws01/src/build/cpp03_action -- -j24 -l24
[0.024s] -- Found ament_cmake: 1.3.14 (/opt/ros/humble/share/ament_cmake/cmake)
[0.089s] -- Found rclcpp: 16.0.21 (/opt/ros/humble/share/rclcpp/cmake)
[0.101s] -- Found rosidl_generator_c: 3.1.9 (/opt/ros/humble/share/rosidl_generator_c/cmake)
[0.102s] -- Found rosidl_adapter: 3.1.9 (/opt/ros/humble/share/rosidl_adapter/cmake)
[0.105s] -- Found rosidl_generator_cpp: 3.1.9 (/opt/ros/humble/share/rosidl_generator_cpp/cmake)
[0.109s] -- Using all available rosidl_typesupport_c: rosidl_typesupport_fastrtps_c;rosidl_typesupport_introspection_c
[0.115s] -- Using all available rosidl_typesupport_cpp: rosidl_typesupport_fastrtps_cpp;rosidl_typesupport_introspection_cpp
[0.129s] -- Found rmw_implementation_cmake: 6.1.4 (/opt/ros/humble/share/rmw_implementation_cmake/cmake)
[0.131s] -- Found rmw_fastrtps_cpp: 6.2.10 (/opt/ros/humble/share/rmw_fastrtps_cpp/cmake)
[0.177s] -- Using RMW implementation 'rmw_fastrtps_cpp' as default
[0.199s] -- Found rclcpp_action: 16.0.21 (/opt/ros/humble/share/rclcpp_action/cmake)
[0.211s] -- Found base_demo: 0.0.0 (/home/jon/ws01/src/install/base_demo/share/base_demo/cmake)
[0.217s] -- Found ament_lint_auto: 0.12.15 (/opt/ros/humble/share/ament_lint_auto/cmake)
[0.250s] -- Added test 'cppcheck' to perform static code analysis on C / C++ code
[0.250s] -- Configured cppcheck include dirs: $<BUILD_INTERFACE:/home/jon/ws01/src/cpp03_action/include>
[0.251s] -- Configured cppcheck exclude dirs and/or files: 
[0.251s] -- Added test 'lint_cmake' to check CMake code style
[0.251s] -- Added test 'uncrustify' to check C / C++ code style
[0.251s] -- Configured uncrustify additional arguments: 
[0.251s] -- Added test 'xmllint' to check XML markup files
[0.251s] -- Configuring done
[0.258s] -- Generating done
[0.259s] -- Build files have been written to: /home/jon/ws01/src/build/cpp03_action
[0.274s] [35m[1mConsolidate compiler generated dependencies of target demo01_server[0m
[0.280s] [ 25%] [32mBuilding CXX object CMakeFiles/demo01_server.dir/src/demo01_server.cpp.o[0m
[0.280s] [ 50%] [32mBuilding CXX object CMakeFiles/demo02_client.dir/src/demo02_client.cpp.o[0m
[1.603s] [ 75%] [32m[1mLinking CXX executable demo02_client[0m
[1.610s] [100%] [32m[1mLinking CXX executable demo01_server[0m
[1.667s] [100%] Built target demo02_client
[1.675s] [100%] Built target demo01_server
[1.686s] Invoked command in '/home/jon/ws01/src/build/cpp03_action' returned '0': CMAKE_PREFIX_PATH=/home/jon/ws01/src/install/base_demo:/home/jon/ws01/src/install/cpp03_action:/home/jon/ws01/src/install/cpp02_service:/home/jon/ws01/src/install/cpp01_topic:/home/jon/ros2_ws/install/hellovscode_cpp:/home/jon/ros2_ws/install/hello_cpp:/opt/ros/humble /usr/bin/cmake --build /home/jon/ws01/src/build/cpp03_action -- -j24 -l24
[1.686s] Invoking command in '/home/jon/ws01/src/build/cpp03_action': CMAKE_PREFIX_PATH=/home/jon/ws01/src/install/base_demo:/home/jon/ws01/src/install/cpp03_action:/home/jon/ws01/src/install/cpp02_service:/home/jon/ws01/src/install/cpp01_topic:/home/jon/ros2_ws/install/hellovscode_cpp:/home/jon/ros2_ws/install/hello_cpp:/opt/ros/humble /usr/bin/cmake --install /home/jon/ws01/src/build/cpp03_action
[1.692s] -- Install configuration: ""
[1.692s] -- Installing: /home/jon/ws01/src/install/cpp03_action/lib/cpp03_action/demo01_server
[1.692s] -- Set runtime path of "/home/jon/ws01/src/install/cpp03_action/lib/cpp03_action/demo01_server" to ""
[1.692s] -- Installing: /home/jon/ws01/src/install/cpp03_action/lib/cpp03_action/demo02_client
[1.692s] -- Set runtime path of "/home/jon/ws01/src/install/cpp03_action/lib/cpp03_action/demo02_client" to ""
[1.692s] -- Up-to-date: /home/jon/ws01/src/install/cpp03_action/share/ament_index/resource_index/package_run_dependencies/cpp03_action
[1.692s] -- Installing: /home/jon/ws01/src/install/cpp03_action/share/ament_index/resource_index/parent_prefix_path/cpp03_action
[1.692s] -- Up-to-date: /home/jon/ws01/src/install/cpp03_action/share/cpp03_action/environment/ament_prefix_path.sh
[1.692s] -- Installing: /home/jon/ws01/src/install/cpp03_action/share/cpp03_action/environment/ament_prefix_path.dsv
[1.692s] -- Up-to-date: /home/jon/ws01/src/install/cpp03_action/share/cpp03_action/environment/path.sh
[1.692s] -- Installing: /home/jon/ws01/src/install/cpp03_action/share/cpp03_action/environment/path.dsv
[1.692s] -- Up-to-date: /home/jon/ws01/src/install/cpp03_action/share/cpp03_action/local_setup.bash
[1.692s] -- Up-to-date: /home/jon/ws01/src/install/cpp03_action/share/cpp03_action/local_setup.sh
[1.692s] -- Up-to-date: /home/jon/ws01/src/install/cpp03_action/share/cpp03_action/local_setup.zsh
[1.692s] -- Installing: /home/jon/ws01/src/install/cpp03_action/share/cpp03_action/local_setup.dsv
[1.692s] -- Installing: /home/jon/ws01/src/install/cpp03_action/share/cpp03_action/package.dsv
[1.692s] -- Up-to-date: /home/jon/ws01/src/install/cpp03_action/share/ament_index/resource_index/packages/cpp03_action
[1.692s] -- Up-to-date: /home/jon/ws01/src/install/cpp03_action/share/cpp03_action/cmake/cpp03_actionConfig.cmake
[1.692s] -- Up-to-date: /home/jon/ws01/src/install/cpp03_action/share/cpp03_action/cmake/cpp03_actionConfig-version.cmake
[1.692s] -- Up-to-date: /home/jon/ws01/src/install/cpp03_action/share/cpp03_action/package.xml
[1.693s] Invoked command in '/home/jon/ws01/src/build/cpp03_action' returned '0': CMAKE_PREFIX_PATH=/home/jon/ws01/src/install/base_demo:/home/jon/ws01/src/install/cpp03_action:/home/jon/ws01/src/install/cpp02_service:/home/jon/ws01/src/install/cpp01_topic:/home/jon/ros2_ws/install/hellovscode_cpp:/home/jon/ros2_ws/install/hello_cpp:/opt/ros/humble /usr/bin/cmake --install /home/jon/ws01/src/build/cpp03_action
