[0.005s] Invoking command in '/home/jon/ws01/build/cpp01_topic': AMENT_PREFIX_PATH=/home/jon/ws01/install/base_demo:${AMENT_PREFIX_PATH} CMAKE_PREFIX_PATH=/home/jon/ws01/install/base_demo:/home/jon/ros2_ws/install/hellovscode_cpp:/home/jon/ros2_ws/install/hello_cpp:/opt/ros/humble /usr/bin/cmake /home/jon/ws01/src/cpp01_topic -DCMAKE_INSTALL_PREFIX=/home/jon/ws01/install/cpp01_topic
[0.039s] -- The C compiler identification is GNU 11.4.0
[0.069s] -- The CXX compiler identification is GNU 11.4.0
[0.073s] -- Detecting C compiler ABI info
[0.117s] -- Detecting C compiler ABI info - done
[0.120s] -- Check for working C compiler: /usr/bin/cc - skipped
[0.120s] -- Detecting C compile features
[0.120s] -- Detecting C compile features - done
[0.124s] -- Detecting CXX compiler ABI info
[0.170s] -- Detecting CXX compiler ABI info - done
[0.174s] -- Check for working CXX compiler: /usr/bin/c++ - skipped
[0.174s] -- Detecting CXX compile features
[0.174s] -- Detecting CXX compile features - done
[0.176s] -- Found ament_cmake: 1.3.14 (/opt/ros/humble/share/ament_cmake/cmake)
[0.257s] -- Found Python3: /usr/bin/python3 (found version "3.10.12") found components: Interpreter 
[0.300s] -- Found rclcpp: 16.0.21 (/opt/ros/humble/share/rclcpp/cmake)
[0.327s] -- Found rosidl_generator_c: 3.1.9 (/opt/ros/humble/share/rosidl_generator_c/cmake)
[0.330s] -- Found rosidl_adapter: 3.1.9 (/opt/ros/humble/share/rosidl_adapter/cmake)
[0.334s] -- Found rosidl_generator_cpp: 3.1.9 (/opt/ros/humble/share/rosidl_generator_cpp/cmake)
[0.341s] -- Using all available rosidl_typesupport_c: rosidl_typesupport_fastrtps_c;rosidl_typesupport_introspection_c
[0.351s] -- Using all available rosidl_typesupport_cpp: rosidl_typesupport_fastrtps_cpp;rosidl_typesupport_introspection_cpp
[0.378s] -- Found rmw_implementation_cmake: 6.1.4 (/opt/ros/humble/share/rmw_implementation_cmake/cmake)
[0.380s] -- Found rmw_fastrtps_cpp: 6.2.10 (/opt/ros/humble/share/rmw_fastrtps_cpp/cmake)
[0.430s] -- Found OpenSSL: /usr/lib/x86_64-linux-gnu/libcrypto.so (found version "3.0.2")  
[0.444s] -- Found FastRTPS: /opt/ros/humble/include  
[0.463s] -- Using RMW implementation 'rmw_fastrtps_cpp' as default
[0.468s] -- Looking for pthread.h
[0.515s] -- Looking for pthread.h - found
[0.516s] -- Performing Test CMAKE_HAVE_LIBC_PTHREAD
[0.556s] -- Performing Test CMAKE_HAVE_LIBC_PTHREAD - Success
[0.557s] -- Found Threads: TRUE  
[0.587s] -- Found base_demo: 0.0.0 (/home/jon/ws01/install/base_demo/share/base_demo/cmake)
[0.588s] -- Found ament_lint_auto: 0.12.15 (/opt/ros/humble/share/ament_lint_auto/cmake)
[0.627s] -- Added test 'cppcheck' to perform static code analysis on C / C++ code
[0.627s] -- Configured cppcheck include dirs: $<BUILD_INTERFACE:/home/jon/ws01/src/cpp01_topic/include>
[0.627s] -- Configured cppcheck exclude dirs and/or files: 
[0.627s] -- Added test 'lint_cmake' to check CMake code style
[0.628s] -- Added test 'uncrustify' to check C / C++ code style
[0.628s] -- Configured uncrustify additional arguments: 
[0.628s] -- Added test 'xmllint' to check XML markup files
[0.628s] -- Configuring done
[0.633s] -- Generating done
[0.634s] -- Build files have been written to: /home/jon/ws01/build/cpp01_topic
[0.644s] Invoked command in '/home/jon/ws01/build/cpp01_topic' returned '0': AMENT_PREFIX_PATH=/home/jon/ws01/install/base_demo:${AMENT_PREFIX_PATH} CMAKE_PREFIX_PATH=/home/jon/ws01/install/base_demo:/home/jon/ros2_ws/install/hellovscode_cpp:/home/jon/ros2_ws/install/hello_cpp:/opt/ros/humble /usr/bin/cmake /home/jon/ws01/src/cpp01_topic -DCMAKE_INSTALL_PREFIX=/home/jon/ws01/install/cpp01_topic
[0.644s] Invoking command in '/home/jon/ws01/build/cpp01_topic': AMENT_PREFIX_PATH=/home/jon/ws01/install/base_demo:${AMENT_PREFIX_PATH} CMAKE_PREFIX_PATH=/home/jon/ws01/install/base_demo:/home/jon/ros2_ws/install/hellovscode_cpp:/home/jon/ros2_ws/install/hello_cpp:/opt/ros/humble /usr/bin/cmake --build /home/jon/ws01/build/cpp01_topic -- -j24 -l24
[0.669s] [ 50%] [32mBuilding CXX object CMakeFiles/demo01_talker.dir/src/demo01_talker.cpp.o[0m
[1.739s] [01m[K/home/jon/ws01/src/cpp01_topic/src/demo01_talker.cpp:34:4:[m[K [01;31m[Kerror: [m[Kexpected ‘[01m[K}[m[K’ at end of input
[1.739s]    34 |   }
[1.739s]       |    [01;31m[K^[m[K
[1.739s] [01m[K/home/jon/ws01/src/cpp01_topic/src/demo01_talker.cpp:25:1:[m[K [01;36m[Knote: [m[Kto match this ‘[01m[K{[m[K’
[1.739s]    25 | [01;36m[K{[m[K
[1.739s]       | [01;36m[K^[m[K
[1.739s] [01m[K/home/jon/ws01/src/cpp01_topic/src/demo01_talker.cpp:[m[K In constructor ‘[01m[KTalker::Talker()[m[K’:
[1.739s] [01m[K/home/jon/ws01/src/cpp01_topic/src/demo01_talker.cpp:27:30:[m[K [01;31m[Kerror: [m[Kclass ‘[01m[KTalker[m[K’ does not have any field named ‘[01m[Kcount_[m[K’
[1.739s]    27 |   Talker() : Node("talker"), [01;31m[Kcount_[m[K(0)
[1.739s]       |                              [01;31m[K^~~~~~[m[K
[1.741s] [01m[K/home/jon/ws01/src/cpp01_topic/src/demo01_talker.cpp:30:5:[m[K [01;31m[Kerror: [m[K‘[01m[Kpublisher_[m[K’ was not declared in this scope; did you mean ‘[01m[Krmw_publisher_t[m[K’?
[1.741s]    30 |     [01;31m[Kpublisher_[m[K = this->create_publisher<std_msgs::msg::String>("topic", 10);
[1.741s]       |     [01;31m[K^~~~~~~~~~[m[K
[1.741s]       |     [32m[Krmw_publisher_t[m[K
[1.745s] [01m[K/home/jon/ws01/src/cpp01_topic/src/demo01_talker.cpp:32:5:[m[K [01;31m[Kerror: [m[K‘[01m[Ktimer_[m[K’ was not declared in this scope; did you mean ‘[01m[Ktimer_t[m[K’?
[1.745s]    32 |     [01;31m[Ktimer_[m[K = this->create_wall_timer(
[1.745s]       |     [01;31m[K^~~~~~[m[K
[1.745s]       |     [32m[Ktimer_t[m[K
[1.745s] [01m[K/home/jon/ws01/src/cpp01_topic/src/demo01_talker.cpp:33:35:[m[K [01;31m[Kerror: [m[K‘[01m[Ktimer_callback[m[K’ is not a member of ‘[01m[KTalker[m[K’
[1.745s]    33 |         500ms, std::bind(&Talker::[01;31m[Ktimer_callback[m[K, this));
[1.745s]       |                                   [01;31m[K^~~~~~~~~~~~~~[m[K
[1.745s] [01m[K/home/jon/ws01/src/cpp01_topic/src/demo01_talker.cpp:[m[K At global scope:
[1.745s] [01m[K/home/jon/ws01/src/cpp01_topic/src/demo01_talker.cpp:34:4:[m[K [01;31m[Kerror: [m[Kexpected unqualified-id at end of input
[1.745s]    34 |   }
[1.745s]       |    [01;31m[K^[m[K
[2.058s] gmake[2]: *** [CMakeFiles/demo01_talker.dir/build.make:76：CMakeFiles/demo01_talker.dir/src/demo01_talker.cpp.o] 错误 1
[2.058s] gmake[1]: *** [CMakeFiles/Makefile2:137：CMakeFiles/demo01_talker.dir/all] 错误 2
[2.058s] gmake: *** [Makefile:146：all] 错误 2
[2.060s] Invoked command in '/home/jon/ws01/build/cpp01_topic' returned '2': AMENT_PREFIX_PATH=/home/jon/ws01/install/base_demo:${AMENT_PREFIX_PATH} CMAKE_PREFIX_PATH=/home/jon/ws01/install/base_demo:/home/jon/ros2_ws/install/hellovscode_cpp:/home/jon/ros2_ws/install/hello_cpp:/opt/ros/humble /usr/bin/cmake --build /home/jon/ws01/build/cpp01_topic -- -j24 -l24
