[0.011s] Invoking command in '/home/jon/ws01/build/cpp03_action': CMAKE_PREFIX_PATH=/home/jon/ws01/install/base_demo:/home/jon/ws01/install/cpp03_action:/home/jon/ws01/install/cpp02_service:/home/jon/ws01/install/cpp01_topic:/home/jon/ros2_ws/install/hellovscode_cpp:/home/jon/ros2_ws/install/hello_cpp:/opt/ros/humble /usr/bin/cmake --build /home/jon/ws01/build/cpp03_action -- -j24 -l24
[0.044s] [35m[1mConsolidate compiler generated dependencies of target demo01_server[0m
[0.052s] [ 50%] Built target demo02_client
[0.053s] [ 75%] [32mBuilding CXX object CMakeFiles/demo01_server.dir/src/demo01_server.cpp.o[0m
[1.224s] [01m[K/home/jon/ws01/src/cpp03_action/src/demo01_server.cpp:[m[K In member function ‘[01m[Krclcpp_action::GoalResponse ProgressActionServer::handle_goal(const GoalUUID&, std::shared_ptr<const base_demo::action::Progress_Goal_<std::allocator<void> > >)[m[K’:
[1.224s] [01m[K/home/jon/ws01/src/cpp03_action/src/demo01_server.cpp:48:15:[m[K [01;31m[Kerror: [m[K‘[01m[Kuuid[m[K’ was not declared in this scope
[1.224s]    48 |         (void)[01;31m[Kuuid[m[K;
[1.224s]       |               [01;31m[K^~~~[m[K
[1.225s] [01m[K/home/jon/ws01/src/cpp03_action/src/demo01_server.cpp:[m[K In member function ‘[01m[Krclcpp_action::CancelResponse ProgressActionServer::handle_cancel(std::shared_ptr<rclcpp_action::ServerGoalHandle<base_demo::action::Progress> >)[m[K’:
[1.225s] [01m[K/home/jon/ws01/src/cpp03_action/src/demo01_server.cpp:59:108:[m[K [01;35m[Kwarning: [m[Kunused parameter ‘[01m[Kgoal_handle[m[K’ [[01;35m[K]8;;https://gcc.gnu.org/onlinedocs/gcc/Warning-Options.html#index-Wunused-parameter-Wunused-parameter]8;;[m[K]
[1.225s]    59 | sponse handle_cancel([01;35m[Kstd::shared_ptr<rclcpp_action::ServerGoalHandle<Progress>> goal_handle[m[K){
[1.225s]       |                      [01;35m[K~~~~~~~~~~~~~~~~~~~~~~~~~~~~~~~~~~~~~~~~~~~~~~~~~~~~~~~~~~~^~~~~~~~~~~[m[K
[1.225s] 
[1.225s] [01m[K/home/jon/ws01/src/cpp03_action/src/demo01_server.cpp:[m[K In member function ‘[01m[Kvoid ProgressActionServer::handle_accepted(std::shared_ptr<rclcpp_action::ServerGoalHandle<base_demo::action::Progress> >)[m[K’:
[1.225s] [01m[K/home/jon/ws01/src/cpp03_action/src/demo01_server.cpp:63:85:[m[K [01;35m[Kwarning: [m[Kunused parameter ‘[01m[Kgoal_handle[m[K’ [[01;35m[K]8;;https://gcc.gnu.org/onlinedocs/gcc/Warning-Options.html#index-Wunused-parameter-Wunused-parameter]8;;[m[K]
[1.225s]    63 | void handle_accepted([01;35m[Kstd::shared_ptr<rclcpp_action::ServerGoalHandle<Progress>> goal_handle[m[K){
[1.225s]       |                      [01;35m[K~~~~~~~~~~~~~~~~~~~~~~~~~~~~~~~~~~~~~~~~~~~~~~~~~~~~~~~~~~~^~~~~~~~~~~[m[K
[1.225s] 
[1.500s] gmake[2]: *** [CMakeFiles/demo01_server.dir/build.make:76：CMakeFiles/demo01_server.dir/src/demo01_server.cpp.o] 错误 1
[1.500s] gmake[1]: *** [CMakeFiles/Makefile2:139：CMakeFiles/demo01_server.dir/all] 错误 2
[1.500s] gmake: *** [Makefile:146：all] 错误 2
[1.502s] Invoked command in '/home/jon/ws01/build/cpp03_action' returned '2': CMAKE_PREFIX_PATH=/home/jon/ws01/install/base_demo:/home/jon/ws01/install/cpp03_action:/home/jon/ws01/install/cpp02_service:/home/jon/ws01/install/cpp01_topic:/home/jon/ros2_ws/install/hellovscode_cpp:/home/jon/ros2_ws/install/hello_cpp:/opt/ros/humble /usr/bin/cmake --build /home/jon/ws01/build/cpp03_action -- -j24 -l24
