[0.010s] Invoking command in '/home/jon/ws01/src/build/cpp01_topic': AMENT_PREFIX_PATH=/home/jon/ws01/src/install/base_demo:${AMENT_PREFIX_PATH} CMAKE_PREFIX_PATH=/home/jon/ws01/src/install/base_demo:/home/jon/ros2_ws/install/hellovscode_cpp:/home/jon/ros2_ws/install/hello_cpp:/opt/ros/humble LD_LIBRARY_PATH=/home/jon/ws01/src/install/base_demo/lib:${LD_LIBRARY_PATH} PYTHONPATH=/home/jon/ws01/src/install/base_demo/local/lib/python3.10/dist-packages:${PYTHONPATH} /usr/bin/cmake --build /home/jon/ws01/src/build/cpp01_topic -- -j24 -l24
[0.036s] [35m[1mConsolidate compiler generated dependencies of target demo02_listener[0m
[0.038s] [35m[1mConsolidate compiler generated dependencies of target demo01_talker[0m
[0.038s] [35m[1mConsolidate compiler generated dependencies of target demo03_talker[0m
[0.038s] [35m[1mConsolidate compiler generated dependencies of target demo04_listener[0m
[0.047s] [ 25%] Built target demo02_listener
[0.049s] [ 50%] Built target demo01_talker
[0.050s] [ 75%] Built target demo04_listener
[0.050s] [100%] Built target demo03_talker
[0.063s] Invoked command in '/home/jon/ws01/src/build/cpp01_topic' returned '0': AMENT_PREFIX_PATH=/home/jon/ws01/src/install/base_demo:${AMENT_PREFIX_PATH} CMAKE_PREFIX_PATH=/home/jon/ws01/src/install/base_demo:/home/jon/ros2_ws/install/hellovscode_cpp:/home/jon/ros2_ws/install/hello_cpp:/opt/ros/humble LD_LIBRARY_PATH=/home/jon/ws01/src/install/base_demo/lib:${LD_LIBRARY_PATH} PYTHONPATH=/home/jon/ws01/src/install/base_demo/local/lib/python3.10/dist-packages:${PYTHONPATH} /usr/bin/cmake --build /home/jon/ws01/src/build/cpp01_topic -- -j24 -l24
[0.063s] Invoking command in '/home/jon/ws01/src/build/cpp01_topic': AMENT_PREFIX_PATH=/home/jon/ws01/src/install/base_demo:${AMENT_PREFIX_PATH} CMAKE_PREFIX_PATH=/home/jon/ws01/src/install/base_demo:/home/jon/ros2_ws/install/hellovscode_cpp:/home/jon/ros2_ws/install/hello_cpp:/opt/ros/humble LD_LIBRARY_PATH=/home/jon/ws01/src/install/base_demo/lib:${LD_LIBRARY_PATH} PYTHONPATH=/home/jon/ws01/src/install/base_demo/local/lib/python3.10/dist-packages:${PYTHONPATH} /usr/bin/cmake --install /home/jon/ws01/src/build/cpp01_topic
[0.069s] -- Install configuration: ""
[0.069s] -- Up-to-date: /home/jon/ws01/src/install/cpp01_topic/lib/cpp01_topic/demo01_talker
[0.069s] -- Up-to-date: /home/jon/ws01/src/install/cpp01_topic/lib/cpp01_topic/demo02_listener
[0.069s] -- Up-to-date: /home/jon/ws01/src/install/cpp01_topic/lib/cpp01_topic/demo03_talker
[0.069s] -- Up-to-date: /home/jon/ws01/src/install/cpp01_topic/lib/cpp01_topic/demo04_listener
[0.069s] -- Up-to-date: /home/jon/ws01/src/install/cpp01_topic/share/ament_index/resource_index/package_run_dependencies/cpp01_topic
[0.069s] -- Up-to-date: /home/jon/ws01/src/install/cpp01_topic/share/ament_index/resource_index/parent_prefix_path/cpp01_topic
[0.069s] -- Up-to-date: /home/jon/ws01/src/install/cpp01_topic/share/cpp01_topic/environment/ament_prefix_path.sh
[0.070s] -- Up-to-date: /home/jon/ws01/src/install/cpp01_topic/share/cpp01_topic/environment/ament_prefix_path.dsv
[0.070s] -- Up-to-date: /home/jon/ws01/src/install/cpp01_topic/share/cpp01_topic/environment/path.sh
[0.070s] -- Up-to-date: /home/jon/ws01/src/install/cpp01_topic/share/cpp01_topic/environment/path.dsv
[0.070s] -- Up-to-date: /home/jon/ws01/src/install/cpp01_topic/share/cpp01_topic/local_setup.bash
[0.070s] -- Up-to-date: /home/jon/ws01/src/install/cpp01_topic/share/cpp01_topic/local_setup.sh
[0.070s] -- Up-to-date: /home/jon/ws01/src/install/cpp01_topic/share/cpp01_topic/local_setup.zsh
[0.070s] -- Up-to-date: /home/jon/ws01/src/install/cpp01_topic/share/cpp01_topic/local_setup.dsv
[0.070s] -- Installing: /home/jon/ws01/src/install/cpp01_topic/share/cpp01_topic/package.dsv
[0.070s] -- Up-to-date: /home/jon/ws01/src/install/cpp01_topic/share/ament_index/resource_index/packages/cpp01_topic
[0.070s] -- Up-to-date: /home/jon/ws01/src/install/cpp01_topic/share/cpp01_topic/cmake/cpp01_topicConfig.cmake
[0.070s] -- Up-to-date: /home/jon/ws01/src/install/cpp01_topic/share/cpp01_topic/cmake/cpp01_topicConfig-version.cmake
[0.070s] -- Up-to-date: /home/jon/ws01/src/install/cpp01_topic/share/cpp01_topic/package.xml
[0.078s] Invoked command in '/home/jon/ws01/src/build/cpp01_topic' returned '0': AMENT_PREFIX_PATH=/home/jon/ws01/src/install/base_demo:${AMENT_PREFIX_PATH} CMAKE_PREFIX_PATH=/home/jon/ws01/src/install/base_demo:/home/jon/ros2_ws/install/hellovscode_cpp:/home/jon/ros2_ws/install/hello_cpp:/opt/ros/humble LD_LIBRARY_PATH=/home/jon/ws01/src/install/base_demo/lib:${LD_LIBRARY_PATH} PYTHONPATH=/home/jon/ws01/src/install/base_demo/local/lib/python3.10/dist-packages:${PYTHONPATH} /usr/bin/cmake --install /home/jon/ws01/src/build/cpp01_topic
