[0.009s] Invoking command in '/home/jon/ws01/build/cpp02_service': CMAKE_PREFIX_PATH=/home/jon/ws01/install/base_demo:/home/jon/ws01/install/cpp01_topic:/home/jon/ros2_ws/install/hellovscode_cpp:/home/jon/ros2_ws/install/hello_cpp:/opt/ros/humble /usr/bin/cmake --build /home/jon/ws01/build/cpp02_service -- -j24 -l24
[0.023s] -- Found ament_cmake: 1.3.14 (/opt/ros/humble/share/ament_cmake/cmake)
[0.088s] -- Found rclcpp: 16.0.21 (/opt/ros/humble/share/rclcpp/cmake)
[0.100s] -- Found rosidl_generator_c: 3.1.9 (/opt/ros/humble/share/rosidl_generator_c/cmake)
[0.101s] -- Found rosidl_adapter: 3.1.9 (/opt/ros/humble/share/rosidl_adapter/cmake)
[0.104s] -- Found rosidl_generator_cpp: 3.1.9 (/opt/ros/humble/share/rosidl_generator_cpp/cmake)
[0.110s] -- Using all available rosidl_typesupport_c: rosidl_typesupport_fastrtps_c;rosidl_typesupport_introspection_c
[0.113s] -- Using all available rosidl_typesupport_cpp: rosidl_typesupport_fastrtps_cpp;rosidl_typesupport_introspection_cpp
[0.127s] -- Found rmw_implementation_cmake: 6.1.4 (/opt/ros/humble/share/rmw_implementation_cmake/cmake)
[0.128s] -- Found rmw_fastrtps_cpp: 6.2.10 (/opt/ros/humble/share/rmw_fastrtps_cpp/cmake)
[0.175s] -- Using RMW implementation 'rmw_fastrtps_cpp' as default
[0.197s] -- Found base_demo: 0.0.0 (/home/jon/ws01/install/base_demo/share/base_demo/cmake)
[0.201s] -- Found ament_lint_auto: 0.12.15 (/opt/ros/humble/share/ament_lint_auto/cmake)
[0.233s] -- Added test 'cppcheck' to perform static code analysis on C / C++ code
[0.233s] -- Configured cppcheck include dirs: $<BUILD_INTERFACE:/home/jon/ws01/src/cpp02_service/include>
[0.233s] -- Configured cppcheck exclude dirs and/or files: 
[0.233s] -- Added test 'lint_cmake' to check CMake code style
[0.234s] -- Added test 'uncrustify' to check C / C++ code style
[0.234s] -- Configured uncrustify additional arguments: 
[0.234s] -- Added test 'xmllint' to check XML markup files
[0.234s] -- Configuring done
[0.239s] -- Generating done
[0.241s] -- Build files have been written to: /home/jon/ws01/build/cpp02_service
[0.262s] [35m[1mConsolidate compiler generated dependencies of target demo02_client[0m
[0.262s] [35m[1mConsolidate compiler generated dependencies of target demo01_server[0m
[0.269s] [ 25%] [32mBuilding CXX object CMakeFiles/demo02_client.dir/src/demo02_client.cpp.o[0m
[0.269s] [ 50%] [32mBuilding CXX object CMakeFiles/demo01_server.dir/src/demo01_server.cpp.o[0m
[1.535s] [ 75%] [32m[1mLinking CXX executable demo02_client[0m
[1.580s] [100%] [32m[1mLinking CXX executable demo01_server[0m
[1.589s] [100%] Built target demo02_client
[1.637s] [100%] Built target demo01_server
[1.644s] Invoked command in '/home/jon/ws01/build/cpp02_service' returned '0': CMAKE_PREFIX_PATH=/home/jon/ws01/install/base_demo:/home/jon/ws01/install/cpp01_topic:/home/jon/ros2_ws/install/hellovscode_cpp:/home/jon/ros2_ws/install/hello_cpp:/opt/ros/humble /usr/bin/cmake --build /home/jon/ws01/build/cpp02_service -- -j24 -l24
[1.649s] Invoking command in '/home/jon/ws01/build/cpp02_service': CMAKE_PREFIX_PATH=/home/jon/ws01/install/base_demo:/home/jon/ws01/install/cpp01_topic:/home/jon/ros2_ws/install/hellovscode_cpp:/home/jon/ros2_ws/install/hello_cpp:/opt/ros/humble /usr/bin/cmake --install /home/jon/ws01/build/cpp02_service
[1.652s] -- Install configuration: ""
[1.652s] -- Installing: /home/jon/ws01/install/cpp02_service/lib/cpp02_service/demo01_server
[1.652s] -- Set runtime path of "/home/jon/ws01/install/cpp02_service/lib/cpp02_service/demo01_server" to ""
[1.653s] -- Installing: /home/jon/ws01/install/cpp02_service/lib/cpp02_service/demo02_client
[1.653s] -- Set runtime path of "/home/jon/ws01/install/cpp02_service/lib/cpp02_service/demo02_client" to ""
[1.653s] -- Installing: /home/jon/ws01/install/cpp02_service/share/ament_index/resource_index/package_run_dependencies/cpp02_service
[1.653s] -- Installing: /home/jon/ws01/install/cpp02_service/share/ament_index/resource_index/parent_prefix_path/cpp02_service
[1.653s] -- Installing: /home/jon/ws01/install/cpp02_service/share/cpp02_service/environment/ament_prefix_path.sh
[1.653s] -- Installing: /home/jon/ws01/install/cpp02_service/share/cpp02_service/environment/ament_prefix_path.dsv
[1.653s] -- Installing: /home/jon/ws01/install/cpp02_service/share/cpp02_service/environment/path.sh
[1.653s] -- Installing: /home/jon/ws01/install/cpp02_service/share/cpp02_service/environment/path.dsv
[1.653s] -- Installing: /home/jon/ws01/install/cpp02_service/share/cpp02_service/local_setup.bash
[1.653s] -- Installing: /home/jon/ws01/install/cpp02_service/share/cpp02_service/local_setup.sh
[1.653s] -- Installing: /home/jon/ws01/install/cpp02_service/share/cpp02_service/local_setup.zsh
[1.653s] -- Installing: /home/jon/ws01/install/cpp02_service/share/cpp02_service/local_setup.dsv
[1.654s] -- Installing: /home/jon/ws01/install/cpp02_service/share/cpp02_service/package.dsv
[1.654s] -- Installing: /home/jon/ws01/install/cpp02_service/share/ament_index/resource_index/packages/cpp02_service
[1.654s] -- Installing: /home/jon/ws01/install/cpp02_service/share/cpp02_service/cmake/cpp02_serviceConfig.cmake
[1.654s] -- Installing: /home/jon/ws01/install/cpp02_service/share/cpp02_service/cmake/cpp02_serviceConfig-version.cmake
[1.654s] -- Installing: /home/jon/ws01/install/cpp02_service/share/cpp02_service/package.xml
[1.654s] Invoked command in '/home/jon/ws01/build/cpp02_service' returned '0': CMAKE_PREFIX_PATH=/home/jon/ws01/install/base_demo:/home/jon/ws01/install/cpp01_topic:/home/jon/ros2_ws/install/hellovscode_cpp:/home/jon/ros2_ws/install/hello_cpp:/opt/ros/humble /usr/bin/cmake --install /home/jon/ws01/build/cpp02_service
