[0.010s] Invoking command in '/home/jon/ws01/build/cpp05_names': CMAKE_PREFIX_PATH=${CMAKE_PREFIX_PATH}:/opt/ros/humble /usr/bin/cmake /home/jon/ws01/src/cpp05_names -DCMAKE_INSTALL_PREFIX=/home/jon/ws01/install/cpp05_names
[0.019s] -- Found ament_cmake: 1.3.14 (/opt/ros/humble/share/ament_cmake/cmake)
[0.117s] -- Found rclcpp: 16.0.21 (/opt/ros/humble/share/rclcpp/cmake)
[0.137s] -- Found rosidl_generator_c: 3.1.9 (/opt/ros/humble/share/rosidl_generator_c/cmake)
[0.138s] -- Found rosidl_adapter: 3.1.9 (/opt/ros/humble/share/rosidl_adapter/cmake)
[0.143s] -- Found rosidl_generator_cpp: 3.1.9 (/opt/ros/humble/share/rosidl_generator_cpp/cmake)
[0.150s] -- Using all available rosidl_typesupport_c: rosidl_typesupport_fastrtps_c;rosidl_typesupport_introspection_c
[0.157s] -- Using all available rosidl_typesupport_cpp: rosidl_typesupport_fastrtps_cpp;rosidl_typesupport_introspection_cpp
[0.177s] -- Found rmw_implementation_cmake: 6.1.4 (/opt/ros/humble/share/rmw_implementation_cmake/cmake)
[0.177s] -- Found rmw_fastrtps_cpp: 6.2.10 (/opt/ros/humble/share/rmw_fastrtps_cpp/cmake)
[0.244s] -- Using RMW implementation 'rmw_fastrtps_cpp' as default
[0.276s] -- Found ament_lint_auto: 0.12.15 (/opt/ros/humble/share/ament_lint_auto/cmake)
[0.321s] -- Added test 'cppcheck' to perform static code analysis on C / C++ code
[0.321s] -- Configured cppcheck include dirs: $<BUILD_INTERFACE:/home/jon/ws01/src/cpp05_names/include>
[0.321s] -- Configured cppcheck exclude dirs and/or files: 
[0.321s] -- Added test 'flake8' to check Python code syntax and style conventions
[0.321s] -- Added test 'lint_cmake' to check CMake code style
[0.321s] -- Added test 'pep257' to check Python code against some of the docstring style conventions in PEP 257
[0.321s] -- Added test 'uncrustify' to check C / C++ code style
[0.321s] -- Configured uncrustify additional arguments: 
[0.322s] -- Added test 'xmllint' to check XML markup files
[0.322s] -- Configuring done
[0.326s] -- Generating done
[0.328s] -- Build files have been written to: /home/jon/ws01/build/cpp05_names
[0.339s] Invoked command in '/home/jon/ws01/build/cpp05_names' returned '0': CMAKE_PREFIX_PATH=${CMAKE_PREFIX_PATH}:/opt/ros/humble /usr/bin/cmake /home/jon/ws01/src/cpp05_names -DCMAKE_INSTALL_PREFIX=/home/jon/ws01/install/cpp05_names
[0.343s] Invoking command in '/home/jon/ws01/build/cpp05_names': CMAKE_PREFIX_PATH=${CMAKE_PREFIX_PATH}:/opt/ros/humble /usr/bin/cmake --build /home/jon/ws01/build/cpp05_names -- -j24 -l24
[0.370s] [35m[1mConsolidate compiler generated dependencies of target demo01_names[0m
[0.380s] [100%] Built target demo01_names
[0.407s] Invoked command in '/home/jon/ws01/build/cpp05_names' returned '0': CMAKE_PREFIX_PATH=${CMAKE_PREFIX_PATH}:/opt/ros/humble /usr/bin/cmake --build /home/jon/ws01/build/cpp05_names -- -j24 -l24
[0.410s] Invoking command in '/home/jon/ws01/build/cpp05_names': CMAKE_PREFIX_PATH=${CMAKE_PREFIX_PATH}:/opt/ros/humble /usr/bin/cmake --install /home/jon/ws01/build/cpp05_names
[0.419s] -- Install configuration: ""
[0.419s] -- Up-to-date: /home/jon/ws01/install/cpp05_names/lib/cpp05_names/demo01_names
[0.419s] -- Up-to-date: /home/jon/ws01/install/cpp05_names/share/cpp05_names/launch
[0.419s] -- Up-to-date: /home/jon/ws01/install/cpp05_names/share/cpp05_names/launch/demo01_names_launch.py
[0.420s] -- Up-to-date: /home/jon/ws01/install/cpp05_names/share/cpp05_names/launch/demo03_names_launch.yaml
[0.420s] -- Up-to-date: /home/jon/ws01/install/cpp05_names/share/cpp05_names/launch/demo02_names_launch.xml
[0.420s] -- Up-to-date: /home/jon/ws01/install/cpp05_names/share/ament_index/resource_index/package_run_dependencies/cpp05_names
[0.420s] -- Up-to-date: /home/jon/ws01/install/cpp05_names/share/ament_index/resource_index/parent_prefix_path/cpp05_names
[0.420s] -- Up-to-date: /home/jon/ws01/install/cpp05_names/share/cpp05_names/environment/ament_prefix_path.sh
[0.420s] -- Installing: /home/jon/ws01/install/cpp05_names/share/cpp05_names/environment/ament_prefix_path.dsv
[0.420s] -- Up-to-date: /home/jon/ws01/install/cpp05_names/share/cpp05_names/environment/path.sh
[0.420s] -- Installing: /home/jon/ws01/install/cpp05_names/share/cpp05_names/environment/path.dsv
[0.420s] -- Up-to-date: /home/jon/ws01/install/cpp05_names/share/cpp05_names/local_setup.bash
[0.420s] -- Up-to-date: /home/jon/ws01/install/cpp05_names/share/cpp05_names/local_setup.sh
[0.420s] -- Up-to-date: /home/jon/ws01/install/cpp05_names/share/cpp05_names/local_setup.zsh
[0.420s] -- Installing: /home/jon/ws01/install/cpp05_names/share/cpp05_names/local_setup.dsv
[0.421s] -- Installing: /home/jon/ws01/install/cpp05_names/share/cpp05_names/package.dsv
[0.421s] -- Up-to-date: /home/jon/ws01/install/cpp05_names/share/ament_index/resource_index/packages/cpp05_names
[0.421s] -- Up-to-date: /home/jon/ws01/install/cpp05_names/share/cpp05_names/cmake/cpp05_namesConfig.cmake
[0.421s] -- Up-to-date: /home/jon/ws01/install/cpp05_names/share/cpp05_names/cmake/cpp05_namesConfig-version.cmake
[0.421s] -- Up-to-date: /home/jon/ws01/install/cpp05_names/share/cpp05_names/package.xml
[0.421s] Invoked command in '/home/jon/ws01/build/cpp05_names' returned '0': CMAKE_PREFIX_PATH=${CMAKE_PREFIX_PATH}:/opt/ros/humble /usr/bin/cmake --install /home/jon/ws01/build/cpp05_names
