[0.047s] DEBUG:colcon:Command line arguments: ['/usr/bin/colcon', 'build']
[0.047s] DEBUG:colcon:Parsed command line arguments: Namespace(log_base=None, log_level=None, verb_name='build', build_base='build', install_base='install', merge_install=False, symlink_install=False, test_result_base=None, continue_on_error=False, executor='parallel', parallel_workers=24, event_handlers=None, ignore_user_meta=False, metas=['./colcon.meta'], base_paths=['.'], packages_ignore=None, packages_ignore_regex=None, paths=None, packages_up_to=None, packages_up_to_regex=None, packages_above=None, packages_above_and_dependencies=None, packages_above_depth=None, packages_select_by_dep=None, packages_skip_by_dep=None, packages_skip_up_to=None, packages_select_build_failed=False, packages_skip_build_finished=False, packages_select_test_failures=False, packages_skip_test_passed=False, packages_select=None, packages_skip=None, packages_select_regex=None, packages_skip_regex=None, packages_start=None, packages_end=None, allow_overriding=[], cmake_args=None, cmake_target=None, cmake_target_skip_unavailable=False, cmake_clean_cache=False, cmake_clean_first=False, cmake_force_configure=False, ament_cmake_args=None, catkin_cmake_args=None, catkin_skip_building_tests=False, mixin_files=None, mixin=None, verb_parser=<colcon_mixin.mixin.mixin_argument.MixinArgumentDecorator object at 0x722ac6951e40>, verb_extension=<colcon_core.verb.build.BuildVerb object at 0x722ac6951480>, main=<bound method BuildVerb.main of <colcon_core.verb.build.BuildVerb object at 0x722ac6951480>>, mixin_verb=('build',))
[0.110s] Level 1:colcon.colcon_core.package_discovery:discover_packages(colcon_meta) check parameters
[0.110s] Level 1:colcon.colcon_core.package_discovery:discover_packages(recursive) check parameters
[0.111s] Level 1:colcon.colcon_core.package_discovery:discover_packages(ignore) check parameters
[0.111s] Level 1:colcon.colcon_core.package_discovery:discover_packages(path) check parameters
[0.111s] Level 1:colcon.colcon_core.package_discovery:discover_packages(colcon_meta) discover
[0.111s] Level 1:colcon.colcon_core.package_discovery:discover_packages(recursive) discover
[0.111s] INFO:colcon.colcon_core.package_discovery:Crawling recursively for packages in '/home/jon/ws01'
[0.111s] Level 1:colcon.colcon_core.package_identification:_identify(.) by extensions ['ignore', 'ignore_ament_install']
[0.111s] Level 1:colcon.colcon_core.package_identification:_identify(.) by extension 'ignore'
[0.111s] Level 1:colcon.colcon_core.package_identification:_identify(.) by extension 'ignore_ament_install'
[0.111s] Level 1:colcon.colcon_core.package_identification:_identify(.) by extensions ['colcon_pkg']
[0.111s] Level 1:colcon.colcon_core.package_identification:_identify(.) by extension 'colcon_pkg'
[0.111s] Level 1:colcon.colcon_core.package_identification:_identify(.) by extensions ['colcon_meta']
[0.111s] Level 1:colcon.colcon_core.package_identification:_identify(.) by extension 'colcon_meta'
[0.111s] Level 1:colcon.colcon_core.package_identification:_identify(.) by extensions ['ros']
[0.111s] Level 1:colcon.colcon_core.package_identification:_identify(.) by extension 'ros'
[0.116s] Level 1:colcon.colcon_core.package_identification:_identify(.) by extensions ['cmake', 'python']
[0.116s] Level 1:colcon.colcon_core.package_identification:_identify(.) by extension 'cmake'
[0.116s] Level 1:colcon.colcon_core.package_identification:_identify(.) by extension 'python'
[0.116s] Level 1:colcon.colcon_core.package_identification:_identify(.) by extensions ['python_setup_py']
[0.116s] Level 1:colcon.colcon_core.package_identification:_identify(.) by extension 'python_setup_py'
[0.116s] Level 1:colcon.colcon_core.package_identification:_identify(build) by extensions ['ignore', 'ignore_ament_install']
[0.116s] Level 1:colcon.colcon_core.package_identification:_identify(build) by extension 'ignore'
[0.116s] Level 1:colcon.colcon_core.package_identification:_identify(build) ignored
[0.116s] Level 1:colcon.colcon_core.package_identification:_identify(install) by extensions ['ignore', 'ignore_ament_install']
[0.116s] Level 1:colcon.colcon_core.package_identification:_identify(install) by extension 'ignore'
[0.116s] Level 1:colcon.colcon_core.package_identification:_identify(install) ignored
[0.116s] Level 1:colcon.colcon_core.package_identification:_identify(log) by extensions ['ignore', 'ignore_ament_install']
[0.116s] Level 1:colcon.colcon_core.package_identification:_identify(log) by extension 'ignore'
[0.116s] Level 1:colcon.colcon_core.package_identification:_identify(log) ignored
[0.116s] Level 1:colcon.colcon_core.package_identification:_identify(src) by extensions ['ignore', 'ignore_ament_install']
[0.116s] Level 1:colcon.colcon_core.package_identification:_identify(src) by extension 'ignore'
[0.116s] Level 1:colcon.colcon_core.package_identification:_identify(src) by extension 'ignore_ament_install'
[0.116s] Level 1:colcon.colcon_core.package_identification:_identify(src) by extensions ['colcon_pkg']
[0.116s] Level 1:colcon.colcon_core.package_identification:_identify(src) by extension 'colcon_pkg'
[0.116s] Level 1:colcon.colcon_core.package_identification:_identify(src) by extensions ['colcon_meta']
[0.116s] Level 1:colcon.colcon_core.package_identification:_identify(src) by extension 'colcon_meta'
[0.116s] Level 1:colcon.colcon_core.package_identification:_identify(src) by extensions ['ros']
[0.116s] Level 1:colcon.colcon_core.package_identification:_identify(src) by extension 'ros'
[0.116s] Level 1:colcon.colcon_core.package_identification:_identify(src) by extensions ['cmake', 'python']
[0.116s] Level 1:colcon.colcon_core.package_identification:_identify(src) by extension 'cmake'
[0.116s] Level 1:colcon.colcon_core.package_identification:_identify(src) by extension 'python'
[0.116s] Level 1:colcon.colcon_core.package_identification:_identify(src) by extensions ['python_setup_py']
[0.116s] Level 1:colcon.colcon_core.package_identification:_identify(src) by extension 'python_setup_py'
[0.116s] Level 1:colcon.colcon_core.package_identification:_identify(src/base_demo) by extensions ['ignore', 'ignore_ament_install']
[0.116s] Level 1:colcon.colcon_core.package_identification:_identify(src/base_demo) by extension 'ignore'
[0.116s] Level 1:colcon.colcon_core.package_identification:_identify(src/base_demo) by extension 'ignore_ament_install'
[0.116s] Level 1:colcon.colcon_core.package_identification:_identify(src/base_demo) by extensions ['colcon_pkg']
[0.116s] Level 1:colcon.colcon_core.package_identification:_identify(src/base_demo) by extension 'colcon_pkg'
[0.116s] Level 1:colcon.colcon_core.package_identification:_identify(src/base_demo) by extensions ['colcon_meta']
[0.117s] Level 1:colcon.colcon_core.package_identification:_identify(src/base_demo) by extension 'colcon_meta'
[0.117s] Level 1:colcon.colcon_core.package_identification:_identify(src/base_demo) by extensions ['ros']
[0.117s] Level 1:colcon.colcon_core.package_identification:_identify(src/base_demo) by extension 'ros'
[0.118s] DEBUG:colcon.colcon_core.package_identification:Package 'src/base_demo' with type 'ros.ament_cmake' and name 'base_demo'
[0.118s] Level 1:colcon.colcon_core.package_identification:_identify(src/build) by extensions ['ignore', 'ignore_ament_install']
[0.118s] Level 1:colcon.colcon_core.package_identification:_identify(src/build) by extension 'ignore'
[0.118s] Level 1:colcon.colcon_core.package_identification:_identify(src/build) ignored
[0.118s] Level 1:colcon.colcon_core.package_identification:_identify(src/cpp01_topic) by extensions ['ignore', 'ignore_ament_install']
[0.118s] Level 1:colcon.colcon_core.package_identification:_identify(src/cpp01_topic) by extension 'ignore'
[0.118s] Level 1:colcon.colcon_core.package_identification:_identify(src/cpp01_topic) by extension 'ignore_ament_install'
[0.118s] Level 1:colcon.colcon_core.package_identification:_identify(src/cpp01_topic) by extensions ['colcon_pkg']
[0.118s] Level 1:colcon.colcon_core.package_identification:_identify(src/cpp01_topic) by extension 'colcon_pkg'
[0.118s] Level 1:colcon.colcon_core.package_identification:_identify(src/cpp01_topic) by extensions ['colcon_meta']
[0.118s] Level 1:colcon.colcon_core.package_identification:_identify(src/cpp01_topic) by extension 'colcon_meta'
[0.118s] Level 1:colcon.colcon_core.package_identification:_identify(src/cpp01_topic) by extensions ['ros']
[0.118s] Level 1:colcon.colcon_core.package_identification:_identify(src/cpp01_topic) by extension 'ros'
[0.118s] DEBUG:colcon.colcon_core.package_identification:Package 'src/cpp01_topic' with type 'ros.ament_cmake' and name 'cpp01_topic'
[0.118s] Level 1:colcon.colcon_core.package_identification:_identify(src/cpp02_service) by extensions ['ignore', 'ignore_ament_install']
[0.118s] Level 1:colcon.colcon_core.package_identification:_identify(src/cpp02_service) by extension 'ignore'
[0.118s] Level 1:colcon.colcon_core.package_identification:_identify(src/cpp02_service) by extension 'ignore_ament_install'
[0.118s] Level 1:colcon.colcon_core.package_identification:_identify(src/cpp02_service) by extensions ['colcon_pkg']
[0.118s] Level 1:colcon.colcon_core.package_identification:_identify(src/cpp02_service) by extension 'colcon_pkg'
[0.118s] Level 1:colcon.colcon_core.package_identification:_identify(src/cpp02_service) by extensions ['colcon_meta']
[0.118s] Level 1:colcon.colcon_core.package_identification:_identify(src/cpp02_service) by extension 'colcon_meta'
[0.118s] Level 1:colcon.colcon_core.package_identification:_identify(src/cpp02_service) by extensions ['ros']
[0.118s] Level 1:colcon.colcon_core.package_identification:_identify(src/cpp02_service) by extension 'ros'
[0.119s] DEBUG:colcon.colcon_core.package_identification:Package 'src/cpp02_service' with type 'ros.ament_cmake' and name 'cpp02_service'
[0.119s] Level 1:colcon.colcon_core.package_identification:_identify(src/cpp03_action) by extensions ['ignore', 'ignore_ament_install']
[0.119s] Level 1:colcon.colcon_core.package_identification:_identify(src/cpp03_action) by extension 'ignore'
[0.119s] Level 1:colcon.colcon_core.package_identification:_identify(src/cpp03_action) by extension 'ignore_ament_install'
[0.119s] Level 1:colcon.colcon_core.package_identification:_identify(src/cpp03_action) by extensions ['colcon_pkg']
[0.119s] Level 1:colcon.colcon_core.package_identification:_identify(src/cpp03_action) by extension 'colcon_pkg'
[0.119s] Level 1:colcon.colcon_core.package_identification:_identify(src/cpp03_action) by extensions ['colcon_meta']
[0.119s] Level 1:colcon.colcon_core.package_identification:_identify(src/cpp03_action) by extension 'colcon_meta'
[0.119s] Level 1:colcon.colcon_core.package_identification:_identify(src/cpp03_action) by extensions ['ros']
[0.119s] Level 1:colcon.colcon_core.package_identification:_identify(src/cpp03_action) by extension 'ros'
[0.119s] DEBUG:colcon.colcon_core.package_identification:Package 'src/cpp03_action' with type 'ros.ament_cmake' and name 'cpp03_action'
[0.119s] Level 1:colcon.colcon_core.package_identification:_identify(src/cpp04_param) by extensions ['ignore', 'ignore_ament_install']
[0.119s] Level 1:colcon.colcon_core.package_identification:_identify(src/cpp04_param) by extension 'ignore'
[0.119s] Level 1:colcon.colcon_core.package_identification:_identify(src/cpp04_param) by extension 'ignore_ament_install'
[0.119s] Level 1:colcon.colcon_core.package_identification:_identify(src/cpp04_param) by extensions ['colcon_pkg']
[0.119s] Level 1:colcon.colcon_core.package_identification:_identify(src/cpp04_param) by extension 'colcon_pkg'
[0.119s] Level 1:colcon.colcon_core.package_identification:_identify(src/cpp04_param) by extensions ['colcon_meta']
[0.119s] Level 1:colcon.colcon_core.package_identification:_identify(src/cpp04_param) by extension 'colcon_meta'
[0.119s] Level 1:colcon.colcon_core.package_identification:_identify(src/cpp04_param) by extensions ['ros']
[0.119s] Level 1:colcon.colcon_core.package_identification:_identify(src/cpp04_param) by extension 'ros'
[0.120s] DEBUG:colcon.colcon_core.package_identification:Package 'src/cpp04_param' with type 'ros.ament_cmake' and name 'cpp04_param'
[0.120s] Level 1:colcon.colcon_core.package_identification:_identify(src/cpp05_names) by extensions ['ignore', 'ignore_ament_install']
[0.120s] Level 1:colcon.colcon_core.package_identification:_identify(src/cpp05_names) by extension 'ignore'
[0.120s] Level 1:colcon.colcon_core.package_identification:_identify(src/cpp05_names) by extension 'ignore_ament_install'
[0.120s] Level 1:colcon.colcon_core.package_identification:_identify(src/cpp05_names) by extensions ['colcon_pkg']
[0.120s] Level 1:colcon.colcon_core.package_identification:_identify(src/cpp05_names) by extension 'colcon_pkg'
[0.120s] Level 1:colcon.colcon_core.package_identification:_identify(src/cpp05_names) by extensions ['colcon_meta']
[0.120s] Level 1:colcon.colcon_core.package_identification:_identify(src/cpp05_names) by extension 'colcon_meta'
[0.120s] Level 1:colcon.colcon_core.package_identification:_identify(src/cpp05_names) by extensions ['ros']
[0.120s] Level 1:colcon.colcon_core.package_identification:_identify(src/cpp05_names) by extension 'ros'
[0.120s] DEBUG:colcon.colcon_core.package_identification:Package 'src/cpp05_names' with type 'ros.ament_cmake' and name 'cpp05_names'
[0.120s] Level 1:colcon.colcon_core.package_identification:_identify(src/install) by extensions ['ignore', 'ignore_ament_install']
[0.120s] Level 1:colcon.colcon_core.package_identification:_identify(src/install) by extension 'ignore'
[0.120s] Level 1:colcon.colcon_core.package_identification:_identify(src/install) ignored
[0.120s] Level 1:colcon.colcon_core.package_identification:_identify(src/log) by extensions ['ignore', 'ignore_ament_install']
[0.120s] Level 1:colcon.colcon_core.package_identification:_identify(src/log) by extension 'ignore'
[0.120s] Level 1:colcon.colcon_core.package_identification:_identify(src/log) ignored
[0.120s] Level 1:colcon.colcon_core.package_identification:_identify(src/tutorails_plumbing) by extensions ['ignore', 'ignore_ament_install']
[0.120s] Level 1:colcon.colcon_core.package_identification:_identify(src/tutorails_plumbing) by extension 'ignore'
[0.120s] Level 1:colcon.colcon_core.package_identification:_identify(src/tutorails_plumbing) by extension 'ignore_ament_install'
[0.120s] Level 1:colcon.colcon_core.package_identification:_identify(src/tutorails_plumbing) by extensions ['colcon_pkg']
[0.120s] Level 1:colcon.colcon_core.package_identification:_identify(src/tutorails_plumbing) by extension 'colcon_pkg'
[0.120s] Level 1:colcon.colcon_core.package_identification:_identify(src/tutorails_plumbing) by extensions ['colcon_meta']
[0.120s] Level 1:colcon.colcon_core.package_identification:_identify(src/tutorails_plumbing) by extension 'colcon_meta'
[0.120s] Level 1:colcon.colcon_core.package_identification:_identify(src/tutorails_plumbing) by extensions ['ros']
[0.120s] Level 1:colcon.colcon_core.package_identification:_identify(src/tutorails_plumbing) by extension 'ros'
[0.120s] DEBUG:colcon.colcon_core.package_identification:Package 'src/tutorails_plumbing' with type 'ros.ament_cmake' and name 'tutorails_plumbing'
[0.121s] Level 1:colcon.colcon_core.package_discovery:discover_packages(recursive) using defaults
[0.121s] Level 1:colcon.colcon_core.package_discovery:discover_packages(ignore) discover
[0.121s] Level 1:colcon.colcon_core.package_discovery:discover_packages(ignore) using defaults
[0.121s] Level 1:colcon.colcon_core.package_discovery:discover_packages(path) discover
[0.121s] Level 1:colcon.colcon_core.package_discovery:discover_packages(path) using defaults
[0.137s] Level 1:colcon.colcon_core.package_discovery:discover_packages(prefix_path) check parameters
[0.138s] Level 1:colcon.colcon_core.package_discovery:discover_packages(prefix_path) discover
[0.138s] DEBUG:colcon.colcon_installed_package_information.package_discovery:Found 7 installed packages in /home/jon/ws01/install
[0.139s] DEBUG:colcon.colcon_installed_package_information.package_discovery:Found 273 installed packages in /opt/ros/humble
[0.139s] Level 1:colcon.colcon_core.package_discovery:discover_packages(prefix_path) using defaults
[0.156s] Level 5:colcon.colcon_core.verb:set package 'base_demo' build argument 'cmake_args' from command line to 'None'
[0.156s] Level 5:colcon.colcon_core.verb:set package 'base_demo' build argument 'cmake_target' from command line to 'None'
[0.156s] Level 5:colcon.colcon_core.verb:set package 'base_demo' build argument 'cmake_target_skip_unavailable' from command line to 'False'
[0.156s] Level 5:colcon.colcon_core.verb:set package 'base_demo' build argument 'cmake_clean_cache' from command line to 'False'
[0.156s] Level 5:colcon.colcon_core.verb:set package 'base_demo' build argument 'cmake_clean_first' from command line to 'False'
[0.156s] Level 5:colcon.colcon_core.verb:set package 'base_demo' build argument 'cmake_force_configure' from command line to 'False'
[0.156s] Level 5:colcon.colcon_core.verb:set package 'base_demo' build argument 'ament_cmake_args' from command line to 'None'
[0.156s] Level 5:colcon.colcon_core.verb:set package 'base_demo' build argument 'catkin_cmake_args' from command line to 'None'
[0.156s] Level 5:colcon.colcon_core.verb:set package 'base_demo' build argument 'catkin_skip_building_tests' from command line to 'False'
[0.156s] DEBUG:colcon.colcon_core.verb:Building package 'base_demo' with the following arguments: {'ament_cmake_args': None, 'build_base': '/home/jon/ws01/build/base_demo', 'catkin_cmake_args': None, 'catkin_skip_building_tests': False, 'cmake_args': None, 'cmake_clean_cache': False, 'cmake_clean_first': False, 'cmake_force_configure': False, 'cmake_target': None, 'cmake_target_skip_unavailable': False, 'install_base': '/home/jon/ws01/install/base_demo', 'merge_install': False, 'path': '/home/jon/ws01/src/base_demo', 'symlink_install': False, 'test_result_base': None}
[0.157s] Level 5:colcon.colcon_core.verb:set package 'cpp04_param' build argument 'cmake_args' from command line to 'None'
[0.157s] Level 5:colcon.colcon_core.verb:set package 'cpp04_param' build argument 'cmake_target' from command line to 'None'
[0.157s] Level 5:colcon.colcon_core.verb:set package 'cpp04_param' build argument 'cmake_target_skip_unavailable' from command line to 'False'
[0.157s] Level 5:colcon.colcon_core.verb:set package 'cpp04_param' build argument 'cmake_clean_cache' from command line to 'False'
[0.157s] Level 5:colcon.colcon_core.verb:set package 'cpp04_param' build argument 'cmake_clean_first' from command line to 'False'
[0.157s] Level 5:colcon.colcon_core.verb:set package 'cpp04_param' build argument 'cmake_force_configure' from command line to 'False'
[0.157s] Level 5:colcon.colcon_core.verb:set package 'cpp04_param' build argument 'ament_cmake_args' from command line to 'None'
[0.157s] Level 5:colcon.colcon_core.verb:set package 'cpp04_param' build argument 'catkin_cmake_args' from command line to 'None'
[0.157s] Level 5:colcon.colcon_core.verb:set package 'cpp04_param' build argument 'catkin_skip_building_tests' from command line to 'False'
[0.157s] DEBUG:colcon.colcon_core.verb:Building package 'cpp04_param' with the following arguments: {'ament_cmake_args': None, 'build_base': '/home/jon/ws01/build/cpp04_param', 'catkin_cmake_args': None, 'catkin_skip_building_tests': False, 'cmake_args': None, 'cmake_clean_cache': False, 'cmake_clean_first': False, 'cmake_force_configure': False, 'cmake_target': None, 'cmake_target_skip_unavailable': False, 'install_base': '/home/jon/ws01/install/cpp04_param', 'merge_install': False, 'path': '/home/jon/ws01/src/cpp04_param', 'symlink_install': False, 'test_result_base': None}
[0.157s] Level 5:colcon.colcon_core.verb:set package 'cpp05_names' build argument 'cmake_args' from command line to 'None'
[0.157s] Level 5:colcon.colcon_core.verb:set package 'cpp05_names' build argument 'cmake_target' from command line to 'None'
[0.157s] Level 5:colcon.colcon_core.verb:set package 'cpp05_names' build argument 'cmake_target_skip_unavailable' from command line to 'False'
[0.157s] Level 5:colcon.colcon_core.verb:set package 'cpp05_names' build argument 'cmake_clean_cache' from command line to 'False'
[0.157s] Level 5:colcon.colcon_core.verb:set package 'cpp05_names' build argument 'cmake_clean_first' from command line to 'False'
[0.157s] Level 5:colcon.colcon_core.verb:set package 'cpp05_names' build argument 'cmake_force_configure' from command line to 'False'
[0.157s] Level 5:colcon.colcon_core.verb:set package 'cpp05_names' build argument 'ament_cmake_args' from command line to 'None'
[0.157s] Level 5:colcon.colcon_core.verb:set package 'cpp05_names' build argument 'catkin_cmake_args' from command line to 'None'
[0.157s] Level 5:colcon.colcon_core.verb:set package 'cpp05_names' build argument 'catkin_skip_building_tests' from command line to 'False'
[0.157s] DEBUG:colcon.colcon_core.verb:Building package 'cpp05_names' with the following arguments: {'ament_cmake_args': None, 'build_base': '/home/jon/ws01/build/cpp05_names', 'catkin_cmake_args': None, 'catkin_skip_building_tests': False, 'cmake_args': None, 'cmake_clean_cache': False, 'cmake_clean_first': False, 'cmake_force_configure': False, 'cmake_target': None, 'cmake_target_skip_unavailable': False, 'install_base': '/home/jon/ws01/install/cpp05_names', 'merge_install': False, 'path': '/home/jon/ws01/src/cpp05_names', 'symlink_install': False, 'test_result_base': None}
[0.157s] Level 5:colcon.colcon_core.verb:set package 'cpp01_topic' build argument 'cmake_args' from command line to 'None'
[0.157s] Level 5:colcon.colcon_core.verb:set package 'cpp01_topic' build argument 'cmake_target' from command line to 'None'
[0.157s] Level 5:colcon.colcon_core.verb:set package 'cpp01_topic' build argument 'cmake_target_skip_unavailable' from command line to 'False'
[0.157s] Level 5:colcon.colcon_core.verb:set package 'cpp01_topic' build argument 'cmake_clean_cache' from command line to 'False'
[0.157s] Level 5:colcon.colcon_core.verb:set package 'cpp01_topic' build argument 'cmake_clean_first' from command line to 'False'
[0.157s] Level 5:colcon.colcon_core.verb:set package 'cpp01_topic' build argument 'cmake_force_configure' from command line to 'False'
[0.157s] Level 5:colcon.colcon_core.verb:set package 'cpp01_topic' build argument 'ament_cmake_args' from command line to 'None'
[0.157s] Level 5:colcon.colcon_core.verb:set package 'cpp01_topic' build argument 'catkin_cmake_args' from command line to 'None'
[0.157s] Level 5:colcon.colcon_core.verb:set package 'cpp01_topic' build argument 'catkin_skip_building_tests' from command line to 'False'
[0.157s] DEBUG:colcon.colcon_core.verb:Building package 'cpp01_topic' with the following arguments: {'ament_cmake_args': None, 'build_base': '/home/jon/ws01/build/cpp01_topic', 'catkin_cmake_args': None, 'catkin_skip_building_tests': False, 'cmake_args': None, 'cmake_clean_cache': False, 'cmake_clean_first': False, 'cmake_force_configure': False, 'cmake_target': None, 'cmake_target_skip_unavailable': False, 'install_base': '/home/jon/ws01/install/cpp01_topic', 'merge_install': False, 'path': '/home/jon/ws01/src/cpp01_topic', 'symlink_install': False, 'test_result_base': None}
[0.157s] Level 5:colcon.colcon_core.verb:set package 'cpp02_service' build argument 'cmake_args' from command line to 'None'
[0.157s] Level 5:colcon.colcon_core.verb:set package 'cpp02_service' build argument 'cmake_target' from command line to 'None'
[0.157s] Level 5:colcon.colcon_core.verb:set package 'cpp02_service' build argument 'cmake_target_skip_unavailable' from command line to 'False'
[0.157s] Level 5:colcon.colcon_core.verb:set package 'cpp02_service' build argument 'cmake_clean_cache' from command line to 'False'
[0.157s] Level 5:colcon.colcon_core.verb:set package 'cpp02_service' build argument 'cmake_clean_first' from command line to 'False'
[0.157s] Level 5:colcon.colcon_core.verb:set package 'cpp02_service' build argument 'cmake_force_configure' from command line to 'False'
[0.157s] Level 5:colcon.colcon_core.verb:set package 'cpp02_service' build argument 'ament_cmake_args' from command line to 'None'
[0.157s] Level 5:colcon.colcon_core.verb:set package 'cpp02_service' build argument 'catkin_cmake_args' from command line to 'None'
[0.157s] Level 5:colcon.colcon_core.verb:set package 'cpp02_service' build argument 'catkin_skip_building_tests' from command line to 'False'
[0.157s] DEBUG:colcon.colcon_core.verb:Building package 'cpp02_service' with the following arguments: {'ament_cmake_args': None, 'build_base': '/home/jon/ws01/build/cpp02_service', 'catkin_cmake_args': None, 'catkin_skip_building_tests': False, 'cmake_args': None, 'cmake_clean_cache': False, 'cmake_clean_first': False, 'cmake_force_configure': False, 'cmake_target': None, 'cmake_target_skip_unavailable': False, 'install_base': '/home/jon/ws01/install/cpp02_service', 'merge_install': False, 'path': '/home/jon/ws01/src/cpp02_service', 'symlink_install': False, 'test_result_base': None}
[0.157s] Level 5:colcon.colcon_core.verb:set package 'cpp03_action' build argument 'cmake_args' from command line to 'None'
[0.158s] Level 5:colcon.colcon_core.verb:set package 'cpp03_action' build argument 'cmake_target' from command line to 'None'
[0.158s] Level 5:colcon.colcon_core.verb:set package 'cpp03_action' build argument 'cmake_target_skip_unavailable' from command line to 'False'
[0.158s] Level 5:colcon.colcon_core.verb:set package 'cpp03_action' build argument 'cmake_clean_cache' from command line to 'False'
[0.158s] Level 5:colcon.colcon_core.verb:set package 'cpp03_action' build argument 'cmake_clean_first' from command line to 'False'
[0.158s] Level 5:colcon.colcon_core.verb:set package 'cpp03_action' build argument 'cmake_force_configure' from command line to 'False'
[0.158s] Level 5:colcon.colcon_core.verb:set package 'cpp03_action' build argument 'ament_cmake_args' from command line to 'None'
[0.158s] Level 5:colcon.colcon_core.verb:set package 'cpp03_action' build argument 'catkin_cmake_args' from command line to 'None'
[0.158s] Level 5:colcon.colcon_core.verb:set package 'cpp03_action' build argument 'catkin_skip_building_tests' from command line to 'False'
[0.158s] DEBUG:colcon.colcon_core.verb:Building package 'cpp03_action' with the following arguments: {'ament_cmake_args': None, 'build_base': '/home/jon/ws01/build/cpp03_action', 'catkin_cmake_args': None, 'catkin_skip_building_tests': False, 'cmake_args': None, 'cmake_clean_cache': False, 'cmake_clean_first': False, 'cmake_force_configure': False, 'cmake_target': None, 'cmake_target_skip_unavailable': False, 'install_base': '/home/jon/ws01/install/cpp03_action', 'merge_install': False, 'path': '/home/jon/ws01/src/cpp03_action', 'symlink_install': False, 'test_result_base': None}
[0.158s] Level 5:colcon.colcon_core.verb:set package 'tutorails_plumbing' build argument 'cmake_args' from command line to 'None'
[0.158s] Level 5:colcon.colcon_core.verb:set package 'tutorails_plumbing' build argument 'cmake_target' from command line to 'None'
[0.158s] Level 5:colcon.colcon_core.verb:set package 'tutorails_plumbing' build argument 'cmake_target_skip_unavailable' from command line to 'False'
[0.158s] Level 5:colcon.colcon_core.verb:set package 'tutorails_plumbing' build argument 'cmake_clean_cache' from command line to 'False'
[0.158s] Level 5:colcon.colcon_core.verb:set package 'tutorails_plumbing' build argument 'cmake_clean_first' from command line to 'False'
[0.158s] Level 5:colcon.colcon_core.verb:set package 'tutorails_plumbing' build argument 'cmake_force_configure' from command line to 'False'
[0.158s] Level 5:colcon.colcon_core.verb:set package 'tutorails_plumbing' build argument 'ament_cmake_args' from command line to 'None'
[0.158s] Level 5:colcon.colcon_core.verb:set package 'tutorails_plumbing' build argument 'catkin_cmake_args' from command line to 'None'
[0.158s] Level 5:colcon.colcon_core.verb:set package 'tutorails_plumbing' build argument 'catkin_skip_building_tests' from command line to 'False'
[0.158s] DEBUG:colcon.colcon_core.verb:Building package 'tutorails_plumbing' with the following arguments: {'ament_cmake_args': None, 'build_base': '/home/jon/ws01/build/tutorails_plumbing', 'catkin_cmake_args': None, 'catkin_skip_building_tests': False, 'cmake_args': None, 'cmake_clean_cache': False, 'cmake_clean_first': False, 'cmake_force_configure': False, 'cmake_target': None, 'cmake_target_skip_unavailable': False, 'install_base': '/home/jon/ws01/install/tutorails_plumbing', 'merge_install': False, 'path': '/home/jon/ws01/src/tutorails_plumbing', 'symlink_install': False, 'test_result_base': None}
[0.158s] INFO:colcon.colcon_core.executor:Executing jobs using 'parallel' executor
[0.159s] DEBUG:colcon.colcon_parallel_executor.executor.parallel:run_until_complete
[0.159s] INFO:colcon.colcon_ros.task.ament_cmake.build:Building ROS package in '/home/jon/ws01/src/base_demo' with build type 'ament_cmake'
[0.159s] INFO:colcon.colcon_cmake.task.cmake.build:Building CMake package in '/home/jon/ws01/src/base_demo'
[0.160s] INFO:colcon.colcon_core.plugin_system:Skipping extension 'colcon_core.shell.bat': Not used on non-Windows systems
[0.160s] INFO:colcon.colcon_core.shell:Skip shell extension 'powershell' for command environment: Not usable outside of PowerShell
[0.160s] DEBUG:colcon.colcon_core.shell:Skip shell extension 'dsv' for command environment
[0.162s] INFO:colcon.colcon_ros.task.ament_cmake.build:Building ROS package in '/home/jon/ws01/src/cpp04_param' with build type 'ament_cmake'
[0.162s] INFO:colcon.colcon_cmake.task.cmake.build:Building CMake package in '/home/jon/ws01/src/cpp04_param'
[0.162s] INFO:colcon.colcon_core.shell:Skip shell extension 'powershell' for command environment: Not usable outside of PowerShell
[0.162s] DEBUG:colcon.colcon_core.shell:Skip shell extension 'dsv' for command environment
[0.164s] INFO:colcon.colcon_ros.task.ament_cmake.build:Building ROS package in '/home/jon/ws01/src/cpp05_names' with build type 'ament_cmake'
[0.164s] INFO:colcon.colcon_cmake.task.cmake.build:Building CMake package in '/home/jon/ws01/src/cpp05_names'
[0.164s] INFO:colcon.colcon_core.shell:Skip shell extension 'powershell' for command environment: Not usable outside of PowerShell
[0.164s] DEBUG:colcon.colcon_core.shell:Skip shell extension 'dsv' for command environment
[0.169s] DEBUG:colcon.colcon_core.event_handler.log_command:Invoking command in '/home/jon/ws01/build/base_demo': CMAKE_PREFIX_PATH=${CMAKE_PREFIX_PATH}:/opt/ros/humble /usr/bin/cmake --build /home/jon/ws01/build/base_demo -- -j24 -l24
[0.171s] DEBUG:colcon.colcon_core.event_handler.log_command:Invoking command in '/home/jon/ws01/build/cpp04_param': CMAKE_PREFIX_PATH=${CMAKE_PREFIX_PATH}:/opt/ros/humble /usr/bin/cmake --build /home/jon/ws01/build/cpp04_param -- -j24 -l24
[0.179s] DEBUG:colcon.colcon_core.event_handler.log_command:Invoking command in '/home/jon/ws01/build/cpp05_names': CMAKE_PREFIX_PATH=${CMAKE_PREFIX_PATH}:/opt/ros/humble /usr/bin/cmake --build /home/jon/ws01/build/cpp05_names -- -j24 -l24
[0.228s] DEBUG:colcon.colcon_core.event_handler.log_command:Invoked command in '/home/jon/ws01/build/cpp04_param' returned '0': CMAKE_PREFIX_PATH=${CMAKE_PREFIX_PATH}:/opt/ros/humble /usr/bin/cmake --build /home/jon/ws01/build/cpp04_param -- -j24 -l24
[0.237s] DEBUG:colcon.colcon_core.event_handler.log_command:Invoking command in '/home/jon/ws01/build/cpp04_param': CMAKE_PREFIX_PATH=${CMAKE_PREFIX_PATH}:/opt/ros/humble /usr/bin/cmake --install /home/jon/ws01/build/cpp04_param
[0.241s] DEBUG:colcon.colcon_core.event_handler.log_command:Invoked command in '/home/jon/ws01/build/cpp05_names' returned '0': CMAKE_PREFIX_PATH=${CMAKE_PREFIX_PATH}:/opt/ros/humble /usr/bin/cmake --build /home/jon/ws01/build/cpp05_names -- -j24 -l24
[0.243s] DEBUG:colcon.colcon_core.event_handler.log_command:Invoking command in '/home/jon/ws01/build/cpp05_names': CMAKE_PREFIX_PATH=${CMAKE_PREFIX_PATH}:/opt/ros/humble /usr/bin/cmake --install /home/jon/ws01/build/cpp05_names
[0.251s] Level 1:colcon.colcon_core.environment:create_environment_scripts_only(cpp05_names)
[0.252s] DEBUG:colcon.colcon_core.event_handler.log_command:Invoked command in '/home/jon/ws01/build/cpp05_names' returned '0': CMAKE_PREFIX_PATH=${CMAKE_PREFIX_PATH}:/opt/ros/humble /usr/bin/cmake --install /home/jon/ws01/build/cpp05_names
[0.254s] Level 1:colcon.colcon_core.environment:checking '/home/jon/ws01/install/cpp05_names' for CMake module files
[0.254s] Level 1:colcon.colcon_core.environment:checking '/home/jon/ws01/install/cpp05_names' for CMake config files
[0.254s] Level 1:colcon.colcon_core.shell:create_environment_hook('cpp05_names', 'cmake_prefix_path')
[0.254s] INFO:colcon.colcon_core.shell:Creating environment hook '/home/jon/ws01/install/cpp05_names/share/cpp05_names/hook/cmake_prefix_path.ps1'
[0.255s] INFO:colcon.colcon_core.shell:Creating environment descriptor '/home/jon/ws01/install/cpp05_names/share/cpp05_names/hook/cmake_prefix_path.dsv'
[0.255s] INFO:colcon.colcon_core.shell:Creating environment hook '/home/jon/ws01/install/cpp05_names/share/cpp05_names/hook/cmake_prefix_path.sh'
[0.256s] Level 1:colcon.colcon_core.environment:checking '/home/jon/ws01/install/cpp05_names/lib'
[0.256s] Level 1:colcon.colcon_core.environment:checking '/home/jon/ws01/install/cpp05_names/bin'
[0.256s] Level 1:colcon.colcon_core.environment:checking '/home/jon/ws01/install/cpp05_names/lib/pkgconfig/cpp05_names.pc'
[0.256s] Level 1:colcon.colcon_core.environment:checking '/home/jon/ws01/install/cpp05_names/lib/python3.10/site-packages'
[0.257s] Level 1:colcon.colcon_core.environment:checking '/home/jon/ws01/install/cpp05_names/bin'
[0.257s] INFO:colcon.colcon_core.shell:Creating package script '/home/jon/ws01/install/cpp05_names/share/cpp05_names/package.ps1'
[0.258s] INFO:colcon.colcon_core.shell:Creating package descriptor '/home/jon/ws01/install/cpp05_names/share/cpp05_names/package.dsv'
[0.258s] INFO:colcon.colcon_core.shell:Creating package script '/home/jon/ws01/install/cpp05_names/share/cpp05_names/package.sh'
[0.260s] INFO:colcon.colcon_core.shell:Creating package script '/home/jon/ws01/install/cpp05_names/share/cpp05_names/package.bash'
[0.260s] INFO:colcon.colcon_core.shell:Creating package script '/home/jon/ws01/install/cpp05_names/share/cpp05_names/package.zsh'
[0.261s] Level 1:colcon.colcon_core.environment:create_file_with_runtime_dependencies(/home/jon/ws01/install/cpp05_names/share/colcon-core/packages/cpp05_names)
[0.261s] Level 1:colcon.colcon_core.environment:create_environment_scripts_only(cpp05_names)
[0.262s] Level 1:colcon.colcon_core.environment:checking '/home/jon/ws01/install/cpp05_names' for CMake module files
[0.262s] Level 1:colcon.colcon_core.environment:checking '/home/jon/ws01/install/cpp05_names' for CMake config files
[0.262s] Level 1:colcon.colcon_core.shell:create_environment_hook('cpp05_names', 'cmake_prefix_path')
[0.263s] INFO:colcon.colcon_core.shell:Creating environment hook '/home/jon/ws01/install/cpp05_names/share/cpp05_names/hook/cmake_prefix_path.ps1'
[0.263s] INFO:colcon.colcon_core.shell:Creating environment descriptor '/home/jon/ws01/install/cpp05_names/share/cpp05_names/hook/cmake_prefix_path.dsv'
[0.263s] INFO:colcon.colcon_core.shell:Creating environment hook '/home/jon/ws01/install/cpp05_names/share/cpp05_names/hook/cmake_prefix_path.sh'
[0.263s] Level 1:colcon.colcon_core.environment:checking '/home/jon/ws01/install/cpp05_names/lib'
[0.264s] Level 1:colcon.colcon_core.environment:checking '/home/jon/ws01/install/cpp05_names/bin'
[0.264s] Level 1:colcon.colcon_core.environment:checking '/home/jon/ws01/install/cpp05_names/lib/pkgconfig/cpp05_names.pc'
[0.264s] Level 1:colcon.colcon_core.environment:checking '/home/jon/ws01/install/cpp05_names/lib/python3.10/site-packages'
[0.265s] Level 1:colcon.colcon_core.environment:checking '/home/jon/ws01/install/cpp05_names/bin'
[0.265s] INFO:colcon.colcon_core.shell:Creating package script '/home/jon/ws01/install/cpp05_names/share/cpp05_names/package.ps1'
[0.266s] INFO:colcon.colcon_core.shell:Creating package descriptor '/home/jon/ws01/install/cpp05_names/share/cpp05_names/package.dsv'
[0.266s] INFO:colcon.colcon_core.shell:Creating package script '/home/jon/ws01/install/cpp05_names/share/cpp05_names/package.sh'
[0.267s] INFO:colcon.colcon_core.shell:Creating package script '/home/jon/ws01/install/cpp05_names/share/cpp05_names/package.bash'
[0.267s] INFO:colcon.colcon_core.shell:Creating package script '/home/jon/ws01/install/cpp05_names/share/cpp05_names/package.zsh'
[0.267s] Level 1:colcon.colcon_core.environment:create_file_with_runtime_dependencies(/home/jon/ws01/install/cpp05_names/share/colcon-core/packages/cpp05_names)
[0.268s] Level 1:colcon.colcon_core.environment:create_environment_scripts_only(cpp04_param)
[0.268s] Level 1:colcon.colcon_core.environment:checking '/home/jon/ws01/install/cpp04_param' for CMake module files
[0.268s] Level 1:colcon.colcon_core.environment:checking '/home/jon/ws01/install/cpp04_param' for CMake config files
[0.268s] Level 1:colcon.colcon_core.shell:create_environment_hook('cpp04_param', 'cmake_prefix_path')
[0.268s] INFO:colcon.colcon_core.shell:Creating environment hook '/home/jon/ws01/install/cpp04_param/share/cpp04_param/hook/cmake_prefix_path.ps1'
[0.269s] INFO:colcon.colcon_core.shell:Creating environment descriptor '/home/jon/ws01/install/cpp04_param/share/cpp04_param/hook/cmake_prefix_path.dsv'
[0.269s] INFO:colcon.colcon_core.shell:Creating environment hook '/home/jon/ws01/install/cpp04_param/share/cpp04_param/hook/cmake_prefix_path.sh'
[0.269s] DEBUG:colcon.colcon_core.event_handler.log_command:Invoked command in '/home/jon/ws01/build/cpp04_param' returned '0': CMAKE_PREFIX_PATH=${CMAKE_PREFIX_PATH}:/opt/ros/humble /usr/bin/cmake --install /home/jon/ws01/build/cpp04_param
[0.270s] Level 1:colcon.colcon_core.environment:checking '/home/jon/ws01/install/cpp04_param/lib'
[0.270s] Level 1:colcon.colcon_core.environment:checking '/home/jon/ws01/install/cpp04_param/bin'
[0.270s] Level 1:colcon.colcon_core.environment:checking '/home/jon/ws01/install/cpp04_param/lib/pkgconfig/cpp04_param.pc'
[0.270s] Level 1:colcon.colcon_core.environment:checking '/home/jon/ws01/install/cpp04_param/lib/python3.10/site-packages'
[0.270s] Level 1:colcon.colcon_core.environment:checking '/home/jon/ws01/install/cpp04_param/bin'
[0.270s] INFO:colcon.colcon_core.shell:Creating package script '/home/jon/ws01/install/cpp04_param/share/cpp04_param/package.ps1'
[0.271s] INFO:colcon.colcon_core.shell:Creating package descriptor '/home/jon/ws01/install/cpp04_param/share/cpp04_param/package.dsv'
[0.273s] INFO:colcon.colcon_core.shell:Creating package script '/home/jon/ws01/install/cpp04_param/share/cpp04_param/package.sh'
[0.273s] INFO:colcon.colcon_core.shell:Creating package script '/home/jon/ws01/install/cpp04_param/share/cpp04_param/package.bash'
[0.273s] INFO:colcon.colcon_core.shell:Creating package script '/home/jon/ws01/install/cpp04_param/share/cpp04_param/package.zsh'
[0.273s] Level 1:colcon.colcon_core.environment:create_file_with_runtime_dependencies(/home/jon/ws01/install/cpp04_param/share/colcon-core/packages/cpp04_param)
[0.274s] Level 1:colcon.colcon_core.environment:create_environment_scripts_only(cpp04_param)
[0.274s] Level 1:colcon.colcon_core.environment:checking '/home/jon/ws01/install/cpp04_param' for CMake module files
[0.274s] Level 1:colcon.colcon_core.environment:checking '/home/jon/ws01/install/cpp04_param' for CMake config files
[0.274s] Level 1:colcon.colcon_core.shell:create_environment_hook('cpp04_param', 'cmake_prefix_path')
[0.274s] INFO:colcon.colcon_core.shell:Creating environment hook '/home/jon/ws01/install/cpp04_param/share/cpp04_param/hook/cmake_prefix_path.ps1'
[0.274s] INFO:colcon.colcon_core.shell:Creating environment descriptor '/home/jon/ws01/install/cpp04_param/share/cpp04_param/hook/cmake_prefix_path.dsv'
[0.275s] INFO:colcon.colcon_core.shell:Creating environment hook '/home/jon/ws01/install/cpp04_param/share/cpp04_param/hook/cmake_prefix_path.sh'
[0.275s] Level 1:colcon.colcon_core.environment:checking '/home/jon/ws01/install/cpp04_param/lib'
[0.275s] Level 1:colcon.colcon_core.environment:checking '/home/jon/ws01/install/cpp04_param/bin'
[0.275s] Level 1:colcon.colcon_core.environment:checking '/home/jon/ws01/install/cpp04_param/lib/pkgconfig/cpp04_param.pc'
[0.275s] Level 1:colcon.colcon_core.environment:checking '/home/jon/ws01/install/cpp04_param/lib/python3.10/site-packages'
[0.276s] Level 1:colcon.colcon_core.environment:checking '/home/jon/ws01/install/cpp04_param/bin'
[0.276s] INFO:colcon.colcon_core.shell:Creating package script '/home/jon/ws01/install/cpp04_param/share/cpp04_param/package.ps1'
[0.276s] INFO:colcon.colcon_core.shell:Creating package descriptor '/home/jon/ws01/install/cpp04_param/share/cpp04_param/package.dsv'
[0.276s] INFO:colcon.colcon_core.shell:Creating package script '/home/jon/ws01/install/cpp04_param/share/cpp04_param/package.sh'
[0.277s] INFO:colcon.colcon_core.shell:Creating package script '/home/jon/ws01/install/cpp04_param/share/cpp04_param/package.bash'
[0.277s] INFO:colcon.colcon_core.shell:Creating package script '/home/jon/ws01/install/cpp04_param/share/cpp04_param/package.zsh'
[0.277s] Level 1:colcon.colcon_core.environment:create_file_with_runtime_dependencies(/home/jon/ws01/install/cpp04_param/share/colcon-core/packages/cpp04_param)
[0.417s] DEBUG:colcon.colcon_core.event_handler.log_command:Invoked command in '/home/jon/ws01/build/base_demo' returned '0': CMAKE_PREFIX_PATH=${CMAKE_PREFIX_PATH}:/opt/ros/humble /usr/bin/cmake --build /home/jon/ws01/build/base_demo -- -j24 -l24
[0.418s] DEBUG:colcon.colcon_core.event_handler.log_command:Invoking command in '/home/jon/ws01/build/base_demo': CMAKE_PREFIX_PATH=${CMAKE_PREFIX_PATH}:/opt/ros/humble /usr/bin/cmake --install /home/jon/ws01/build/base_demo
[0.457s] Level 1:colcon.colcon_core.environment:create_environment_scripts_only(base_demo)
[0.457s] DEBUG:colcon.colcon_core.event_handler.log_command:Invoked command in '/home/jon/ws01/build/base_demo' returned '0': CMAKE_PREFIX_PATH=${CMAKE_PREFIX_PATH}:/opt/ros/humble /usr/bin/cmake --install /home/jon/ws01/build/base_demo
[0.457s] Level 1:colcon.colcon_core.environment:checking '/home/jon/ws01/install/base_demo' for CMake module files
[0.458s] Level 1:colcon.colcon_core.environment:checking '/home/jon/ws01/install/base_demo' for CMake config files
[0.458s] Level 1:colcon.colcon_core.shell:create_environment_hook('base_demo', 'cmake_prefix_path')
[0.458s] INFO:colcon.colcon_core.shell:Creating environment hook '/home/jon/ws01/install/base_demo/share/base_demo/hook/cmake_prefix_path.ps1'
[0.459s] INFO:colcon.colcon_core.shell:Creating environment descriptor '/home/jon/ws01/install/base_demo/share/base_demo/hook/cmake_prefix_path.dsv'
[0.459s] INFO:colcon.colcon_core.shell:Creating environment hook '/home/jon/ws01/install/base_demo/share/base_demo/hook/cmake_prefix_path.sh'
[0.459s] Level 1:colcon.colcon_core.environment:checking '/home/jon/ws01/install/base_demo/lib'
[0.459s] Level 1:colcon.colcon_core.shell:create_environment_hook('base_demo', 'ld_library_path_lib')
[0.459s] INFO:colcon.colcon_core.shell:Creating environment hook '/home/jon/ws01/install/base_demo/share/base_demo/hook/ld_library_path_lib.ps1'
[0.460s] INFO:colcon.colcon_core.shell:Creating environment descriptor '/home/jon/ws01/install/base_demo/share/base_demo/hook/ld_library_path_lib.dsv'
[0.460s] INFO:colcon.colcon_core.shell:Creating environment hook '/home/jon/ws01/install/base_demo/share/base_demo/hook/ld_library_path_lib.sh'
[0.461s] Level 1:colcon.colcon_core.environment:checking '/home/jon/ws01/install/base_demo/bin'
[0.461s] Level 1:colcon.colcon_core.environment:checking '/home/jon/ws01/install/base_demo/lib/pkgconfig/base_demo.pc'
[0.461s] Level 1:colcon.colcon_core.environment:checking '/home/jon/ws01/install/base_demo/lib/python3.10/site-packages'
[0.461s] Level 1:colcon.colcon_core.environment:checking '/home/jon/ws01/install/base_demo/bin'
[0.461s] INFO:colcon.colcon_core.shell:Creating package script '/home/jon/ws01/install/base_demo/share/base_demo/package.ps1'
[0.461s] INFO:colcon.colcon_core.shell:Creating package descriptor '/home/jon/ws01/install/base_demo/share/base_demo/package.dsv'
[0.462s] INFO:colcon.colcon_core.shell:Creating package script '/home/jon/ws01/install/base_demo/share/base_demo/package.sh'
[0.462s] INFO:colcon.colcon_core.shell:Creating package script '/home/jon/ws01/install/base_demo/share/base_demo/package.bash'
[0.462s] INFO:colcon.colcon_core.shell:Creating package script '/home/jon/ws01/install/base_demo/share/base_demo/package.zsh'
[0.462s] Level 1:colcon.colcon_core.environment:create_file_with_runtime_dependencies(/home/jon/ws01/install/base_demo/share/colcon-core/packages/base_demo)
[0.463s] Level 1:colcon.colcon_core.environment:create_environment_scripts_only(base_demo)
[0.463s] Level 1:colcon.colcon_core.environment:checking '/home/jon/ws01/install/base_demo' for CMake module files
[0.463s] Level 1:colcon.colcon_core.environment:checking '/home/jon/ws01/install/base_demo' for CMake config files
[0.463s] Level 1:colcon.colcon_core.shell:create_environment_hook('base_demo', 'cmake_prefix_path')
[0.464s] INFO:colcon.colcon_core.shell:Creating environment hook '/home/jon/ws01/install/base_demo/share/base_demo/hook/cmake_prefix_path.ps1'
[0.464s] INFO:colcon.colcon_core.shell:Creating environment descriptor '/home/jon/ws01/install/base_demo/share/base_demo/hook/cmake_prefix_path.dsv'
[0.464s] INFO:colcon.colcon_core.shell:Creating environment hook '/home/jon/ws01/install/base_demo/share/base_demo/hook/cmake_prefix_path.sh'
[0.464s] Level 1:colcon.colcon_core.environment:checking '/home/jon/ws01/install/base_demo/lib'
[0.464s] Level 1:colcon.colcon_core.shell:create_environment_hook('base_demo', 'ld_library_path_lib')
[0.465s] INFO:colcon.colcon_core.shell:Creating environment hook '/home/jon/ws01/install/base_demo/share/base_demo/hook/ld_library_path_lib.ps1'
[0.465s] INFO:colcon.colcon_core.shell:Creating environment descriptor '/home/jon/ws01/install/base_demo/share/base_demo/hook/ld_library_path_lib.dsv'
[0.465s] INFO:colcon.colcon_core.shell:Creating environment hook '/home/jon/ws01/install/base_demo/share/base_demo/hook/ld_library_path_lib.sh'
[0.465s] Level 1:colcon.colcon_core.environment:checking '/home/jon/ws01/install/base_demo/bin'
[0.465s] Level 1:colcon.colcon_core.environment:checking '/home/jon/ws01/install/base_demo/lib/pkgconfig/base_demo.pc'
[0.465s] Level 1:colcon.colcon_core.environment:checking '/home/jon/ws01/install/base_demo/lib/python3.10/site-packages'
[0.466s] Level 1:colcon.colcon_core.environment:checking '/home/jon/ws01/install/base_demo/bin'
[0.466s] INFO:colcon.colcon_core.shell:Creating package script '/home/jon/ws01/install/base_demo/share/base_demo/package.ps1'
[0.466s] INFO:colcon.colcon_core.shell:Creating package descriptor '/home/jon/ws01/install/base_demo/share/base_demo/package.dsv'
[0.466s] INFO:colcon.colcon_core.shell:Creating package script '/home/jon/ws01/install/base_demo/share/base_demo/package.sh'
[0.466s] INFO:colcon.colcon_core.shell:Creating package script '/home/jon/ws01/install/base_demo/share/base_demo/package.bash'
[0.467s] INFO:colcon.colcon_core.shell:Creating package script '/home/jon/ws01/install/base_demo/share/base_demo/package.zsh'
[0.467s] Level 1:colcon.colcon_core.environment:create_file_with_runtime_dependencies(/home/jon/ws01/install/base_demo/share/colcon-core/packages/base_demo)
[0.467s] INFO:colcon.colcon_ros.task.ament_cmake.build:Building ROS package in '/home/jon/ws01/src/cpp01_topic' with build type 'ament_cmake'
[0.467s] INFO:colcon.colcon_cmake.task.cmake.build:Building CMake package in '/home/jon/ws01/src/cpp01_topic'
[0.467s] INFO:colcon.colcon_core.shell:Skip shell extension 'powershell' for command environment: Not usable outside of PowerShell
[0.467s] DEBUG:colcon.colcon_core.shell:Skip shell extension 'dsv' for command environment
[0.470s] INFO:colcon.colcon_ros.task.ament_cmake.build:Building ROS package in '/home/jon/ws01/src/cpp02_service' with build type 'ament_cmake'
[0.470s] INFO:colcon.colcon_cmake.task.cmake.build:Building CMake package in '/home/jon/ws01/src/cpp02_service'
[0.470s] INFO:colcon.colcon_core.shell:Skip shell extension 'powershell' for command environment: Not usable outside of PowerShell
[0.470s] DEBUG:colcon.colcon_core.shell:Skip shell extension 'dsv' for command environment
[0.471s] INFO:colcon.colcon_ros.task.ament_cmake.build:Building ROS package in '/home/jon/ws01/src/cpp03_action' with build type 'ament_cmake'
[0.472s] INFO:colcon.colcon_cmake.task.cmake.build:Building CMake package in '/home/jon/ws01/src/cpp03_action'
[0.472s] INFO:colcon.colcon_core.shell:Skip shell extension 'powershell' for command environment: Not usable outside of PowerShell
[0.472s] DEBUG:colcon.colcon_core.shell:Skip shell extension 'dsv' for command environment
[0.478s] DEBUG:colcon.colcon_core.event_handler.log_command:Invoking command in '/home/jon/ws01/build/cpp01_topic': CMAKE_PREFIX_PATH=/home/jon/ws01/install/base_demo:/home/jon/ws01/install/tutorails_plumbing:/home/jon/ws01/install/cpp05_names:/home/jon/ws01/install/cpp04_param:/home/jon/ws01/install/cpp03_action:/home/jon/ws01/install/cpp02_service:/home/jon/ws01/install/cpp01_topic:/opt/ros/humble /usr/bin/cmake --build /home/jon/ws01/build/cpp01_topic -- -j24 -l24
[0.483s] DEBUG:colcon.colcon_core.event_handler.log_command:Invoking command in '/home/jon/ws01/build/cpp02_service': CMAKE_PREFIX_PATH=/home/jon/ws01/install/base_demo:/home/jon/ws01/install/tutorails_plumbing:/home/jon/ws01/install/cpp05_names:/home/jon/ws01/install/cpp04_param:/home/jon/ws01/install/cpp03_action:/home/jon/ws01/install/cpp02_service:/home/jon/ws01/install/cpp01_topic:/opt/ros/humble /usr/bin/cmake --build /home/jon/ws01/build/cpp02_service -- -j24 -l24
[0.484s] DEBUG:colcon.colcon_core.event_handler.log_command:Invoking command in '/home/jon/ws01/build/cpp03_action': CMAKE_PREFIX_PATH=/home/jon/ws01/install/base_demo:/home/jon/ws01/install/tutorails_plumbing:/home/jon/ws01/install/cpp05_names:/home/jon/ws01/install/cpp04_param:/home/jon/ws01/install/cpp03_action:/home/jon/ws01/install/cpp02_service:/home/jon/ws01/install/cpp01_topic:/opt/ros/humble /usr/bin/cmake --build /home/jon/ws01/build/cpp03_action -- -j24 -l24
[0.548s] DEBUG:colcon.colcon_core.event_handler.log_command:Invoked command in '/home/jon/ws01/build/cpp02_service' returned '0': CMAKE_PREFIX_PATH=/home/jon/ws01/install/base_demo:/home/jon/ws01/install/tutorails_plumbing:/home/jon/ws01/install/cpp05_names:/home/jon/ws01/install/cpp04_param:/home/jon/ws01/install/cpp03_action:/home/jon/ws01/install/cpp02_service:/home/jon/ws01/install/cpp01_topic:/opt/ros/humble /usr/bin/cmake --build /home/jon/ws01/build/cpp02_service -- -j24 -l24
[0.552s] DEBUG:colcon.colcon_core.event_handler.log_command:Invoking command in '/home/jon/ws01/build/cpp02_service': CMAKE_PREFIX_PATH=/home/jon/ws01/install/base_demo:/home/jon/ws01/install/tutorails_plumbing:/home/jon/ws01/install/cpp05_names:/home/jon/ws01/install/cpp04_param:/home/jon/ws01/install/cpp03_action:/home/jon/ws01/install/cpp02_service:/home/jon/ws01/install/cpp01_topic:/opt/ros/humble /usr/bin/cmake --install /home/jon/ws01/build/cpp02_service
[0.552s] DEBUG:colcon.colcon_core.event_handler.log_command:Invoked command in '/home/jon/ws01/build/cpp01_topic' returned '0': CMAKE_PREFIX_PATH=/home/jon/ws01/install/base_demo:/home/jon/ws01/install/tutorails_plumbing:/home/jon/ws01/install/cpp05_names:/home/jon/ws01/install/cpp04_param:/home/jon/ws01/install/cpp03_action:/home/jon/ws01/install/cpp02_service:/home/jon/ws01/install/cpp01_topic:/opt/ros/humble /usr/bin/cmake --build /home/jon/ws01/build/cpp01_topic -- -j24 -l24
[0.559s] DEBUG:colcon.colcon_core.event_handler.log_command:Invoking command in '/home/jon/ws01/build/cpp01_topic': CMAKE_PREFIX_PATH=/home/jon/ws01/install/base_demo:/home/jon/ws01/install/tutorails_plumbing:/home/jon/ws01/install/cpp05_names:/home/jon/ws01/install/cpp04_param:/home/jon/ws01/install/cpp03_action:/home/jon/ws01/install/cpp02_service:/home/jon/ws01/install/cpp01_topic:/opt/ros/humble /usr/bin/cmake --install /home/jon/ws01/build/cpp01_topic
[0.559s] DEBUG:colcon.colcon_core.event_handler.log_command:Invoked command in '/home/jon/ws01/build/cpp03_action' returned '0': CMAKE_PREFIX_PATH=/home/jon/ws01/install/base_demo:/home/jon/ws01/install/tutorails_plumbing:/home/jon/ws01/install/cpp05_names:/home/jon/ws01/install/cpp04_param:/home/jon/ws01/install/cpp03_action:/home/jon/ws01/install/cpp02_service:/home/jon/ws01/install/cpp01_topic:/opt/ros/humble /usr/bin/cmake --build /home/jon/ws01/build/cpp03_action -- -j24 -l24
[0.561s] DEBUG:colcon.colcon_core.event_handler.log_command:Invoking command in '/home/jon/ws01/build/cpp03_action': CMAKE_PREFIX_PATH=/home/jon/ws01/install/base_demo:/home/jon/ws01/install/tutorails_plumbing:/home/jon/ws01/install/cpp05_names:/home/jon/ws01/install/cpp04_param:/home/jon/ws01/install/cpp03_action:/home/jon/ws01/install/cpp02_service:/home/jon/ws01/install/cpp01_topic:/opt/ros/humble /usr/bin/cmake --install /home/jon/ws01/build/cpp03_action
[0.561s] Level 1:colcon.colcon_core.environment:create_environment_scripts_only(cpp02_service)
[0.561s] Level 1:colcon.colcon_core.environment:checking '/home/jon/ws01/install/cpp02_service' for CMake module files
[0.563s] Level 1:colcon.colcon_core.environment:checking '/home/jon/ws01/install/cpp02_service' for CMake config files
[0.564s] DEBUG:colcon.colcon_core.event_handler.log_command:Invoked command in '/home/jon/ws01/build/cpp02_service' returned '0': CMAKE_PREFIX_PATH=/home/jon/ws01/install/base_demo:/home/jon/ws01/install/tutorails_plumbing:/home/jon/ws01/install/cpp05_names:/home/jon/ws01/install/cpp04_param:/home/jon/ws01/install/cpp03_action:/home/jon/ws01/install/cpp02_service:/home/jon/ws01/install/cpp01_topic:/opt/ros/humble /usr/bin/cmake --install /home/jon/ws01/build/cpp02_service
[0.565s] Level 1:colcon.colcon_core.shell:create_environment_hook('cpp02_service', 'cmake_prefix_path')
[0.565s] INFO:colcon.colcon_core.shell:Creating environment hook '/home/jon/ws01/install/cpp02_service/share/cpp02_service/hook/cmake_prefix_path.ps1'
[0.566s] INFO:colcon.colcon_core.shell:Creating environment descriptor '/home/jon/ws01/install/cpp02_service/share/cpp02_service/hook/cmake_prefix_path.dsv'
[0.567s] INFO:colcon.colcon_core.shell:Creating environment hook '/home/jon/ws01/install/cpp02_service/share/cpp02_service/hook/cmake_prefix_path.sh'
[0.567s] Level 1:colcon.colcon_core.environment:checking '/home/jon/ws01/install/cpp02_service/lib'
[0.567s] Level 1:colcon.colcon_core.environment:checking '/home/jon/ws01/install/cpp02_service/bin'
[0.567s] Level 1:colcon.colcon_core.environment:checking '/home/jon/ws01/install/cpp02_service/lib/pkgconfig/cpp02_service.pc'
[0.567s] Level 1:colcon.colcon_core.environment:checking '/home/jon/ws01/install/cpp02_service/lib/python3.10/site-packages'
[0.568s] Level 1:colcon.colcon_core.environment:checking '/home/jon/ws01/install/cpp02_service/bin'
[0.568s] INFO:colcon.colcon_core.shell:Creating package script '/home/jon/ws01/install/cpp02_service/share/cpp02_service/package.ps1'
[0.568s] INFO:colcon.colcon_core.shell:Creating package descriptor '/home/jon/ws01/install/cpp02_service/share/cpp02_service/package.dsv'
[0.569s] INFO:colcon.colcon_core.shell:Creating package script '/home/jon/ws01/install/cpp02_service/share/cpp02_service/package.sh'
[0.569s] INFO:colcon.colcon_core.shell:Creating package script '/home/jon/ws01/install/cpp02_service/share/cpp02_service/package.bash'
[0.569s] INFO:colcon.colcon_core.shell:Creating package script '/home/jon/ws01/install/cpp02_service/share/cpp02_service/package.zsh'
[0.569s] Level 1:colcon.colcon_core.environment:create_file_with_runtime_dependencies(/home/jon/ws01/install/cpp02_service/share/colcon-core/packages/cpp02_service)
[0.570s] Level 1:colcon.colcon_core.environment:create_environment_scripts_only(cpp02_service)
[0.570s] Level 1:colcon.colcon_core.environment:checking '/home/jon/ws01/install/cpp02_service' for CMake module files
[0.570s] Level 1:colcon.colcon_core.environment:checking '/home/jon/ws01/install/cpp02_service' for CMake config files
[0.570s] Level 1:colcon.colcon_core.shell:create_environment_hook('cpp02_service', 'cmake_prefix_path')
[0.571s] INFO:colcon.colcon_core.shell:Creating environment hook '/home/jon/ws01/install/cpp02_service/share/cpp02_service/hook/cmake_prefix_path.ps1'
[0.571s] INFO:colcon.colcon_core.shell:Creating environment descriptor '/home/jon/ws01/install/cpp02_service/share/cpp02_service/hook/cmake_prefix_path.dsv'
[0.571s] INFO:colcon.colcon_core.shell:Creating environment hook '/home/jon/ws01/install/cpp02_service/share/cpp02_service/hook/cmake_prefix_path.sh'
[0.571s] Level 1:colcon.colcon_core.environment:checking '/home/jon/ws01/install/cpp02_service/lib'
[0.571s] Level 1:colcon.colcon_core.environment:checking '/home/jon/ws01/install/cpp02_service/bin'
[0.572s] Level 1:colcon.colcon_core.environment:checking '/home/jon/ws01/install/cpp02_service/lib/pkgconfig/cpp02_service.pc'
[0.572s] Level 1:colcon.colcon_core.environment:checking '/home/jon/ws01/install/cpp02_service/lib/python3.10/site-packages'
[0.572s] Level 1:colcon.colcon_core.environment:checking '/home/jon/ws01/install/cpp02_service/bin'
[0.572s] INFO:colcon.colcon_core.shell:Creating package script '/home/jon/ws01/install/cpp02_service/share/cpp02_service/package.ps1'
[0.572s] INFO:colcon.colcon_core.shell:Creating package descriptor '/home/jon/ws01/install/cpp02_service/share/cpp02_service/package.dsv'
[0.573s] INFO:colcon.colcon_core.shell:Creating package script '/home/jon/ws01/install/cpp02_service/share/cpp02_service/package.sh'
[0.573s] INFO:colcon.colcon_core.shell:Creating package script '/home/jon/ws01/install/cpp02_service/share/cpp02_service/package.bash'
[0.573s] INFO:colcon.colcon_core.shell:Creating package script '/home/jon/ws01/install/cpp02_service/share/cpp02_service/package.zsh'
[0.574s] Level 1:colcon.colcon_core.environment:create_file_with_runtime_dependencies(/home/jon/ws01/install/cpp02_service/share/colcon-core/packages/cpp02_service)
[0.575s] Level 1:colcon.colcon_core.environment:create_environment_scripts_only(cpp01_topic)
[0.575s] Level 1:colcon.colcon_core.environment:checking '/home/jon/ws01/install/cpp01_topic' for CMake module files
[0.576s] DEBUG:colcon.colcon_core.event_handler.log_command:Invoked command in '/home/jon/ws01/build/cpp01_topic' returned '0': CMAKE_PREFIX_PATH=/home/jon/ws01/install/base_demo:/home/jon/ws01/install/tutorails_plumbing:/home/jon/ws01/install/cpp05_names:/home/jon/ws01/install/cpp04_param:/home/jon/ws01/install/cpp03_action:/home/jon/ws01/install/cpp02_service:/home/jon/ws01/install/cpp01_topic:/opt/ros/humble /usr/bin/cmake --install /home/jon/ws01/build/cpp01_topic
[0.576s] Level 1:colcon.colcon_core.environment:checking '/home/jon/ws01/install/cpp01_topic' for CMake config files
[0.576s] Level 1:colcon.colcon_core.shell:create_environment_hook('cpp01_topic', 'cmake_prefix_path')
[0.576s] INFO:colcon.colcon_core.shell:Creating environment hook '/home/jon/ws01/install/cpp01_topic/share/cpp01_topic/hook/cmake_prefix_path.ps1'
[0.577s] INFO:colcon.colcon_core.shell:Creating environment descriptor '/home/jon/ws01/install/cpp01_topic/share/cpp01_topic/hook/cmake_prefix_path.dsv'
[0.577s] INFO:colcon.colcon_core.shell:Creating environment hook '/home/jon/ws01/install/cpp01_topic/share/cpp01_topic/hook/cmake_prefix_path.sh'
[0.577s] Level 1:colcon.colcon_core.environment:checking '/home/jon/ws01/install/cpp01_topic/lib'
[0.577s] Level 1:colcon.colcon_core.environment:checking '/home/jon/ws01/install/cpp01_topic/bin'
[0.577s] Level 1:colcon.colcon_core.environment:checking '/home/jon/ws01/install/cpp01_topic/lib/pkgconfig/cpp01_topic.pc'
[0.577s] Level 1:colcon.colcon_core.environment:checking '/home/jon/ws01/install/cpp01_topic/lib/python3.10/site-packages'
[0.578s] Level 1:colcon.colcon_core.environment:checking '/home/jon/ws01/install/cpp01_topic/bin'
[0.578s] INFO:colcon.colcon_core.shell:Creating package script '/home/jon/ws01/install/cpp01_topic/share/cpp01_topic/package.ps1'
[0.578s] INFO:colcon.colcon_core.shell:Creating package descriptor '/home/jon/ws01/install/cpp01_topic/share/cpp01_topic/package.dsv'
[0.578s] INFO:colcon.colcon_core.shell:Creating package script '/home/jon/ws01/install/cpp01_topic/share/cpp01_topic/package.sh'
[0.579s] INFO:colcon.colcon_core.shell:Creating package script '/home/jon/ws01/install/cpp01_topic/share/cpp01_topic/package.bash'
[0.579s] INFO:colcon.colcon_core.shell:Creating package script '/home/jon/ws01/install/cpp01_topic/share/cpp01_topic/package.zsh'
[0.579s] Level 1:colcon.colcon_core.environment:create_file_with_runtime_dependencies(/home/jon/ws01/install/cpp01_topic/share/colcon-core/packages/cpp01_topic)
[0.579s] Level 1:colcon.colcon_core.environment:create_environment_scripts_only(cpp01_topic)
[0.579s] Level 1:colcon.colcon_core.environment:checking '/home/jon/ws01/install/cpp01_topic' for CMake module files
[0.580s] Level 1:colcon.colcon_core.environment:checking '/home/jon/ws01/install/cpp01_topic' for CMake config files
[0.580s] Level 1:colcon.colcon_core.shell:create_environment_hook('cpp01_topic', 'cmake_prefix_path')
[0.580s] INFO:colcon.colcon_core.shell:Creating environment hook '/home/jon/ws01/install/cpp01_topic/share/cpp01_topic/hook/cmake_prefix_path.ps1'
[0.580s] INFO:colcon.colcon_core.shell:Creating environment descriptor '/home/jon/ws01/install/cpp01_topic/share/cpp01_topic/hook/cmake_prefix_path.dsv'
[0.580s] INFO:colcon.colcon_core.shell:Creating environment hook '/home/jon/ws01/install/cpp01_topic/share/cpp01_topic/hook/cmake_prefix_path.sh'
[0.581s] Level 1:colcon.colcon_core.environment:checking '/home/jon/ws01/install/cpp01_topic/lib'
[0.581s] Level 1:colcon.colcon_core.environment:checking '/home/jon/ws01/install/cpp01_topic/bin'
[0.581s] Level 1:colcon.colcon_core.environment:checking '/home/jon/ws01/install/cpp01_topic/lib/pkgconfig/cpp01_topic.pc'
[0.581s] Level 1:colcon.colcon_core.environment:checking '/home/jon/ws01/install/cpp01_topic/lib/python3.10/site-packages'
[0.581s] Level 1:colcon.colcon_core.environment:checking '/home/jon/ws01/install/cpp01_topic/bin'
[0.581s] INFO:colcon.colcon_core.shell:Creating package script '/home/jon/ws01/install/cpp01_topic/share/cpp01_topic/package.ps1'
[0.582s] INFO:colcon.colcon_core.shell:Creating package descriptor '/home/jon/ws01/install/cpp01_topic/share/cpp01_topic/package.dsv'
[0.582s] INFO:colcon.colcon_core.shell:Creating package script '/home/jon/ws01/install/cpp01_topic/share/cpp01_topic/package.sh'
[0.582s] INFO:colcon.colcon_core.shell:Creating package script '/home/jon/ws01/install/cpp01_topic/share/cpp01_topic/package.bash'
[0.584s] INFO:colcon.colcon_core.shell:Creating package script '/home/jon/ws01/install/cpp01_topic/share/cpp01_topic/package.zsh'
[0.584s] Level 1:colcon.colcon_core.environment:create_file_with_runtime_dependencies(/home/jon/ws01/install/cpp01_topic/share/colcon-core/packages/cpp01_topic)
[0.585s] Level 1:colcon.colcon_core.environment:create_environment_scripts_only(cpp03_action)
[0.585s] Level 1:colcon.colcon_core.environment:checking '/home/jon/ws01/install/cpp03_action' for CMake module files
[0.585s] Level 1:colcon.colcon_core.environment:checking '/home/jon/ws01/install/cpp03_action' for CMake config files
[0.586s] DEBUG:colcon.colcon_core.event_handler.log_command:Invoked command in '/home/jon/ws01/build/cpp03_action' returned '0': CMAKE_PREFIX_PATH=/home/jon/ws01/install/base_demo:/home/jon/ws01/install/tutorails_plumbing:/home/jon/ws01/install/cpp05_names:/home/jon/ws01/install/cpp04_param:/home/jon/ws01/install/cpp03_action:/home/jon/ws01/install/cpp02_service:/home/jon/ws01/install/cpp01_topic:/opt/ros/humble /usr/bin/cmake --install /home/jon/ws01/build/cpp03_action
[0.586s] Level 1:colcon.colcon_core.shell:create_environment_hook('cpp03_action', 'cmake_prefix_path')
[0.586s] INFO:colcon.colcon_core.shell:Creating environment hook '/home/jon/ws01/install/cpp03_action/share/cpp03_action/hook/cmake_prefix_path.ps1'
[0.588s] INFO:colcon.colcon_core.shell:Creating environment descriptor '/home/jon/ws01/install/cpp03_action/share/cpp03_action/hook/cmake_prefix_path.dsv'
[0.588s] INFO:colcon.colcon_core.shell:Creating environment hook '/home/jon/ws01/install/cpp03_action/share/cpp03_action/hook/cmake_prefix_path.sh'
[0.588s] Level 1:colcon.colcon_core.environment:checking '/home/jon/ws01/install/cpp03_action/lib'
[0.588s] Level 1:colcon.colcon_core.environment:checking '/home/jon/ws01/install/cpp03_action/bin'
[0.588s] Level 1:colcon.colcon_core.environment:checking '/home/jon/ws01/install/cpp03_action/lib/pkgconfig/cpp03_action.pc'
[0.588s] Level 1:colcon.colcon_core.environment:checking '/home/jon/ws01/install/cpp03_action/lib/python3.10/site-packages'
[0.589s] Level 1:colcon.colcon_core.environment:checking '/home/jon/ws01/install/cpp03_action/bin'
[0.589s] INFO:colcon.colcon_core.shell:Creating package script '/home/jon/ws01/install/cpp03_action/share/cpp03_action/package.ps1'
[0.589s] INFO:colcon.colcon_core.shell:Creating package descriptor '/home/jon/ws01/install/cpp03_action/share/cpp03_action/package.dsv'
[0.589s] INFO:colcon.colcon_core.shell:Creating package script '/home/jon/ws01/install/cpp03_action/share/cpp03_action/package.sh'
[0.590s] INFO:colcon.colcon_core.shell:Creating package script '/home/jon/ws01/install/cpp03_action/share/cpp03_action/package.bash'
[0.590s] INFO:colcon.colcon_core.shell:Creating package script '/home/jon/ws01/install/cpp03_action/share/cpp03_action/package.zsh'
[0.590s] Level 1:colcon.colcon_core.environment:create_file_with_runtime_dependencies(/home/jon/ws01/install/cpp03_action/share/colcon-core/packages/cpp03_action)
[0.590s] Level 1:colcon.colcon_core.environment:create_environment_scripts_only(cpp03_action)
[0.590s] Level 1:colcon.colcon_core.environment:checking '/home/jon/ws01/install/cpp03_action' for CMake module files
[0.591s] Level 1:colcon.colcon_core.environment:checking '/home/jon/ws01/install/cpp03_action' for CMake config files
[0.591s] Level 1:colcon.colcon_core.shell:create_environment_hook('cpp03_action', 'cmake_prefix_path')
[0.591s] INFO:colcon.colcon_core.shell:Creating environment hook '/home/jon/ws01/install/cpp03_action/share/cpp03_action/hook/cmake_prefix_path.ps1'
[0.591s] INFO:colcon.colcon_core.shell:Creating environment descriptor '/home/jon/ws01/install/cpp03_action/share/cpp03_action/hook/cmake_prefix_path.dsv'
[0.591s] INFO:colcon.colcon_core.shell:Creating environment hook '/home/jon/ws01/install/cpp03_action/share/cpp03_action/hook/cmake_prefix_path.sh'
[0.592s] Level 1:colcon.colcon_core.environment:checking '/home/jon/ws01/install/cpp03_action/lib'
[0.592s] Level 1:colcon.colcon_core.environment:checking '/home/jon/ws01/install/cpp03_action/bin'
[0.592s] Level 1:colcon.colcon_core.environment:checking '/home/jon/ws01/install/cpp03_action/lib/pkgconfig/cpp03_action.pc'
[0.592s] Level 1:colcon.colcon_core.environment:checking '/home/jon/ws01/install/cpp03_action/lib/python3.10/site-packages'
[0.592s] Level 1:colcon.colcon_core.environment:checking '/home/jon/ws01/install/cpp03_action/bin'
[0.592s] INFO:colcon.colcon_core.shell:Creating package script '/home/jon/ws01/install/cpp03_action/share/cpp03_action/package.ps1'
[0.593s] INFO:colcon.colcon_core.shell:Creating package descriptor '/home/jon/ws01/install/cpp03_action/share/cpp03_action/package.dsv'
[0.593s] INFO:colcon.colcon_core.shell:Creating package script '/home/jon/ws01/install/cpp03_action/share/cpp03_action/package.sh'
[0.593s] INFO:colcon.colcon_core.shell:Creating package script '/home/jon/ws01/install/cpp03_action/share/cpp03_action/package.bash'
[0.593s] INFO:colcon.colcon_core.shell:Creating package script '/home/jon/ws01/install/cpp03_action/share/cpp03_action/package.zsh'
[0.594s] Level 1:colcon.colcon_core.environment:create_file_with_runtime_dependencies(/home/jon/ws01/install/cpp03_action/share/colcon-core/packages/cpp03_action)
[0.594s] INFO:colcon.colcon_ros.task.ament_cmake.build:Building ROS package in '/home/jon/ws01/src/tutorails_plumbing' with build type 'ament_cmake'
[0.594s] INFO:colcon.colcon_cmake.task.cmake.build:Building CMake package in '/home/jon/ws01/src/tutorails_plumbing'
[0.594s] INFO:colcon.colcon_core.shell:Skip shell extension 'powershell' for command environment: Not usable outside of PowerShell
[0.594s] DEBUG:colcon.colcon_core.shell:Skip shell extension 'dsv' for command environment
[0.604s] DEBUG:colcon.colcon_core.event_handler.log_command:Invoking command in '/home/jon/ws01/build/tutorails_plumbing': CMAKE_PREFIX_PATH=/home/jon/ws01/install/cpp03_action:/home/jon/ws01/install/cpp02_service:/home/jon/ws01/install/cpp01_topic:/home/jon/ws01/install/cpp04_param:/home/jon/ws01/install/base_demo:/home/jon/ws01/install/tutorails_plumbing:/home/jon/ws01/install/cpp05_names:/opt/ros/humble /usr/bin/cmake --build /home/jon/ws01/build/tutorails_plumbing -- -j24 -l24
[0.636s] DEBUG:colcon.colcon_core.event_handler.log_command:Invoked command in '/home/jon/ws01/build/tutorails_plumbing' returned '0': CMAKE_PREFIX_PATH=/home/jon/ws01/install/cpp03_action:/home/jon/ws01/install/cpp02_service:/home/jon/ws01/install/cpp01_topic:/home/jon/ws01/install/cpp04_param:/home/jon/ws01/install/base_demo:/home/jon/ws01/install/tutorails_plumbing:/home/jon/ws01/install/cpp05_names:/opt/ros/humble /usr/bin/cmake --build /home/jon/ws01/build/tutorails_plumbing -- -j24 -l24
[0.636s] DEBUG:colcon.colcon_core.event_handler.log_command:Invoking command in '/home/jon/ws01/build/tutorails_plumbing': CMAKE_PREFIX_PATH=/home/jon/ws01/install/cpp03_action:/home/jon/ws01/install/cpp02_service:/home/jon/ws01/install/cpp01_topic:/home/jon/ws01/install/cpp04_param:/home/jon/ws01/install/base_demo:/home/jon/ws01/install/tutorails_plumbing:/home/jon/ws01/install/cpp05_names:/opt/ros/humble /usr/bin/cmake --install /home/jon/ws01/build/tutorails_plumbing
[0.643s] Level 1:colcon.colcon_core.environment:create_environment_scripts_only(tutorails_plumbing)
[0.643s] Level 1:colcon.colcon_core.environment:checking '/home/jon/ws01/install/tutorails_plumbing' for CMake module files
[0.643s] DEBUG:colcon.colcon_core.event_handler.log_command:Invoked command in '/home/jon/ws01/build/tutorails_plumbing' returned '0': CMAKE_PREFIX_PATH=/home/jon/ws01/install/cpp03_action:/home/jon/ws01/install/cpp02_service:/home/jon/ws01/install/cpp01_topic:/home/jon/ws01/install/cpp04_param:/home/jon/ws01/install/base_demo:/home/jon/ws01/install/tutorails_plumbing:/home/jon/ws01/install/cpp05_names:/opt/ros/humble /usr/bin/cmake --install /home/jon/ws01/build/tutorails_plumbing
[0.643s] Level 1:colcon.colcon_core.environment:checking '/home/jon/ws01/install/tutorails_plumbing' for CMake config files
[0.644s] Level 1:colcon.colcon_core.shell:create_environment_hook('tutorails_plumbing', 'cmake_prefix_path')
[0.644s] INFO:colcon.colcon_core.shell:Creating environment hook '/home/jon/ws01/install/tutorails_plumbing/share/tutorails_plumbing/hook/cmake_prefix_path.ps1'
[0.644s] INFO:colcon.colcon_core.shell:Creating environment descriptor '/home/jon/ws01/install/tutorails_plumbing/share/tutorails_plumbing/hook/cmake_prefix_path.dsv'
[0.645s] INFO:colcon.colcon_core.shell:Creating environment hook '/home/jon/ws01/install/tutorails_plumbing/share/tutorails_plumbing/hook/cmake_prefix_path.sh'
[0.645s] Level 1:colcon.colcon_core.environment:checking '/home/jon/ws01/install/tutorails_plumbing/bin'
[0.645s] Level 1:colcon.colcon_core.environment:checking '/home/jon/ws01/install/tutorails_plumbing/lib/pkgconfig/tutorails_plumbing.pc'
[0.645s] Level 1:colcon.colcon_core.environment:checking '/home/jon/ws01/install/tutorails_plumbing/lib/python3.10/site-packages'
[0.645s] Level 1:colcon.colcon_core.environment:checking '/home/jon/ws01/install/tutorails_plumbing/bin'
[0.646s] INFO:colcon.colcon_core.shell:Creating package script '/home/jon/ws01/install/tutorails_plumbing/share/tutorails_plumbing/package.ps1'
[0.646s] INFO:colcon.colcon_core.shell:Creating package descriptor '/home/jon/ws01/install/tutorails_plumbing/share/tutorails_plumbing/package.dsv'
[0.646s] INFO:colcon.colcon_core.shell:Creating package script '/home/jon/ws01/install/tutorails_plumbing/share/tutorails_plumbing/package.sh'
[0.646s] INFO:colcon.colcon_core.shell:Creating package script '/home/jon/ws01/install/tutorails_plumbing/share/tutorails_plumbing/package.bash'
[0.647s] INFO:colcon.colcon_core.shell:Creating package script '/home/jon/ws01/install/tutorails_plumbing/share/tutorails_plumbing/package.zsh'
[0.647s] Level 1:colcon.colcon_core.environment:create_file_with_runtime_dependencies(/home/jon/ws01/install/tutorails_plumbing/share/colcon-core/packages/tutorails_plumbing)
[0.647s] Level 1:colcon.colcon_core.environment:create_environment_scripts_only(tutorails_plumbing)
[0.647s] Level 1:colcon.colcon_core.environment:checking '/home/jon/ws01/install/tutorails_plumbing' for CMake module files
[0.647s] Level 1:colcon.colcon_core.environment:checking '/home/jon/ws01/install/tutorails_plumbing' for CMake config files
[0.647s] Level 1:colcon.colcon_core.shell:create_environment_hook('tutorails_plumbing', 'cmake_prefix_path')
[0.648s] INFO:colcon.colcon_core.shell:Creating environment hook '/home/jon/ws01/install/tutorails_plumbing/share/tutorails_plumbing/hook/cmake_prefix_path.ps1'
[0.648s] INFO:colcon.colcon_core.shell:Creating environment descriptor '/home/jon/ws01/install/tutorails_plumbing/share/tutorails_plumbing/hook/cmake_prefix_path.dsv'
[0.648s] INFO:colcon.colcon_core.shell:Creating environment hook '/home/jon/ws01/install/tutorails_plumbing/share/tutorails_plumbing/hook/cmake_prefix_path.sh'
[0.648s] Level 1:colcon.colcon_core.environment:checking '/home/jon/ws01/install/tutorails_plumbing/bin'
[0.648s] Level 1:colcon.colcon_core.environment:checking '/home/jon/ws01/install/tutorails_plumbing/lib/pkgconfig/tutorails_plumbing.pc'
[0.648s] Level 1:colcon.colcon_core.environment:checking '/home/jon/ws01/install/tutorails_plumbing/lib/python3.10/site-packages'
[0.649s] Level 1:colcon.colcon_core.environment:checking '/home/jon/ws01/install/tutorails_plumbing/bin'
[0.649s] INFO:colcon.colcon_core.shell:Creating package script '/home/jon/ws01/install/tutorails_plumbing/share/tutorails_plumbing/package.ps1'
[0.649s] INFO:colcon.colcon_core.shell:Creating package descriptor '/home/jon/ws01/install/tutorails_plumbing/share/tutorails_plumbing/package.dsv'
[0.649s] INFO:colcon.colcon_core.shell:Creating package script '/home/jon/ws01/install/tutorails_plumbing/share/tutorails_plumbing/package.sh'
[0.650s] INFO:colcon.colcon_core.shell:Creating package script '/home/jon/ws01/install/tutorails_plumbing/share/tutorails_plumbing/package.bash'
[0.650s] INFO:colcon.colcon_core.shell:Creating package script '/home/jon/ws01/install/tutorails_plumbing/share/tutorails_plumbing/package.zsh'
[0.650s] Level 1:colcon.colcon_core.environment:create_file_with_runtime_dependencies(/home/jon/ws01/install/tutorails_plumbing/share/colcon-core/packages/tutorails_plumbing)
[0.650s] DEBUG:colcon.colcon_parallel_executor.executor.parallel:closing loop
[0.650s] DEBUG:colcon.colcon_parallel_executor.executor.parallel:loop closed
[0.650s] DEBUG:colcon.colcon_parallel_executor.executor.parallel:run_until_complete finished with '0'
[0.650s] DEBUG:colcon.colcon_core.event_reactor:joining thread
[0.655s] INFO:colcon.colcon_core.plugin_system:Skipping extension 'colcon_notification.desktop_notification.terminal_notifier': Not used on non-Darwin systems
[0.655s] INFO:colcon.colcon_core.plugin_system:Skipping extension 'colcon_notification.desktop_notification.win32': Not used on non-Windows systems
[0.655s] INFO:colcon.colcon_notification.desktop_notification:Sending desktop notification using 'notify2'
[0.665s] DEBUG:colcon.colcon_core.event_reactor:joined thread
[0.665s] INFO:colcon.colcon_core.shell:Creating prefix script '/home/jon/ws01/install/local_setup.ps1'
[0.666s] INFO:colcon.colcon_core.shell:Creating prefix util module '/home/jon/ws01/install/_local_setup_util_ps1.py'
[0.666s] INFO:colcon.colcon_core.shell:Creating prefix chain script '/home/jon/ws01/install/setup.ps1'
[0.667s] INFO:colcon.colcon_core.shell:Creating prefix script '/home/jon/ws01/install/local_setup.sh'
[0.667s] INFO:colcon.colcon_core.shell:Creating prefix util module '/home/jon/ws01/install/_local_setup_util_sh.py'
[0.668s] INFO:colcon.colcon_core.shell:Creating prefix chain script '/home/jon/ws01/install/setup.sh'
[0.668s] INFO:colcon.colcon_core.shell:Creating prefix script '/home/jon/ws01/install/local_setup.bash'
[0.669s] INFO:colcon.colcon_core.shell:Creating prefix chain script '/home/jon/ws01/install/setup.bash'
[0.669s] INFO:colcon.colcon_core.shell:Creating prefix script '/home/jon/ws01/install/local_setup.zsh'
[0.669s] INFO:colcon.colcon_core.shell:Creating prefix chain script '/home/jon/ws01/install/setup.zsh'
