[0.009s] Invoking command in '/home/jon/ws01/build/cpp01_topic': CMAKE_PREFIX_PATH=/home/jon/ws01/install/base_demo:/home/jon/ws01/install/cpp01_topic:/home/jon/ros2_ws/install/hellovscode_cpp:/home/jon/ros2_ws/install/hello_cpp:/opt/ros/humble /usr/bin/cmake --build /home/jon/ws01/build/cpp01_topic -- -j24 -l24
[0.042s] [35m[1mConsolidate compiler generated dependencies of target demo03_talker[0m
[0.044s] [35m[1mConsolidate compiler generated dependencies of target demo04_listener[0m
[0.053s] [ 12%] [32m[1mLinking CXX executable demo03_talker[0m
[0.053s] [ 25%] [32mBuilding CXX object CMakeFiles/demo04_listener.dir/src/demo04_listener.cpp.o[0m
[0.055s] [ 50%] Built target demo02_listener
[0.059s] [ 75%] Built target demo01_talker
[0.097s] /usr/bin/ld: /usr/lib/gcc/x86_64-linux-gnu/11/../../../x86_64-linux-gnu/Scrt1.o: in function `_start':
[0.098s] (.text+0x1b): undefined reference to `main'
[0.102s] collect2: error: ld returned 1 exit status
[0.103s] gmake[2]: *** [CMakeFiles/demo03_talker.dir/build.make:167：demo03_talker] 错误 1
[0.103s] gmake[1]: *** [CMakeFiles/Makefile2:195：CMakeFiles/demo03_talker.dir/all] 错误 2
[0.103s] gmake[1]: *** 正在等待未完成的任务....
[0.157s] [01m[K/home/jon/ws01/src/cpp01_topic/src/demo04_listener.cpp:15:10:[m[K [01;31m[Kfatal error: [m[Kbase_interfaces_demo/msg/student.hpp: 没有那个文件或目录
[0.157s]    15 | #include [01;31m[K"base_interfaces_demo/msg/student.hpp"[m[K
[0.157s]       |          [01;31m[K^~~~~~~~~~~~~~~~~~~~~~~~~~~~~~~~~~~~~~[m[K
[0.157s] compilation terminated.
[0.159s] gmake[2]: *** [CMakeFiles/demo04_listener.dir/build.make:76：CMakeFiles/demo04_listener.dir/src/demo04_listener.cpp.o] 错误 1
[0.159s] gmake[1]: *** [CMakeFiles/Makefile2:221：CMakeFiles/demo04_listener.dir/all] 错误 2
[0.160s] gmake: *** [Makefile:146：all] 错误 2
[0.162s] Invoked command in '/home/jon/ws01/build/cpp01_topic' returned '2': CMAKE_PREFIX_PATH=/home/jon/ws01/install/base_demo:/home/jon/ws01/install/cpp01_topic:/home/jon/ros2_ws/install/hellovscode_cpp:/home/jon/ros2_ws/install/hello_cpp:/opt/ros/humble /usr/bin/cmake --build /home/jon/ws01/build/cpp01_topic -- -j24 -l24
