[0.007s] Invoking command in '/home/jon/ws01/build/base_demo': CMAKE_PREFIX_PATH=${CMAKE_PREFIX_PATH}:/opt/ros/humble /usr/bin/cmake --build /home/jon/ws01/build/base_demo -- -j24 -l24
[0.029s] -- Found ament_cmake: 1.3.14 (/opt/ros/humble/share/ament_cmake/cmake)
[0.103s] -- Found rosidl_default_generators: 1.2.1 (/opt/ros/humble/share/rosidl_default_generators/cmake)
[0.105s] -- Using all available rosidl_typesupport_c: rosidl_typesupport_fastrtps_c;rosidl_typesupport_introspection_c
[0.108s] -- Found rosidl_adapter: 3.1.9 (/opt/ros/humble/share/rosidl_adapter/cmake)
[0.120s] -- Using all available rosidl_typesupport_cpp: rosidl_typesupport_fastrtps_cpp;rosidl_typesupport_introspection_cpp
[0.322s] -- Found ament_cmake_ros: 0.10.1 (/opt/ros/humble/share/ament_cmake_ros/cmake)
[0.450s] -- Using all available rosidl_typesupport_c: rosidl_typesupport_fastrtps_c;rosidl_typesupport_introspection_c
[0.619s] -- Using all available rosidl_typesupport_cpp: rosidl_typesupport_fastrtps_cpp;rosidl_typesupport_introspection_cpp
[0.632s] -- Found python_cmake_module: 0.10.0 (/opt/ros/humble/share/python_cmake_module/cmake)
[0.645s] -- Using PYTHON_EXECUTABLE: /usr/bin/python3
[0.645s] -- Using PYTHON_INCLUDE_DIRS: /usr/include/python3.10
[0.645s] -- Using PYTHON_LIBRARIES: /usr/lib/x86_64-linux-gnu/libpython3.10.so
[0.694s] -- Found ament_lint_auto: 0.12.15 (/opt/ros/humble/share/ament_lint_auto/cmake)
[0.705s] -- Added test 'lint_cmake' to check CMake code style
[0.705s] -- Added test 'xmllint' to check XML markup files
[0.707s] -- Configuring done
[0.725s] -- Generating done
[0.730s] -- Build files have been written to: /home/jon/ws01/build/base_demo
[0.753s] [  1%] [34m[1mGenerating C code for ROS interfaces[0m
[0.761s] [  3%] [34m[1mGenerating C++ code for ROS interfaces[0m
[0.761s] [  5%] [34m[1mGenerating Rust code for ROS interfaces[0m
[0.765s] [  5%] Built target ament_cmake_python_copy_base_demo
[0.890s] running egg_info
[0.890s] writing base_demo.egg-info/PKG-INFO
[0.890s] writing dependency_links to base_demo.egg-info/dependency_links.txt
[0.890s] writing top-level names to base_demo.egg-info/top_level.txt
[0.891s] reading manifest file 'base_demo.egg-info/SOURCES.txt'
[0.892s] writing manifest file 'base_demo.egg-info/SOURCES.txt'
[0.914s] [  5%] Built target ament_cmake_python_build_base_demo_egg
[0.951s] [  5%] Built target base_demo__rs
[1.075s] [  5%] Built target base_demo__cpp
[1.079s] [35m[1mConsolidate compiler generated dependencies of target base_demo__rosidl_generator_c[0m
[1.082s] [  8%] [34m[1mGenerating C++ type support dispatch for ROS interfaces[0m
[1.082s] [ 10%] [34m[1mGenerating C++ introspection for ROS interfaces[0m
[1.082s] [ 10%] [34m[1mGenerating C++ type support for eProsima Fast-RTPS[0m
[1.086s] [ 12%] [32mBuilding C object CMakeFiles/base_demo__rosidl_generator_c.dir/rosidl_generator_c/base_demo/msg/detail/student__functions.c.o[0m
[1.086s] [ 14%] [32mBuilding C object CMakeFiles/base_demo__rosidl_generator_c.dir/rosidl_generator_c/base_demo/action/detail/progress__functions.c.o[0m
[1.087s] [ 16%] [32mBuilding C object CMakeFiles/base_demo__rosidl_generator_c.dir/rosidl_generator_c/base_demo/srv/detail/distance__functions.c.o[0m
[1.088s] [ 17%] [32mBuilding C object CMakeFiles/base_demo__rosidl_generator_c.dir/rosidl_generator_c/base_demo/srv/detail/addints__functions.c.o[0m
[1.197s] [ 19%] [32m[1mLinking C shared library libbase_demo__rosidl_generator_c.so[0m
[1.231s] [ 19%] Built target base_demo__rosidl_generator_c
[1.239s] [ 21%] [34m[1mGenerating C type support for eProsima Fast-RTPS[0m
[1.239s] [ 25%] [34m[1mGenerating C type support dispatch for ROS interfaces[0m
[1.239s] [ 25%] [34m[1mGenerating C introspection for ROS interfaces[0m
[1.341s] [35m[1mConsolidate compiler generated dependencies of target base_demo__rosidl_typesupport_cpp[0m
[1.355s] [ 28%] [32mBuilding CXX object CMakeFiles/base_demo__rosidl_typesupport_cpp.dir/rosidl_typesupport_cpp/base_demo/msg/student__type_support.cpp.o[0m
[1.355s] [ 28%] [32mBuilding CXX object CMakeFiles/base_demo__rosidl_typesupport_cpp.dir/rosidl_typesupport_cpp/base_demo/action/progress__type_support.cpp.o[0m
[1.356s] [ 30%] [32mBuilding CXX object CMakeFiles/base_demo__rosidl_typesupport_cpp.dir/rosidl_typesupport_cpp/base_demo/srv/distance__type_support.cpp.o[0m
[1.356s] [ 32%] [32mBuilding CXX object CMakeFiles/base_demo__rosidl_typesupport_cpp.dir/rosidl_typesupport_cpp/base_demo/srv/addints__type_support.cpp.o[0m
[1.379s] [35m[1mConsolidate compiler generated dependencies of target base_demo__rosidl_typesupport_introspection_cpp[0m
[1.388s] [ 35%] [32mBuilding CXX object CMakeFiles/base_demo__rosidl_typesupport_introspection_cpp.dir/rosidl_typesupport_introspection_cpp/base_demo/msg/detail/student__type_support.cpp.o[0m
[1.388s] [ 35%] [32mBuilding CXX object CMakeFiles/base_demo__rosidl_typesupport_introspection_cpp.dir/rosidl_typesupport_introspection_cpp/base_demo/srv/detail/addints__type_support.cpp.o[0m
[1.388s] [ 37%] [32mBuilding CXX object CMakeFiles/base_demo__rosidl_typesupport_introspection_cpp.dir/rosidl_typesupport_introspection_cpp/base_demo/action/detail/progress__type_support.cpp.o[0m
[1.389s] [ 39%] [32mBuilding CXX object CMakeFiles/base_demo__rosidl_typesupport_introspection_cpp.dir/rosidl_typesupport_introspection_cpp/base_demo/srv/detail/distance__type_support.cpp.o[0m
[1.486s] [35m[1mConsolidate compiler generated dependencies of target base_demo__rosidl_typesupport_fastrtps_cpp[0m
[1.489s] [35m[1mConsolidate compiler generated dependencies of target base_demo__rosidl_typesupport_c[0m
[1.499s] [ 46%] [32mBuilding CXX object CMakeFiles/base_demo__rosidl_typesupport_c.dir/rosidl_typesupport_c/base_demo/srv/addints__type_support.cpp.o[0m
[1.500s] [ 46%] [32mBuilding CXX object CMakeFiles/base_demo__rosidl_typesupport_fastrtps_cpp.dir/rosidl_typesupport_fastrtps_cpp/base_demo/srv/detail/dds_fastrtps/addints__type_support.cpp.o[0m
[1.500s] [ 46%] [32mBuilding CXX object CMakeFiles/base_demo__rosidl_typesupport_c.dir/rosidl_typesupport_c/base_demo/msg/student__type_support.cpp.o[0m
[1.500s] [ 46%] [32mBuilding CXX object CMakeFiles/base_demo__rosidl_typesupport_fastrtps_cpp.dir/rosidl_typesupport_fastrtps_cpp/base_demo/msg/detail/dds_fastrtps/student__type_support.cpp.o[0m
[1.500s] [ 50%] [32mBuilding CXX object CMakeFiles/base_demo__rosidl_typesupport_fastrtps_cpp.dir/rosidl_typesupport_fastrtps_cpp/base_demo/action/detail/dds_fastrtps/progress__type_support.cpp.o[0m
[1.500s] [ 51%] [32mBuilding CXX object CMakeFiles/base_demo__rosidl_typesupport_fastrtps_cpp.dir/rosidl_typesupport_fastrtps_cpp/base_demo/srv/detail/dds_fastrtps/distance__type_support.cpp.o[0m
[1.500s] [ 51%] [32mBuilding CXX object CMakeFiles/base_demo__rosidl_typesupport_c.dir/rosidl_typesupport_c/base_demo/srv/distance__type_support.cpp.o[0m
[1.500s] [ 53%] [32mBuilding CXX object CMakeFiles/base_demo__rosidl_typesupport_c.dir/rosidl_typesupport_c/base_demo/action/progress__type_support.cpp.o[0m
[1.552s] [ 55%] [32m[1mLinking CXX shared library libbase_demo__rosidl_typesupport_c.so[0m
[1.599s] [ 55%] Built target base_demo__rosidl_typesupport_c
[1.620s] [35m[1mConsolidate compiler generated dependencies of target base_demo__rosidl_typesupport_introspection_c[0m
[1.631s] [ 57%] [32mBuilding C object CMakeFiles/base_demo__rosidl_typesupport_introspection_c.dir/rosidl_typesupport_introspection_c/base_demo/srv/detail/addints__type_support.c.o[0m
[1.631s] [ 58%] [32mBuilding C object CMakeFiles/base_demo__rosidl_typesupport_introspection_c.dir/rosidl_typesupport_introspection_c/base_demo/msg/detail/student__type_support.c.o[0m
[1.631s] [ 60%] [32mBuilding C object CMakeFiles/base_demo__rosidl_typesupport_introspection_c.dir/rosidl_typesupport_introspection_c/base_demo/action/detail/progress__type_support.c.o[0m
[1.631s] [ 62%] [32mBuilding C object CMakeFiles/base_demo__rosidl_typesupport_introspection_c.dir/rosidl_typesupport_introspection_c/base_demo/srv/detail/distance__type_support.c.o[0m
[1.643s] [35m[1mConsolidate compiler generated dependencies of target base_demo__rosidl_typesupport_fastrtps_c[0m
[1.660s] [ 64%] [32mBuilding CXX object CMakeFiles/base_demo__rosidl_typesupport_fastrtps_c.dir/rosidl_typesupport_fastrtps_c/base_demo/srv/detail/addints__type_support_c.cpp.o[0m
[1.661s] [ 66%] [32mBuilding CXX object CMakeFiles/base_demo__rosidl_typesupport_fastrtps_c.dir/rosidl_typesupport_fastrtps_c/base_demo/action/detail/progress__type_support_c.cpp.o[0m
[1.661s] [ 67%] [32mBuilding CXX object CMakeFiles/base_demo__rosidl_typesupport_fastrtps_c.dir/rosidl_typesupport_fastrtps_c/base_demo/srv/detail/distance__type_support_c.cpp.o[0m
[1.665s] [ 69%] [32mBuilding CXX object CMakeFiles/base_demo__rosidl_typesupport_fastrtps_c.dir/rosidl_typesupport_fastrtps_c/base_demo/msg/detail/student__type_support_c.cpp.o[0m
[1.675s] [ 71%] [32m[1mLinking C shared library libbase_demo__rosidl_typesupport_introspection_c.so[0m
[1.714s] [ 71%] Built target base_demo__rosidl_typesupport_introspection_c
[1.728s] [ 73%] [32m[1mLinking CXX shared library libbase_demo__rosidl_typesupport_cpp.so[0m
[1.771s] [ 73%] Built target base_demo__rosidl_typesupport_cpp
[1.932s] [ 75%] [32m[1mLinking CXX shared library libbase_demo__rosidl_typesupport_introspection_cpp.so[0m
[1.964s] [ 76%] [32m[1mLinking CXX shared library libbase_demo__rosidl_typesupport_fastrtps_cpp.so[0m
[1.992s] [ 76%] Built target base_demo__rosidl_typesupport_introspection_cpp
[1.996s] [ 78%] [32m[1mLinking CXX shared library libbase_demo__rosidl_typesupport_fastrtps_c.so[0m
[2.024s] [ 78%] Built target base_demo__rosidl_typesupport_fastrtps_cpp
[2.050s] [ 78%] Built target base_demo__rosidl_typesupport_fastrtps_c
[2.062s] [ 78%] Built target base_demo
[2.075s] [ 80%] [34m[1mGenerating Python code for ROS interfaces[0m
[2.539s] [ 80%] Built target base_demo__py
[2.546s] [35m[1mConsolidate compiler generated dependencies of target base_demo__rosidl_generator_py[0m
[2.556s] [ 82%] [32mBuilding C object CMakeFiles/base_demo__rosidl_generator_py.dir/rosidl_generator_py/base_demo/srv/_addints_s.c.o[0m
[2.557s] [ 83%] [32mBuilding C object CMakeFiles/base_demo__rosidl_generator_py.dir/rosidl_generator_py/base_demo/msg/_student_s.c.o[0m
[2.557s] [ 85%] [32mBuilding C object CMakeFiles/base_demo__rosidl_generator_py.dir/rosidl_generator_py/base_demo/action/_progress_s.c.o[0m
[2.557s] [ 87%] [32mBuilding C object CMakeFiles/base_demo__rosidl_generator_py.dir/rosidl_generator_py/base_demo/srv/_distance_s.c.o[0m
[2.631s] [ 89%] [32m[1mLinking C shared library rosidl_generator_py/base_demo/libbase_demo__rosidl_generator_py.so[0m
[2.657s] [ 89%] Built target base_demo__rosidl_generator_py
[2.665s] [35m[1mConsolidate compiler generated dependencies of target base_demo__rosidl_typesupport_introspection_c__pyext[0m
[2.668s] [35m[1mConsolidate compiler generated dependencies of target base_demo__rosidl_typesupport_fastrtps_c__pyext[0m
[2.670s] [35m[1mConsolidate compiler generated dependencies of target base_demo__rosidl_typesupport_c__pyext[0m
[2.674s] [ 91%] [32mBuilding C object CMakeFiles/base_demo__rosidl_typesupport_introspection_c__pyext.dir/rosidl_generator_py/base_demo/_base_demo_s.ep.rosidl_typesupport_introspection_c.c.o[0m
[2.676s] [ 92%] [32mBuilding C object CMakeFiles/base_demo__rosidl_typesupport_fastrtps_c__pyext.dir/rosidl_generator_py/base_demo/_base_demo_s.ep.rosidl_typesupport_fastrtps_c.c.o[0m
[2.677s] [ 94%] [32mBuilding C object CMakeFiles/base_demo__rosidl_typesupport_c__pyext.dir/rosidl_generator_py/base_demo/_base_demo_s.ep.rosidl_typesupport_c.c.o[0m
[2.746s] [ 96%] [32m[1mLinking C shared library rosidl_generator_py/base_demo/base_demo_s__rosidl_typesupport_introspection_c.cpython-310-x86_64-linux-gnu.so[0m
[2.752s] [ 98%] [32m[1mLinking C shared library rosidl_generator_py/base_demo/base_demo_s__rosidl_typesupport_fastrtps_c.cpython-310-x86_64-linux-gnu.so[0m
[2.761s] [100%] [32m[1mLinking C shared library rosidl_generator_py/base_demo/base_demo_s__rosidl_typesupport_c.cpython-310-x86_64-linux-gnu.so[0m
[2.778s] [100%] Built target base_demo__rosidl_typesupport_fastrtps_c__pyext
[2.778s] [100%] Built target base_demo__rosidl_typesupport_introspection_c__pyext
[2.787s] [100%] Built target base_demo__rosidl_typesupport_c__pyext
[2.795s] Invoked command in '/home/jon/ws01/build/base_demo' returned '0': CMAKE_PREFIX_PATH=${CMAKE_PREFIX_PATH}:/opt/ros/humble /usr/bin/cmake --build /home/jon/ws01/build/base_demo -- -j24 -l24
[2.800s] Invoking command in '/home/jon/ws01/build/base_demo': CMAKE_PREFIX_PATH=${CMAKE_PREFIX_PATH}:/opt/ros/humble /usr/bin/cmake --install /home/jon/ws01/build/base_demo
[2.803s] -- Install configuration: ""
[2.803s] -- Installing: /home/jon/ws01/install/base_demo/share/ament_index/resource_index/rosidl_interfaces/base_demo
[2.803s] -- Up-to-date: /home/jon/ws01/install/base_demo/include/base_demo/base_demo
[2.804s] -- Up-to-date: /home/jon/ws01/install/base_demo/include/base_demo/base_demo/msg
[2.804s] -- Installing: /home/jon/ws01/install/base_demo/include/base_demo/base_demo/msg/student.h
[2.804s] -- Up-to-date: /home/jon/ws01/install/base_demo/include/base_demo/base_demo/msg/detail
[2.804s] -- Installing: /home/jon/ws01/install/base_demo/include/base_demo/base_demo/msg/detail/student__struct.h
[2.804s] -- Installing: /home/jon/ws01/install/base_demo/include/base_demo/base_demo/msg/detail/student__functions.c
[2.804s] -- Installing: /home/jon/ws01/install/base_demo/include/base_demo/base_demo/msg/detail/student__functions.h
[2.804s] -- Installing: /home/jon/ws01/install/base_demo/include/base_demo/base_demo/msg/detail/student__type_support.h
[2.804s] -- Up-to-date: /home/jon/ws01/install/base_demo/include/base_demo/base_demo/msg/rosidl_generator_c__visibility_control.h
[2.804s] -- Up-to-date: /home/jon/ws01/install/base_demo/include/base_demo/base_demo/action
[2.804s] -- Installing: /home/jon/ws01/install/base_demo/include/base_demo/base_demo/action/progress.h
[2.804s] -- Up-to-date: /home/jon/ws01/install/base_demo/include/base_demo/base_demo/action/detail
[2.804s] -- Installing: /home/jon/ws01/install/base_demo/include/base_demo/base_demo/action/detail/progress__functions.h
[2.804s] -- Installing: /home/jon/ws01/install/base_demo/include/base_demo/base_demo/action/detail/progress__functions.c
[2.804s] -- Installing: /home/jon/ws01/install/base_demo/include/base_demo/base_demo/action/detail/progress__struct.h
[2.804s] -- Installing: /home/jon/ws01/install/base_demo/include/base_demo/base_demo/action/detail/progress__type_support.h
[2.804s] -- Up-to-date: /home/jon/ws01/install/base_demo/include/base_demo/base_demo/srv
[2.804s] -- Installing: /home/jon/ws01/install/base_demo/include/base_demo/base_demo/srv/distance.h
[2.804s] -- Installing: /home/jon/ws01/install/base_demo/include/base_demo/base_demo/srv/addints.h
[2.804s] -- Up-to-date: /home/jon/ws01/install/base_demo/include/base_demo/base_demo/srv/detail
[2.804s] -- Installing: /home/jon/ws01/install/base_demo/include/base_demo/base_demo/srv/detail/addints__type_support.h
[2.804s] -- Installing: /home/jon/ws01/install/base_demo/include/base_demo/base_demo/srv/detail/addints__functions.h
[2.804s] -- Installing: /home/jon/ws01/install/base_demo/include/base_demo/base_demo/srv/detail/addints__struct.h
[2.804s] -- Installing: /home/jon/ws01/install/base_demo/include/base_demo/base_demo/srv/detail/distance__type_support.h
[2.804s] -- Installing: /home/jon/ws01/install/base_demo/include/base_demo/base_demo/srv/detail/distance__functions.c
[2.804s] -- Installing: /home/jon/ws01/install/base_demo/include/base_demo/base_demo/srv/detail/addints__functions.c
[2.804s] -- Installing: /home/jon/ws01/install/base_demo/include/base_demo/base_demo/srv/detail/distance__struct.h
[2.804s] -- Installing: /home/jon/ws01/install/base_demo/include/base_demo/base_demo/srv/detail/distance__functions.h
[2.804s] -- Up-to-date: /home/jon/ws01/install/base_demo/share/base_demo/environment/library_path.sh
[2.804s] -- Installing: /home/jon/ws01/install/base_demo/share/base_demo/environment/library_path.dsv
[2.804s] -- Installing: /home/jon/ws01/install/base_demo/lib/libbase_demo__rosidl_generator_c.so
[2.805s] -- Set runtime path of "/home/jon/ws01/install/base_demo/lib/libbase_demo__rosidl_generator_c.so" to ""
[2.805s] -- Up-to-date: /home/jon/ws01/install/base_demo/include/base_demo/base_demo
[2.805s] -- Up-to-date: /home/jon/ws01/install/base_demo/include/base_demo/base_demo/msg
[2.805s] -- Up-to-date: /home/jon/ws01/install/base_demo/include/base_demo/base_demo/msg/rosidl_typesupport_fastrtps_c__visibility_control.h
[2.805s] -- Up-to-date: /home/jon/ws01/install/base_demo/include/base_demo/base_demo/msg/detail
[2.805s] -- Installing: /home/jon/ws01/install/base_demo/include/base_demo/base_demo/msg/detail/student__rosidl_typesupport_fastrtps_c.h
[2.805s] -- Up-to-date: /home/jon/ws01/install/base_demo/include/base_demo/base_demo/action
[2.805s] -- Up-to-date: /home/jon/ws01/install/base_demo/include/base_demo/base_demo/action/detail
[2.805s] -- Installing: /home/jon/ws01/install/base_demo/include/base_demo/base_demo/action/detail/progress__rosidl_typesupport_fastrtps_c.h
[2.805s] -- Up-to-date: /home/jon/ws01/install/base_demo/include/base_demo/base_demo/srv
[2.805s] -- Up-to-date: /home/jon/ws01/install/base_demo/include/base_demo/base_demo/srv/detail
[2.805s] -- Installing: /home/jon/ws01/install/base_demo/include/base_demo/base_demo/srv/detail/addints__rosidl_typesupport_fastrtps_c.h
[2.805s] -- Installing: /home/jon/ws01/install/base_demo/include/base_demo/base_demo/srv/detail/distance__rosidl_typesupport_fastrtps_c.h
[2.805s] -- Installing: /home/jon/ws01/install/base_demo/lib/libbase_demo__rosidl_typesupport_fastrtps_c.so
[2.805s] -- Set runtime path of "/home/jon/ws01/install/base_demo/lib/libbase_demo__rosidl_typesupport_fastrtps_c.so" to ""
[2.805s] -- Up-to-date: /home/jon/ws01/install/base_demo/include/base_demo/base_demo
[2.805s] -- Up-to-date: /home/jon/ws01/install/base_demo/include/base_demo/base_demo/msg
[2.805s] -- Up-to-date: /home/jon/ws01/install/base_demo/include/base_demo/base_demo/msg/detail
[2.805s] -- Installing: /home/jon/ws01/install/base_demo/include/base_demo/base_demo/msg/detail/student__rosidl_typesupport_introspection_c.h
[2.805s] -- Installing: /home/jon/ws01/install/base_demo/include/base_demo/base_demo/msg/detail/student__type_support.c
[2.805s] -- Up-to-date: /home/jon/ws01/install/base_demo/include/base_demo/base_demo/msg/rosidl_typesupport_introspection_c__visibility_control.h
[2.805s] -- Up-to-date: /home/jon/ws01/install/base_demo/include/base_demo/base_demo/action
[2.805s] -- Up-to-date: /home/jon/ws01/install/base_demo/include/base_demo/base_demo/action/detail
[2.805s] -- Installing: /home/jon/ws01/install/base_demo/include/base_demo/base_demo/action/detail/progress__rosidl_typesupport_introspection_c.h
[2.805s] -- Installing: /home/jon/ws01/install/base_demo/include/base_demo/base_demo/action/detail/progress__type_support.c
[2.805s] -- Up-to-date: /home/jon/ws01/install/base_demo/include/base_demo/base_demo/srv
[2.805s] -- Up-to-date: /home/jon/ws01/install/base_demo/include/base_demo/base_demo/srv/detail
[2.805s] -- Installing: /home/jon/ws01/install/base_demo/include/base_demo/base_demo/srv/detail/addints__type_support.c
[2.805s] -- Installing: /home/jon/ws01/install/base_demo/include/base_demo/base_demo/srv/detail/distance__type_support.c
[2.805s] -- Installing: /home/jon/ws01/install/base_demo/include/base_demo/base_demo/srv/detail/addints__rosidl_typesupport_introspection_c.h
[2.805s] -- Installing: /home/jon/ws01/install/base_demo/include/base_demo/base_demo/srv/detail/distance__rosidl_typesupport_introspection_c.h
[2.805s] -- Installing: /home/jon/ws01/install/base_demo/lib/libbase_demo__rosidl_typesupport_introspection_c.so
[2.806s] -- Set runtime path of "/home/jon/ws01/install/base_demo/lib/libbase_demo__rosidl_typesupport_introspection_c.so" to ""
[2.806s] -- Installing: /home/jon/ws01/install/base_demo/lib/libbase_demo__rosidl_typesupport_c.so
[2.806s] -- Set runtime path of "/home/jon/ws01/install/base_demo/lib/libbase_demo__rosidl_typesupport_c.so" to ""
[2.806s] -- Up-to-date: /home/jon/ws01/install/base_demo/include/base_demo/base_demo
[2.806s] -- Up-to-date: /home/jon/ws01/install/base_demo/include/base_demo/base_demo/msg
[2.806s] -- Installing: /home/jon/ws01/install/base_demo/include/base_demo/base_demo/msg/student.hpp
[2.806s] -- Up-to-date: /home/jon/ws01/install/base_demo/include/base_demo/base_demo/msg/detail
[2.806s] -- Installing: /home/jon/ws01/install/base_demo/include/base_demo/base_demo/msg/detail/student__type_support.hpp
[2.806s] -- Installing: /home/jon/ws01/install/base_demo/include/base_demo/base_demo/msg/detail/student__struct.hpp
[2.806s] -- Installing: /home/jon/ws01/install/base_demo/include/base_demo/base_demo/msg/detail/student__traits.hpp
[2.806s] -- Installing: /home/jon/ws01/install/base_demo/include/base_demo/base_demo/msg/detail/student__builder.hpp
[2.806s] -- Up-to-date: /home/jon/ws01/install/base_demo/include/base_demo/base_demo/msg/rosidl_generator_cpp__visibility_control.hpp
[2.806s] -- Up-to-date: /home/jon/ws01/install/base_demo/include/base_demo/base_demo/action
[2.806s] -- Installing: /home/jon/ws01/install/base_demo/include/base_demo/base_demo/action/progress.hpp
[2.806s] -- Up-to-date: /home/jon/ws01/install/base_demo/include/base_demo/base_demo/action/detail
[2.806s] -- Installing: /home/jon/ws01/install/base_demo/include/base_demo/base_demo/action/detail/progress__type_support.hpp
[2.806s] -- Installing: /home/jon/ws01/install/base_demo/include/base_demo/base_demo/action/detail/progress__traits.hpp
[2.806s] -- Installing: /home/jon/ws01/install/base_demo/include/base_demo/base_demo/action/detail/progress__builder.hpp
[2.806s] -- Installing: /home/jon/ws01/install/base_demo/include/base_demo/base_demo/action/detail/progress__struct.hpp
[2.806s] -- Up-to-date: /home/jon/ws01/install/base_demo/include/base_demo/base_demo/srv
[2.806s] -- Installing: /home/jon/ws01/install/base_demo/include/base_demo/base_demo/srv/distance.hpp
[2.806s] -- Installing: /home/jon/ws01/install/base_demo/include/base_demo/base_demo/srv/addints.hpp
[2.806s] -- Up-to-date: /home/jon/ws01/install/base_demo/include/base_demo/base_demo/srv/detail
[2.806s] -- Installing: /home/jon/ws01/install/base_demo/include/base_demo/base_demo/srv/detail/distance__struct.hpp
[2.806s] -- Installing: /home/jon/ws01/install/base_demo/include/base_demo/base_demo/srv/detail/addints__traits.hpp
[2.806s] -- Installing: /home/jon/ws01/install/base_demo/include/base_demo/base_demo/srv/detail/addints__type_support.hpp
[2.806s] -- Installing: /home/jon/ws01/install/base_demo/include/base_demo/base_demo/srv/detail/distance__builder.hpp
[2.806s] -- Installing: /home/jon/ws01/install/base_demo/include/base_demo/base_demo/srv/detail/addints__builder.hpp
[2.806s] -- Installing: /home/jon/ws01/install/base_demo/include/base_demo/base_demo/srv/detail/distance__type_support.hpp
[2.806s] -- Installing: /home/jon/ws01/install/base_demo/include/base_demo/base_demo/srv/detail/distance__traits.hpp
[2.806s] -- Installing: /home/jon/ws01/install/base_demo/include/base_demo/base_demo/srv/detail/addints__struct.hpp
[2.806s] -- Up-to-date: /home/jon/ws01/install/base_demo/include/base_demo/base_demo
[2.807s] -- Up-to-date: /home/jon/ws01/install/base_demo/include/base_demo/base_demo/msg
[2.807s] -- Up-to-date: /home/jon/ws01/install/base_demo/include/base_demo/base_demo/msg/rosidl_typesupport_fastrtps_cpp__visibility_control.h
[2.807s] -- Up-to-date: /home/jon/ws01/install/base_demo/include/base_demo/base_demo/msg/detail
[2.807s] -- Up-to-date: /home/jon/ws01/install/base_demo/include/base_demo/base_demo/msg/detail/dds_fastrtps
[2.807s] -- Installing: /home/jon/ws01/install/base_demo/include/base_demo/base_demo/msg/detail/student__rosidl_typesupport_fastrtps_cpp.hpp
[2.807s] -- Up-to-date: /home/jon/ws01/install/base_demo/include/base_demo/base_demo/action
[2.807s] -- Up-to-date: /home/jon/ws01/install/base_demo/include/base_demo/base_demo/action/detail
[2.807s] -- Up-to-date: /home/jon/ws01/install/base_demo/include/base_demo/base_demo/action/detail/dds_fastrtps
[2.807s] -- Installing: /home/jon/ws01/install/base_demo/include/base_demo/base_demo/action/detail/progress__rosidl_typesupport_fastrtps_cpp.hpp
[2.807s] -- Up-to-date: /home/jon/ws01/install/base_demo/include/base_demo/base_demo/srv
[2.807s] -- Up-to-date: /home/jon/ws01/install/base_demo/include/base_demo/base_demo/srv/detail
[2.807s] -- Installing: /home/jon/ws01/install/base_demo/include/base_demo/base_demo/srv/detail/addints__rosidl_typesupport_fastrtps_cpp.hpp
[2.807s] -- Installing: /home/jon/ws01/install/base_demo/include/base_demo/base_demo/srv/detail/distance__rosidl_typesupport_fastrtps_cpp.hpp
[2.807s] -- Up-to-date: /home/jon/ws01/install/base_demo/include/base_demo/base_demo/srv/detail/dds_fastrtps
[2.807s] -- Installing: /home/jon/ws01/install/base_demo/lib/libbase_demo__rosidl_typesupport_fastrtps_cpp.so
[2.807s] -- Set runtime path of "/home/jon/ws01/install/base_demo/lib/libbase_demo__rosidl_typesupport_fastrtps_cpp.so" to ""
[2.807s] -- Up-to-date: /home/jon/ws01/install/base_demo/include/base_demo/base_demo
[2.807s] -- Up-to-date: /home/jon/ws01/install/base_demo/include/base_demo/base_demo/msg
[2.807s] -- Up-to-date: /home/jon/ws01/install/base_demo/include/base_demo/base_demo/msg/detail
[2.807s] -- Installing: /home/jon/ws01/install/base_demo/include/base_demo/base_demo/msg/detail/student__rosidl_typesupport_introspection_cpp.hpp
[2.807s] -- Installing: /home/jon/ws01/install/base_demo/include/base_demo/base_demo/msg/detail/student__type_support.cpp
[2.807s] -- Up-to-date: /home/jon/ws01/install/base_demo/include/base_demo/base_demo/action
[2.807s] -- Up-to-date: /home/jon/ws01/install/base_demo/include/base_demo/base_demo/action/detail
[2.807s] -- Installing: /home/jon/ws01/install/base_demo/include/base_demo/base_demo/action/detail/progress__type_support.cpp
[2.807s] -- Installing: /home/jon/ws01/install/base_demo/include/base_demo/base_demo/action/detail/progress__rosidl_typesupport_introspection_cpp.hpp
[2.807s] -- Up-to-date: /home/jon/ws01/install/base_demo/include/base_demo/base_demo/srv
[2.807s] -- Up-to-date: /home/jon/ws01/install/base_demo/include/base_demo/base_demo/srv/detail
[2.807s] -- Installing: /home/jon/ws01/install/base_demo/include/base_demo/base_demo/srv/detail/addints__type_support.cpp
[2.807s] -- Installing: /home/jon/ws01/install/base_demo/include/base_demo/base_demo/srv/detail/distance__rosidl_typesupport_introspection_cpp.hpp
[2.807s] -- Installing: /home/jon/ws01/install/base_demo/include/base_demo/base_demo/srv/detail/addints__rosidl_typesupport_introspection_cpp.hpp
[2.807s] -- Installing: /home/jon/ws01/install/base_demo/include/base_demo/base_demo/srv/detail/distance__type_support.cpp
[2.807s] -- Installing: /home/jon/ws01/install/base_demo/lib/libbase_demo__rosidl_typesupport_introspection_cpp.so
[2.808s] -- Set runtime path of "/home/jon/ws01/install/base_demo/lib/libbase_demo__rosidl_typesupport_introspection_cpp.so" to ""
[2.808s] -- Installing: /home/jon/ws01/install/base_demo/lib/libbase_demo__rosidl_typesupport_cpp.so
[2.808s] -- Set runtime path of "/home/jon/ws01/install/base_demo/lib/libbase_demo__rosidl_typesupport_cpp.so" to ""
[2.808s] -- Up-to-date: /home/jon/ws01/install/base_demo/share/base_demo/environment/pythonpath.sh
[2.808s] -- Installing: /home/jon/ws01/install/base_demo/share/base_demo/environment/pythonpath.dsv
[2.808s] -- Up-to-date: /home/jon/ws01/install/base_demo/local/lib/python3.10/dist-packages/base_demo-0.0.0-py3.10.egg-info
[2.808s] -- Installing: /home/jon/ws01/install/base_demo/local/lib/python3.10/dist-packages/base_demo-0.0.0-py3.10.egg-info/PKG-INFO
[2.808s] -- Installing: /home/jon/ws01/install/base_demo/local/lib/python3.10/dist-packages/base_demo-0.0.0-py3.10.egg-info/SOURCES.txt
[2.808s] -- Installing: /home/jon/ws01/install/base_demo/local/lib/python3.10/dist-packages/base_demo-0.0.0-py3.10.egg-info/dependency_links.txt
[2.808s] -- Installing: /home/jon/ws01/install/base_demo/local/lib/python3.10/dist-packages/base_demo-0.0.0-py3.10.egg-info/top_level.txt
[2.808s] -- Up-to-date: /home/jon/ws01/install/base_demo/local/lib/python3.10/dist-packages/base_demo
[2.808s] -- Installing: /home/jon/ws01/install/base_demo/local/lib/python3.10/dist-packages/base_demo/__init__.py
[2.808s] -- Up-to-date: /home/jon/ws01/install/base_demo/local/lib/python3.10/dist-packages/base_demo/msg
[2.808s] -- Installing: /home/jon/ws01/install/base_demo/local/lib/python3.10/dist-packages/base_demo/msg/__init__.py
[2.808s] -- Installing: /home/jon/ws01/install/base_demo/local/lib/python3.10/dist-packages/base_demo/msg/_student.py
[2.808s] -- Installing: /home/jon/ws01/install/base_demo/local/lib/python3.10/dist-packages/base_demo/msg/_student_s.c
[2.808s] -- Installing: /home/jon/ws01/install/base_demo/local/lib/python3.10/dist-packages/base_demo/base_demo_s__rosidl_typesupport_introspection_c.cpython-310-x86_64-linux-gnu.so
[2.808s] -- Installing: /home/jon/ws01/install/base_demo/local/lib/python3.10/dist-packages/base_demo/base_demo_s__rosidl_typesupport_fastrtps_c.cpython-310-x86_64-linux-gnu.so
[2.808s] -- Installing: /home/jon/ws01/install/base_demo/local/lib/python3.10/dist-packages/base_demo/_base_demo_s.ep.rosidl_typesupport_c.c
[2.808s] -- Installing: /home/jon/ws01/install/base_demo/local/lib/python3.10/dist-packages/base_demo/_base_demo_s.ep.rosidl_typesupport_fastrtps_c.c
[2.809s] -- Installing: /home/jon/ws01/install/base_demo/local/lib/python3.10/dist-packages/base_demo/base_demo_s__rosidl_typesupport_c.cpython-310-x86_64-linux-gnu.so
[2.809s] -- Installing: /home/jon/ws01/install/base_demo/local/lib/python3.10/dist-packages/base_demo/_base_demo_s.ep.rosidl_typesupport_introspection_c.c
[2.809s] -- Installing: /home/jon/ws01/install/base_demo/local/lib/python3.10/dist-packages/base_demo/libbase_demo__rosidl_generator_py.so
[2.809s] -- Up-to-date: /home/jon/ws01/install/base_demo/local/lib/python3.10/dist-packages/base_demo/action
[2.809s] -- Installing: /home/jon/ws01/install/base_demo/local/lib/python3.10/dist-packages/base_demo/action/__init__.py
[2.809s] -- Installing: /home/jon/ws01/install/base_demo/local/lib/python3.10/dist-packages/base_demo/action/_progress.py
[2.809s] -- Installing: /home/jon/ws01/install/base_demo/local/lib/python3.10/dist-packages/base_demo/action/_progress_s.c
[2.809s] -- Up-to-date: /home/jon/ws01/install/base_demo/local/lib/python3.10/dist-packages/base_demo/srv
[2.809s] -- Installing: /home/jon/ws01/install/base_demo/local/lib/python3.10/dist-packages/base_demo/srv/__init__.py
[2.809s] -- Installing: /home/jon/ws01/install/base_demo/local/lib/python3.10/dist-packages/base_demo/srv/_distance_s.c
[2.809s] -- Installing: /home/jon/ws01/install/base_demo/local/lib/python3.10/dist-packages/base_demo/srv/_addints.py
[2.809s] -- Installing: /home/jon/ws01/install/base_demo/local/lib/python3.10/dist-packages/base_demo/srv/_distance.py
[2.809s] -- Installing: /home/jon/ws01/install/base_demo/local/lib/python3.10/dist-packages/base_demo/srv/_addints_s.c
[2.833s] Listing '/home/jon/ws01/install/base_demo/local/lib/python3.10/dist-packages/base_demo'...
[2.833s] Compiling '/home/jon/ws01/install/base_demo/local/lib/python3.10/dist-packages/base_demo/__init__.py'...
[2.833s] Listing '/home/jon/ws01/install/base_demo/local/lib/python3.10/dist-packages/base_demo/action'...
[2.833s] Compiling '/home/jon/ws01/install/base_demo/local/lib/python3.10/dist-packages/base_demo/action/__init__.py'...
[2.833s] Compiling '/home/jon/ws01/install/base_demo/local/lib/python3.10/dist-packages/base_demo/action/_progress.py'...
[2.833s] Listing '/home/jon/ws01/install/base_demo/local/lib/python3.10/dist-packages/base_demo/msg'...
[2.833s] Compiling '/home/jon/ws01/install/base_demo/local/lib/python3.10/dist-packages/base_demo/msg/__init__.py'...
[2.833s] Compiling '/home/jon/ws01/install/base_demo/local/lib/python3.10/dist-packages/base_demo/msg/_student.py'...
[2.833s] Listing '/home/jon/ws01/install/base_demo/local/lib/python3.10/dist-packages/base_demo/srv'...
[2.833s] Compiling '/home/jon/ws01/install/base_demo/local/lib/python3.10/dist-packages/base_demo/srv/__init__.py'...
[2.833s] Compiling '/home/jon/ws01/install/base_demo/local/lib/python3.10/dist-packages/base_demo/srv/_addints.py'...
[2.833s] Compiling '/home/jon/ws01/install/base_demo/local/lib/python3.10/dist-packages/base_demo/srv/_distance.py'...
[2.835s] -- Installing: /home/jon/ws01/install/base_demo/local/lib/python3.10/dist-packages/base_demo/base_demo_s__rosidl_typesupport_fastrtps_c.cpython-310-x86_64-linux-gnu.so
[2.835s] -- Set runtime path of "/home/jon/ws01/install/base_demo/local/lib/python3.10/dist-packages/base_demo/base_demo_s__rosidl_typesupport_fastrtps_c.cpython-310-x86_64-linux-gnu.so" to ""
[2.835s] -- Installing: /home/jon/ws01/install/base_demo/local/lib/python3.10/dist-packages/base_demo/base_demo_s__rosidl_typesupport_introspection_c.cpython-310-x86_64-linux-gnu.so
[2.835s] -- Set runtime path of "/home/jon/ws01/install/base_demo/local/lib/python3.10/dist-packages/base_demo/base_demo_s__rosidl_typesupport_introspection_c.cpython-310-x86_64-linux-gnu.so" to ""
[2.835s] -- Installing: /home/jon/ws01/install/base_demo/local/lib/python3.10/dist-packages/base_demo/base_demo_s__rosidl_typesupport_c.cpython-310-x86_64-linux-gnu.so
[2.835s] -- Set runtime path of "/home/jon/ws01/install/base_demo/local/lib/python3.10/dist-packages/base_demo/base_demo_s__rosidl_typesupport_c.cpython-310-x86_64-linux-gnu.so" to ""
[2.835s] -- Installing: /home/jon/ws01/install/base_demo/lib/libbase_demo__rosidl_generator_py.so
[2.835s] -- Set runtime path of "/home/jon/ws01/install/base_demo/lib/libbase_demo__rosidl_generator_py.so" to ""
[2.835s] -- Up-to-date: /home/jon/ws01/install/base_demo/share/base_demo/rust
[2.835s] -- Installing: /home/jon/ws01/install/base_demo/share/base_demo/rust/Cargo.toml
[2.835s] -- Installing: /home/jon/ws01/install/base_demo/share/base_demo/rust/build.rs
[2.835s] -- Up-to-date: /home/jon/ws01/install/base_demo/share/base_demo/rust/src
[2.836s] -- Up-to-date: /home/jon/ws01/install/base_demo/share/base_demo/rust/src/msg
[2.836s] -- Installing: /home/jon/ws01/install/base_demo/share/base_demo/rust/src/msg/rmw.rs
[2.836s] -- Installing: /home/jon/ws01/install/base_demo/share/base_demo/rust/src/msg.rs
[2.836s] -- Installing: /home/jon/ws01/install/base_demo/share/base_demo/rust/src/action.rs
[2.836s] -- Installing: /home/jon/ws01/install/base_demo/share/base_demo/rust/src/lib.rs
[2.836s] -- Installing: /home/jon/ws01/install/base_demo/share/base_demo/rust/src/srv.rs
[2.836s] -- Up-to-date: /home/jon/ws01/install/base_demo/share/base_demo/rust/src/action
[2.836s] -- Installing: /home/jon/ws01/install/base_demo/share/base_demo/rust/src/action/rmw.rs
[2.836s] -- Up-to-date: /home/jon/ws01/install/base_demo/share/base_demo/rust/src/srv
[2.836s] -- Installing: /home/jon/ws01/install/base_demo/share/base_demo/rust/src/srv/rmw.rs
[2.836s] -- Up-to-date: /home/jon/ws01/install/base_demo/share/base_demo/msg/Student.idl
[2.836s] -- Up-to-date: /home/jon/ws01/install/base_demo/share/base_demo/srv/Addints.idl
[2.836s] -- Up-to-date: /home/jon/ws01/install/base_demo/share/base_demo/action/Progress.idl
[2.836s] -- Installing: /home/jon/ws01/install/base_demo/share/base_demo/srv/Distance.idl
[2.836s] -- Up-to-date: /home/jon/ws01/install/base_demo/share/base_demo/msg/Student.msg
[2.836s] -- Up-to-date: /home/jon/ws01/install/base_demo/share/base_demo/srv/Addints.srv
[2.836s] -- Up-to-date: /home/jon/ws01/install/base_demo/share/base_demo/srv/Addints_Request.msg
[2.836s] -- Up-to-date: /home/jon/ws01/install/base_demo/share/base_demo/srv/Addints_Response.msg
[2.836s] -- Up-to-date: /home/jon/ws01/install/base_demo/share/base_demo/action/Progress.action
[2.836s] -- Installing: /home/jon/ws01/install/base_demo/share/base_demo/srv/Distance.srv
[2.836s] -- Installing: /home/jon/ws01/install/base_demo/share/base_demo/srv/Distance_Request.msg
[2.836s] -- Installing: /home/jon/ws01/install/base_demo/share/base_demo/srv/Distance_Response.msg
[2.836s] -- Up-to-date: /home/jon/ws01/install/base_demo/share/ament_index/resource_index/package_run_dependencies/base_demo
[2.836s] -- Installing: /home/jon/ws01/install/base_demo/share/ament_index/resource_index/parent_prefix_path/base_demo
[2.836s] -- Up-to-date: /home/jon/ws01/install/base_demo/share/base_demo/environment/ament_prefix_path.sh
[2.836s] -- Installing: /home/jon/ws01/install/base_demo/share/base_demo/environment/ament_prefix_path.dsv
[2.836s] -- Up-to-date: /home/jon/ws01/install/base_demo/share/base_demo/environment/path.sh
[2.836s] -- Installing: /home/jon/ws01/install/base_demo/share/base_demo/environment/path.dsv
[2.836s] -- Up-to-date: /home/jon/ws01/install/base_demo/share/base_demo/local_setup.bash
[2.836s] -- Up-to-date: /home/jon/ws01/install/base_demo/share/base_demo/local_setup.sh
[2.836s] -- Up-to-date: /home/jon/ws01/install/base_demo/share/base_demo/local_setup.zsh
[2.836s] -- Installing: /home/jon/ws01/install/base_demo/share/base_demo/local_setup.dsv
[2.836s] -- Installing: /home/jon/ws01/install/base_demo/share/base_demo/package.dsv
[2.836s] -- Up-to-date: /home/jon/ws01/install/base_demo/share/ament_index/resource_index/packages/base_demo
[2.836s] -- Up-to-date: /home/jon/ws01/install/base_demo/share/base_demo/cmake/export_base_demo__rosidl_generator_cExport.cmake
[2.836s] -- Up-to-date: /home/jon/ws01/install/base_demo/share/base_demo/cmake/export_base_demo__rosidl_generator_cExport-noconfig.cmake
[2.836s] -- Up-to-date: /home/jon/ws01/install/base_demo/share/base_demo/cmake/export_base_demo__rosidl_typesupport_fastrtps_cExport.cmake
[2.837s] -- Up-to-date: /home/jon/ws01/install/base_demo/share/base_demo/cmake/export_base_demo__rosidl_typesupport_fastrtps_cExport-noconfig.cmake
[2.837s] -- Up-to-date: /home/jon/ws01/install/base_demo/share/base_demo/cmake/base_demo__rosidl_typesupport_introspection_cExport.cmake
[2.837s] -- Up-to-date: /home/jon/ws01/install/base_demo/share/base_demo/cmake/base_demo__rosidl_typesupport_introspection_cExport-noconfig.cmake
[2.837s] -- Up-to-date: /home/jon/ws01/install/base_demo/share/base_demo/cmake/base_demo__rosidl_typesupport_cExport.cmake
[2.837s] -- Up-to-date: /home/jon/ws01/install/base_demo/share/base_demo/cmake/base_demo__rosidl_typesupport_cExport-noconfig.cmake
[2.837s] -- Up-to-date: /home/jon/ws01/install/base_demo/share/base_demo/cmake/export_base_demo__rosidl_generator_cppExport.cmake
[2.837s] -- Up-to-date: /home/jon/ws01/install/base_demo/share/base_demo/cmake/export_base_demo__rosidl_typesupport_fastrtps_cppExport.cmake
[2.837s] -- Up-to-date: /home/jon/ws01/install/base_demo/share/base_demo/cmake/export_base_demo__rosidl_typesupport_fastrtps_cppExport-noconfig.cmake
[2.837s] -- Up-to-date: /home/jon/ws01/install/base_demo/share/base_demo/cmake/base_demo__rosidl_typesupport_introspection_cppExport.cmake
[2.837s] -- Up-to-date: /home/jon/ws01/install/base_demo/share/base_demo/cmake/base_demo__rosidl_typesupport_introspection_cppExport-noconfig.cmake
[2.837s] -- Up-to-date: /home/jon/ws01/install/base_demo/share/base_demo/cmake/base_demo__rosidl_typesupport_cppExport.cmake
[2.837s] -- Up-to-date: /home/jon/ws01/install/base_demo/share/base_demo/cmake/base_demo__rosidl_typesupport_cppExport-noconfig.cmake
[2.837s] -- Up-to-date: /home/jon/ws01/install/base_demo/share/base_demo/cmake/export_base_demo__rosidl_generator_pyExport.cmake
[2.837s] -- Up-to-date: /home/jon/ws01/install/base_demo/share/base_demo/cmake/export_base_demo__rosidl_generator_pyExport-noconfig.cmake
[2.837s] -- Installing: /home/jon/ws01/install/base_demo/share/base_demo/cmake/rosidl_cmake-extras.cmake
[2.837s] -- Up-to-date: /home/jon/ws01/install/base_demo/share/base_demo/cmake/ament_cmake_export_dependencies-extras.cmake
[2.837s] -- Up-to-date: /home/jon/ws01/install/base_demo/share/base_demo/cmake/ament_cmake_export_include_directories-extras.cmake
[2.837s] -- Up-to-date: /home/jon/ws01/install/base_demo/share/base_demo/cmake/ament_cmake_export_libraries-extras.cmake
[2.837s] -- Up-to-date: /home/jon/ws01/install/base_demo/share/base_demo/cmake/ament_cmake_export_targets-extras.cmake
[2.837s] -- Up-to-date: /home/jon/ws01/install/base_demo/share/base_demo/cmake/rosidl_cmake_export_typesupport_targets-extras.cmake
[2.837s] -- Up-to-date: /home/jon/ws01/install/base_demo/share/base_demo/cmake/rosidl_cmake_export_typesupport_libraries-extras.cmake
[2.837s] -- Up-to-date: /home/jon/ws01/install/base_demo/share/base_demo/cmake/rosidl_cmake_aggregate_target-extras.cmake
[2.837s] -- Up-to-date: /home/jon/ws01/install/base_demo/share/base_demo/cmake/base_demoConfig.cmake
[2.837s] -- Up-to-date: /home/jon/ws01/install/base_demo/share/base_demo/cmake/base_demoConfig-version.cmake
[2.837s] -- Up-to-date: /home/jon/ws01/install/base_demo/share/base_demo/package.xml
[2.839s] Invoked command in '/home/jon/ws01/build/base_demo' returned '0': CMAKE_PREFIX_PATH=${CMAKE_PREFIX_PATH}:/opt/ros/humble /usr/bin/cmake --install /home/jon/ws01/build/base_demo
