[0.005s] Invoking command in '/home/jon/ros2_ws/build/pkg01_helloworld_cpp': CMAKE_PREFIX_PATH=/opt/ros/humble /usr/bin/cmake /home/jon/ros2_ws/src/pkg01_helloworld_cpp -DCMAKE_INSTALL_PREFIX=/home/jon/ros2_ws/install/pkg01_helloworld_cpp
[0.077s] -- The C compiler identification is GNU 11.4.0
[0.120s] -- The CXX compiler identification is GNU 11.4.0
[0.125s] -- Detecting C compiler ABI info
[0.171s] -- Detecting C compiler ABI info - done
[0.175s] -- Check for working C compiler: /usr/bin/cc - skipped
[0.176s] -- Detecting C compile features
[0.176s] -- Detecting C compile features - done
[0.178s] -- Detecting CXX compiler ABI info
[0.220s] -- Detecting CXX compiler ABI info - done
[0.223s] -- Check for working CXX compiler: /usr/bin/c++ - skipped
[0.223s] -- Detecting CXX compile features
[0.223s] -- Detecting CXX compile features - done
[0.225s] -- Found ament_cmake: 1.3.14 (/opt/ros/humble/share/ament_cmake/cmake)
[0.301s] -- Found Python3: /usr/bin/python3 (found version "3.10.12") found components: Interpreter 
[0.354s] -- Found rclcpp: 16.0.21 (/opt/ros/humble/share/rclcpp/cmake)
[0.374s] -- Found rosidl_generator_c: 3.1.9 (/opt/ros/humble/share/rosidl_generator_c/cmake)
[0.376s] -- Found rosidl_adapter: 3.1.9 (/opt/ros/humble/share/rosidl_adapter/cmake)
[0.381s] -- Found rosidl_generator_cpp: 3.1.9 (/opt/ros/humble/share/rosidl_generator_cpp/cmake)
[0.387s] -- Using all available rosidl_typesupport_c: rosidl_typesupport_fastrtps_c;rosidl_typesupport_introspection_c
[0.395s] -- Using all available rosidl_typesupport_cpp: rosidl_typesupport_fastrtps_cpp;rosidl_typesupport_introspection_cpp
[0.420s] -- Found rmw_implementation_cmake: 6.1.4 (/opt/ros/humble/share/rmw_implementation_cmake/cmake)
[0.421s] -- Found rmw_fastrtps_cpp: 6.2.10 (/opt/ros/humble/share/rmw_fastrtps_cpp/cmake)
[0.477s] -- Found OpenSSL: /usr/lib/x86_64-linux-gnu/libcrypto.so (found version "3.0.2")  
[0.490s] -- Found FastRTPS: /opt/ros/humble/include  
[0.508s] -- Using RMW implementation 'rmw_fastrtps_cpp' as default
[0.513s] -- Looking for pthread.h
[0.559s] -- Looking for pthread.h - found
[0.559s] -- Performing Test CMAKE_HAVE_LIBC_PTHREAD
[0.600s] -- Performing Test CMAKE_HAVE_LIBC_PTHREAD - Success
[0.600s] -- Found Threads: TRUE  
[0.627s] -- Found ament_lint_auto: 0.12.15 (/opt/ros/humble/share/ament_lint_auto/cmake)
[0.667s] -- Added test 'cppcheck' to perform static code analysis on C / C++ code
[0.667s] -- Configured cppcheck include dirs: $<BUILD_INTERFACE:/home/jon/ros2_ws/src/pkg01_helloworld_cpp/include>
[0.667s] -- Configured cppcheck exclude dirs and/or files: 
[0.667s] -- Added test 'lint_cmake' to check CMake code style
[0.667s] -- Added test 'uncrustify' to check C / C++ code style
[0.667s] -- Configured uncrustify additional arguments: 
[0.668s] -- Added test 'xmllint' to check XML markup files
[0.669s] -- Configuring done
[0.672s] -- Generating done
[0.676s] -- Build files have been written to: /home/jon/ros2_ws/build/pkg01_helloworld_cpp
[0.679s] Invoked command in '/home/jon/ros2_ws/build/pkg01_helloworld_cpp' returned '0': CMAKE_PREFIX_PATH=/opt/ros/humble /usr/bin/cmake /home/jon/ros2_ws/src/pkg01_helloworld_cpp -DCMAKE_INSTALL_PREFIX=/home/jon/ros2_ws/install/pkg01_helloworld_cpp
[0.679s] Invoking command in '/home/jon/ros2_ws/build/pkg01_helloworld_cpp': CMAKE_PREFIX_PATH=/opt/ros/humble /usr/bin/cmake --build /home/jon/ros2_ws/build/pkg01_helloworld_cpp -- -j24 -l24
[0.710s] [ 50%] [32mBuilding CXX object CMakeFiles/helloworld.dir/src/helloworld.cpp.o[0m
[0.735s] [100%] [32m[1mLinking CXX executable helloworld[0m
[0.771s] [100%] Built target helloworld
[0.777s] Invoked command in '/home/jon/ros2_ws/build/pkg01_helloworld_cpp' returned '0': CMAKE_PREFIX_PATH=/opt/ros/humble /usr/bin/cmake --build /home/jon/ros2_ws/build/pkg01_helloworld_cpp -- -j24 -l24
[0.782s] Invoking command in '/home/jon/ros2_ws/build/pkg01_helloworld_cpp': CMAKE_PREFIX_PATH=/opt/ros/humble /usr/bin/cmake --install /home/jon/ros2_ws/build/pkg01_helloworld_cpp
[0.786s] -- Install configuration: ""
[0.786s] -- Installing: /home/jon/ros2_ws/install/pkg01_helloworld_cpp/lib/pkg01_helloworld_cpp/helloworld
[0.786s] -- Set runtime path of "/home/jon/ros2_ws/install/pkg01_helloworld_cpp/lib/pkg01_helloworld_cpp/helloworld" to ""
[0.786s] -- Installing: /home/jon/ros2_ws/install/pkg01_helloworld_cpp/share/ament_index/resource_index/package_run_dependencies/pkg01_helloworld_cpp
[0.786s] -- Installing: /home/jon/ros2_ws/install/pkg01_helloworld_cpp/share/ament_index/resource_index/parent_prefix_path/pkg01_helloworld_cpp
[0.786s] -- Installing: /home/jon/ros2_ws/install/pkg01_helloworld_cpp/share/pkg01_helloworld_cpp/environment/ament_prefix_path.sh
[0.786s] -- Installing: /home/jon/ros2_ws/install/pkg01_helloworld_cpp/share/pkg01_helloworld_cpp/environment/ament_prefix_path.dsv
[0.786s] -- Installing: /home/jon/ros2_ws/install/pkg01_helloworld_cpp/share/pkg01_helloworld_cpp/environment/path.sh
[0.787s] -- Installing: /home/jon/ros2_ws/install/pkg01_helloworld_cpp/share/pkg01_helloworld_cpp/environment/path.dsv
[0.787s] -- Installing: /home/jon/ros2_ws/install/pkg01_helloworld_cpp/share/pkg01_helloworld_cpp/local_setup.bash
[0.787s] -- Installing: /home/jon/ros2_ws/install/pkg01_helloworld_cpp/share/pkg01_helloworld_cpp/local_setup.sh
[0.787s] -- Installing: /home/jon/ros2_ws/install/pkg01_helloworld_cpp/share/pkg01_helloworld_cpp/local_setup.zsh
[0.787s] -- Installing: /home/jon/ros2_ws/install/pkg01_helloworld_cpp/share/pkg01_helloworld_cpp/local_setup.dsv
[0.787s] -- Installing: /home/jon/ros2_ws/install/pkg01_helloworld_cpp/share/pkg01_helloworld_cpp/package.dsv
[0.787s] -- Installing: /home/jon/ros2_ws/install/pkg01_helloworld_cpp/share/ament_index/resource_index/packages/pkg01_helloworld_cpp
[0.787s] -- Installing: /home/jon/ros2_ws/install/pkg01_helloworld_cpp/share/pkg01_helloworld_cpp/cmake/pkg01_helloworld_cppConfig.cmake
[0.787s] -- Installing: /home/jon/ros2_ws/install/pkg01_helloworld_cpp/share/pkg01_helloworld_cpp/cmake/pkg01_helloworld_cppConfig-version.cmake
[0.787s] -- Installing: /home/jon/ros2_ws/install/pkg01_helloworld_cpp/share/pkg01_helloworld_cpp/package.xml
[0.788s] Invoked command in '/home/jon/ros2_ws/build/pkg01_helloworld_cpp' returned '0': CMAKE_PREFIX_PATH=/opt/ros/humble /usr/bin/cmake --install /home/jon/ros2_ws/build/pkg01_helloworld_cpp
