[0.002s] Invoking command in '/home/jon/ros2_ws/build/hello_cpp': CMAKE_PREFIX_PATH=/opt/ros/humble /usr/bin/cmake /home/jon/ros2_ws/src/hello_cpp -DCMAKE_INSTALL_PREFIX=/home/jon/ros2_ws/install/hello_cpp
[0.033s] -- The C compiler identification is GNU 11.4.0
[0.063s] -- The CXX compiler identification is GNU 11.4.0
[0.067s] -- Detecting C compiler ABI info
[0.104s] -- Detecting C compiler ABI info - done
[0.107s] -- Check for working C compiler: /usr/bin/cc - skipped
[0.107s] -- Detecting C compile features
[0.107s] -- Detecting C compile features - done
[0.108s] -- Detecting CXX compiler ABI info
[0.150s] -- Detecting CXX compiler ABI info - done
[0.153s] -- Check for working CXX compiler: /usr/bin/c++ - skipped
[0.153s] -- Detecting CXX compile features
[0.153s] -- Detecting CXX compile features - done
[0.154s] -- Found ament_cmake: 1.3.14 (/opt/ros/humble/share/ament_cmake/cmake)
[0.226s] -- Found Python3: /usr/bin/python3 (found version "3.10.12") found components: Interpreter 
[0.263s] -- Found rclcpp: 16.0.21 (/opt/ros/humble/share/rclcpp/cmake)
[0.278s] -- Found rosidl_generator_c: 3.1.9 (/opt/ros/humble/share/rosidl_generator_c/cmake)
[0.280s] -- Found rosidl_adapter: 3.1.9 (/opt/ros/humble/share/rosidl_adapter/cmake)
[0.283s] -- Found rosidl_generator_cpp: 3.1.9 (/opt/ros/humble/share/rosidl_generator_cpp/cmake)
[0.287s] -- Using all available rosidl_typesupport_c: rosidl_typesupport_fastrtps_c;rosidl_typesupport_introspection_c
[0.293s] -- Using all available rosidl_typesupport_cpp: rosidl_typesupport_fastrtps_cpp;rosidl_typesupport_introspection_cpp
[0.309s] -- Found rmw_implementation_cmake: 6.1.4 (/opt/ros/humble/share/rmw_implementation_cmake/cmake)
[0.310s] -- Found rmw_fastrtps_cpp: 6.2.10 (/opt/ros/humble/share/rmw_fastrtps_cpp/cmake)
[0.356s] -- Found OpenSSL: /usr/lib/x86_64-linux-gnu/libcrypto.so (found version "3.0.2")  
[0.368s] -- Found FastRTPS: /opt/ros/humble/include  
[0.385s] -- Using RMW implementation 'rmw_fastrtps_cpp' as default
[0.387s] -- Looking for pthread.h
[0.428s] -- Looking for pthread.h - found
[0.428s] -- Performing Test CMAKE_HAVE_LIBC_PTHREAD
[0.469s] -- Performing Test CMAKE_HAVE_LIBC_PTHREAD - Success
[0.470s] -- Found Threads: TRUE  
[0.498s] -- Found ament_lint_auto: 0.12.15 (/opt/ros/humble/share/ament_lint_auto/cmake)
[0.534s] -- Added test 'cppcheck' to perform static code analysis on C / C++ code
[0.534s] -- Configured cppcheck include dirs: $<BUILD_INTERFACE:/home/jon/ros2_ws/src/hello_cpp/include>
[0.534s] -- Configured cppcheck exclude dirs and/or files: 
[0.534s] -- Added test 'lint_cmake' to check CMake code style
[0.535s] -- Added test 'uncrustify' to check C / C++ code style
[0.535s] -- Configured uncrustify additional arguments: 
[0.535s] -- Added test 'xmllint' to check XML markup files
[0.535s] -- Configuring done
[0.539s] -- Generating done
[0.540s] -- Build files have been written to: /home/jon/ros2_ws/build/hello_cpp
[0.546s] Invoked command in '/home/jon/ros2_ws/build/hello_cpp' returned '0': CMAKE_PREFIX_PATH=/opt/ros/humble /usr/bin/cmake /home/jon/ros2_ws/src/hello_cpp -DCMAKE_INSTALL_PREFIX=/home/jon/ros2_ws/install/hello_cpp
[0.546s] Invoking command in '/home/jon/ros2_ws/build/hello_cpp': CMAKE_PREFIX_PATH=/opt/ros/humble /usr/bin/cmake --build /home/jon/ros2_ws/build/hello_cpp -- -j24 -l24
[0.576s] [ 50%] Building CXX object CMakeFiles/hello_node.dir/src/hello_node.cpp.o
[1.796s] [100%] Linking CXX executable hello_node
[1.851s] [100%] Built target hello_node
[1.860s] Invoked command in '/home/jon/ros2_ws/build/hello_cpp' returned '0': CMAKE_PREFIX_PATH=/opt/ros/humble /usr/bin/cmake --build /home/jon/ros2_ws/build/hello_cpp -- -j24 -l24
[1.864s] Invoking command in '/home/jon/ros2_ws/build/hello_cpp': CMAKE_PREFIX_PATH=/opt/ros/humble /usr/bin/cmake --install /home/jon/ros2_ws/build/hello_cpp
[1.869s] -- Install configuration: ""
[1.869s] -- Installing: /home/jon/ros2_ws/install/hello_cpp/lib/hello_cpp/hello_node
[1.869s] -- Set runtime path of "/home/jon/ros2_ws/install/hello_cpp/lib/hello_cpp/hello_node" to ""
[1.869s] -- Installing: /home/jon/ros2_ws/install/hello_cpp/share/ament_index/resource_index/package_run_dependencies/hello_cpp
[1.869s] -- Installing: /home/jon/ros2_ws/install/hello_cpp/share/ament_index/resource_index/parent_prefix_path/hello_cpp
[1.869s] -- Installing: /home/jon/ros2_ws/install/hello_cpp/share/hello_cpp/environment/ament_prefix_path.sh
[1.869s] -- Installing: /home/jon/ros2_ws/install/hello_cpp/share/hello_cpp/environment/ament_prefix_path.dsv
[1.869s] -- Installing: /home/jon/ros2_ws/install/hello_cpp/share/hello_cpp/environment/path.sh
[1.869s] -- Installing: /home/jon/ros2_ws/install/hello_cpp/share/hello_cpp/environment/path.dsv
[1.869s] -- Installing: /home/jon/ros2_ws/install/hello_cpp/share/hello_cpp/local_setup.bash
[1.870s] -- Installing: /home/jon/ros2_ws/install/hello_cpp/share/hello_cpp/local_setup.sh
[1.870s] -- Installing: /home/jon/ros2_ws/install/hello_cpp/share/hello_cpp/local_setup.zsh
[1.870s] -- Installing: /home/jon/ros2_ws/install/hello_cpp/share/hello_cpp/local_setup.dsv
[1.870s] -- Installing: /home/jon/ros2_ws/install/hello_cpp/share/hello_cpp/package.dsv
[1.870s] -- Installing: /home/jon/ros2_ws/install/hello_cpp/share/ament_index/resource_index/packages/hello_cpp
[1.870s] -- Installing: /home/jon/ros2_ws/install/hello_cpp/share/hello_cpp/cmake/hello_cppConfig.cmake
[1.870s] -- Installing: /home/jon/ros2_ws/install/hello_cpp/share/hello_cpp/cmake/hello_cppConfig-version.cmake
[1.870s] -- Installing: /home/jon/ros2_ws/install/hello_cpp/share/hello_cpp/package.xml
[1.872s] Invoked command in '/home/jon/ros2_ws/build/hello_cpp' returned '0': CMAKE_PREFIX_PATH=/opt/ros/humble /usr/bin/cmake --install /home/jon/ros2_ws/build/hello_cpp
