[0.018s] Invoking command in '/home/jon/ws01/build/cpp02_service': CMAKE_PREFIX_PATH=/home/jon/ws01/install/base_demo:/home/jon/ws01/install/tutorails_plumbing:/home/jon/ws01/install/cpp07_exercise:/home/jon/ws01/install/turtlesim:/home/jon/ws01/install/cpp06_time:/home/jon/ws01/install/cpp05_names:/home/jon/ws01/install/cpp04_param:/home/jon/ws01/install/cpp03_action:/home/jon/ws01/install/cpp02_service:/home/jon/ws01/install/cpp01_topic:/opt/ros/humble LD_LIBRARY_PATH=/home/jon/ws01/install/base_demo/lib:/home/jon/ws01/install/turtlesim/lib:/opt/ros/humble/opt/rviz_ogre_vendor/lib:/opt/ros/humble/lib/x86_64-linux-gnu:/opt/ros/humble/lib /usr/bin/cmake --build /home/jon/ws01/build/cpp02_service -- -j24 -l24
[0.037s] -- Found ament_cmake: 1.3.14 (/opt/ros/humble/share/ament_cmake/cmake)
[0.153s] -- Found rclcpp: 16.0.21 (/opt/ros/humble/share/rclcpp/cmake)
[0.180s] -- Found rosidl_generator_c: 3.1.9 (/opt/ros/humble/share/rosidl_generator_c/cmake)
[0.183s] -- Found rosidl_adapter: 3.1.9 (/opt/ros/humble/share/rosidl_adapter/cmake)
[0.188s] -- Found rosidl_generator_cpp: 3.1.9 (/opt/ros/humble/share/rosidl_generator_cpp/cmake)
[0.195s] -- Using all available rosidl_typesupport_c: rosidl_typesupport_fastrtps_c;rosidl_typesupport_introspection_c
[0.204s] -- Using all available rosidl_typesupport_cpp: rosidl_typesupport_fastrtps_cpp;rosidl_typesupport_introspection_cpp
[0.227s] -- Found rmw_implementation_cmake: 6.1.4 (/opt/ros/humble/share/rmw_implementation_cmake/cmake)
[0.228s] -- Found rmw_fastrtps_cpp: 6.2.10 (/opt/ros/humble/share/rmw_fastrtps_cpp/cmake)
[0.311s] -- Using RMW implementation 'rmw_fastrtps_cpp' as default
[0.353s] -- Found base_demo: 0.0.0 (/home/jon/ws01/install/base_demo/share/base_demo/cmake)
[0.381s] -- Found ament_lint_auto: 0.12.15 (/opt/ros/humble/share/ament_lint_auto/cmake)
[0.431s] -- Added test 'cppcheck' to perform static code analysis on C / C++ code
[0.431s] -- Configured cppcheck include dirs: $<BUILD_INTERFACE:/home/jon/ws01/src/cpp02_service/include>
[0.431s] -- Configured cppcheck exclude dirs and/or files: 
[0.431s] -- Added test 'lint_cmake' to check CMake code style
[0.432s] -- Added test 'uncrustify' to check C / C++ code style
[0.432s] -- Configured uncrustify additional arguments: 
[0.433s] -- Added test 'xmllint' to check XML markup files
[0.433s] -- Configuring done
[0.445s] -- Generating done
[0.449s] -- Build files have been written to: /home/jon/ws01/build/cpp02_service
[0.472s] [35m[1mConsolidate compiler generated dependencies of target demo01_server[0m
[0.472s] [35m[1mConsolidate compiler generated dependencies of target demo02_client[0m
[0.481s] [ 50%] [32mBuilding CXX object CMakeFiles/demo01_server.dir/src/demo01_server.cpp.o[0m
[0.481s] [ 50%] [32mBuilding CXX object CMakeFiles/demo02_client.dir/src/demo02_client.cpp.o[0m
[3.250s] [ 75%] [32m[1mLinking CXX executable demo02_client[0m
[3.264s] [100%] [32m[1mLinking CXX executable demo01_server[0m
[3.377s] [100%] Built target demo02_client
[3.389s] [100%] Built target demo01_server
[3.400s] Invoked command in '/home/jon/ws01/build/cpp02_service' returned '0': CMAKE_PREFIX_PATH=/home/jon/ws01/install/base_demo:/home/jon/ws01/install/tutorails_plumbing:/home/jon/ws01/install/cpp07_exercise:/home/jon/ws01/install/turtlesim:/home/jon/ws01/install/cpp06_time:/home/jon/ws01/install/cpp05_names:/home/jon/ws01/install/cpp04_param:/home/jon/ws01/install/cpp03_action:/home/jon/ws01/install/cpp02_service:/home/jon/ws01/install/cpp01_topic:/opt/ros/humble LD_LIBRARY_PATH=/home/jon/ws01/install/base_demo/lib:/home/jon/ws01/install/turtlesim/lib:/opt/ros/humble/opt/rviz_ogre_vendor/lib:/opt/ros/humble/lib/x86_64-linux-gnu:/opt/ros/humble/lib /usr/bin/cmake --build /home/jon/ws01/build/cpp02_service -- -j24 -l24
[3.402s] Invoking command in '/home/jon/ws01/build/cpp02_service': CMAKE_PREFIX_PATH=/home/jon/ws01/install/base_demo:/home/jon/ws01/install/tutorails_plumbing:/home/jon/ws01/install/cpp07_exercise:/home/jon/ws01/install/turtlesim:/home/jon/ws01/install/cpp06_time:/home/jon/ws01/install/cpp05_names:/home/jon/ws01/install/cpp04_param:/home/jon/ws01/install/cpp03_action:/home/jon/ws01/install/cpp02_service:/home/jon/ws01/install/cpp01_topic:/opt/ros/humble LD_LIBRARY_PATH=/home/jon/ws01/install/base_demo/lib:/home/jon/ws01/install/turtlesim/lib:/opt/ros/humble/opt/rviz_ogre_vendor/lib:/opt/ros/humble/lib/x86_64-linux-gnu:/opt/ros/humble/lib /usr/bin/cmake --install /home/jon/ws01/build/cpp02_service
[3.410s] -- Install configuration: ""
[3.411s] -- Installing: /home/jon/ws01/install/cpp02_service/lib/cpp02_service/demo01_server
[3.412s] -- Set runtime path of "/home/jon/ws01/install/cpp02_service/lib/cpp02_service/demo01_server" to ""
[3.412s] -- Installing: /home/jon/ws01/install/cpp02_service/lib/cpp02_service/demo02_client
[3.414s] -- Set runtime path of "/home/jon/ws01/install/cpp02_service/lib/cpp02_service/demo02_client" to ""
[3.414s] -- Up-to-date: /home/jon/ws01/install/cpp02_service/share/ament_index/resource_index/package_run_dependencies/cpp02_service
[3.414s] -- Up-to-date: /home/jon/ws01/install/cpp02_service/share/ament_index/resource_index/parent_prefix_path/cpp02_service
[3.414s] -- Up-to-date: /home/jon/ws01/install/cpp02_service/share/cpp02_service/environment/ament_prefix_path.sh
[3.414s] -- Installing: /home/jon/ws01/install/cpp02_service/share/cpp02_service/environment/ament_prefix_path.dsv
[3.414s] -- Up-to-date: /home/jon/ws01/install/cpp02_service/share/cpp02_service/environment/path.sh
[3.414s] -- Installing: /home/jon/ws01/install/cpp02_service/share/cpp02_service/environment/path.dsv
[3.414s] -- Up-to-date: /home/jon/ws01/install/cpp02_service/share/cpp02_service/local_setup.bash
[3.414s] -- Up-to-date: /home/jon/ws01/install/cpp02_service/share/cpp02_service/local_setup.sh
[3.414s] -- Up-to-date: /home/jon/ws01/install/cpp02_service/share/cpp02_service/local_setup.zsh
[3.414s] -- Installing: /home/jon/ws01/install/cpp02_service/share/cpp02_service/local_setup.dsv
[3.414s] -- Installing: /home/jon/ws01/install/cpp02_service/share/cpp02_service/package.dsv
[3.414s] -- Up-to-date: /home/jon/ws01/install/cpp02_service/share/ament_index/resource_index/packages/cpp02_service
[3.414s] -- Up-to-date: /home/jon/ws01/install/cpp02_service/share/cpp02_service/cmake/cpp02_serviceConfig.cmake
[3.415s] -- Up-to-date: /home/jon/ws01/install/cpp02_service/share/cpp02_service/cmake/cpp02_serviceConfig-version.cmake
[3.415s] -- Up-to-date: /home/jon/ws01/install/cpp02_service/share/cpp02_service/package.xml
[3.418s] Invoked command in '/home/jon/ws01/build/cpp02_service' returned '0': CMAKE_PREFIX_PATH=/home/jon/ws01/install/base_demo:/home/jon/ws01/install/tutorails_plumbing:/home/jon/ws01/install/cpp07_exercise:/home/jon/ws01/install/turtlesim:/home/jon/ws01/install/cpp06_time:/home/jon/ws01/install/cpp05_names:/home/jon/ws01/install/cpp04_param:/home/jon/ws01/install/cpp03_action:/home/jon/ws01/install/cpp02_service:/home/jon/ws01/install/cpp01_topic:/opt/ros/humble LD_LIBRARY_PATH=/home/jon/ws01/install/base_demo/lib:/home/jon/ws01/install/turtlesim/lib:/opt/ros/humble/opt/rviz_ogre_vendor/lib:/opt/ros/humble/lib/x86_64-linux-gnu:/opt/ros/humble/lib /usr/bin/cmake --install /home/jon/ws01/build/cpp02_service
