[0.058s] DEBUG:colcon:Command line arguments: ['/usr/bin/colcon', 'build', '--packages-select', 'hellovscode_cpp']
[0.058s] DEBUG:colcon:Parsed command line arguments: Namespace(log_base=None, log_level=None, verb_name='build', build_base='build', install_base='install', merge_install=False, symlink_install=False, test_result_base=None, continue_on_error=False, executor='parallel', parallel_workers=24, event_handlers=None, ignore_user_meta=False, metas=['./colcon.meta'], base_paths=['.'], packages_ignore=None, packages_ignore_regex=None, paths=None, packages_up_to=None, packages_up_to_regex=None, packages_above=None, packages_above_and_dependencies=None, packages_above_depth=None, packages_select_by_dep=None, packages_skip_by_dep=None, packages_skip_up_to=None, packages_select_build_failed=False, packages_skip_build_finished=False, packages_select_test_failures=False, packages_skip_test_passed=False, packages_select=['hellovscode_cpp'], packages_skip=None, packages_select_regex=None, packages_skip_regex=None, packages_start=None, packages_end=None, allow_overriding=[], cmake_args=None, cmake_target=None, cmake_target_skip_unavailable=False, cmake_clean_cache=False, cmake_clean_first=False, cmake_force_configure=False, ament_cmake_args=None, catkin_cmake_args=None, catkin_skip_building_tests=False, mixin_files=None, mixin=None, verb_parser=<colcon_mixin.mixin.mixin_argument.MixinArgumentDecorator object at 0x7457b7861ae0>, verb_extension=<colcon_core.verb.build.BuildVerb object at 0x7457b7861450>, main=<bound method BuildVerb.main of <colcon_core.verb.build.BuildVerb object at 0x7457b7861450>>, mixin_verb=('build',))
[0.123s] Level 1:colcon.colcon_core.package_discovery:discover_packages(colcon_meta) check parameters
[0.123s] Level 1:colcon.colcon_core.package_discovery:discover_packages(recursive) check parameters
[0.123s] Level 1:colcon.colcon_core.package_discovery:discover_packages(ignore) check parameters
[0.123s] Level 1:colcon.colcon_core.package_discovery:discover_packages(path) check parameters
[0.123s] Level 1:colcon.colcon_core.package_discovery:discover_packages(colcon_meta) discover
[0.123s] Level 1:colcon.colcon_core.package_discovery:discover_packages(recursive) discover
[0.123s] INFO:colcon.colcon_core.package_discovery:Crawling recursively for packages in '/home/jon/ros2_ws'
[0.123s] Level 1:colcon.colcon_core.package_identification:_identify(.) by extensions ['ignore', 'ignore_ament_install']
[0.123s] Level 1:colcon.colcon_core.package_identification:_identify(.) by extension 'ignore'
[0.124s] Level 1:colcon.colcon_core.package_identification:_identify(.) by extension 'ignore_ament_install'
[0.124s] Level 1:colcon.colcon_core.package_identification:_identify(.) by extensions ['colcon_pkg']
[0.124s] Level 1:colcon.colcon_core.package_identification:_identify(.) by extension 'colcon_pkg'
[0.124s] Level 1:colcon.colcon_core.package_identification:_identify(.) by extensions ['colcon_meta']
[0.124s] Level 1:colcon.colcon_core.package_identification:_identify(.) by extension 'colcon_meta'
[0.124s] Level 1:colcon.colcon_core.package_identification:_identify(.) by extensions ['ros']
[0.124s] Level 1:colcon.colcon_core.package_identification:_identify(.) by extension 'ros'
[0.129s] Level 1:colcon.colcon_core.package_identification:_identify(.) by extensions ['cmake', 'python']
[0.129s] Level 1:colcon.colcon_core.package_identification:_identify(.) by extension 'cmake'
[0.129s] Level 1:colcon.colcon_core.package_identification:_identify(.) by extension 'python'
[0.129s] Level 1:colcon.colcon_core.package_identification:_identify(.) by extensions ['python_setup_py']
[0.129s] Level 1:colcon.colcon_core.package_identification:_identify(.) by extension 'python_setup_py'
[0.129s] Level 1:colcon.colcon_core.package_identification:_identify(build) by extensions ['ignore', 'ignore_ament_install']
[0.129s] Level 1:colcon.colcon_core.package_identification:_identify(build) by extension 'ignore'
[0.129s] Level 1:colcon.colcon_core.package_identification:_identify(build) ignored
[0.129s] Level 1:colcon.colcon_core.package_identification:_identify(install) by extensions ['ignore', 'ignore_ament_install']
[0.129s] Level 1:colcon.colcon_core.package_identification:_identify(install) by extension 'ignore'
[0.129s] Level 1:colcon.colcon_core.package_identification:_identify(install) ignored
[0.129s] Level 1:colcon.colcon_core.package_identification:_identify(log) by extensions ['ignore', 'ignore_ament_install']
[0.129s] Level 1:colcon.colcon_core.package_identification:_identify(log) by extension 'ignore'
[0.129s] Level 1:colcon.colcon_core.package_identification:_identify(log) ignored
[0.129s] Level 1:colcon.colcon_core.package_identification:_identify(src) by extensions ['ignore', 'ignore_ament_install']
[0.129s] Level 1:colcon.colcon_core.package_identification:_identify(src) by extension 'ignore'
[0.129s] Level 1:colcon.colcon_core.package_identification:_identify(src) by extension 'ignore_ament_install'
[0.129s] Level 1:colcon.colcon_core.package_identification:_identify(src) by extensions ['colcon_pkg']
[0.129s] Level 1:colcon.colcon_core.package_identification:_identify(src) by extension 'colcon_pkg'
[0.129s] Level 1:colcon.colcon_core.package_identification:_identify(src) by extensions ['colcon_meta']
[0.129s] Level 1:colcon.colcon_core.package_identification:_identify(src) by extension 'colcon_meta'
[0.129s] Level 1:colcon.colcon_core.package_identification:_identify(src) by extensions ['ros']
[0.129s] Level 1:colcon.colcon_core.package_identification:_identify(src) by extension 'ros'
[0.129s] Level 1:colcon.colcon_core.package_identification:_identify(src) by extensions ['cmake', 'python']
[0.129s] Level 1:colcon.colcon_core.package_identification:_identify(src) by extension 'cmake'
[0.129s] Level 1:colcon.colcon_core.package_identification:_identify(src) by extension 'python'
[0.129s] Level 1:colcon.colcon_core.package_identification:_identify(src) by extensions ['python_setup_py']
[0.129s] Level 1:colcon.colcon_core.package_identification:_identify(src) by extension 'python_setup_py'
[0.129s] Level 1:colcon.colcon_core.package_identification:_identify(src/hello_cpp) by extensions ['ignore', 'ignore_ament_install']
[0.129s] Level 1:colcon.colcon_core.package_identification:_identify(src/hello_cpp) by extension 'ignore'
[0.129s] Level 1:colcon.colcon_core.package_identification:_identify(src/hello_cpp) by extension 'ignore_ament_install'
[0.129s] Level 1:colcon.colcon_core.package_identification:_identify(src/hello_cpp) by extensions ['colcon_pkg']
[0.129s] Level 1:colcon.colcon_core.package_identification:_identify(src/hello_cpp) by extension 'colcon_pkg'
[0.130s] Level 1:colcon.colcon_core.package_identification:_identify(src/hello_cpp) by extensions ['colcon_meta']
[0.130s] Level 1:colcon.colcon_core.package_identification:_identify(src/hello_cpp) by extension 'colcon_meta'
[0.130s] Level 1:colcon.colcon_core.package_identification:_identify(src/hello_cpp) by extensions ['ros']
[0.130s] Level 1:colcon.colcon_core.package_identification:_identify(src/hello_cpp) by extension 'ros'
[0.131s] DEBUG:colcon.colcon_core.package_identification:Package 'src/hello_cpp' with type 'ros.ament_cmake' and name 'hello_cpp'
[0.131s] Level 1:colcon.colcon_core.package_identification:_identify(src/hellovscode_cpp) by extensions ['ignore', 'ignore_ament_install']
[0.131s] Level 1:colcon.colcon_core.package_identification:_identify(src/hellovscode_cpp) by extension 'ignore'
[0.131s] Level 1:colcon.colcon_core.package_identification:_identify(src/hellovscode_cpp) by extension 'ignore_ament_install'
[0.131s] Level 1:colcon.colcon_core.package_identification:_identify(src/hellovscode_cpp) by extensions ['colcon_pkg']
[0.131s] Level 1:colcon.colcon_core.package_identification:_identify(src/hellovscode_cpp) by extension 'colcon_pkg'
[0.131s] Level 1:colcon.colcon_core.package_identification:_identify(src/hellovscode_cpp) by extensions ['colcon_meta']
[0.131s] Level 1:colcon.colcon_core.package_identification:_identify(src/hellovscode_cpp) by extension 'colcon_meta'
[0.131s] Level 1:colcon.colcon_core.package_identification:_identify(src/hellovscode_cpp) by extensions ['ros']
[0.131s] Level 1:colcon.colcon_core.package_identification:_identify(src/hellovscode_cpp) by extension 'ros'
[0.131s] DEBUG:colcon.colcon_core.package_identification:Package 'src/hellovscode_cpp' with type 'ros.ament_cmake' and name 'hellovscode_cpp'
[0.131s] Level 1:colcon.colcon_core.package_discovery:discover_packages(recursive) using defaults
[0.131s] Level 1:colcon.colcon_core.package_discovery:discover_packages(ignore) discover
[0.131s] Level 1:colcon.colcon_core.package_discovery:discover_packages(ignore) using defaults
[0.131s] Level 1:colcon.colcon_core.package_discovery:discover_packages(path) discover
[0.131s] Level 1:colcon.colcon_core.package_discovery:discover_packages(path) using defaults
[0.150s] INFO:colcon.colcon_core.package_selection:Skipping not selected package 'hello_cpp' in 'src/hello_cpp'
[0.150s] Level 1:colcon.colcon_core.package_discovery:discover_packages(prefix_path) check parameters
[0.150s] Level 1:colcon.colcon_core.package_discovery:discover_packages(prefix_path) discover
[0.151s] DEBUG:colcon.colcon_installed_package_information.package_discovery:Found 2 installed packages in /home/jon/ros2_ws/install
[0.151s] DEBUG:colcon.colcon_installed_package_information.package_discovery:Found 273 installed packages in /opt/ros/humble
[0.152s] Level 1:colcon.colcon_core.package_discovery:discover_packages(prefix_path) using defaults
[0.167s] Level 5:colcon.colcon_core.verb:set package 'hellovscode_cpp' build argument 'cmake_args' from command line to 'None'
[0.167s] Level 5:colcon.colcon_core.verb:set package 'hellovscode_cpp' build argument 'cmake_target' from command line to 'None'
[0.167s] Level 5:colcon.colcon_core.verb:set package 'hellovscode_cpp' build argument 'cmake_target_skip_unavailable' from command line to 'False'
[0.167s] Level 5:colcon.colcon_core.verb:set package 'hellovscode_cpp' build argument 'cmake_clean_cache' from command line to 'False'
[0.167s] Level 5:colcon.colcon_core.verb:set package 'hellovscode_cpp' build argument 'cmake_clean_first' from command line to 'False'
[0.167s] Level 5:colcon.colcon_core.verb:set package 'hellovscode_cpp' build argument 'cmake_force_configure' from command line to 'False'
[0.167s] Level 5:colcon.colcon_core.verb:set package 'hellovscode_cpp' build argument 'ament_cmake_args' from command line to 'None'
[0.167s] Level 5:colcon.colcon_core.verb:set package 'hellovscode_cpp' build argument 'catkin_cmake_args' from command line to 'None'
[0.167s] Level 5:colcon.colcon_core.verb:set package 'hellovscode_cpp' build argument 'catkin_skip_building_tests' from command line to 'False'
[0.167s] DEBUG:colcon.colcon_core.verb:Building package 'hellovscode_cpp' with the following arguments: {'ament_cmake_args': None, 'build_base': '/home/jon/ros2_ws/build/hellovscode_cpp', 'catkin_cmake_args': None, 'catkin_skip_building_tests': False, 'cmake_args': None, 'cmake_clean_cache': False, 'cmake_clean_first': False, 'cmake_force_configure': False, 'cmake_target': None, 'cmake_target_skip_unavailable': False, 'install_base': '/home/jon/ros2_ws/install/hellovscode_cpp', 'merge_install': False, 'path': '/home/jon/ros2_ws/src/hellovscode_cpp', 'symlink_install': False, 'test_result_base': None}
[0.167s] INFO:colcon.colcon_core.executor:Executing jobs using 'parallel' executor
[0.168s] DEBUG:colcon.colcon_parallel_executor.executor.parallel:run_until_complete
[0.168s] INFO:colcon.colcon_ros.task.ament_cmake.build:Building ROS package in '/home/jon/ros2_ws/src/hellovscode_cpp' with build type 'ament_cmake'
[0.168s] INFO:colcon.colcon_cmake.task.cmake.build:Building CMake package in '/home/jon/ros2_ws/src/hellovscode_cpp'
[0.169s] INFO:colcon.colcon_core.plugin_system:Skipping extension 'colcon_core.shell.bat': Not used on non-Windows systems
[0.169s] INFO:colcon.colcon_core.shell:Skip shell extension 'powershell' for command environment: Not usable outside of PowerShell
[0.169s] DEBUG:colcon.colcon_core.shell:Skip shell extension 'dsv' for command environment
[0.174s] DEBUG:colcon.colcon_core.event_handler.log_command:Invoking command in '/home/jon/ros2_ws/build/hellovscode_cpp': CMAKE_PREFIX_PATH=${CMAKE_PREFIX_PATH}:/opt/ros/humble /usr/bin/cmake --build /home/jon/ros2_ws/build/hellovscode_cpp -- -j24 -l24
[0.215s] DEBUG:colcon.colcon_core.event_handler.log_command:Invoked command in '/home/jon/ros2_ws/build/hellovscode_cpp' returned '0': CMAKE_PREFIX_PATH=${CMAKE_PREFIX_PATH}:/opt/ros/humble /usr/bin/cmake --build /home/jon/ros2_ws/build/hellovscode_cpp -- -j24 -l24
[0.219s] DEBUG:colcon.colcon_core.event_handler.log_command:Invoking command in '/home/jon/ros2_ws/build/hellovscode_cpp': CMAKE_PREFIX_PATH=${CMAKE_PREFIX_PATH}:/opt/ros/humble /usr/bin/cmake --install /home/jon/ros2_ws/build/hellovscode_cpp
[0.223s] Level 1:colcon.colcon_core.environment:create_environment_scripts_only(hellovscode_cpp)
[0.223s] DEBUG:colcon.colcon_core.event_handler.log_command:Invoked command in '/home/jon/ros2_ws/build/hellovscode_cpp' returned '0': CMAKE_PREFIX_PATH=${CMAKE_PREFIX_PATH}:/opt/ros/humble /usr/bin/cmake --install /home/jon/ros2_ws/build/hellovscode_cpp
[0.224s] Level 1:colcon.colcon_core.environment:checking '/home/jon/ros2_ws/install/hellovscode_cpp' for CMake module files
[0.224s] Level 1:colcon.colcon_core.environment:checking '/home/jon/ros2_ws/install/hellovscode_cpp' for CMake config files
[0.224s] Level 1:colcon.colcon_core.shell:create_environment_hook('hellovscode_cpp', 'cmake_prefix_path')
[0.224s] INFO:colcon.colcon_core.shell:Creating environment hook '/home/jon/ros2_ws/install/hellovscode_cpp/share/hellovscode_cpp/hook/cmake_prefix_path.ps1'
[0.225s] INFO:colcon.colcon_core.shell:Creating environment descriptor '/home/jon/ros2_ws/install/hellovscode_cpp/share/hellovscode_cpp/hook/cmake_prefix_path.dsv'
[0.225s] INFO:colcon.colcon_core.shell:Creating environment hook '/home/jon/ros2_ws/install/hellovscode_cpp/share/hellovscode_cpp/hook/cmake_prefix_path.sh'
[0.225s] Level 1:colcon.colcon_core.environment:checking '/home/jon/ros2_ws/install/hellovscode_cpp/lib'
[0.225s] Level 1:colcon.colcon_core.environment:checking '/home/jon/ros2_ws/install/hellovscode_cpp/bin'
[0.225s] Level 1:colcon.colcon_core.environment:checking '/home/jon/ros2_ws/install/hellovscode_cpp/lib/pkgconfig/hellovscode_cpp.pc'
[0.226s] Level 1:colcon.colcon_core.environment:checking '/home/jon/ros2_ws/install/hellovscode_cpp/lib/python3.10/site-packages'
[0.226s] Level 1:colcon.colcon_core.environment:checking '/home/jon/ros2_ws/install/hellovscode_cpp/bin'
[0.226s] INFO:colcon.colcon_core.shell:Creating package script '/home/jon/ros2_ws/install/hellovscode_cpp/share/hellovscode_cpp/package.ps1'
[0.226s] INFO:colcon.colcon_core.shell:Creating package descriptor '/home/jon/ros2_ws/install/hellovscode_cpp/share/hellovscode_cpp/package.dsv'
[0.226s] INFO:colcon.colcon_core.shell:Creating package script '/home/jon/ros2_ws/install/hellovscode_cpp/share/hellovscode_cpp/package.sh'
[0.227s] INFO:colcon.colcon_core.shell:Creating package script '/home/jon/ros2_ws/install/hellovscode_cpp/share/hellovscode_cpp/package.bash'
[0.227s] INFO:colcon.colcon_core.shell:Creating package script '/home/jon/ros2_ws/install/hellovscode_cpp/share/hellovscode_cpp/package.zsh'
[0.227s] Level 1:colcon.colcon_core.environment:create_file_with_runtime_dependencies(/home/jon/ros2_ws/install/hellovscode_cpp/share/colcon-core/packages/hellovscode_cpp)
[0.228s] Level 1:colcon.colcon_core.environment:create_environment_scripts_only(hellovscode_cpp)
[0.228s] Level 1:colcon.colcon_core.environment:checking '/home/jon/ros2_ws/install/hellovscode_cpp' for CMake module files
[0.228s] Level 1:colcon.colcon_core.environment:checking '/home/jon/ros2_ws/install/hellovscode_cpp' for CMake config files
[0.228s] Level 1:colcon.colcon_core.shell:create_environment_hook('hellovscode_cpp', 'cmake_prefix_path')
[0.228s] INFO:colcon.colcon_core.shell:Creating environment hook '/home/jon/ros2_ws/install/hellovscode_cpp/share/hellovscode_cpp/hook/cmake_prefix_path.ps1'
[0.228s] INFO:colcon.colcon_core.shell:Creating environment descriptor '/home/jon/ros2_ws/install/hellovscode_cpp/share/hellovscode_cpp/hook/cmake_prefix_path.dsv'
[0.228s] INFO:colcon.colcon_core.shell:Creating environment hook '/home/jon/ros2_ws/install/hellovscode_cpp/share/hellovscode_cpp/hook/cmake_prefix_path.sh'
[0.229s] Level 1:colcon.colcon_core.environment:checking '/home/jon/ros2_ws/install/hellovscode_cpp/lib'
[0.229s] Level 1:colcon.colcon_core.environment:checking '/home/jon/ros2_ws/install/hellovscode_cpp/bin'
[0.229s] Level 1:colcon.colcon_core.environment:checking '/home/jon/ros2_ws/install/hellovscode_cpp/lib/pkgconfig/hellovscode_cpp.pc'
[0.229s] Level 1:colcon.colcon_core.environment:checking '/home/jon/ros2_ws/install/hellovscode_cpp/lib/python3.10/site-packages'
[0.229s] Level 1:colcon.colcon_core.environment:checking '/home/jon/ros2_ws/install/hellovscode_cpp/bin'
[0.229s] INFO:colcon.colcon_core.shell:Creating package script '/home/jon/ros2_ws/install/hellovscode_cpp/share/hellovscode_cpp/package.ps1'
[0.229s] INFO:colcon.colcon_core.shell:Creating package descriptor '/home/jon/ros2_ws/install/hellovscode_cpp/share/hellovscode_cpp/package.dsv'
[0.229s] INFO:colcon.colcon_core.shell:Creating package script '/home/jon/ros2_ws/install/hellovscode_cpp/share/hellovscode_cpp/package.sh'
[0.229s] INFO:colcon.colcon_core.shell:Creating package script '/home/jon/ros2_ws/install/hellovscode_cpp/share/hellovscode_cpp/package.bash'
[0.230s] INFO:colcon.colcon_core.shell:Creating package script '/home/jon/ros2_ws/install/hellovscode_cpp/share/hellovscode_cpp/package.zsh'
[0.230s] Level 1:colcon.colcon_core.environment:create_file_with_runtime_dependencies(/home/jon/ros2_ws/install/hellovscode_cpp/share/colcon-core/packages/hellovscode_cpp)
[0.230s] DEBUG:colcon.colcon_parallel_executor.executor.parallel:closing loop
[0.230s] DEBUG:colcon.colcon_parallel_executor.executor.parallel:loop closed
[0.230s] DEBUG:colcon.colcon_parallel_executor.executor.parallel:run_until_complete finished with '0'
[0.230s] DEBUG:colcon.colcon_core.event_reactor:joining thread
[0.232s] INFO:colcon.colcon_core.plugin_system:Skipping extension 'colcon_notification.desktop_notification.terminal_notifier': Not used on non-Darwin systems
[0.232s] INFO:colcon.colcon_core.plugin_system:Skipping extension 'colcon_notification.desktop_notification.win32': Not used on non-Windows systems
[0.232s] INFO:colcon.colcon_notification.desktop_notification:Sending desktop notification using 'notify2'
[0.240s] DEBUG:colcon.colcon_core.event_reactor:joined thread
[0.241s] INFO:colcon.colcon_core.shell:Creating prefix script '/home/jon/ros2_ws/install/local_setup.ps1'
[0.242s] INFO:colcon.colcon_core.shell:Creating prefix util module '/home/jon/ros2_ws/install/_local_setup_util_ps1.py'
[0.243s] INFO:colcon.colcon_core.shell:Creating prefix chain script '/home/jon/ros2_ws/install/setup.ps1'
[0.244s] INFO:colcon.colcon_core.shell:Creating prefix script '/home/jon/ros2_ws/install/local_setup.sh'
[0.244s] INFO:colcon.colcon_core.shell:Creating prefix util module '/home/jon/ros2_ws/install/_local_setup_util_sh.py'
[0.244s] INFO:colcon.colcon_core.shell:Creating prefix chain script '/home/jon/ros2_ws/install/setup.sh'
[0.245s] INFO:colcon.colcon_core.shell:Creating prefix script '/home/jon/ros2_ws/install/local_setup.bash'
[0.245s] INFO:colcon.colcon_core.shell:Creating prefix chain script '/home/jon/ros2_ws/install/setup.bash'
[0.245s] INFO:colcon.colcon_core.shell:Creating prefix script '/home/jon/ros2_ws/install/local_setup.zsh'
[0.245s] INFO:colcon.colcon_core.shell:Creating prefix chain script '/home/jon/ros2_ws/install/setup.zsh'
