[0.024s] Invoking command in '/home/jon/ws01/build/cpp06_time': CMAKE_PREFIX_PATH=${CMAKE_PREFIX_PATH}:/opt/ros/humble /usr/bin/cmake --build /home/jon/ws01/build/cpp06_time -- -j24 -l24
[0.050s] [35m[1mConsolidate compiler generated dependencies of target demo01_time[0m
[0.060s] [ 50%] [32mBuilding CXX object CMakeFiles/demo01_time.dir/src/demo01_time.cpp.o[0m
[1.322s] In file included from [01m[K/opt/ros/humble/include/rclcpp/rclcpp/logging.hpp:24[m[K,
[1.322s]                  from [01m[K/opt/ros/humble/include/rclcpp/rclcpp/client.hpp:40[m[K,
[1.322s]                  from [01m[K/opt/ros/humble/include/rclcpp/rclcpp/callback_group.hpp:24[m[K,
[1.322s]                  from [01m[K/opt/ros/humble/include/rclcpp/rclcpp/any_executable.hpp:20[m[K,
[1.322s]                  from [01m[K/opt/ros/humble/include/rclcpp/rclcpp/memory_strategy.hpp:25[m[K,
[1.322s]                  from [01m[K/opt/ros/humble/include/rclcpp/rclcpp/memory_strategies.hpp:18[m[K,
[1.322s]                  from [01m[K/opt/ros/humble/include/rclcpp/rclcpp/executor_options.hpp:20[m[K,
[1.322s]                  from [01m[K/opt/ros/humble/include/rclcpp/rclcpp/executor.hpp:37[m[K,
[1.322s]                  from [01m[K/opt/ros/humble/include/rclcpp/rclcpp/executors/multi_threaded_executor.hpp:25[m[K,
[1.322s]                  from [01m[K/opt/ros/humble/include/rclcpp/rclcpp/executors.hpp:21[m[K,
[1.322s]                  from [01m[K/opt/ros/humble/include/rclcpp/rclcpp/rclcpp.hpp:155[m[K,
[1.322s]                  from [01m[K/home/jon/ws01/src/cpp06_time/src/demo01_time.cpp:11[m[K:
[1.322s] [01m[K/home/jon/ws01/src/cpp06_time/src/demo01_time.cpp:[m[K In member function ‘[01m[Kvoid MyNode::demo_opt()[m[K’:
[1.322s] [01m[K/home/jon/ws01/src/cpp06_time/src/demo01_time.cpp:45:68:[m[K [01;31m[Kerror: [m[Kexpected ‘[01m[K)[m[K’ before ‘[01m[K;[m[K’ token
[1.323s]    45 |         RCLCPP_INFO(this->get_logger(),"t1 >= t2 ? %d"  ,du1 >= du2[01;31m[K;[m[K);
[1.323s]       |                                                                    [01;31m[K^[m[K
[1.323s] [01m[K/home/jon/ws01/src/cpp06_time/src/demo01_time.cpp:45:9:[m[K [01;36m[Knote: [m[Kto match this ‘[01m[K([m[K’
[1.323s]    45 |         [01;36m[KRCLCPP_INFO[m[K(this->get_logger(),"t1 >= t2 ? %d"  ,du1 >= du2;);
[1.323s]       |         [01;36m[K^~~~~~~~~~~[m[K
[1.323s] [01m[K/home/jon/ws01/src/cpp06_time/src/demo01_time.cpp:45:9:[m[K [01;31m[Kerror: [m[Kexpected primary-expression before ‘[01m[K)[m[K’ token
[1.323s]    45 |         [01;31m[KRCLCPP_INFO[m[K(this->get_logger(),"t1 >= t2 ? %d"  ,du1 >= du2;);
[1.323s]       |         [01;31m[K^~~~~~~~~~~[m[K
[1.323s] [01m[K/home/jon/ws01/src/cpp06_time/src/demo01_time.cpp:46:67:[m[K [01;31m[Kerror: [m[Kexpected ‘[01m[K)[m[K’ before ‘[01m[K;[m[K’ token
[1.323s]    46 |         RCLCPP_INFO(this->get_logger(),"t1 < t2 ? %d"   ,du1 < du2[01;31m[K;[m[K);
[1.323s]       |                                                                   [01;31m[K^[m[K
[1.323s] [01m[K/home/jon/ws01/src/cpp06_time/src/demo01_time.cpp:46:9:[m[K [01;36m[Knote: [m[Kto match this ‘[01m[K([m[K’
[1.323s]    46 |         [01;36m[KRCLCPP_INFO[m[K(this->get_logger(),"t1 < t2 ? %d"   ,du1 < du2;);
[1.323s]       |         [01;36m[K^~~~~~~~~~~[m[K
[1.323s] [01m[K/home/jon/ws01/src/cpp06_time/src/demo01_time.cpp:46:9:[m[K [01;31m[Kerror: [m[Kexpected primary-expression before ‘[01m[K)[m[K’ token
[1.323s]    46 |         [01;31m[KRCLCPP_INFO[m[K(this->get_logger(),"t1 < t2 ? %d"   ,du1 < du2;);
[1.323s]       |         [01;31m[K^~~~~~~~~~~[m[K
[1.528s] gmake[2]: *** [CMakeFiles/demo01_time.dir/build.make:76：CMakeFiles/demo01_time.dir/src/demo01_time.cpp.o] 错误 1
[1.529s] gmake[1]: *** [CMakeFiles/Makefile2:137：CMakeFiles/demo01_time.dir/all] 错误 2
[1.529s] gmake: *** [Makefile:146：all] 错误 2
[1.534s] Invoked command in '/home/jon/ws01/build/cpp06_time' returned '2': CMAKE_PREFIX_PATH=${CMAKE_PREFIX_PATH}:/opt/ros/humble /usr/bin/cmake --build /home/jon/ws01/build/cpp06_time -- -j24 -l24
