[0.008s] Invoking command in '/home/jon/ros2_ws/build/hello_cpp': CMAKE_PREFIX_PATH=${CMAKE_PREFIX_PATH}:/opt/ros/humble /usr/bin/cmake --build /home/jon/ros2_ws/build/hello_cpp -- -j24 -l24
[0.048s] [100%] Built target hello_node
[0.063s] Invoked command in '/home/jon/ros2_ws/build/hello_cpp' returned '0': CMAKE_PREFIX_PATH=${CMAKE_PREFIX_PATH}:/opt/ros/humble /usr/bin/cmake --build /home/jon/ros2_ws/build/hello_cpp -- -j24 -l24
[0.070s] Invoking command in '/home/jon/ros2_ws/build/hello_cpp': CMAKE_PREFIX_PATH=${CMAKE_PREFIX_PATH}:/opt/ros/humble /usr/bin/cmake --install /home/jon/ros2_ws/build/hello_cpp
[0.075s] -- Install configuration: ""
[0.075s] -- Up-to-date: /home/jon/ros2_ws/install/hello_cpp/lib/hello_cpp/hello_node
[0.075s] -- Up-to-date: /home/jon/ros2_ws/install/hello_cpp/share/ament_index/resource_index/package_run_dependencies/hello_cpp
[0.075s] -- Up-to-date: /home/jon/ros2_ws/install/hello_cpp/share/ament_index/resource_index/parent_prefix_path/hello_cpp
[0.075s] -- Up-to-date: /home/jon/ros2_ws/install/hello_cpp/share/hello_cpp/environment/ament_prefix_path.sh
[0.075s] -- Up-to-date: /home/jon/ros2_ws/install/hello_cpp/share/hello_cpp/environment/ament_prefix_path.dsv
[0.075s] -- Up-to-date: /home/jon/ros2_ws/install/hello_cpp/share/hello_cpp/environment/path.sh
[0.075s] -- Up-to-date: /home/jon/ros2_ws/install/hello_cpp/share/hello_cpp/environment/path.dsv
[0.075s] -- Up-to-date: /home/jon/ros2_ws/install/hello_cpp/share/hello_cpp/local_setup.bash
[0.075s] -- Up-to-date: /home/jon/ros2_ws/install/hello_cpp/share/hello_cpp/local_setup.sh
[0.075s] -- Up-to-date: /home/jon/ros2_ws/install/hello_cpp/share/hello_cpp/local_setup.zsh
[0.075s] -- Up-to-date: /home/jon/ros2_ws/install/hello_cpp/share/hello_cpp/local_setup.dsv
[0.075s] -- Installing: /home/jon/ros2_ws/install/hello_cpp/share/hello_cpp/package.dsv
[0.075s] -- Up-to-date: /home/jon/ros2_ws/install/hello_cpp/share/ament_index/resource_index/packages/hello_cpp
[0.075s] -- Up-to-date: /home/jon/ros2_ws/install/hello_cpp/share/hello_cpp/cmake/hello_cppConfig.cmake
[0.075s] -- Up-to-date: /home/jon/ros2_ws/install/hello_cpp/share/hello_cpp/cmake/hello_cppConfig-version.cmake
[0.075s] -- Up-to-date: /home/jon/ros2_ws/install/hello_cpp/share/hello_cpp/package.xml
[0.082s] Invoked command in '/home/jon/ros2_ws/build/hello_cpp' returned '0': CMAKE_PREFIX_PATH=${CMAKE_PREFIX_PATH}:/opt/ros/humble /usr/bin/cmake --install /home/jon/ros2_ws/build/hello_cpp
