[0.036s] Invoking command in '/home/jon/ws01/build/cpp01_topic': CMAKE_PREFIX_PATH=/home/jon/ws01/install/base_demo:/home/jon/ws01/install/tutorails_plumbing:/home/jon/ws01/install/cpp07_exercise:/home/jon/ws01/install/turtlesim:/home/jon/ws01/install/cpp06_time:/home/jon/ws01/install/cpp05_names:/home/jon/ws01/install/cpp04_param:/home/jon/ws01/install/cpp03_action:/home/jon/ws01/install/cpp02_service:/home/jon/ws01/install/cpp01_topic:/opt/ros/humble LD_LIBRARY_PATH=/home/jon/ws01/install/base_demo/lib:/home/jon/ws01/install/turtlesim/lib:/opt/ros/humble/opt/rviz_ogre_vendor/lib:/opt/ros/humble/lib/x86_64-linux-gnu:/opt/ros/humble/lib /usr/bin/cmake --build /home/jon/ws01/build/cpp01_topic -- -j24 -l24
[0.062s] -- Found ament_cmake: 1.3.14 (/opt/ros/humble/share/ament_cmake/cmake)
[0.157s] -- Found rclcpp: 16.0.21 (/opt/ros/humble/share/rclcpp/cmake)
[0.179s] -- Found rosidl_generator_c: 3.1.9 (/opt/ros/humble/share/rosidl_generator_c/cmake)
[0.180s] -- Found rosidl_adapter: 3.1.9 (/opt/ros/humble/share/rosidl_adapter/cmake)
[0.184s] -- Found rosidl_generator_cpp: 3.1.9 (/opt/ros/humble/share/rosidl_generator_cpp/cmake)
[0.190s] -- Using all available rosidl_typesupport_c: rosidl_typesupport_fastrtps_c;rosidl_typesupport_introspection_c
[0.198s] -- Using all available rosidl_typesupport_cpp: rosidl_typesupport_fastrtps_cpp;rosidl_typesupport_introspection_cpp
[0.220s] -- Found rmw_implementation_cmake: 6.1.4 (/opt/ros/humble/share/rmw_implementation_cmake/cmake)
[0.220s] -- Found rmw_fastrtps_cpp: 6.2.10 (/opt/ros/humble/share/rmw_fastrtps_cpp/cmake)
[0.285s] -- Using RMW implementation 'rmw_fastrtps_cpp' as default
[0.317s] -- Found base_demo: 0.0.0 (/home/jon/ws01/install/base_demo/share/base_demo/cmake)
[0.343s] -- Found ament_lint_auto: 0.12.15 (/opt/ros/humble/share/ament_lint_auto/cmake)
[0.399s] -- Added test 'cppcheck' to perform static code analysis on C / C++ code
[0.400s] -- Configured cppcheck include dirs: $<BUILD_INTERFACE:/home/jon/ws01/src/cpp01_topic/include>
[0.400s] -- Configured cppcheck exclude dirs and/or files: 
[0.400s] -- Added test 'lint_cmake' to check CMake code style
[0.401s] -- Added test 'uncrustify' to check C / C++ code style
[0.402s] -- Configured uncrustify additional arguments: 
[0.402s] -- Added test 'xmllint' to check XML markup files
[0.404s] -- Configuring done
[0.420s] -- Generating done
[0.426s] -- Build files have been written to: /home/jon/ws01/build/cpp01_topic
[0.453s] [35m[1mConsolidate compiler generated dependencies of target demo02_listener[0m
[0.453s] [35m[1mConsolidate compiler generated dependencies of target demo04_listener[0m
[0.453s] [35m[1mConsolidate compiler generated dependencies of target demo03_talker[0m
[0.455s] [35m[1mConsolidate compiler generated dependencies of target demo01_talker[0m
[0.470s] [ 12%] [32mBuilding CXX object CMakeFiles/demo04_listener.dir/src/demo04_listener.cpp.o[0m
[0.471s] [ 25%] [32m[1mLinking CXX executable demo02_listener[0m
[0.471s] [ 50%] [32m[1mLinking CXX executable demo01_talker[0m
[0.471s] [ 50%] [32mBuilding CXX object CMakeFiles/demo03_talker.dir/src/demo03_talker.cpp.o[0m
[0.675s] [ 62%] Built target demo01_talker
[0.853s] [ 75%] Built target demo02_listener
[3.382s] [ 87%] [32m[1mLinking CXX executable demo03_talker[0m
[3.519s] [ 87%] Built target demo03_talker
[5.284s] [100%] [32m[1mLinking CXX executable demo04_listener[0m
[5.476s] [100%] Built target demo04_listener
[5.484s] Invoked command in '/home/jon/ws01/build/cpp01_topic' returned '0': CMAKE_PREFIX_PATH=/home/jon/ws01/install/base_demo:/home/jon/ws01/install/tutorails_plumbing:/home/jon/ws01/install/cpp07_exercise:/home/jon/ws01/install/turtlesim:/home/jon/ws01/install/cpp06_time:/home/jon/ws01/install/cpp05_names:/home/jon/ws01/install/cpp04_param:/home/jon/ws01/install/cpp03_action:/home/jon/ws01/install/cpp02_service:/home/jon/ws01/install/cpp01_topic:/opt/ros/humble LD_LIBRARY_PATH=/home/jon/ws01/install/base_demo/lib:/home/jon/ws01/install/turtlesim/lib:/opt/ros/humble/opt/rviz_ogre_vendor/lib:/opt/ros/humble/lib/x86_64-linux-gnu:/opt/ros/humble/lib /usr/bin/cmake --build /home/jon/ws01/build/cpp01_topic -- -j24 -l24
[5.485s] Invoking command in '/home/jon/ws01/build/cpp01_topic': CMAKE_PREFIX_PATH=/home/jon/ws01/install/base_demo:/home/jon/ws01/install/tutorails_plumbing:/home/jon/ws01/install/cpp07_exercise:/home/jon/ws01/install/turtlesim:/home/jon/ws01/install/cpp06_time:/home/jon/ws01/install/cpp05_names:/home/jon/ws01/install/cpp04_param:/home/jon/ws01/install/cpp03_action:/home/jon/ws01/install/cpp02_service:/home/jon/ws01/install/cpp01_topic:/opt/ros/humble LD_LIBRARY_PATH=/home/jon/ws01/install/base_demo/lib:/home/jon/ws01/install/turtlesim/lib:/opt/ros/humble/opt/rviz_ogre_vendor/lib:/opt/ros/humble/lib/x86_64-linux-gnu:/opt/ros/humble/lib /usr/bin/cmake --install /home/jon/ws01/build/cpp01_topic
[5.490s] -- Install configuration: ""
[5.490s] -- Installing: /home/jon/ws01/install/cpp01_topic/lib/cpp01_topic/demo01_talker
[5.490s] -- Set runtime path of "/home/jon/ws01/install/cpp01_topic/lib/cpp01_topic/demo01_talker" to ""
[5.490s] -- Installing: /home/jon/ws01/install/cpp01_topic/lib/cpp01_topic/demo02_listener
[5.491s] -- Set runtime path of "/home/jon/ws01/install/cpp01_topic/lib/cpp01_topic/demo02_listener" to ""
[5.491s] -- Installing: /home/jon/ws01/install/cpp01_topic/lib/cpp01_topic/demo03_talker
[5.492s] -- Set runtime path of "/home/jon/ws01/install/cpp01_topic/lib/cpp01_topic/demo03_talker" to ""
[5.492s] -- Installing: /home/jon/ws01/install/cpp01_topic/lib/cpp01_topic/demo04_listener
[5.493s] -- Set runtime path of "/home/jon/ws01/install/cpp01_topic/lib/cpp01_topic/demo04_listener" to ""
[5.493s] -- Up-to-date: /home/jon/ws01/install/cpp01_topic/share/ament_index/resource_index/package_run_dependencies/cpp01_topic
[5.493s] -- Installing: /home/jon/ws01/install/cpp01_topic/share/ament_index/resource_index/parent_prefix_path/cpp01_topic
[5.493s] -- Up-to-date: /home/jon/ws01/install/cpp01_topic/share/cpp01_topic/environment/ament_prefix_path.sh
[5.493s] -- Installing: /home/jon/ws01/install/cpp01_topic/share/cpp01_topic/environment/ament_prefix_path.dsv
[5.493s] -- Up-to-date: /home/jon/ws01/install/cpp01_topic/share/cpp01_topic/environment/path.sh
[5.493s] -- Installing: /home/jon/ws01/install/cpp01_topic/share/cpp01_topic/environment/path.dsv
[5.493s] -- Up-to-date: /home/jon/ws01/install/cpp01_topic/share/cpp01_topic/local_setup.bash
[5.493s] -- Up-to-date: /home/jon/ws01/install/cpp01_topic/share/cpp01_topic/local_setup.sh
[5.493s] -- Up-to-date: /home/jon/ws01/install/cpp01_topic/share/cpp01_topic/local_setup.zsh
[5.493s] -- Installing: /home/jon/ws01/install/cpp01_topic/share/cpp01_topic/local_setup.dsv
[5.493s] -- Installing: /home/jon/ws01/install/cpp01_topic/share/cpp01_topic/package.dsv
[5.493s] -- Up-to-date: /home/jon/ws01/install/cpp01_topic/share/ament_index/resource_index/packages/cpp01_topic
[5.493s] -- Up-to-date: /home/jon/ws01/install/cpp01_topic/share/cpp01_topic/cmake/cpp01_topicConfig.cmake
[5.493s] -- Up-to-date: /home/jon/ws01/install/cpp01_topic/share/cpp01_topic/cmake/cpp01_topicConfig-version.cmake
[5.493s] -- Up-to-date: /home/jon/ws01/install/cpp01_topic/share/cpp01_topic/package.xml
[5.497s] Invoked command in '/home/jon/ws01/build/cpp01_topic' returned '0': CMAKE_PREFIX_PATH=/home/jon/ws01/install/base_demo:/home/jon/ws01/install/tutorails_plumbing:/home/jon/ws01/install/cpp07_exercise:/home/jon/ws01/install/turtlesim:/home/jon/ws01/install/cpp06_time:/home/jon/ws01/install/cpp05_names:/home/jon/ws01/install/cpp04_param:/home/jon/ws01/install/cpp03_action:/home/jon/ws01/install/cpp02_service:/home/jon/ws01/install/cpp01_topic:/opt/ros/humble LD_LIBRARY_PATH=/home/jon/ws01/install/base_demo/lib:/home/jon/ws01/install/turtlesim/lib:/opt/ros/humble/opt/rviz_ogre_vendor/lib:/opt/ros/humble/lib/x86_64-linux-gnu:/opt/ros/humble/lib /usr/bin/cmake --install /home/jon/ws01/build/cpp01_topic
