[0.027s] Invoking command in '/home/jon/ws01/build/cpp07_exercise': CMAKE_PREFIX_PATH=/home/jon/ws01/install/base_demo:/home/jon/ws01/install/tutorails_plumbing:/home/jon/ws01/install/cpp07_exercise:/home/jon/ws01/install/cpp06_time:/home/jon/ws01/install/cpp05_names:/home/jon/ws01/install/cpp04_param:/home/jon/ws01/install/cpp03_action:/home/jon/ws01/install/cpp02_service:/home/jon/ws01/install/cpp01_topic:/opt/ros/humble /usr/bin/cmake --build /home/jon/ws01/build/cpp07_exercise -- -j24 -l24
[0.064s] [35m[1mConsolidate compiler generated dependencies of target exer01_pub_sub[0m
[0.075s] [100%] Built target exer01_pub_sub
[0.102s] Invoked command in '/home/jon/ws01/build/cpp07_exercise' returned '0': CMAKE_PREFIX_PATH=/home/jon/ws01/install/base_demo:/home/jon/ws01/install/tutorails_plumbing:/home/jon/ws01/install/cpp07_exercise:/home/jon/ws01/install/cpp06_time:/home/jon/ws01/install/cpp05_names:/home/jon/ws01/install/cpp04_param:/home/jon/ws01/install/cpp03_action:/home/jon/ws01/install/cpp02_service:/home/jon/ws01/install/cpp01_topic:/opt/ros/humble /usr/bin/cmake --build /home/jon/ws01/build/cpp07_exercise -- -j24 -l24
[0.102s] Invoking command in '/home/jon/ws01/build/cpp07_exercise': CMAKE_PREFIX_PATH=/home/jon/ws01/install/base_demo:/home/jon/ws01/install/tutorails_plumbing:/home/jon/ws01/install/cpp07_exercise:/home/jon/ws01/install/cpp06_time:/home/jon/ws01/install/cpp05_names:/home/jon/ws01/install/cpp04_param:/home/jon/ws01/install/cpp03_action:/home/jon/ws01/install/cpp02_service:/home/jon/ws01/install/cpp01_topic:/opt/ros/humble /usr/bin/cmake --install /home/jon/ws01/build/cpp07_exercise
[0.112s] -- Install configuration: ""
[0.112s] -- Up-to-date: /home/jon/ws01/install/cpp07_exercise/lib/cpp07_exercise/exer01_pub_sub
[0.112s] -- Up-to-date: /home/jon/ws01/install/cpp07_exercise/share/cpp07_exercise/launch
[0.112s] -- Installing: /home/jon/ws01/install/cpp07_exercise/share/cpp07_exercise/launch/exer01_pub_sub_launch.py
[0.112s] -- Up-to-date: /home/jon/ws01/install/cpp07_exercise/share/ament_index/resource_index/package_run_dependencies/cpp07_exercise
[0.112s] -- Up-to-date: /home/jon/ws01/install/cpp07_exercise/share/ament_index/resource_index/parent_prefix_path/cpp07_exercise
[0.112s] -- Up-to-date: /home/jon/ws01/install/cpp07_exercise/share/cpp07_exercise/environment/ament_prefix_path.sh
[0.112s] -- Up-to-date: /home/jon/ws01/install/cpp07_exercise/share/cpp07_exercise/environment/ament_prefix_path.dsv
[0.112s] -- Up-to-date: /home/jon/ws01/install/cpp07_exercise/share/cpp07_exercise/environment/path.sh
[0.112s] -- Up-to-date: /home/jon/ws01/install/cpp07_exercise/share/cpp07_exercise/environment/path.dsv
[0.113s] -- Up-to-date: /home/jon/ws01/install/cpp07_exercise/share/cpp07_exercise/local_setup.bash
[0.113s] -- Up-to-date: /home/jon/ws01/install/cpp07_exercise/share/cpp07_exercise/local_setup.sh
[0.113s] -- Up-to-date: /home/jon/ws01/install/cpp07_exercise/share/cpp07_exercise/local_setup.zsh
[0.113s] -- Up-to-date: /home/jon/ws01/install/cpp07_exercise/share/cpp07_exercise/local_setup.dsv
[0.113s] -- Installing: /home/jon/ws01/install/cpp07_exercise/share/cpp07_exercise/package.dsv
[0.113s] -- Up-to-date: /home/jon/ws01/install/cpp07_exercise/share/ament_index/resource_index/packages/cpp07_exercise
[0.113s] -- Up-to-date: /home/jon/ws01/install/cpp07_exercise/share/cpp07_exercise/cmake/cpp07_exerciseConfig.cmake
[0.113s] -- Up-to-date: /home/jon/ws01/install/cpp07_exercise/share/cpp07_exercise/cmake/cpp07_exerciseConfig-version.cmake
[0.113s] -- Up-to-date: /home/jon/ws01/install/cpp07_exercise/share/cpp07_exercise/package.xml
[0.128s] Invoked command in '/home/jon/ws01/build/cpp07_exercise' returned '0': CMAKE_PREFIX_PATH=/home/jon/ws01/install/base_demo:/home/jon/ws01/install/tutorails_plumbing:/home/jon/ws01/install/cpp07_exercise:/home/jon/ws01/install/cpp06_time:/home/jon/ws01/install/cpp05_names:/home/jon/ws01/install/cpp04_param:/home/jon/ws01/install/cpp03_action:/home/jon/ws01/install/cpp02_service:/home/jon/ws01/install/cpp01_topic:/opt/ros/humble /usr/bin/cmake --install /home/jon/ws01/build/cpp07_exercise
