[0.005s] Invoking command in '/home/jon/ros2_ws/build/hellovscode_cpp': CMAKE_PREFIX_PATH=${CMAKE_PREFIX_PATH}:/opt/ros/humble /usr/bin/cmake --build /home/jon/ros2_ws/build/hellovscode_cpp -- -j24 -l24
[0.029s] [35m[1mConsolidate compiler generated dependencies of target hellovscode[0m
[0.038s] [100%] Built target hellovscode
[0.046s] Invoked command in '/home/jon/ros2_ws/build/hellovscode_cpp' returned '0': CMAKE_PREFIX_PATH=${CMAKE_PREFIX_PATH}:/opt/ros/humble /usr/bin/cmake --build /home/jon/ros2_ws/build/hellovscode_cpp -- -j24 -l24
[0.050s] Invoking command in '/home/jon/ros2_ws/build/hellovscode_cpp': CMAKE_PREFIX_PATH=${CMAKE_PREFIX_PATH}:/opt/ros/humble /usr/bin/cmake --install /home/jon/ros2_ws/build/hellovscode_cpp
[0.053s] -- Install configuration: ""
[0.053s] -- Up-to-date: /home/jon/ros2_ws/install/hellovscode_cpp/lib/hellovscode_cpp/hellovscode
[0.053s] -- Up-to-date: /home/jon/ros2_ws/install/hellovscode_cpp/share/ament_index/resource_index/package_run_dependencies/hellovscode_cpp
[0.053s] -- Up-to-date: /home/jon/ros2_ws/install/hellovscode_cpp/share/ament_index/resource_index/parent_prefix_path/hellovscode_cpp
[0.053s] -- Up-to-date: /home/jon/ros2_ws/install/hellovscode_cpp/share/hellovscode_cpp/environment/ament_prefix_path.sh
[0.053s] -- Up-to-date: /home/jon/ros2_ws/install/hellovscode_cpp/share/hellovscode_cpp/environment/ament_prefix_path.dsv
[0.053s] -- Up-to-date: /home/jon/ros2_ws/install/hellovscode_cpp/share/hellovscode_cpp/environment/path.sh
[0.053s] -- Up-to-date: /home/jon/ros2_ws/install/hellovscode_cpp/share/hellovscode_cpp/environment/path.dsv
[0.053s] -- Up-to-date: /home/jon/ros2_ws/install/hellovscode_cpp/share/hellovscode_cpp/local_setup.bash
[0.053s] -- Up-to-date: /home/jon/ros2_ws/install/hellovscode_cpp/share/hellovscode_cpp/local_setup.sh
[0.053s] -- Up-to-date: /home/jon/ros2_ws/install/hellovscode_cpp/share/hellovscode_cpp/local_setup.zsh
[0.053s] -- Up-to-date: /home/jon/ros2_ws/install/hellovscode_cpp/share/hellovscode_cpp/local_setup.dsv
[0.053s] -- Installing: /home/jon/ros2_ws/install/hellovscode_cpp/share/hellovscode_cpp/package.dsv
[0.053s] -- Up-to-date: /home/jon/ros2_ws/install/hellovscode_cpp/share/ament_index/resource_index/packages/hellovscode_cpp
[0.053s] -- Up-to-date: /home/jon/ros2_ws/install/hellovscode_cpp/share/hellovscode_cpp/cmake/hellovscode_cppConfig.cmake
[0.053s] -- Up-to-date: /home/jon/ros2_ws/install/hellovscode_cpp/share/hellovscode_cpp/cmake/hellovscode_cppConfig-version.cmake
[0.053s] -- Up-to-date: /home/jon/ros2_ws/install/hellovscode_cpp/share/hellovscode_cpp/package.xml
[0.054s] Invoked command in '/home/jon/ros2_ws/build/hellovscode_cpp' returned '0': CMAKE_PREFIX_PATH=${CMAKE_PREFIX_PATH}:/opt/ros/humble /usr/bin/cmake --install /home/jon/ros2_ws/build/hellovscode_cpp
