[35m[1mConsolidate compiler generated dependencies of target demo02_client[0m
[ 50%] Built target demo01_server
[ 75%] [32mBuilding CXX object CMakeFiles/demo02_client.dir/src/demo02_client.cpp.o[0m
[100%] [32m[1mLinking CXX executable demo02_client[0m
[100%] Built target demo02_client
-- Install configuration: ""
-- Up-to-date: /home/jon/ws01/install/cpp03_action/lib/cpp03_action/demo01_server
-- Installing: /home/jon/ws01/install/cpp03_action/lib/cpp03_action/demo02_client
-- Set runtime path of "/home/jon/ws01/install/cpp03_action/lib/cpp03_action/demo02_client" to ""
-- Up-to-date: /home/jon/ws01/install/cpp03_action/share/ament_index/resource_index/package_run_dependencies/cpp03_action
-- Up-to-date: /home/jon/ws01/install/cpp03_action/share/ament_index/resource_index/parent_prefix_path/cpp03_action
-- Up-to-date: /home/jon/ws01/install/cpp03_action/share/cpp03_action/environment/ament_prefix_path.sh
-- Up-to-date: /home/jon/ws01/install/cpp03_action/share/cpp03_action/environment/ament_prefix_path.dsv
-- Up-to-date: /home/jon/ws01/install/cpp03_action/share/cpp03_action/environment/path.sh
-- Up-to-date: /home/jon/ws01/install/cpp03_action/share/cpp03_action/environment/path.dsv
-- Up-to-date: /home/jon/ws01/install/cpp03_action/share/cpp03_action/local_setup.bash
-- Up-to-date: /home/jon/ws01/install/cpp03_action/share/cpp03_action/local_setup.sh
-- Up-to-date: /home/jon/ws01/install/cpp03_action/share/cpp03_action/local_setup.zsh
-- Up-to-date: /home/jon/ws01/install/cpp03_action/share/cpp03_action/local_setup.dsv
-- Installing: /home/jon/ws01/install/cpp03_action/share/cpp03_action/package.dsv
-- Up-to-date: /home/jon/ws01/install/cpp03_action/share/ament_index/resource_index/packages/cpp03_action
-- Up-to-date: /home/jon/ws01/install/cpp03_action/share/cpp03_action/cmake/cpp03_actionConfig.cmake
-- Up-to-date: /home/jon/ws01/install/cpp03_action/share/cpp03_action/cmake/cpp03_actionConfig-version.cmake
-- Up-to-date: /home/jon/ws01/install/cpp03_action/share/cpp03_action/package.xml
