[0.016s] Invoking command in '/home/jon/ws01/build/cpp01_topic': CMAKE_PREFIX_PATH=/home/jon/ws01/install/base_demo:/home/jon/ws01/install/tutorails_plumbing:/home/jon/ws01/install/cpp07_exercise:/home/jon/ws01/install/turtlesim:/home/jon/ws01/install/cpp06_time:/home/jon/ws01/install/cpp05_names:/home/jon/ws01/install/cpp04_param:/home/jon/ws01/install/cpp03_action:/home/jon/ws01/install/cpp02_service:/home/jon/ws01/install/cpp01_topic:/opt/ros/humble LD_LIBRARY_PATH=/home/jon/ws01/install/base_demo/lib:/home/jon/ws01/install/turtlesim/lib:/opt/ros/humble/opt/rviz_ogre_vendor/lib:/opt/ros/humble/lib/x86_64-linux-gnu:/opt/ros/humble/lib /usr/bin/cmake --build /home/jon/ws01/build/cpp01_topic -- -j24 -l24
[0.039s] -- Found ament_cmake: 1.3.14 (/opt/ros/humble/share/ament_cmake/cmake)
[0.154s] -- Found rclcpp: 16.0.21 (/opt/ros/humble/share/rclcpp/cmake)
[0.177s] -- Found rosidl_generator_c: 3.1.9 (/opt/ros/humble/share/rosidl_generator_c/cmake)
[0.177s] -- Found rosidl_adapter: 3.1.9 (/opt/ros/humble/share/rosidl_adapter/cmake)
[0.182s] -- Found rosidl_generator_cpp: 3.1.9 (/opt/ros/humble/share/rosidl_generator_cpp/cmake)
[0.187s] -- Using all available rosidl_typesupport_c: rosidl_typesupport_fastrtps_c;rosidl_typesupport_introspection_c
[0.196s] -- Using all available rosidl_typesupport_cpp: rosidl_typesupport_fastrtps_cpp;rosidl_typesupport_introspection_cpp
[0.224s] -- Found rmw_implementation_cmake: 6.1.4 (/opt/ros/humble/share/rmw_implementation_cmake/cmake)
[0.227s] -- Found rmw_fastrtps_cpp: 6.2.10 (/opt/ros/humble/share/rmw_fastrtps_cpp/cmake)
[0.312s] -- Using RMW implementation 'rmw_fastrtps_cpp' as default
[0.355s] -- Found base_demo: 0.0.0 (/home/jon/ws01/install/base_demo/share/base_demo/cmake)
[0.385s] -- Found ament_lint_auto: 0.12.15 (/opt/ros/humble/share/ament_lint_auto/cmake)
[0.438s] -- Added test 'cppcheck' to perform static code analysis on C / C++ code
[0.438s] -- Configured cppcheck include dirs: $<BUILD_INTERFACE:/home/jon/ws01/src/cpp01_topic/include>
[0.438s] -- Configured cppcheck exclude dirs and/or files: 
[0.439s] -- Added test 'lint_cmake' to check CMake code style
[0.439s] -- Added test 'uncrustify' to check C / C++ code style
[0.439s] -- Configured uncrustify additional arguments: 
[0.440s] -- Added test 'xmllint' to check XML markup files
[0.441s] -- Configuring done
[0.458s] -- Generating done
[0.463s] -- Build files have been written to: /home/jon/ws01/build/cpp01_topic
[0.481s] [35m[1mConsolidate compiler generated dependencies of target demo01_talker[0m
[0.481s] [35m[1mConsolidate compiler generated dependencies of target demo02_listener[0m
[0.483s] [35m[1mConsolidate compiler generated dependencies of target demo03_talker[0m
[0.484s] [35m[1mConsolidate compiler generated dependencies of target demo04_listener[0m
[0.492s] [ 12%] [32m[1mLinking CXX executable demo02_listener[0m
[0.493s] [ 25%] [32m[1mLinking CXX executable demo01_talker[0m
[0.496s] [ 37%] [32mBuilding CXX object CMakeFiles/demo03_talker.dir/src/demo03_talker.cpp.o[0m
[0.496s] [ 50%] [32mBuilding CXX object CMakeFiles/demo04_listener.dir/src/demo04_listener.cpp.o[0m
[0.737s] [ 62%] Built target demo01_talker
[0.885s] [ 75%] Built target demo02_listener
[3.739s] [ 87%] [32m[1mLinking CXX executable demo03_talker[0m
[3.858s] [ 87%] Built target demo03_talker
[5.799s] [100%] [32m[1mLinking CXX executable demo04_listener[0m
[6.011s] [100%] Built target demo04_listener
[6.023s] Invoked command in '/home/jon/ws01/build/cpp01_topic' returned '0': CMAKE_PREFIX_PATH=/home/jon/ws01/install/base_demo:/home/jon/ws01/install/tutorails_plumbing:/home/jon/ws01/install/cpp07_exercise:/home/jon/ws01/install/turtlesim:/home/jon/ws01/install/cpp06_time:/home/jon/ws01/install/cpp05_names:/home/jon/ws01/install/cpp04_param:/home/jon/ws01/install/cpp03_action:/home/jon/ws01/install/cpp02_service:/home/jon/ws01/install/cpp01_topic:/opt/ros/humble LD_LIBRARY_PATH=/home/jon/ws01/install/base_demo/lib:/home/jon/ws01/install/turtlesim/lib:/opt/ros/humble/opt/rviz_ogre_vendor/lib:/opt/ros/humble/lib/x86_64-linux-gnu:/opt/ros/humble/lib /usr/bin/cmake --build /home/jon/ws01/build/cpp01_topic -- -j24 -l24
[6.024s] Invoking command in '/home/jon/ws01/build/cpp01_topic': CMAKE_PREFIX_PATH=/home/jon/ws01/install/base_demo:/home/jon/ws01/install/tutorails_plumbing:/home/jon/ws01/install/cpp07_exercise:/home/jon/ws01/install/turtlesim:/home/jon/ws01/install/cpp06_time:/home/jon/ws01/install/cpp05_names:/home/jon/ws01/install/cpp04_param:/home/jon/ws01/install/cpp03_action:/home/jon/ws01/install/cpp02_service:/home/jon/ws01/install/cpp01_topic:/opt/ros/humble LD_LIBRARY_PATH=/home/jon/ws01/install/base_demo/lib:/home/jon/ws01/install/turtlesim/lib:/opt/ros/humble/opt/rviz_ogre_vendor/lib:/opt/ros/humble/lib/x86_64-linux-gnu:/opt/ros/humble/lib /usr/bin/cmake --install /home/jon/ws01/build/cpp01_topic
[6.029s] -- Install configuration: ""
[6.029s] -- Installing: /home/jon/ws01/install/cpp01_topic/lib/cpp01_topic/demo01_talker
[6.030s] -- Set runtime path of "/home/jon/ws01/install/cpp01_topic/lib/cpp01_topic/demo01_talker" to ""
[6.031s] -- Installing: /home/jon/ws01/install/cpp01_topic/lib/cpp01_topic/demo02_listener
[6.033s] -- Set runtime path of "/home/jon/ws01/install/cpp01_topic/lib/cpp01_topic/demo02_listener" to ""
[6.033s] -- Installing: /home/jon/ws01/install/cpp01_topic/lib/cpp01_topic/demo03_talker
[6.033s] -- Set runtime path of "/home/jon/ws01/install/cpp01_topic/lib/cpp01_topic/demo03_talker" to ""
[6.035s] -- Installing: /home/jon/ws01/install/cpp01_topic/lib/cpp01_topic/demo04_listener
[6.036s] -- Set runtime path of "/home/jon/ws01/install/cpp01_topic/lib/cpp01_topic/demo04_listener" to ""
[6.036s] -- Up-to-date: /home/jon/ws01/install/cpp01_topic/share/ament_index/resource_index/package_run_dependencies/cpp01_topic
[6.036s] -- Up-to-date: /home/jon/ws01/install/cpp01_topic/share/ament_index/resource_index/parent_prefix_path/cpp01_topic
[6.036s] -- Up-to-date: /home/jon/ws01/install/cpp01_topic/share/cpp01_topic/environment/ament_prefix_path.sh
[6.036s] -- Installing: /home/jon/ws01/install/cpp01_topic/share/cpp01_topic/environment/ament_prefix_path.dsv
[6.036s] -- Up-to-date: /home/jon/ws01/install/cpp01_topic/share/cpp01_topic/environment/path.sh
[6.036s] -- Installing: /home/jon/ws01/install/cpp01_topic/share/cpp01_topic/environment/path.dsv
[6.036s] -- Up-to-date: /home/jon/ws01/install/cpp01_topic/share/cpp01_topic/local_setup.bash
[6.036s] -- Up-to-date: /home/jon/ws01/install/cpp01_topic/share/cpp01_topic/local_setup.sh
[6.036s] -- Up-to-date: /home/jon/ws01/install/cpp01_topic/share/cpp01_topic/local_setup.zsh
[6.037s] -- Installing: /home/jon/ws01/install/cpp01_topic/share/cpp01_topic/local_setup.dsv
[6.037s] -- Installing: /home/jon/ws01/install/cpp01_topic/share/cpp01_topic/package.dsv
[6.037s] -- Up-to-date: /home/jon/ws01/install/cpp01_topic/share/ament_index/resource_index/packages/cpp01_topic
[6.037s] -- Up-to-date: /home/jon/ws01/install/cpp01_topic/share/cpp01_topic/cmake/cpp01_topicConfig.cmake
[6.037s] -- Up-to-date: /home/jon/ws01/install/cpp01_topic/share/cpp01_topic/cmake/cpp01_topicConfig-version.cmake
[6.039s] -- Up-to-date: /home/jon/ws01/install/cpp01_topic/share/cpp01_topic/package.xml
[6.039s] Invoked command in '/home/jon/ws01/build/cpp01_topic' returned '0': CMAKE_PREFIX_PATH=/home/jon/ws01/install/base_demo:/home/jon/ws01/install/tutorails_plumbing:/home/jon/ws01/install/cpp07_exercise:/home/jon/ws01/install/turtlesim:/home/jon/ws01/install/cpp06_time:/home/jon/ws01/install/cpp05_names:/home/jon/ws01/install/cpp04_param:/home/jon/ws01/install/cpp03_action:/home/jon/ws01/install/cpp02_service:/home/jon/ws01/install/cpp01_topic:/opt/ros/humble LD_LIBRARY_PATH=/home/jon/ws01/install/base_demo/lib:/home/jon/ws01/install/turtlesim/lib:/opt/ros/humble/opt/rviz_ogre_vendor/lib:/opt/ros/humble/lib/x86_64-linux-gnu:/opt/ros/humble/lib /usr/bin/cmake --install /home/jon/ws01/build/cpp01_topic
