[0.053s] DEBUG:colcon:Command line arguments: ['/usr/bin/colcon', 'build']
[0.053s] DEBUG:colcon:Parsed command line arguments: Namespace(log_base=None, log_level=None, verb_name='build', build_base='build', install_base='install', merge_install=False, symlink_install=False, test_result_base=None, continue_on_error=False, executor='parallel', parallel_workers=24, event_handlers=None, ignore_user_meta=False, metas=['./colcon.meta'], base_paths=['.'], packages_ignore=None, packages_ignore_regex=None, paths=None, packages_up_to=None, packages_up_to_regex=None, packages_above=None, packages_above_and_dependencies=None, packages_above_depth=None, packages_select_by_dep=None, packages_skip_by_dep=None, packages_skip_up_to=None, packages_select_build_failed=False, packages_skip_build_finished=False, packages_select_test_failures=False, packages_skip_test_passed=False, packages_select=None, packages_skip=None, packages_select_regex=None, packages_skip_regex=None, packages_start=None, packages_end=None, allow_overriding=[], cmake_args=None, cmake_target=None, cmake_target_skip_unavailable=False, cmake_clean_cache=False, cmake_clean_first=False, cmake_force_configure=False, ament_cmake_args=None, catkin_cmake_args=None, catkin_skip_building_tests=False, mixin_files=None, mixin=None, verb_parser=<colcon_mixin.mixin.mixin_argument.MixinArgumentDecorator object at 0x7c5304551e70>, verb_extension=<colcon_core.verb.build.BuildVerb object at 0x7c53045514b0>, main=<bound method BuildVerb.main of <colcon_core.verb.build.BuildVerb object at 0x7c53045514b0>>, mixin_verb=('build',))
[0.132s] Level 1:colcon.colcon_core.package_discovery:discover_packages(colcon_meta) check parameters
[0.132s] Level 1:colcon.colcon_core.package_discovery:discover_packages(recursive) check parameters
[0.132s] Level 1:colcon.colcon_core.package_discovery:discover_packages(ignore) check parameters
[0.132s] Level 1:colcon.colcon_core.package_discovery:discover_packages(path) check parameters
[0.132s] Level 1:colcon.colcon_core.package_discovery:discover_packages(colcon_meta) discover
[0.132s] Level 1:colcon.colcon_core.package_discovery:discover_packages(recursive) discover
[0.132s] INFO:colcon.colcon_core.package_discovery:Crawling recursively for packages in '/home/jon/ws01'
[0.132s] Level 1:colcon.colcon_core.package_identification:_identify(.) by extensions ['ignore', 'ignore_ament_install']
[0.132s] Level 1:colcon.colcon_core.package_identification:_identify(.) by extension 'ignore'
[0.132s] Level 1:colcon.colcon_core.package_identification:_identify(.) by extension 'ignore_ament_install'
[0.132s] Level 1:colcon.colcon_core.package_identification:_identify(.) by extensions ['colcon_pkg']
[0.132s] Level 1:colcon.colcon_core.package_identification:_identify(.) by extension 'colcon_pkg'
[0.132s] Level 1:colcon.colcon_core.package_identification:_identify(.) by extensions ['colcon_meta']
[0.132s] Level 1:colcon.colcon_core.package_identification:_identify(.) by extension 'colcon_meta'
[0.132s] Level 1:colcon.colcon_core.package_identification:_identify(.) by extensions ['ros']
[0.132s] Level 1:colcon.colcon_core.package_identification:_identify(.) by extension 'ros'
[0.139s] Level 1:colcon.colcon_core.package_identification:_identify(.) by extensions ['cmake', 'python']
[0.140s] Level 1:colcon.colcon_core.package_identification:_identify(.) by extension 'cmake'
[0.140s] Level 1:colcon.colcon_core.package_identification:_identify(.) by extension 'python'
[0.140s] Level 1:colcon.colcon_core.package_identification:_identify(.) by extensions ['python_setup_py']
[0.140s] Level 1:colcon.colcon_core.package_identification:_identify(.) by extension 'python_setup_py'
[0.140s] Level 1:colcon.colcon_core.package_identification:_identify(build) by extensions ['ignore', 'ignore_ament_install']
[0.140s] Level 1:colcon.colcon_core.package_identification:_identify(build) by extension 'ignore'
[0.140s] Level 1:colcon.colcon_core.package_identification:_identify(build) ignored
[0.140s] Level 1:colcon.colcon_core.package_identification:_identify(install) by extensions ['ignore', 'ignore_ament_install']
[0.140s] Level 1:colcon.colcon_core.package_identification:_identify(install) by extension 'ignore'
[0.140s] Level 1:colcon.colcon_core.package_identification:_identify(install) ignored
[0.140s] Level 1:colcon.colcon_core.package_identification:_identify(log) by extensions ['ignore', 'ignore_ament_install']
[0.140s] Level 1:colcon.colcon_core.package_identification:_identify(log) by extension 'ignore'
[0.140s] Level 1:colcon.colcon_core.package_identification:_identify(log) ignored
[0.140s] Level 1:colcon.colcon_core.package_identification:_identify(src) by extensions ['ignore', 'ignore_ament_install']
[0.140s] Level 1:colcon.colcon_core.package_identification:_identify(src) by extension 'ignore'
[0.140s] Level 1:colcon.colcon_core.package_identification:_identify(src) by extension 'ignore_ament_install'
[0.140s] Level 1:colcon.colcon_core.package_identification:_identify(src) by extensions ['colcon_pkg']
[0.140s] Level 1:colcon.colcon_core.package_identification:_identify(src) by extension 'colcon_pkg'
[0.140s] Level 1:colcon.colcon_core.package_identification:_identify(src) by extensions ['colcon_meta']
[0.140s] Level 1:colcon.colcon_core.package_identification:_identify(src) by extension 'colcon_meta'
[0.140s] Level 1:colcon.colcon_core.package_identification:_identify(src) by extensions ['ros']
[0.140s] Level 1:colcon.colcon_core.package_identification:_identify(src) by extension 'ros'
[0.140s] Level 1:colcon.colcon_core.package_identification:_identify(src) by extensions ['cmake', 'python']
[0.141s] Level 1:colcon.colcon_core.package_identification:_identify(src) by extension 'cmake'
[0.141s] Level 1:colcon.colcon_core.package_identification:_identify(src) by extension 'python'
[0.141s] Level 1:colcon.colcon_core.package_identification:_identify(src) by extensions ['python_setup_py']
[0.141s] Level 1:colcon.colcon_core.package_identification:_identify(src) by extension 'python_setup_py'
[0.141s] Level 1:colcon.colcon_core.package_identification:_identify(src/base_demo) by extensions ['ignore', 'ignore_ament_install']
[0.141s] Level 1:colcon.colcon_core.package_identification:_identify(src/base_demo) by extension 'ignore'
[0.141s] Level 1:colcon.colcon_core.package_identification:_identify(src/base_demo) by extension 'ignore_ament_install'
[0.141s] Level 1:colcon.colcon_core.package_identification:_identify(src/base_demo) by extensions ['colcon_pkg']
[0.141s] Level 1:colcon.colcon_core.package_identification:_identify(src/base_demo) by extension 'colcon_pkg'
[0.141s] Level 1:colcon.colcon_core.package_identification:_identify(src/base_demo) by extensions ['colcon_meta']
[0.141s] Level 1:colcon.colcon_core.package_identification:_identify(src/base_demo) by extension 'colcon_meta'
[0.141s] Level 1:colcon.colcon_core.package_identification:_identify(src/base_demo) by extensions ['ros']
[0.141s] Level 1:colcon.colcon_core.package_identification:_identify(src/base_demo) by extension 'ros'
[0.143s] DEBUG:colcon.colcon_core.package_identification:Package 'src/base_demo' with type 'ros.ament_cmake' and name 'base_demo'
[0.143s] Level 1:colcon.colcon_core.package_identification:_identify(src/build) by extensions ['ignore', 'ignore_ament_install']
[0.143s] Level 1:colcon.colcon_core.package_identification:_identify(src/build) by extension 'ignore'
[0.143s] Level 1:colcon.colcon_core.package_identification:_identify(src/build) ignored
[0.143s] Level 1:colcon.colcon_core.package_identification:_identify(src/cpp01_topic) by extensions ['ignore', 'ignore_ament_install']
[0.143s] Level 1:colcon.colcon_core.package_identification:_identify(src/cpp01_topic) by extension 'ignore'
[0.143s] Level 1:colcon.colcon_core.package_identification:_identify(src/cpp01_topic) by extension 'ignore_ament_install'
[0.143s] Level 1:colcon.colcon_core.package_identification:_identify(src/cpp01_topic) by extensions ['colcon_pkg']
[0.143s] Level 1:colcon.colcon_core.package_identification:_identify(src/cpp01_topic) by extension 'colcon_pkg'
[0.143s] Level 1:colcon.colcon_core.package_identification:_identify(src/cpp01_topic) by extensions ['colcon_meta']
[0.143s] Level 1:colcon.colcon_core.package_identification:_identify(src/cpp01_topic) by extension 'colcon_meta'
[0.143s] Level 1:colcon.colcon_core.package_identification:_identify(src/cpp01_topic) by extensions ['ros']
[0.143s] Level 1:colcon.colcon_core.package_identification:_identify(src/cpp01_topic) by extension 'ros'
[0.144s] DEBUG:colcon.colcon_core.package_identification:Package 'src/cpp01_topic' with type 'ros.ament_cmake' and name 'cpp01_topic'
[0.144s] Level 1:colcon.colcon_core.package_identification:_identify(src/cpp02_service) by extensions ['ignore', 'ignore_ament_install']
[0.144s] Level 1:colcon.colcon_core.package_identification:_identify(src/cpp02_service) by extension 'ignore'
[0.144s] Level 1:colcon.colcon_core.package_identification:_identify(src/cpp02_service) by extension 'ignore_ament_install'
[0.144s] Level 1:colcon.colcon_core.package_identification:_identify(src/cpp02_service) by extensions ['colcon_pkg']
[0.144s] Level 1:colcon.colcon_core.package_identification:_identify(src/cpp02_service) by extension 'colcon_pkg'
[0.144s] Level 1:colcon.colcon_core.package_identification:_identify(src/cpp02_service) by extensions ['colcon_meta']
[0.144s] Level 1:colcon.colcon_core.package_identification:_identify(src/cpp02_service) by extension 'colcon_meta'
[0.144s] Level 1:colcon.colcon_core.package_identification:_identify(src/cpp02_service) by extensions ['ros']
[0.144s] Level 1:colcon.colcon_core.package_identification:_identify(src/cpp02_service) by extension 'ros'
[0.144s] DEBUG:colcon.colcon_core.package_identification:Package 'src/cpp02_service' with type 'ros.ament_cmake' and name 'cpp02_service'
[0.144s] Level 1:colcon.colcon_core.package_identification:_identify(src/cpp03_action) by extensions ['ignore', 'ignore_ament_install']
[0.144s] Level 1:colcon.colcon_core.package_identification:_identify(src/cpp03_action) by extension 'ignore'
[0.145s] Level 1:colcon.colcon_core.package_identification:_identify(src/cpp03_action) by extension 'ignore_ament_install'
[0.145s] Level 1:colcon.colcon_core.package_identification:_identify(src/cpp03_action) by extensions ['colcon_pkg']
[0.145s] Level 1:colcon.colcon_core.package_identification:_identify(src/cpp03_action) by extension 'colcon_pkg'
[0.145s] Level 1:colcon.colcon_core.package_identification:_identify(src/cpp03_action) by extensions ['colcon_meta']
[0.145s] Level 1:colcon.colcon_core.package_identification:_identify(src/cpp03_action) by extension 'colcon_meta'
[0.145s] Level 1:colcon.colcon_core.package_identification:_identify(src/cpp03_action) by extensions ['ros']
[0.145s] Level 1:colcon.colcon_core.package_identification:_identify(src/cpp03_action) by extension 'ros'
[0.145s] DEBUG:colcon.colcon_core.package_identification:Package 'src/cpp03_action' with type 'ros.ament_cmake' and name 'cpp03_action'
[0.145s] Level 1:colcon.colcon_core.package_identification:_identify(src/install) by extensions ['ignore', 'ignore_ament_install']
[0.145s] Level 1:colcon.colcon_core.package_identification:_identify(src/install) by extension 'ignore'
[0.145s] Level 1:colcon.colcon_core.package_identification:_identify(src/install) ignored
[0.145s] Level 1:colcon.colcon_core.package_identification:_identify(src/log) by extensions ['ignore', 'ignore_ament_install']
[0.145s] Level 1:colcon.colcon_core.package_identification:_identify(src/log) by extension 'ignore'
[0.145s] Level 1:colcon.colcon_core.package_identification:_identify(src/log) ignored
[0.145s] Level 1:colcon.colcon_core.package_discovery:discover_packages(recursive) using defaults
[0.145s] Level 1:colcon.colcon_core.package_discovery:discover_packages(ignore) discover
[0.145s] Level 1:colcon.colcon_core.package_discovery:discover_packages(ignore) using defaults
[0.145s] Level 1:colcon.colcon_core.package_discovery:discover_packages(path) discover
[0.145s] Level 1:colcon.colcon_core.package_discovery:discover_packages(path) using defaults
[0.170s] Level 1:colcon.colcon_core.package_discovery:discover_packages(prefix_path) check parameters
[0.170s] Level 1:colcon.colcon_core.package_discovery:discover_packages(prefix_path) discover
[0.171s] DEBUG:colcon.colcon_installed_package_information.package_discovery:Found 4 installed packages in /home/jon/ws01/install
[0.171s] DEBUG:colcon.colcon_installed_package_information.package_discovery:Found 2 installed packages in /home/jon/ros2_ws/install
[0.172s] DEBUG:colcon.colcon_installed_package_information.package_discovery:Found 273 installed packages in /opt/ros/humble
[0.173s] Level 1:colcon.colcon_core.package_discovery:discover_packages(prefix_path) using defaults
[0.194s] Level 5:colcon.colcon_core.verb:set package 'base_demo' build argument 'cmake_args' from command line to 'None'
[0.194s] Level 5:colcon.colcon_core.verb:set package 'base_demo' build argument 'cmake_target' from command line to 'None'
[0.194s] Level 5:colcon.colcon_core.verb:set package 'base_demo' build argument 'cmake_target_skip_unavailable' from command line to 'False'
[0.194s] Level 5:colcon.colcon_core.verb:set package 'base_demo' build argument 'cmake_clean_cache' from command line to 'False'
[0.194s] Level 5:colcon.colcon_core.verb:set package 'base_demo' build argument 'cmake_clean_first' from command line to 'False'
[0.194s] Level 5:colcon.colcon_core.verb:set package 'base_demo' build argument 'cmake_force_configure' from command line to 'False'
[0.194s] Level 5:colcon.colcon_core.verb:set package 'base_demo' build argument 'ament_cmake_args' from command line to 'None'
[0.194s] Level 5:colcon.colcon_core.verb:set package 'base_demo' build argument 'catkin_cmake_args' from command line to 'None'
[0.194s] Level 5:colcon.colcon_core.verb:set package 'base_demo' build argument 'catkin_skip_building_tests' from command line to 'False'
[0.194s] DEBUG:colcon.colcon_core.verb:Building package 'base_demo' with the following arguments: {'ament_cmake_args': None, 'build_base': '/home/jon/ws01/build/base_demo', 'catkin_cmake_args': None, 'catkin_skip_building_tests': False, 'cmake_args': None, 'cmake_clean_cache': False, 'cmake_clean_first': False, 'cmake_force_configure': False, 'cmake_target': None, 'cmake_target_skip_unavailable': False, 'install_base': '/home/jon/ws01/install/base_demo', 'merge_install': False, 'path': '/home/jon/ws01/src/base_demo', 'symlink_install': False, 'test_result_base': None}
[0.195s] Level 5:colcon.colcon_core.verb:set package 'cpp01_topic' build argument 'cmake_args' from command line to 'None'
[0.195s] Level 5:colcon.colcon_core.verb:set package 'cpp01_topic' build argument 'cmake_target' from command line to 'None'
[0.195s] Level 5:colcon.colcon_core.verb:set package 'cpp01_topic' build argument 'cmake_target_skip_unavailable' from command line to 'False'
[0.195s] Level 5:colcon.colcon_core.verb:set package 'cpp01_topic' build argument 'cmake_clean_cache' from command line to 'False'
[0.195s] Level 5:colcon.colcon_core.verb:set package 'cpp01_topic' build argument 'cmake_clean_first' from command line to 'False'
[0.195s] Level 5:colcon.colcon_core.verb:set package 'cpp01_topic' build argument 'cmake_force_configure' from command line to 'False'
[0.195s] Level 5:colcon.colcon_core.verb:set package 'cpp01_topic' build argument 'ament_cmake_args' from command line to 'None'
[0.195s] Level 5:colcon.colcon_core.verb:set package 'cpp01_topic' build argument 'catkin_cmake_args' from command line to 'None'
[0.195s] Level 5:colcon.colcon_core.verb:set package 'cpp01_topic' build argument 'catkin_skip_building_tests' from command line to 'False'
[0.195s] DEBUG:colcon.colcon_core.verb:Building package 'cpp01_topic' with the following arguments: {'ament_cmake_args': None, 'build_base': '/home/jon/ws01/build/cpp01_topic', 'catkin_cmake_args': None, 'catkin_skip_building_tests': False, 'cmake_args': None, 'cmake_clean_cache': False, 'cmake_clean_first': False, 'cmake_force_configure': False, 'cmake_target': None, 'cmake_target_skip_unavailable': False, 'install_base': '/home/jon/ws01/install/cpp01_topic', 'merge_install': False, 'path': '/home/jon/ws01/src/cpp01_topic', 'symlink_install': False, 'test_result_base': None}
[0.195s] Level 5:colcon.colcon_core.verb:set package 'cpp02_service' build argument 'cmake_args' from command line to 'None'
[0.195s] Level 5:colcon.colcon_core.verb:set package 'cpp02_service' build argument 'cmake_target' from command line to 'None'
[0.195s] Level 5:colcon.colcon_core.verb:set package 'cpp02_service' build argument 'cmake_target_skip_unavailable' from command line to 'False'
[0.195s] Level 5:colcon.colcon_core.verb:set package 'cpp02_service' build argument 'cmake_clean_cache' from command line to 'False'
[0.195s] Level 5:colcon.colcon_core.verb:set package 'cpp02_service' build argument 'cmake_clean_first' from command line to 'False'
[0.195s] Level 5:colcon.colcon_core.verb:set package 'cpp02_service' build argument 'cmake_force_configure' from command line to 'False'
[0.195s] Level 5:colcon.colcon_core.verb:set package 'cpp02_service' build argument 'ament_cmake_args' from command line to 'None'
[0.195s] Level 5:colcon.colcon_core.verb:set package 'cpp02_service' build argument 'catkin_cmake_args' from command line to 'None'
[0.195s] Level 5:colcon.colcon_core.verb:set package 'cpp02_service' build argument 'catkin_skip_building_tests' from command line to 'False'
[0.195s] DEBUG:colcon.colcon_core.verb:Building package 'cpp02_service' with the following arguments: {'ament_cmake_args': None, 'build_base': '/home/jon/ws01/build/cpp02_service', 'catkin_cmake_args': None, 'catkin_skip_building_tests': False, 'cmake_args': None, 'cmake_clean_cache': False, 'cmake_clean_first': False, 'cmake_force_configure': False, 'cmake_target': None, 'cmake_target_skip_unavailable': False, 'install_base': '/home/jon/ws01/install/cpp02_service', 'merge_install': False, 'path': '/home/jon/ws01/src/cpp02_service', 'symlink_install': False, 'test_result_base': None}
[0.195s] Level 5:colcon.colcon_core.verb:set package 'cpp03_action' build argument 'cmake_args' from command line to 'None'
[0.195s] Level 5:colcon.colcon_core.verb:set package 'cpp03_action' build argument 'cmake_target' from command line to 'None'
[0.195s] Level 5:colcon.colcon_core.verb:set package 'cpp03_action' build argument 'cmake_target_skip_unavailable' from command line to 'False'
[0.195s] Level 5:colcon.colcon_core.verb:set package 'cpp03_action' build argument 'cmake_clean_cache' from command line to 'False'
[0.195s] Level 5:colcon.colcon_core.verb:set package 'cpp03_action' build argument 'cmake_clean_first' from command line to 'False'
[0.195s] Level 5:colcon.colcon_core.verb:set package 'cpp03_action' build argument 'cmake_force_configure' from command line to 'False'
[0.195s] Level 5:colcon.colcon_core.verb:set package 'cpp03_action' build argument 'ament_cmake_args' from command line to 'None'
[0.195s] Level 5:colcon.colcon_core.verb:set package 'cpp03_action' build argument 'catkin_cmake_args' from command line to 'None'
[0.195s] Level 5:colcon.colcon_core.verb:set package 'cpp03_action' build argument 'catkin_skip_building_tests' from command line to 'False'
[0.195s] DEBUG:colcon.colcon_core.verb:Building package 'cpp03_action' with the following arguments: {'ament_cmake_args': None, 'build_base': '/home/jon/ws01/build/cpp03_action', 'catkin_cmake_args': None, 'catkin_skip_building_tests': False, 'cmake_args': None, 'cmake_clean_cache': False, 'cmake_clean_first': False, 'cmake_force_configure': False, 'cmake_target': None, 'cmake_target_skip_unavailable': False, 'install_base': '/home/jon/ws01/install/cpp03_action', 'merge_install': False, 'path': '/home/jon/ws01/src/cpp03_action', 'symlink_install': False, 'test_result_base': None}
[0.195s] INFO:colcon.colcon_core.executor:Executing jobs using 'parallel' executor
[0.196s] DEBUG:colcon.colcon_parallel_executor.executor.parallel:run_until_complete
[0.196s] INFO:colcon.colcon_ros.task.ament_cmake.build:Building ROS package in '/home/jon/ws01/src/base_demo' with build type 'ament_cmake'
[0.197s] INFO:colcon.colcon_cmake.task.cmake.build:Building CMake package in '/home/jon/ws01/src/base_demo'
[0.198s] INFO:colcon.colcon_core.plugin_system:Skipping extension 'colcon_core.shell.bat': Not used on non-Windows systems
[0.198s] INFO:colcon.colcon_core.shell:Skip shell extension 'powershell' for command environment: Not usable outside of PowerShell
[0.198s] DEBUG:colcon.colcon_core.shell:Skip shell extension 'dsv' for command environment
[0.204s] DEBUG:colcon.colcon_core.event_handler.log_command:Invoking command in '/home/jon/ws01/build/base_demo': CMAKE_PREFIX_PATH=${CMAKE_PREFIX_PATH}:/opt/ros/humble /usr/bin/cmake --build /home/jon/ws01/build/base_demo -- -j24 -l24
[0.400s] DEBUG:colcon.colcon_core.event_handler.log_command:Invoked command in '/home/jon/ws01/build/base_demo' returned '0': CMAKE_PREFIX_PATH=${CMAKE_PREFIX_PATH}:/opt/ros/humble /usr/bin/cmake --build /home/jon/ws01/build/base_demo -- -j24 -l24
[0.407s] DEBUG:colcon.colcon_core.event_handler.log_command:Invoking command in '/home/jon/ws01/build/base_demo': CMAKE_PREFIX_PATH=${CMAKE_PREFIX_PATH}:/opt/ros/humble /usr/bin/cmake --install /home/jon/ws01/build/base_demo
[0.445s] Level 1:colcon.colcon_core.environment:create_environment_scripts_only(base_demo)
[0.447s] Level 1:colcon.colcon_core.environment:checking '/home/jon/ws01/install/base_demo' for CMake module files
[0.447s] Level 1:colcon.colcon_core.environment:checking '/home/jon/ws01/install/base_demo' for CMake config files
[0.448s] Level 1:colcon.colcon_core.shell:create_environment_hook('base_demo', 'cmake_prefix_path')
[0.448s] INFO:colcon.colcon_core.shell:Creating environment hook '/home/jon/ws01/install/base_demo/share/base_demo/hook/cmake_prefix_path.ps1'
[0.448s] INFO:colcon.colcon_core.shell:Creating environment descriptor '/home/jon/ws01/install/base_demo/share/base_demo/hook/cmake_prefix_path.dsv'
[0.449s] DEBUG:colcon.colcon_core.event_handler.log_command:Invoked command in '/home/jon/ws01/build/base_demo' returned '0': CMAKE_PREFIX_PATH=${CMAKE_PREFIX_PATH}:/opt/ros/humble /usr/bin/cmake --install /home/jon/ws01/build/base_demo
[0.449s] INFO:colcon.colcon_core.shell:Creating environment hook '/home/jon/ws01/install/base_demo/share/base_demo/hook/cmake_prefix_path.sh'
[0.450s] Level 1:colcon.colcon_core.environment:checking '/home/jon/ws01/install/base_demo/lib'
[0.450s] Level 1:colcon.colcon_core.shell:create_environment_hook('base_demo', 'ld_library_path_lib')
[0.450s] INFO:colcon.colcon_core.shell:Creating environment hook '/home/jon/ws01/install/base_demo/share/base_demo/hook/ld_library_path_lib.ps1'
[0.450s] INFO:colcon.colcon_core.shell:Creating environment descriptor '/home/jon/ws01/install/base_demo/share/base_demo/hook/ld_library_path_lib.dsv'
[0.451s] INFO:colcon.colcon_core.shell:Creating environment hook '/home/jon/ws01/install/base_demo/share/base_demo/hook/ld_library_path_lib.sh'
[0.451s] Level 1:colcon.colcon_core.environment:checking '/home/jon/ws01/install/base_demo/bin'
[0.451s] Level 1:colcon.colcon_core.environment:checking '/home/jon/ws01/install/base_demo/lib/pkgconfig/base_demo.pc'
[0.451s] Level 1:colcon.colcon_core.environment:checking '/home/jon/ws01/install/base_demo/lib/python3.10/site-packages'
[0.451s] Level 1:colcon.colcon_core.environment:checking '/home/jon/ws01/install/base_demo/bin'
[0.451s] INFO:colcon.colcon_core.shell:Creating package script '/home/jon/ws01/install/base_demo/share/base_demo/package.ps1'
[0.452s] INFO:colcon.colcon_core.shell:Creating package descriptor '/home/jon/ws01/install/base_demo/share/base_demo/package.dsv'
[0.453s] INFO:colcon.colcon_core.shell:Creating package script '/home/jon/ws01/install/base_demo/share/base_demo/package.sh'
[0.453s] INFO:colcon.colcon_core.shell:Creating package script '/home/jon/ws01/install/base_demo/share/base_demo/package.bash'
[0.454s] INFO:colcon.colcon_core.shell:Creating package script '/home/jon/ws01/install/base_demo/share/base_demo/package.zsh'
[0.454s] Level 1:colcon.colcon_core.environment:create_file_with_runtime_dependencies(/home/jon/ws01/install/base_demo/share/colcon-core/packages/base_demo)
[0.454s] Level 1:colcon.colcon_core.environment:create_environment_scripts_only(base_demo)
[0.455s] Level 1:colcon.colcon_core.environment:checking '/home/jon/ws01/install/base_demo' for CMake module files
[0.455s] Level 1:colcon.colcon_core.environment:checking '/home/jon/ws01/install/base_demo' for CMake config files
[0.455s] Level 1:colcon.colcon_core.shell:create_environment_hook('base_demo', 'cmake_prefix_path')
[0.456s] INFO:colcon.colcon_core.shell:Creating environment hook '/home/jon/ws01/install/base_demo/share/base_demo/hook/cmake_prefix_path.ps1'
[0.456s] INFO:colcon.colcon_core.shell:Creating environment descriptor '/home/jon/ws01/install/base_demo/share/base_demo/hook/cmake_prefix_path.dsv'
[0.456s] INFO:colcon.colcon_core.shell:Creating environment hook '/home/jon/ws01/install/base_demo/share/base_demo/hook/cmake_prefix_path.sh'
[0.457s] Level 1:colcon.colcon_core.environment:checking '/home/jon/ws01/install/base_demo/lib'
[0.457s] Level 1:colcon.colcon_core.shell:create_environment_hook('base_demo', 'ld_library_path_lib')
[0.457s] INFO:colcon.colcon_core.shell:Creating environment hook '/home/jon/ws01/install/base_demo/share/base_demo/hook/ld_library_path_lib.ps1'
[0.457s] INFO:colcon.colcon_core.shell:Creating environment descriptor '/home/jon/ws01/install/base_demo/share/base_demo/hook/ld_library_path_lib.dsv'
[0.457s] INFO:colcon.colcon_core.shell:Creating environment hook '/home/jon/ws01/install/base_demo/share/base_demo/hook/ld_library_path_lib.sh'
[0.458s] Level 1:colcon.colcon_core.environment:checking '/home/jon/ws01/install/base_demo/bin'
[0.458s] Level 1:colcon.colcon_core.environment:checking '/home/jon/ws01/install/base_demo/lib/pkgconfig/base_demo.pc'
[0.458s] Level 1:colcon.colcon_core.environment:checking '/home/jon/ws01/install/base_demo/lib/python3.10/site-packages'
[0.458s] Level 1:colcon.colcon_core.environment:checking '/home/jon/ws01/install/base_demo/bin'
[0.458s] INFO:colcon.colcon_core.shell:Creating package script '/home/jon/ws01/install/base_demo/share/base_demo/package.ps1'
[0.459s] INFO:colcon.colcon_core.shell:Creating package descriptor '/home/jon/ws01/install/base_demo/share/base_demo/package.dsv'
[0.459s] INFO:colcon.colcon_core.shell:Creating package script '/home/jon/ws01/install/base_demo/share/base_demo/package.sh'
[0.459s] INFO:colcon.colcon_core.shell:Creating package script '/home/jon/ws01/install/base_demo/share/base_demo/package.bash'
[0.459s] INFO:colcon.colcon_core.shell:Creating package script '/home/jon/ws01/install/base_demo/share/base_demo/package.zsh'
[0.460s] Level 1:colcon.colcon_core.environment:create_file_with_runtime_dependencies(/home/jon/ws01/install/base_demo/share/colcon-core/packages/base_demo)
[0.460s] INFO:colcon.colcon_ros.task.ament_cmake.build:Building ROS package in '/home/jon/ws01/src/cpp01_topic' with build type 'ament_cmake'
[0.460s] INFO:colcon.colcon_cmake.task.cmake.build:Building CMake package in '/home/jon/ws01/src/cpp01_topic'
[0.460s] INFO:colcon.colcon_core.shell:Skip shell extension 'powershell' for command environment: Not usable outside of PowerShell
[0.460s] DEBUG:colcon.colcon_core.shell:Skip shell extension 'dsv' for command environment
[0.463s] INFO:colcon.colcon_ros.task.ament_cmake.build:Building ROS package in '/home/jon/ws01/src/cpp02_service' with build type 'ament_cmake'
[0.463s] INFO:colcon.colcon_cmake.task.cmake.build:Building CMake package in '/home/jon/ws01/src/cpp02_service'
[0.463s] INFO:colcon.colcon_core.shell:Skip shell extension 'powershell' for command environment: Not usable outside of PowerShell
[0.463s] DEBUG:colcon.colcon_core.shell:Skip shell extension 'dsv' for command environment
[0.465s] INFO:colcon.colcon_ros.task.ament_cmake.build:Building ROS package in '/home/jon/ws01/src/cpp03_action' with build type 'ament_cmake'
[0.465s] INFO:colcon.colcon_cmake.task.cmake.build:Building CMake package in '/home/jon/ws01/src/cpp03_action'
[0.465s] INFO:colcon.colcon_core.shell:Skip shell extension 'powershell' for command environment: Not usable outside of PowerShell
[0.465s] DEBUG:colcon.colcon_core.shell:Skip shell extension 'dsv' for command environment
[0.469s] DEBUG:colcon.colcon_core.event_handler.log_command:Invoking command in '/home/jon/ws01/build/cpp01_topic': CMAKE_PREFIX_PATH=/home/jon/ws01/install/base_demo:/home/jon/ws01/install/cpp03_action:/home/jon/ws01/install/cpp02_service:/home/jon/ws01/install/cpp01_topic:/home/jon/ros2_ws/install/hellovscode_cpp:/home/jon/ros2_ws/install/hello_cpp:/opt/ros/humble /usr/bin/cmake --build /home/jon/ws01/build/cpp01_topic -- -j24 -l24
[0.474s] DEBUG:colcon.colcon_core.event_handler.log_command:Invoking command in '/home/jon/ws01/build/cpp02_service': CMAKE_PREFIX_PATH=/home/jon/ws01/install/base_demo:/home/jon/ws01/install/cpp03_action:/home/jon/ws01/install/cpp02_service:/home/jon/ws01/install/cpp01_topic:/home/jon/ros2_ws/install/hellovscode_cpp:/home/jon/ros2_ws/install/hello_cpp:/opt/ros/humble /usr/bin/cmake --build /home/jon/ws01/build/cpp02_service -- -j24 -l24
[0.477s] DEBUG:colcon.colcon_core.event_handler.log_command:Invoking command in '/home/jon/ws01/build/cpp03_action': CMAKE_PREFIX_PATH=/home/jon/ws01/install/base_demo:/home/jon/ws01/install/cpp03_action:/home/jon/ws01/install/cpp02_service:/home/jon/ws01/install/cpp01_topic:/home/jon/ros2_ws/install/hellovscode_cpp:/home/jon/ros2_ws/install/hello_cpp:/opt/ros/humble /usr/bin/cmake --build /home/jon/ws01/build/cpp03_action -- -j24 -l24
[0.522s] DEBUG:colcon.colcon_core.event_handler.log_command:Invoked command in '/home/jon/ws01/build/cpp01_topic' returned '0': CMAKE_PREFIX_PATH=/home/jon/ws01/install/base_demo:/home/jon/ws01/install/cpp03_action:/home/jon/ws01/install/cpp02_service:/home/jon/ws01/install/cpp01_topic:/home/jon/ros2_ws/install/hellovscode_cpp:/home/jon/ros2_ws/install/hello_cpp:/opt/ros/humble /usr/bin/cmake --build /home/jon/ws01/build/cpp01_topic -- -j24 -l24
[0.523s] DEBUG:colcon.colcon_core.event_handler.log_command:Invoking command in '/home/jon/ws01/build/cpp01_topic': CMAKE_PREFIX_PATH=/home/jon/ws01/install/base_demo:/home/jon/ws01/install/cpp03_action:/home/jon/ws01/install/cpp02_service:/home/jon/ws01/install/cpp01_topic:/home/jon/ros2_ws/install/hellovscode_cpp:/home/jon/ros2_ws/install/hello_cpp:/opt/ros/humble /usr/bin/cmake --install /home/jon/ws01/build/cpp01_topic
[0.531s] DEBUG:colcon.colcon_core.event_handler.log_command:Invoked command in '/home/jon/ws01/build/cpp02_service' returned '0': CMAKE_PREFIX_PATH=/home/jon/ws01/install/base_demo:/home/jon/ws01/install/cpp03_action:/home/jon/ws01/install/cpp02_service:/home/jon/ws01/install/cpp01_topic:/home/jon/ros2_ws/install/hellovscode_cpp:/home/jon/ros2_ws/install/hello_cpp:/opt/ros/humble /usr/bin/cmake --build /home/jon/ws01/build/cpp02_service -- -j24 -l24
[0.534s] Level 1:colcon.colcon_core.environment:create_environment_scripts_only(cpp01_topic)
[0.534s] Level 1:colcon.colcon_core.environment:checking '/home/jon/ws01/install/cpp01_topic' for CMake module files
[0.535s] DEBUG:colcon.colcon_core.event_handler.log_command:Invoking command in '/home/jon/ws01/build/cpp02_service': CMAKE_PREFIX_PATH=/home/jon/ws01/install/base_demo:/home/jon/ws01/install/cpp03_action:/home/jon/ws01/install/cpp02_service:/home/jon/ws01/install/cpp01_topic:/home/jon/ros2_ws/install/hellovscode_cpp:/home/jon/ros2_ws/install/hello_cpp:/opt/ros/humble /usr/bin/cmake --install /home/jon/ws01/build/cpp02_service
[0.536s] DEBUG:colcon.colcon_core.event_handler.log_command:Invoked command in '/home/jon/ws01/build/cpp01_topic' returned '0': CMAKE_PREFIX_PATH=/home/jon/ws01/install/base_demo:/home/jon/ws01/install/cpp03_action:/home/jon/ws01/install/cpp02_service:/home/jon/ws01/install/cpp01_topic:/home/jon/ros2_ws/install/hellovscode_cpp:/home/jon/ros2_ws/install/hello_cpp:/opt/ros/humble /usr/bin/cmake --install /home/jon/ws01/build/cpp01_topic
[0.536s] Level 1:colcon.colcon_core.environment:checking '/home/jon/ws01/install/cpp01_topic' for CMake config files
[0.536s] Level 1:colcon.colcon_core.shell:create_environment_hook('cpp01_topic', 'cmake_prefix_path')
[0.536s] INFO:colcon.colcon_core.shell:Creating environment hook '/home/jon/ws01/install/cpp01_topic/share/cpp01_topic/hook/cmake_prefix_path.ps1'
[0.536s] INFO:colcon.colcon_core.shell:Creating environment descriptor '/home/jon/ws01/install/cpp01_topic/share/cpp01_topic/hook/cmake_prefix_path.dsv'
[0.536s] INFO:colcon.colcon_core.shell:Creating environment hook '/home/jon/ws01/install/cpp01_topic/share/cpp01_topic/hook/cmake_prefix_path.sh'
[0.537s] Level 1:colcon.colcon_core.environment:checking '/home/jon/ws01/install/cpp01_topic/lib'
[0.537s] Level 1:colcon.colcon_core.environment:checking '/home/jon/ws01/install/cpp01_topic/bin'
[0.537s] Level 1:colcon.colcon_core.environment:checking '/home/jon/ws01/install/cpp01_topic/lib/pkgconfig/cpp01_topic.pc'
[0.537s] Level 1:colcon.colcon_core.environment:checking '/home/jon/ws01/install/cpp01_topic/lib/python3.10/site-packages'
[0.537s] Level 1:colcon.colcon_core.environment:checking '/home/jon/ws01/install/cpp01_topic/bin'
[0.537s] INFO:colcon.colcon_core.shell:Creating package script '/home/jon/ws01/install/cpp01_topic/share/cpp01_topic/package.ps1'
[0.538s] INFO:colcon.colcon_core.shell:Creating package descriptor '/home/jon/ws01/install/cpp01_topic/share/cpp01_topic/package.dsv'
[0.538s] INFO:colcon.colcon_core.shell:Creating package script '/home/jon/ws01/install/cpp01_topic/share/cpp01_topic/package.sh'
[0.538s] INFO:colcon.colcon_core.shell:Creating package script '/home/jon/ws01/install/cpp01_topic/share/cpp01_topic/package.bash'
[0.538s] INFO:colcon.colcon_core.shell:Creating package script '/home/jon/ws01/install/cpp01_topic/share/cpp01_topic/package.zsh'
[0.538s] Level 1:colcon.colcon_core.environment:create_file_with_runtime_dependencies(/home/jon/ws01/install/cpp01_topic/share/colcon-core/packages/cpp01_topic)
[0.539s] Level 1:colcon.colcon_core.environment:create_environment_scripts_only(cpp01_topic)
[0.539s] Level 1:colcon.colcon_core.environment:checking '/home/jon/ws01/install/cpp01_topic' for CMake module files
[0.541s] Level 1:colcon.colcon_core.environment:checking '/home/jon/ws01/install/cpp01_topic' for CMake config files
[0.541s] Level 1:colcon.colcon_core.shell:create_environment_hook('cpp01_topic', 'cmake_prefix_path')
[0.542s] INFO:colcon.colcon_core.shell:Creating environment hook '/home/jon/ws01/install/cpp01_topic/share/cpp01_topic/hook/cmake_prefix_path.ps1'
[0.542s] INFO:colcon.colcon_core.shell:Creating environment descriptor '/home/jon/ws01/install/cpp01_topic/share/cpp01_topic/hook/cmake_prefix_path.dsv'
[0.542s] INFO:colcon.colcon_core.shell:Creating environment hook '/home/jon/ws01/install/cpp01_topic/share/cpp01_topic/hook/cmake_prefix_path.sh'
[0.542s] Level 1:colcon.colcon_core.environment:checking '/home/jon/ws01/install/cpp01_topic/lib'
[0.542s] Level 1:colcon.colcon_core.environment:checking '/home/jon/ws01/install/cpp01_topic/bin'
[0.542s] Level 1:colcon.colcon_core.environment:checking '/home/jon/ws01/install/cpp01_topic/lib/pkgconfig/cpp01_topic.pc'
[0.543s] Level 1:colcon.colcon_core.environment:checking '/home/jon/ws01/install/cpp01_topic/lib/python3.10/site-packages'
[0.543s] Level 1:colcon.colcon_core.environment:checking '/home/jon/ws01/install/cpp01_topic/bin'
[0.543s] INFO:colcon.colcon_core.shell:Creating package script '/home/jon/ws01/install/cpp01_topic/share/cpp01_topic/package.ps1'
[0.543s] INFO:colcon.colcon_core.shell:Creating package descriptor '/home/jon/ws01/install/cpp01_topic/share/cpp01_topic/package.dsv'
[0.543s] INFO:colcon.colcon_core.shell:Creating package script '/home/jon/ws01/install/cpp01_topic/share/cpp01_topic/package.sh'
[0.544s] INFO:colcon.colcon_core.shell:Creating package script '/home/jon/ws01/install/cpp01_topic/share/cpp01_topic/package.bash'
[0.544s] INFO:colcon.colcon_core.shell:Creating package script '/home/jon/ws01/install/cpp01_topic/share/cpp01_topic/package.zsh'
[0.544s] Level 1:colcon.colcon_core.environment:create_file_with_runtime_dependencies(/home/jon/ws01/install/cpp01_topic/share/colcon-core/packages/cpp01_topic)
[0.545s] Level 1:colcon.colcon_core.environment:create_environment_scripts_only(cpp02_service)
[0.546s] Level 1:colcon.colcon_core.environment:checking '/home/jon/ws01/install/cpp02_service' for CMake module files
[0.546s] Level 1:colcon.colcon_core.environment:checking '/home/jon/ws01/install/cpp02_service' for CMake config files
[0.546s] Level 1:colcon.colcon_core.shell:create_environment_hook('cpp02_service', 'cmake_prefix_path')
[0.546s] INFO:colcon.colcon_core.shell:Creating environment hook '/home/jon/ws01/install/cpp02_service/share/cpp02_service/hook/cmake_prefix_path.ps1'
[0.546s] INFO:colcon.colcon_core.shell:Creating environment descriptor '/home/jon/ws01/install/cpp02_service/share/cpp02_service/hook/cmake_prefix_path.dsv'
[0.546s] INFO:colcon.colcon_core.shell:Creating environment hook '/home/jon/ws01/install/cpp02_service/share/cpp02_service/hook/cmake_prefix_path.sh'
[0.547s] Level 1:colcon.colcon_core.environment:checking '/home/jon/ws01/install/cpp02_service/lib'
[0.547s] Level 1:colcon.colcon_core.environment:checking '/home/jon/ws01/install/cpp02_service/bin'
[0.547s] Level 1:colcon.colcon_core.environment:checking '/home/jon/ws01/install/cpp02_service/lib/pkgconfig/cpp02_service.pc'
[0.547s] Level 1:colcon.colcon_core.environment:checking '/home/jon/ws01/install/cpp02_service/lib/python3.10/site-packages'
[0.548s] Level 1:colcon.colcon_core.environment:checking '/home/jon/ws01/install/cpp02_service/bin'
[0.548s] INFO:colcon.colcon_core.shell:Creating package script '/home/jon/ws01/install/cpp02_service/share/cpp02_service/package.ps1'
[0.549s] DEBUG:colcon.colcon_core.event_handler.log_command:Invoked command in '/home/jon/ws01/build/cpp02_service' returned '0': CMAKE_PREFIX_PATH=/home/jon/ws01/install/base_demo:/home/jon/ws01/install/cpp03_action:/home/jon/ws01/install/cpp02_service:/home/jon/ws01/install/cpp01_topic:/home/jon/ros2_ws/install/hellovscode_cpp:/home/jon/ros2_ws/install/hello_cpp:/opt/ros/humble /usr/bin/cmake --install /home/jon/ws01/build/cpp02_service
[0.549s] INFO:colcon.colcon_core.shell:Creating package descriptor '/home/jon/ws01/install/cpp02_service/share/cpp02_service/package.dsv'
[0.549s] INFO:colcon.colcon_core.shell:Creating package script '/home/jon/ws01/install/cpp02_service/share/cpp02_service/package.sh'
[0.550s] INFO:colcon.colcon_core.shell:Creating package script '/home/jon/ws01/install/cpp02_service/share/cpp02_service/package.bash'
[0.550s] INFO:colcon.colcon_core.shell:Creating package script '/home/jon/ws01/install/cpp02_service/share/cpp02_service/package.zsh'
[0.550s] Level 1:colcon.colcon_core.environment:create_file_with_runtime_dependencies(/home/jon/ws01/install/cpp02_service/share/colcon-core/packages/cpp02_service)
[0.550s] Level 1:colcon.colcon_core.environment:create_environment_scripts_only(cpp02_service)
[0.550s] Level 1:colcon.colcon_core.environment:checking '/home/jon/ws01/install/cpp02_service' for CMake module files
[0.550s] Level 1:colcon.colcon_core.environment:checking '/home/jon/ws01/install/cpp02_service' for CMake config files
[0.551s] Level 1:colcon.colcon_core.shell:create_environment_hook('cpp02_service', 'cmake_prefix_path')
[0.551s] INFO:colcon.colcon_core.shell:Creating environment hook '/home/jon/ws01/install/cpp02_service/share/cpp02_service/hook/cmake_prefix_path.ps1'
[0.551s] INFO:colcon.colcon_core.shell:Creating environment descriptor '/home/jon/ws01/install/cpp02_service/share/cpp02_service/hook/cmake_prefix_path.dsv'
[0.551s] INFO:colcon.colcon_core.shell:Creating environment hook '/home/jon/ws01/install/cpp02_service/share/cpp02_service/hook/cmake_prefix_path.sh'
[0.551s] Level 1:colcon.colcon_core.environment:checking '/home/jon/ws01/install/cpp02_service/lib'
[0.551s] Level 1:colcon.colcon_core.environment:checking '/home/jon/ws01/install/cpp02_service/bin'
[0.551s] Level 1:colcon.colcon_core.environment:checking '/home/jon/ws01/install/cpp02_service/lib/pkgconfig/cpp02_service.pc'
[0.552s] Level 1:colcon.colcon_core.environment:checking '/home/jon/ws01/install/cpp02_service/lib/python3.10/site-packages'
[0.552s] Level 1:colcon.colcon_core.environment:checking '/home/jon/ws01/install/cpp02_service/bin'
[0.552s] INFO:colcon.colcon_core.shell:Creating package script '/home/jon/ws01/install/cpp02_service/share/cpp02_service/package.ps1'
[0.552s] INFO:colcon.colcon_core.shell:Creating package descriptor '/home/jon/ws01/install/cpp02_service/share/cpp02_service/package.dsv'
[0.554s] INFO:colcon.colcon_core.shell:Creating package script '/home/jon/ws01/install/cpp02_service/share/cpp02_service/package.sh'
[0.555s] INFO:colcon.colcon_core.shell:Creating package script '/home/jon/ws01/install/cpp02_service/share/cpp02_service/package.bash'
[0.555s] INFO:colcon.colcon_core.shell:Creating package script '/home/jon/ws01/install/cpp02_service/share/cpp02_service/package.zsh'
[0.555s] Level 1:colcon.colcon_core.environment:create_file_with_runtime_dependencies(/home/jon/ws01/install/cpp02_service/share/colcon-core/packages/cpp02_service)
[2.011s] DEBUG:colcon.colcon_core.event_handler.log_command:Invoked command in '/home/jon/ws01/build/cpp03_action' returned '0': CMAKE_PREFIX_PATH=/home/jon/ws01/install/base_demo:/home/jon/ws01/install/cpp03_action:/home/jon/ws01/install/cpp02_service:/home/jon/ws01/install/cpp01_topic:/home/jon/ros2_ws/install/hellovscode_cpp:/home/jon/ros2_ws/install/hello_cpp:/opt/ros/humble /usr/bin/cmake --build /home/jon/ws01/build/cpp03_action -- -j24 -l24
[2.012s] DEBUG:colcon.colcon_core.event_handler.log_command:Invoking command in '/home/jon/ws01/build/cpp03_action': CMAKE_PREFIX_PATH=/home/jon/ws01/install/base_demo:/home/jon/ws01/install/cpp03_action:/home/jon/ws01/install/cpp02_service:/home/jon/ws01/install/cpp01_topic:/home/jon/ros2_ws/install/hellovscode_cpp:/home/jon/ros2_ws/install/hello_cpp:/opt/ros/humble /usr/bin/cmake --install /home/jon/ws01/build/cpp03_action
[2.022s] Level 1:colcon.colcon_core.environment:create_environment_scripts_only(cpp03_action)
[2.022s] Level 1:colcon.colcon_core.environment:checking '/home/jon/ws01/install/cpp03_action' for CMake module files
[2.022s] DEBUG:colcon.colcon_core.event_handler.log_command:Invoked command in '/home/jon/ws01/build/cpp03_action' returned '0': CMAKE_PREFIX_PATH=/home/jon/ws01/install/base_demo:/home/jon/ws01/install/cpp03_action:/home/jon/ws01/install/cpp02_service:/home/jon/ws01/install/cpp01_topic:/home/jon/ros2_ws/install/hellovscode_cpp:/home/jon/ros2_ws/install/hello_cpp:/opt/ros/humble /usr/bin/cmake --install /home/jon/ws01/build/cpp03_action
[2.022s] Level 1:colcon.colcon_core.environment:checking '/home/jon/ws01/install/cpp03_action' for CMake config files
[2.022s] Level 1:colcon.colcon_core.shell:create_environment_hook('cpp03_action', 'cmake_prefix_path')
[2.022s] INFO:colcon.colcon_core.shell:Creating environment hook '/home/jon/ws01/install/cpp03_action/share/cpp03_action/hook/cmake_prefix_path.ps1'
[2.023s] INFO:colcon.colcon_core.shell:Creating environment descriptor '/home/jon/ws01/install/cpp03_action/share/cpp03_action/hook/cmake_prefix_path.dsv'
[2.023s] INFO:colcon.colcon_core.shell:Creating environment hook '/home/jon/ws01/install/cpp03_action/share/cpp03_action/hook/cmake_prefix_path.sh'
[2.023s] Level 1:colcon.colcon_core.environment:checking '/home/jon/ws01/install/cpp03_action/lib'
[2.023s] Level 1:colcon.colcon_core.environment:checking '/home/jon/ws01/install/cpp03_action/bin'
[2.023s] Level 1:colcon.colcon_core.environment:checking '/home/jon/ws01/install/cpp03_action/lib/pkgconfig/cpp03_action.pc'
[2.023s] Level 1:colcon.colcon_core.environment:checking '/home/jon/ws01/install/cpp03_action/lib/python3.10/site-packages'
[2.024s] Level 1:colcon.colcon_core.environment:checking '/home/jon/ws01/install/cpp03_action/bin'
[2.024s] INFO:colcon.colcon_core.shell:Creating package script '/home/jon/ws01/install/cpp03_action/share/cpp03_action/package.ps1'
[2.024s] INFO:colcon.colcon_core.shell:Creating package descriptor '/home/jon/ws01/install/cpp03_action/share/cpp03_action/package.dsv'
[2.024s] INFO:colcon.colcon_core.shell:Creating package script '/home/jon/ws01/install/cpp03_action/share/cpp03_action/package.sh'
[2.024s] INFO:colcon.colcon_core.shell:Creating package script '/home/jon/ws01/install/cpp03_action/share/cpp03_action/package.bash'
[2.024s] INFO:colcon.colcon_core.shell:Creating package script '/home/jon/ws01/install/cpp03_action/share/cpp03_action/package.zsh'
[2.025s] Level 1:colcon.colcon_core.environment:create_file_with_runtime_dependencies(/home/jon/ws01/install/cpp03_action/share/colcon-core/packages/cpp03_action)
[2.025s] Level 1:colcon.colcon_core.environment:create_environment_scripts_only(cpp03_action)
[2.025s] Level 1:colcon.colcon_core.environment:checking '/home/jon/ws01/install/cpp03_action' for CMake module files
[2.025s] Level 1:colcon.colcon_core.environment:checking '/home/jon/ws01/install/cpp03_action' for CMake config files
[2.025s] Level 1:colcon.colcon_core.shell:create_environment_hook('cpp03_action', 'cmake_prefix_path')
[2.025s] INFO:colcon.colcon_core.shell:Creating environment hook '/home/jon/ws01/install/cpp03_action/share/cpp03_action/hook/cmake_prefix_path.ps1'
[2.026s] INFO:colcon.colcon_core.shell:Creating environment descriptor '/home/jon/ws01/install/cpp03_action/share/cpp03_action/hook/cmake_prefix_path.dsv'
[2.026s] INFO:colcon.colcon_core.shell:Creating environment hook '/home/jon/ws01/install/cpp03_action/share/cpp03_action/hook/cmake_prefix_path.sh'
[2.027s] Level 1:colcon.colcon_core.environment:checking '/home/jon/ws01/install/cpp03_action/lib'
[2.027s] Level 1:colcon.colcon_core.environment:checking '/home/jon/ws01/install/cpp03_action/bin'
[2.027s] Level 1:colcon.colcon_core.environment:checking '/home/jon/ws01/install/cpp03_action/lib/pkgconfig/cpp03_action.pc'
[2.027s] Level 1:colcon.colcon_core.environment:checking '/home/jon/ws01/install/cpp03_action/lib/python3.10/site-packages'
[2.027s] Level 1:colcon.colcon_core.environment:checking '/home/jon/ws01/install/cpp03_action/bin'
[2.027s] INFO:colcon.colcon_core.shell:Creating package script '/home/jon/ws01/install/cpp03_action/share/cpp03_action/package.ps1'
[2.028s] INFO:colcon.colcon_core.shell:Creating package descriptor '/home/jon/ws01/install/cpp03_action/share/cpp03_action/package.dsv'
[2.028s] INFO:colcon.colcon_core.shell:Creating package script '/home/jon/ws01/install/cpp03_action/share/cpp03_action/package.sh'
[2.028s] INFO:colcon.colcon_core.shell:Creating package script '/home/jon/ws01/install/cpp03_action/share/cpp03_action/package.bash'
[2.028s] INFO:colcon.colcon_core.shell:Creating package script '/home/jon/ws01/install/cpp03_action/share/cpp03_action/package.zsh'
[2.028s] Level 1:colcon.colcon_core.environment:create_file_with_runtime_dependencies(/home/jon/ws01/install/cpp03_action/share/colcon-core/packages/cpp03_action)
[2.028s] DEBUG:colcon.colcon_parallel_executor.executor.parallel:closing loop
[2.029s] DEBUG:colcon.colcon_parallel_executor.executor.parallel:loop closed
[2.029s] DEBUG:colcon.colcon_parallel_executor.executor.parallel:run_until_complete finished with '0'
[2.029s] DEBUG:colcon.colcon_core.event_reactor:joining thread
[2.032s] INFO:colcon.colcon_core.plugin_system:Skipping extension 'colcon_notification.desktop_notification.terminal_notifier': Not used on non-Darwin systems
[2.032s] INFO:colcon.colcon_core.plugin_system:Skipping extension 'colcon_notification.desktop_notification.win32': Not used on non-Windows systems
[2.032s] INFO:colcon.colcon_notification.desktop_notification:Sending desktop notification using 'notify2'
[2.041s] DEBUG:colcon.colcon_core.event_reactor:joined thread
[2.041s] INFO:colcon.colcon_core.shell:Creating prefix script '/home/jon/ws01/install/local_setup.ps1'
[2.042s] INFO:colcon.colcon_core.shell:Creating prefix util module '/home/jon/ws01/install/_local_setup_util_ps1.py'
[2.043s] INFO:colcon.colcon_core.shell:Creating prefix chain script '/home/jon/ws01/install/setup.ps1'
[2.044s] INFO:colcon.colcon_core.shell:Creating prefix script '/home/jon/ws01/install/local_setup.sh'
[2.044s] INFO:colcon.colcon_core.shell:Creating prefix util module '/home/jon/ws01/install/_local_setup_util_sh.py'
[2.044s] INFO:colcon.colcon_core.shell:Creating prefix chain script '/home/jon/ws01/install/setup.sh'
[2.045s] INFO:colcon.colcon_core.shell:Creating prefix script '/home/jon/ws01/install/local_setup.bash'
[2.045s] INFO:colcon.colcon_core.shell:Creating prefix chain script '/home/jon/ws01/install/setup.bash'
[2.046s] INFO:colcon.colcon_core.shell:Creating prefix script '/home/jon/ws01/install/local_setup.zsh'
[2.046s] INFO:colcon.colcon_core.shell:Creating prefix chain script '/home/jon/ws01/install/setup.zsh'
