[0.011s] Invoking command in '/home/jon/ws01/build/cpp01_topic': CMAKE_PREFIX_PATH=/home/jon/ws01/install/base_demo:/home/jon/ws01/install/cpp01_topic:/home/jon/ros2_ws/install/hellovscode_cpp:/home/jon/ros2_ws/install/hello_cpp:/opt/ros/humble /usr/bin/cmake --build /home/jon/ws01/build/cpp01_topic -- -j24 -l24
[0.056s] [ 25%] Built target demo01_talker
[0.057s] [ 62%] Built target demo04_listener
[0.057s] [ 75%] Built target demo02_listener
[0.057s] [ 87%] [32mBuilding CXX object CMakeFiles/demo03_talker.dir/src/demo03_talker.cpp.o[0m
[2.043s] [100%] [32m[1mLinking CXX executable demo03_talker[0m
[2.136s] [100%] Built target demo03_talker
[2.147s] Invoked command in '/home/jon/ws01/build/cpp01_topic' returned '0': CMAKE_PREFIX_PATH=/home/jon/ws01/install/base_demo:/home/jon/ws01/install/cpp01_topic:/home/jon/ros2_ws/install/hellovscode_cpp:/home/jon/ros2_ws/install/hello_cpp:/opt/ros/humble /usr/bin/cmake --build /home/jon/ws01/build/cpp01_topic -- -j24 -l24
[2.154s] Invoking command in '/home/jon/ws01/build/cpp01_topic': CMAKE_PREFIX_PATH=/home/jon/ws01/install/base_demo:/home/jon/ws01/install/cpp01_topic:/home/jon/ros2_ws/install/hellovscode_cpp:/home/jon/ros2_ws/install/hello_cpp:/opt/ros/humble /usr/bin/cmake --install /home/jon/ws01/build/cpp01_topic
[2.158s] -- Install configuration: ""
[2.158s] -- Up-to-date: /home/jon/ws01/install/cpp01_topic/lib/cpp01_topic/demo01_talker
[2.158s] -- Up-to-date: /home/jon/ws01/install/cpp01_topic/lib/cpp01_topic/demo02_listener
[2.158s] -- Installing: /home/jon/ws01/install/cpp01_topic/lib/cpp01_topic/demo03_talker
[2.158s] -- Set runtime path of "/home/jon/ws01/install/cpp01_topic/lib/cpp01_topic/demo03_talker" to ""
[2.158s] -- Up-to-date: /home/jon/ws01/install/cpp01_topic/lib/cpp01_topic/demo04_listener
[2.158s] -- Up-to-date: /home/jon/ws01/install/cpp01_topic/share/ament_index/resource_index/package_run_dependencies/cpp01_topic
[2.158s] -- Up-to-date: /home/jon/ws01/install/cpp01_topic/share/ament_index/resource_index/parent_prefix_path/cpp01_topic
[2.158s] -- Up-to-date: /home/jon/ws01/install/cpp01_topic/share/cpp01_topic/environment/ament_prefix_path.sh
[2.158s] -- Up-to-date: /home/jon/ws01/install/cpp01_topic/share/cpp01_topic/environment/ament_prefix_path.dsv
[2.158s] -- Up-to-date: /home/jon/ws01/install/cpp01_topic/share/cpp01_topic/environment/path.sh
[2.158s] -- Up-to-date: /home/jon/ws01/install/cpp01_topic/share/cpp01_topic/environment/path.dsv
[2.158s] -- Up-to-date: /home/jon/ws01/install/cpp01_topic/share/cpp01_topic/local_setup.bash
[2.158s] -- Up-to-date: /home/jon/ws01/install/cpp01_topic/share/cpp01_topic/local_setup.sh
[2.158s] -- Up-to-date: /home/jon/ws01/install/cpp01_topic/share/cpp01_topic/local_setup.zsh
[2.158s] -- Up-to-date: /home/jon/ws01/install/cpp01_topic/share/cpp01_topic/local_setup.dsv
[2.158s] -- Installing: /home/jon/ws01/install/cpp01_topic/share/cpp01_topic/package.dsv
[2.158s] -- Up-to-date: /home/jon/ws01/install/cpp01_topic/share/ament_index/resource_index/packages/cpp01_topic
[2.158s] -- Up-to-date: /home/jon/ws01/install/cpp01_topic/share/cpp01_topic/cmake/cpp01_topicConfig.cmake
[2.158s] -- Up-to-date: /home/jon/ws01/install/cpp01_topic/share/cpp01_topic/cmake/cpp01_topicConfig-version.cmake
[2.158s] -- Up-to-date: /home/jon/ws01/install/cpp01_topic/share/cpp01_topic/package.xml
[2.159s] Invoked command in '/home/jon/ws01/build/cpp01_topic' returned '0': CMAKE_PREFIX_PATH=/home/jon/ws01/install/base_demo:/home/jon/ws01/install/cpp01_topic:/home/jon/ros2_ws/install/hellovscode_cpp:/home/jon/ros2_ws/install/hello_cpp:/opt/ros/humble /usr/bin/cmake --install /home/jon/ws01/build/cpp01_topic
