[0.007s] Invoking command in '/home/jon/ws01/src/build/cpp04_param': CMAKE_PREFIX_PATH=${CMAKE_PREFIX_PATH}:/opt/ros/humble /usr/bin/cmake --build /home/jon/ws01/src/build/cpp04_param -- -j24 -l24
[0.043s] [35m[1mConsolidate compiler generated dependencies of target demo00_param[0m
[0.057s] [ 50%] [32mBuilding CXX object CMakeFiles/demo00_param.dir/src/demo00_param.cpp.o[0m
[1.556s] [100%] [32m[1mLinking CXX executable demo00_param[0m
[1.615s] [100%] Built target demo00_param
[1.629s] Invoked command in '/home/jon/ws01/src/build/cpp04_param' returned '0': CMAKE_PREFIX_PATH=${CMAKE_PREFIX_PATH}:/opt/ros/humble /usr/bin/cmake --build /home/jon/ws01/src/build/cpp04_param -- -j24 -l24
[1.635s] Invoking command in '/home/jon/ws01/src/build/cpp04_param': CMAKE_PREFIX_PATH=${CMAKE_PREFIX_PATH}:/opt/ros/humble /usr/bin/cmake --install /home/jon/ws01/src/build/cpp04_param
[1.640s] -- Install configuration: ""
[1.640s] -- Installing: /home/jon/ws01/src/install/cpp04_param/lib/cpp04_param/demo00_param
[1.640s] -- Set runtime path of "/home/jon/ws01/src/install/cpp04_param/lib/cpp04_param/demo00_param" to ""
[1.640s] -- Up-to-date: /home/jon/ws01/src/install/cpp04_param/share/ament_index/resource_index/package_run_dependencies/cpp04_param
[1.640s] -- Up-to-date: /home/jon/ws01/src/install/cpp04_param/share/ament_index/resource_index/parent_prefix_path/cpp04_param
[1.640s] -- Up-to-date: /home/jon/ws01/src/install/cpp04_param/share/cpp04_param/environment/ament_prefix_path.sh
[1.640s] -- Up-to-date: /home/jon/ws01/src/install/cpp04_param/share/cpp04_param/environment/ament_prefix_path.dsv
[1.640s] -- Up-to-date: /home/jon/ws01/src/install/cpp04_param/share/cpp04_param/environment/path.sh
[1.640s] -- Up-to-date: /home/jon/ws01/src/install/cpp04_param/share/cpp04_param/environment/path.dsv
[1.640s] -- Up-to-date: /home/jon/ws01/src/install/cpp04_param/share/cpp04_param/local_setup.bash
[1.640s] -- Up-to-date: /home/jon/ws01/src/install/cpp04_param/share/cpp04_param/local_setup.sh
[1.640s] -- Up-to-date: /home/jon/ws01/src/install/cpp04_param/share/cpp04_param/local_setup.zsh
[1.640s] -- Up-to-date: /home/jon/ws01/src/install/cpp04_param/share/cpp04_param/local_setup.dsv
[1.640s] -- Installing: /home/jon/ws01/src/install/cpp04_param/share/cpp04_param/package.dsv
[1.640s] -- Up-to-date: /home/jon/ws01/src/install/cpp04_param/share/ament_index/resource_index/packages/cpp04_param
[1.641s] -- Up-to-date: /home/jon/ws01/src/install/cpp04_param/share/cpp04_param/cmake/cpp04_paramConfig.cmake
[1.641s] -- Up-to-date: /home/jon/ws01/src/install/cpp04_param/share/cpp04_param/cmake/cpp04_paramConfig-version.cmake
[1.641s] -- Up-to-date: /home/jon/ws01/src/install/cpp04_param/share/cpp04_param/package.xml
[1.642s] Invoked command in '/home/jon/ws01/src/build/cpp04_param' returned '0': CMAKE_PREFIX_PATH=${CMAKE_PREFIX_PATH}:/opt/ros/humble /usr/bin/cmake --install /home/jon/ws01/src/build/cpp04_param
