[0.087s] DEBUG:colcon:Command line arguments: ['/usr/bin/colcon', 'build']
[0.087s] DEBUG:colcon:Parsed command line arguments: Namespace(log_base=None, log_level=None, verb_name='build', build_base='build', install_base='install', merge_install=False, symlink_install=False, test_result_base=None, continue_on_error=False, executor='parallel', parallel_workers=24, event_handlers=None, ignore_user_meta=False, metas=['./colcon.meta'], base_paths=['.'], packages_ignore=None, packages_ignore_regex=None, paths=None, packages_up_to=None, packages_up_to_regex=None, packages_above=None, packages_above_and_dependencies=None, packages_above_depth=None, packages_select_by_dep=None, packages_skip_by_dep=None, packages_skip_up_to=None, packages_select_build_failed=False, packages_skip_build_finished=False, packages_select_test_failures=False, packages_skip_test_passed=False, packages_select=None, packages_skip=None, packages_select_regex=None, packages_skip_regex=None, packages_start=None, packages_end=None, allow_overriding=[], cmake_args=None, cmake_target=None, cmake_target_skip_unavailable=False, cmake_clean_cache=False, cmake_clean_first=False, cmake_force_configure=False, ament_cmake_args=None, catkin_cmake_args=None, catkin_skip_building_tests=False, mixin_files=None, mixin=None, verb_parser=<colcon_mixin.mixin.mixin_argument.MixinArgumentDecorator object at 0x72f231465e40>, verb_extension=<colcon_core.verb.build.BuildVerb object at 0x72f231465480>, main=<bound method BuildVerb.main of <colcon_core.verb.build.BuildVerb object at 0x72f231465480>>, mixin_verb=('build',))
[0.229s] Level 1:colcon.colcon_core.package_discovery:discover_packages(colcon_meta) check parameters
[0.229s] Level 1:colcon.colcon_core.package_discovery:discover_packages(recursive) check parameters
[0.229s] Level 1:colcon.colcon_core.package_discovery:discover_packages(ignore) check parameters
[0.229s] Level 1:colcon.colcon_core.package_discovery:discover_packages(path) check parameters
[0.229s] Level 1:colcon.colcon_core.package_discovery:discover_packages(colcon_meta) discover
[0.229s] Level 1:colcon.colcon_core.package_discovery:discover_packages(recursive) discover
[0.229s] INFO:colcon.colcon_core.package_discovery:Crawling recursively for packages in '/home/jon/ws01'
[0.229s] Level 1:colcon.colcon_core.package_identification:_identify(.) by extensions ['ignore', 'ignore_ament_install']
[0.230s] Level 1:colcon.colcon_core.package_identification:_identify(.) by extension 'ignore'
[0.230s] Level 1:colcon.colcon_core.package_identification:_identify(.) by extension 'ignore_ament_install'
[0.230s] Level 1:colcon.colcon_core.package_identification:_identify(.) by extensions ['colcon_pkg']
[0.230s] Level 1:colcon.colcon_core.package_identification:_identify(.) by extension 'colcon_pkg'
[0.230s] Level 1:colcon.colcon_core.package_identification:_identify(.) by extensions ['colcon_meta']
[0.230s] Level 1:colcon.colcon_core.package_identification:_identify(.) by extension 'colcon_meta'
[0.230s] Level 1:colcon.colcon_core.package_identification:_identify(.) by extensions ['ros']
[0.230s] Level 1:colcon.colcon_core.package_identification:_identify(.) by extension 'ros'
[0.237s] Level 1:colcon.colcon_core.package_identification:_identify(.) by extensions ['cmake', 'python']
[0.237s] Level 1:colcon.colcon_core.package_identification:_identify(.) by extension 'cmake'
[0.237s] Level 1:colcon.colcon_core.package_identification:_identify(.) by extension 'python'
[0.237s] Level 1:colcon.colcon_core.package_identification:_identify(.) by extensions ['python_setup_py']
[0.237s] Level 1:colcon.colcon_core.package_identification:_identify(.) by extension 'python_setup_py'
[0.238s] Level 1:colcon.colcon_core.package_identification:_identify(build) by extensions ['ignore', 'ignore_ament_install']
[0.238s] Level 1:colcon.colcon_core.package_identification:_identify(build) by extension 'ignore'
[0.238s] Level 1:colcon.colcon_core.package_identification:_identify(build) ignored
[0.238s] Level 1:colcon.colcon_core.package_identification:_identify(install) by extensions ['ignore', 'ignore_ament_install']
[0.238s] Level 1:colcon.colcon_core.package_identification:_identify(install) by extension 'ignore'
[0.238s] Level 1:colcon.colcon_core.package_identification:_identify(install) ignored
[0.238s] Level 1:colcon.colcon_core.package_identification:_identify(log) by extensions ['ignore', 'ignore_ament_install']
[0.238s] Level 1:colcon.colcon_core.package_identification:_identify(log) by extension 'ignore'
[0.238s] Level 1:colcon.colcon_core.package_identification:_identify(log) ignored
[0.238s] Level 1:colcon.colcon_core.package_identification:_identify(src) by extensions ['ignore', 'ignore_ament_install']
[0.238s] Level 1:colcon.colcon_core.package_identification:_identify(src) by extension 'ignore'
[0.238s] Level 1:colcon.colcon_core.package_identification:_identify(src) by extension 'ignore_ament_install'
[0.239s] Level 1:colcon.colcon_core.package_identification:_identify(src) by extensions ['colcon_pkg']
[0.239s] Level 1:colcon.colcon_core.package_identification:_identify(src) by extension 'colcon_pkg'
[0.239s] Level 1:colcon.colcon_core.package_identification:_identify(src) by extensions ['colcon_meta']
[0.239s] Level 1:colcon.colcon_core.package_identification:_identify(src) by extension 'colcon_meta'
[0.239s] Level 1:colcon.colcon_core.package_identification:_identify(src) by extensions ['ros']
[0.239s] Level 1:colcon.colcon_core.package_identification:_identify(src) by extension 'ros'
[0.239s] Level 1:colcon.colcon_core.package_identification:_identify(src) by extensions ['cmake', 'python']
[0.239s] Level 1:colcon.colcon_core.package_identification:_identify(src) by extension 'cmake'
[0.239s] Level 1:colcon.colcon_core.package_identification:_identify(src) by extension 'python'
[0.239s] Level 1:colcon.colcon_core.package_identification:_identify(src) by extensions ['python_setup_py']
[0.239s] Level 1:colcon.colcon_core.package_identification:_identify(src) by extension 'python_setup_py'
[0.239s] Level 1:colcon.colcon_core.package_identification:_identify(src/base_demo) by extensions ['ignore', 'ignore_ament_install']
[0.239s] Level 1:colcon.colcon_core.package_identification:_identify(src/base_demo) by extension 'ignore'
[0.239s] Level 1:colcon.colcon_core.package_identification:_identify(src/base_demo) by extension 'ignore_ament_install'
[0.239s] Level 1:colcon.colcon_core.package_identification:_identify(src/base_demo) by extensions ['colcon_pkg']
[0.239s] Level 1:colcon.colcon_core.package_identification:_identify(src/base_demo) by extension 'colcon_pkg'
[0.239s] Level 1:colcon.colcon_core.package_identification:_identify(src/base_demo) by extensions ['colcon_meta']
[0.239s] Level 1:colcon.colcon_core.package_identification:_identify(src/base_demo) by extension 'colcon_meta'
[0.239s] Level 1:colcon.colcon_core.package_identification:_identify(src/base_demo) by extensions ['ros']
[0.239s] Level 1:colcon.colcon_core.package_identification:_identify(src/base_demo) by extension 'ros'
[0.241s] DEBUG:colcon.colcon_core.package_identification:Package 'src/base_demo' with type 'ros.ament_cmake' and name 'base_demo'
[0.241s] Level 1:colcon.colcon_core.package_identification:_identify(src/build) by extensions ['ignore', 'ignore_ament_install']
[0.241s] Level 1:colcon.colcon_core.package_identification:_identify(src/build) by extension 'ignore'
[0.241s] Level 1:colcon.colcon_core.package_identification:_identify(src/build) ignored
[0.241s] Level 1:colcon.colcon_core.package_identification:_identify(src/cpp01_topic) by extensions ['ignore', 'ignore_ament_install']
[0.241s] Level 1:colcon.colcon_core.package_identification:_identify(src/cpp01_topic) by extension 'ignore'
[0.241s] Level 1:colcon.colcon_core.package_identification:_identify(src/cpp01_topic) by extension 'ignore_ament_install'
[0.241s] Level 1:colcon.colcon_core.package_identification:_identify(src/cpp01_topic) by extensions ['colcon_pkg']
[0.241s] Level 1:colcon.colcon_core.package_identification:_identify(src/cpp01_topic) by extension 'colcon_pkg'
[0.241s] Level 1:colcon.colcon_core.package_identification:_identify(src/cpp01_topic) by extensions ['colcon_meta']
[0.241s] Level 1:colcon.colcon_core.package_identification:_identify(src/cpp01_topic) by extension 'colcon_meta'
[0.241s] Level 1:colcon.colcon_core.package_identification:_identify(src/cpp01_topic) by extensions ['ros']
[0.241s] Level 1:colcon.colcon_core.package_identification:_identify(src/cpp01_topic) by extension 'ros'
[0.242s] DEBUG:colcon.colcon_core.package_identification:Package 'src/cpp01_topic' with type 'ros.ament_cmake' and name 'cpp01_topic'
[0.242s] Level 1:colcon.colcon_core.package_identification:_identify(src/cpp02_service) by extensions ['ignore', 'ignore_ament_install']
[0.242s] Level 1:colcon.colcon_core.package_identification:_identify(src/cpp02_service) by extension 'ignore'
[0.242s] Level 1:colcon.colcon_core.package_identification:_identify(src/cpp02_service) by extension 'ignore_ament_install'
[0.242s] Level 1:colcon.colcon_core.package_identification:_identify(src/cpp02_service) by extensions ['colcon_pkg']
[0.242s] Level 1:colcon.colcon_core.package_identification:_identify(src/cpp02_service) by extension 'colcon_pkg'
[0.242s] Level 1:colcon.colcon_core.package_identification:_identify(src/cpp02_service) by extensions ['colcon_meta']
[0.242s] Level 1:colcon.colcon_core.package_identification:_identify(src/cpp02_service) by extension 'colcon_meta'
[0.242s] Level 1:colcon.colcon_core.package_identification:_identify(src/cpp02_service) by extensions ['ros']
[0.242s] Level 1:colcon.colcon_core.package_identification:_identify(src/cpp02_service) by extension 'ros'
[0.243s] DEBUG:colcon.colcon_core.package_identification:Package 'src/cpp02_service' with type 'ros.ament_cmake' and name 'cpp02_service'
[0.243s] Level 1:colcon.colcon_core.package_identification:_identify(src/cpp03_action) by extensions ['ignore', 'ignore_ament_install']
[0.243s] Level 1:colcon.colcon_core.package_identification:_identify(src/cpp03_action) by extension 'ignore'
[0.243s] Level 1:colcon.colcon_core.package_identification:_identify(src/cpp03_action) by extension 'ignore_ament_install'
[0.243s] Level 1:colcon.colcon_core.package_identification:_identify(src/cpp03_action) by extensions ['colcon_pkg']
[0.243s] Level 1:colcon.colcon_core.package_identification:_identify(src/cpp03_action) by extension 'colcon_pkg'
[0.243s] Level 1:colcon.colcon_core.package_identification:_identify(src/cpp03_action) by extensions ['colcon_meta']
[0.243s] Level 1:colcon.colcon_core.package_identification:_identify(src/cpp03_action) by extension 'colcon_meta'
[0.243s] Level 1:colcon.colcon_core.package_identification:_identify(src/cpp03_action) by extensions ['ros']
[0.243s] Level 1:colcon.colcon_core.package_identification:_identify(src/cpp03_action) by extension 'ros'
[0.244s] DEBUG:colcon.colcon_core.package_identification:Package 'src/cpp03_action' with type 'ros.ament_cmake' and name 'cpp03_action'
[0.244s] Level 1:colcon.colcon_core.package_identification:_identify(src/cpp04_param) by extensions ['ignore', 'ignore_ament_install']
[0.244s] Level 1:colcon.colcon_core.package_identification:_identify(src/cpp04_param) by extension 'ignore'
[0.244s] Level 1:colcon.colcon_core.package_identification:_identify(src/cpp04_param) by extension 'ignore_ament_install'
[0.244s] Level 1:colcon.colcon_core.package_identification:_identify(src/cpp04_param) by extensions ['colcon_pkg']
[0.244s] Level 1:colcon.colcon_core.package_identification:_identify(src/cpp04_param) by extension 'colcon_pkg'
[0.244s] Level 1:colcon.colcon_core.package_identification:_identify(src/cpp04_param) by extensions ['colcon_meta']
[0.244s] Level 1:colcon.colcon_core.package_identification:_identify(src/cpp04_param) by extension 'colcon_meta'
[0.244s] Level 1:colcon.colcon_core.package_identification:_identify(src/cpp04_param) by extensions ['ros']
[0.244s] Level 1:colcon.colcon_core.package_identification:_identify(src/cpp04_param) by extension 'ros'
[0.244s] DEBUG:colcon.colcon_core.package_identification:Package 'src/cpp04_param' with type 'ros.ament_cmake' and name 'cpp04_param'
[0.244s] Level 1:colcon.colcon_core.package_identification:_identify(src/cpp05_names) by extensions ['ignore', 'ignore_ament_install']
[0.244s] Level 1:colcon.colcon_core.package_identification:_identify(src/cpp05_names) by extension 'ignore'
[0.244s] Level 1:colcon.colcon_core.package_identification:_identify(src/cpp05_names) by extension 'ignore_ament_install'
[0.244s] Level 1:colcon.colcon_core.package_identification:_identify(src/cpp05_names) by extensions ['colcon_pkg']
[0.244s] Level 1:colcon.colcon_core.package_identification:_identify(src/cpp05_names) by extension 'colcon_pkg'
[0.244s] Level 1:colcon.colcon_core.package_identification:_identify(src/cpp05_names) by extensions ['colcon_meta']
[0.244s] Level 1:colcon.colcon_core.package_identification:_identify(src/cpp05_names) by extension 'colcon_meta'
[0.244s] Level 1:colcon.colcon_core.package_identification:_identify(src/cpp05_names) by extensions ['ros']
[0.244s] Level 1:colcon.colcon_core.package_identification:_identify(src/cpp05_names) by extension 'ros'
[0.245s] DEBUG:colcon.colcon_core.package_identification:Package 'src/cpp05_names' with type 'ros.ament_cmake' and name 'cpp05_names'
[0.245s] Level 1:colcon.colcon_core.package_identification:_identify(src/cpp06_time) by extensions ['ignore', 'ignore_ament_install']
[0.245s] Level 1:colcon.colcon_core.package_identification:_identify(src/cpp06_time) by extension 'ignore'
[0.245s] Level 1:colcon.colcon_core.package_identification:_identify(src/cpp06_time) by extension 'ignore_ament_install'
[0.245s] Level 1:colcon.colcon_core.package_identification:_identify(src/cpp06_time) by extensions ['colcon_pkg']
[0.245s] Level 1:colcon.colcon_core.package_identification:_identify(src/cpp06_time) by extension 'colcon_pkg'
[0.245s] Level 1:colcon.colcon_core.package_identification:_identify(src/cpp06_time) by extensions ['colcon_meta']
[0.245s] Level 1:colcon.colcon_core.package_identification:_identify(src/cpp06_time) by extension 'colcon_meta'
[0.245s] Level 1:colcon.colcon_core.package_identification:_identify(src/cpp06_time) by extensions ['ros']
[0.245s] Level 1:colcon.colcon_core.package_identification:_identify(src/cpp06_time) by extension 'ros'
[0.246s] DEBUG:colcon.colcon_core.package_identification:Package 'src/cpp06_time' with type 'ros.ament_cmake' and name 'cpp06_time'
[0.246s] Level 1:colcon.colcon_core.package_identification:_identify(src/cpp07_exercise) by extensions ['ignore', 'ignore_ament_install']
[0.246s] Level 1:colcon.colcon_core.package_identification:_identify(src/cpp07_exercise) by extension 'ignore'
[0.246s] Level 1:colcon.colcon_core.package_identification:_identify(src/cpp07_exercise) by extension 'ignore_ament_install'
[0.246s] Level 1:colcon.colcon_core.package_identification:_identify(src/cpp07_exercise) by extensions ['colcon_pkg']
[0.246s] Level 1:colcon.colcon_core.package_identification:_identify(src/cpp07_exercise) by extension 'colcon_pkg'
[0.246s] Level 1:colcon.colcon_core.package_identification:_identify(src/cpp07_exercise) by extensions ['colcon_meta']
[0.246s] Level 1:colcon.colcon_core.package_identification:_identify(src/cpp07_exercise) by extension 'colcon_meta'
[0.246s] Level 1:colcon.colcon_core.package_identification:_identify(src/cpp07_exercise) by extensions ['ros']
[0.246s] Level 1:colcon.colcon_core.package_identification:_identify(src/cpp07_exercise) by extension 'ros'
[0.247s] DEBUG:colcon.colcon_core.package_identification:Package 'src/cpp07_exercise' with type 'ros.ament_cmake' and name 'cpp07_exercise'
[0.247s] Level 1:colcon.colcon_core.package_identification:_identify(src/install) by extensions ['ignore', 'ignore_ament_install']
[0.247s] Level 1:colcon.colcon_core.package_identification:_identify(src/install) by extension 'ignore'
[0.247s] Level 1:colcon.colcon_core.package_identification:_identify(src/install) ignored
[0.247s] Level 1:colcon.colcon_core.package_identification:_identify(src/log) by extensions ['ignore', 'ignore_ament_install']
[0.247s] Level 1:colcon.colcon_core.package_identification:_identify(src/log) by extension 'ignore'
[0.247s] Level 1:colcon.colcon_core.package_identification:_identify(src/log) ignored
[0.247s] Level 1:colcon.colcon_core.package_identification:_identify(src/tutorails_plumbing) by extensions ['ignore', 'ignore_ament_install']
[0.247s] Level 1:colcon.colcon_core.package_identification:_identify(src/tutorails_plumbing) by extension 'ignore'
[0.247s] Level 1:colcon.colcon_core.package_identification:_identify(src/tutorails_plumbing) by extension 'ignore_ament_install'
[0.247s] Level 1:colcon.colcon_core.package_identification:_identify(src/tutorails_plumbing) by extensions ['colcon_pkg']
[0.247s] Level 1:colcon.colcon_core.package_identification:_identify(src/tutorails_plumbing) by extension 'colcon_pkg'
[0.247s] Level 1:colcon.colcon_core.package_identification:_identify(src/tutorails_plumbing) by extensions ['colcon_meta']
[0.247s] Level 1:colcon.colcon_core.package_identification:_identify(src/tutorails_plumbing) by extension 'colcon_meta'
[0.247s] Level 1:colcon.colcon_core.package_identification:_identify(src/tutorails_plumbing) by extensions ['ros']
[0.247s] Level 1:colcon.colcon_core.package_identification:_identify(src/tutorails_plumbing) by extension 'ros'
[0.248s] DEBUG:colcon.colcon_core.package_identification:Package 'src/tutorails_plumbing' with type 'ros.ament_cmake' and name 'tutorails_plumbing'
[0.248s] Level 1:colcon.colcon_core.package_discovery:discover_packages(recursive) using defaults
[0.248s] Level 1:colcon.colcon_core.package_discovery:discover_packages(ignore) discover
[0.248s] Level 1:colcon.colcon_core.package_discovery:discover_packages(ignore) using defaults
[0.248s] Level 1:colcon.colcon_core.package_discovery:discover_packages(path) discover
[0.248s] Level 1:colcon.colcon_core.package_discovery:discover_packages(path) using defaults
[0.270s] Level 1:colcon.colcon_core.package_discovery:discover_packages(prefix_path) check parameters
[0.270s] Level 1:colcon.colcon_core.package_discovery:discover_packages(prefix_path) discover
[0.271s] DEBUG:colcon.colcon_installed_package_information.package_discovery:Found 9 installed packages in /home/jon/ws01/install
[0.272s] DEBUG:colcon.colcon_installed_package_information.package_discovery:Found 273 installed packages in /opt/ros/humble
[0.273s] Level 1:colcon.colcon_core.package_discovery:discover_packages(prefix_path) using defaults
[0.291s] Level 5:colcon.colcon_core.verb:set package 'base_demo' build argument 'cmake_args' from command line to 'None'
[0.291s] Level 5:colcon.colcon_core.verb:set package 'base_demo' build argument 'cmake_target' from command line to 'None'
[0.291s] Level 5:colcon.colcon_core.verb:set package 'base_demo' build argument 'cmake_target_skip_unavailable' from command line to 'False'
[0.291s] Level 5:colcon.colcon_core.verb:set package 'base_demo' build argument 'cmake_clean_cache' from command line to 'False'
[0.291s] Level 5:colcon.colcon_core.verb:set package 'base_demo' build argument 'cmake_clean_first' from command line to 'False'
[0.291s] Level 5:colcon.colcon_core.verb:set package 'base_demo' build argument 'cmake_force_configure' from command line to 'False'
[0.291s] Level 5:colcon.colcon_core.verb:set package 'base_demo' build argument 'ament_cmake_args' from command line to 'None'
[0.291s] Level 5:colcon.colcon_core.verb:set package 'base_demo' build argument 'catkin_cmake_args' from command line to 'None'
[0.291s] Level 5:colcon.colcon_core.verb:set package 'base_demo' build argument 'catkin_skip_building_tests' from command line to 'False'
[0.291s] DEBUG:colcon.colcon_core.verb:Building package 'base_demo' with the following arguments: {'ament_cmake_args': None, 'build_base': '/home/jon/ws01/build/base_demo', 'catkin_cmake_args': None, 'catkin_skip_building_tests': False, 'cmake_args': None, 'cmake_clean_cache': False, 'cmake_clean_first': False, 'cmake_force_configure': False, 'cmake_target': None, 'cmake_target_skip_unavailable': False, 'install_base': '/home/jon/ws01/install/base_demo', 'merge_install': False, 'path': '/home/jon/ws01/src/base_demo', 'symlink_install': False, 'test_result_base': None}
[0.292s] Level 5:colcon.colcon_core.verb:set package 'cpp04_param' build argument 'cmake_args' from command line to 'None'
[0.292s] Level 5:colcon.colcon_core.verb:set package 'cpp04_param' build argument 'cmake_target' from command line to 'None'
[0.292s] Level 5:colcon.colcon_core.verb:set package 'cpp04_param' build argument 'cmake_target_skip_unavailable' from command line to 'False'
[0.292s] Level 5:colcon.colcon_core.verb:set package 'cpp04_param' build argument 'cmake_clean_cache' from command line to 'False'
[0.292s] Level 5:colcon.colcon_core.verb:set package 'cpp04_param' build argument 'cmake_clean_first' from command line to 'False'
[0.292s] Level 5:colcon.colcon_core.verb:set package 'cpp04_param' build argument 'cmake_force_configure' from command line to 'False'
[0.292s] Level 5:colcon.colcon_core.verb:set package 'cpp04_param' build argument 'ament_cmake_args' from command line to 'None'
[0.292s] Level 5:colcon.colcon_core.verb:set package 'cpp04_param' build argument 'catkin_cmake_args' from command line to 'None'
[0.292s] Level 5:colcon.colcon_core.verb:set package 'cpp04_param' build argument 'catkin_skip_building_tests' from command line to 'False'
[0.292s] DEBUG:colcon.colcon_core.verb:Building package 'cpp04_param' with the following arguments: {'ament_cmake_args': None, 'build_base': '/home/jon/ws01/build/cpp04_param', 'catkin_cmake_args': None, 'catkin_skip_building_tests': False, 'cmake_args': None, 'cmake_clean_cache': False, 'cmake_clean_first': False, 'cmake_force_configure': False, 'cmake_target': None, 'cmake_target_skip_unavailable': False, 'install_base': '/home/jon/ws01/install/cpp04_param', 'merge_install': False, 'path': '/home/jon/ws01/src/cpp04_param', 'symlink_install': False, 'test_result_base': None}
[0.292s] Level 5:colcon.colcon_core.verb:set package 'cpp05_names' build argument 'cmake_args' from command line to 'None'
[0.292s] Level 5:colcon.colcon_core.verb:set package 'cpp05_names' build argument 'cmake_target' from command line to 'None'
[0.292s] Level 5:colcon.colcon_core.verb:set package 'cpp05_names' build argument 'cmake_target_skip_unavailable' from command line to 'False'
[0.292s] Level 5:colcon.colcon_core.verb:set package 'cpp05_names' build argument 'cmake_clean_cache' from command line to 'False'
[0.292s] Level 5:colcon.colcon_core.verb:set package 'cpp05_names' build argument 'cmake_clean_first' from command line to 'False'
[0.292s] Level 5:colcon.colcon_core.verb:set package 'cpp05_names' build argument 'cmake_force_configure' from command line to 'False'
[0.292s] Level 5:colcon.colcon_core.verb:set package 'cpp05_names' build argument 'ament_cmake_args' from command line to 'None'
[0.292s] Level 5:colcon.colcon_core.verb:set package 'cpp05_names' build argument 'catkin_cmake_args' from command line to 'None'
[0.292s] Level 5:colcon.colcon_core.verb:set package 'cpp05_names' build argument 'catkin_skip_building_tests' from command line to 'False'
[0.292s] DEBUG:colcon.colcon_core.verb:Building package 'cpp05_names' with the following arguments: {'ament_cmake_args': None, 'build_base': '/home/jon/ws01/build/cpp05_names', 'catkin_cmake_args': None, 'catkin_skip_building_tests': False, 'cmake_args': None, 'cmake_clean_cache': False, 'cmake_clean_first': False, 'cmake_force_configure': False, 'cmake_target': None, 'cmake_target_skip_unavailable': False, 'install_base': '/home/jon/ws01/install/cpp05_names', 'merge_install': False, 'path': '/home/jon/ws01/src/cpp05_names', 'symlink_install': False, 'test_result_base': None}
[0.292s] Level 5:colcon.colcon_core.verb:set package 'cpp06_time' build argument 'cmake_args' from command line to 'None'
[0.292s] Level 5:colcon.colcon_core.verb:set package 'cpp06_time' build argument 'cmake_target' from command line to 'None'
[0.292s] Level 5:colcon.colcon_core.verb:set package 'cpp06_time' build argument 'cmake_target_skip_unavailable' from command line to 'False'
[0.292s] Level 5:colcon.colcon_core.verb:set package 'cpp06_time' build argument 'cmake_clean_cache' from command line to 'False'
[0.292s] Level 5:colcon.colcon_core.verb:set package 'cpp06_time' build argument 'cmake_clean_first' from command line to 'False'
[0.292s] Level 5:colcon.colcon_core.verb:set package 'cpp06_time' build argument 'cmake_force_configure' from command line to 'False'
[0.292s] Level 5:colcon.colcon_core.verb:set package 'cpp06_time' build argument 'ament_cmake_args' from command line to 'None'
[0.292s] Level 5:colcon.colcon_core.verb:set package 'cpp06_time' build argument 'catkin_cmake_args' from command line to 'None'
[0.292s] Level 5:colcon.colcon_core.verb:set package 'cpp06_time' build argument 'catkin_skip_building_tests' from command line to 'False'
[0.292s] DEBUG:colcon.colcon_core.verb:Building package 'cpp06_time' with the following arguments: {'ament_cmake_args': None, 'build_base': '/home/jon/ws01/build/cpp06_time', 'catkin_cmake_args': None, 'catkin_skip_building_tests': False, 'cmake_args': None, 'cmake_clean_cache': False, 'cmake_clean_first': False, 'cmake_force_configure': False, 'cmake_target': None, 'cmake_target_skip_unavailable': False, 'install_base': '/home/jon/ws01/install/cpp06_time', 'merge_install': False, 'path': '/home/jon/ws01/src/cpp06_time', 'symlink_install': False, 'test_result_base': None}
[0.292s] Level 5:colcon.colcon_core.verb:set package 'cpp01_topic' build argument 'cmake_args' from command line to 'None'
[0.292s] Level 5:colcon.colcon_core.verb:set package 'cpp01_topic' build argument 'cmake_target' from command line to 'None'
[0.292s] Level 5:colcon.colcon_core.verb:set package 'cpp01_topic' build argument 'cmake_target_skip_unavailable' from command line to 'False'
[0.292s] Level 5:colcon.colcon_core.verb:set package 'cpp01_topic' build argument 'cmake_clean_cache' from command line to 'False'
[0.292s] Level 5:colcon.colcon_core.verb:set package 'cpp01_topic' build argument 'cmake_clean_first' from command line to 'False'
[0.292s] Level 5:colcon.colcon_core.verb:set package 'cpp01_topic' build argument 'cmake_force_configure' from command line to 'False'
[0.292s] Level 5:colcon.colcon_core.verb:set package 'cpp01_topic' build argument 'ament_cmake_args' from command line to 'None'
[0.292s] Level 5:colcon.colcon_core.verb:set package 'cpp01_topic' build argument 'catkin_cmake_args' from command line to 'None'
[0.292s] Level 5:colcon.colcon_core.verb:set package 'cpp01_topic' build argument 'catkin_skip_building_tests' from command line to 'False'
[0.292s] DEBUG:colcon.colcon_core.verb:Building package 'cpp01_topic' with the following arguments: {'ament_cmake_args': None, 'build_base': '/home/jon/ws01/build/cpp01_topic', 'catkin_cmake_args': None, 'catkin_skip_building_tests': False, 'cmake_args': None, 'cmake_clean_cache': False, 'cmake_clean_first': False, 'cmake_force_configure': False, 'cmake_target': None, 'cmake_target_skip_unavailable': False, 'install_base': '/home/jon/ws01/install/cpp01_topic', 'merge_install': False, 'path': '/home/jon/ws01/src/cpp01_topic', 'symlink_install': False, 'test_result_base': None}
[0.292s] Level 5:colcon.colcon_core.verb:set package 'cpp02_service' build argument 'cmake_args' from command line to 'None'
[0.292s] Level 5:colcon.colcon_core.verb:set package 'cpp02_service' build argument 'cmake_target' from command line to 'None'
[0.292s] Level 5:colcon.colcon_core.verb:set package 'cpp02_service' build argument 'cmake_target_skip_unavailable' from command line to 'False'
[0.292s] Level 5:colcon.colcon_core.verb:set package 'cpp02_service' build argument 'cmake_clean_cache' from command line to 'False'
[0.292s] Level 5:colcon.colcon_core.verb:set package 'cpp02_service' build argument 'cmake_clean_first' from command line to 'False'
[0.292s] Level 5:colcon.colcon_core.verb:set package 'cpp02_service' build argument 'cmake_force_configure' from command line to 'False'
[0.292s] Level 5:colcon.colcon_core.verb:set package 'cpp02_service' build argument 'ament_cmake_args' from command line to 'None'
[0.292s] Level 5:colcon.colcon_core.verb:set package 'cpp02_service' build argument 'catkin_cmake_args' from command line to 'None'
[0.292s] Level 5:colcon.colcon_core.verb:set package 'cpp02_service' build argument 'catkin_skip_building_tests' from command line to 'False'
[0.293s] DEBUG:colcon.colcon_core.verb:Building package 'cpp02_service' with the following arguments: {'ament_cmake_args': None, 'build_base': '/home/jon/ws01/build/cpp02_service', 'catkin_cmake_args': None, 'catkin_skip_building_tests': False, 'cmake_args': None, 'cmake_clean_cache': False, 'cmake_clean_first': False, 'cmake_force_configure': False, 'cmake_target': None, 'cmake_target_skip_unavailable': False, 'install_base': '/home/jon/ws01/install/cpp02_service', 'merge_install': False, 'path': '/home/jon/ws01/src/cpp02_service', 'symlink_install': False, 'test_result_base': None}
[0.293s] Level 5:colcon.colcon_core.verb:set package 'cpp03_action' build argument 'cmake_args' from command line to 'None'
[0.293s] Level 5:colcon.colcon_core.verb:set package 'cpp03_action' build argument 'cmake_target' from command line to 'None'
[0.293s] Level 5:colcon.colcon_core.verb:set package 'cpp03_action' build argument 'cmake_target_skip_unavailable' from command line to 'False'
[0.293s] Level 5:colcon.colcon_core.verb:set package 'cpp03_action' build argument 'cmake_clean_cache' from command line to 'False'
[0.293s] Level 5:colcon.colcon_core.verb:set package 'cpp03_action' build argument 'cmake_clean_first' from command line to 'False'
[0.293s] Level 5:colcon.colcon_core.verb:set package 'cpp03_action' build argument 'cmake_force_configure' from command line to 'False'
[0.293s] Level 5:colcon.colcon_core.verb:set package 'cpp03_action' build argument 'ament_cmake_args' from command line to 'None'
[0.293s] Level 5:colcon.colcon_core.verb:set package 'cpp03_action' build argument 'catkin_cmake_args' from command line to 'None'
[0.293s] Level 5:colcon.colcon_core.verb:set package 'cpp03_action' build argument 'catkin_skip_building_tests' from command line to 'False'
[0.293s] DEBUG:colcon.colcon_core.verb:Building package 'cpp03_action' with the following arguments: {'ament_cmake_args': None, 'build_base': '/home/jon/ws01/build/cpp03_action', 'catkin_cmake_args': None, 'catkin_skip_building_tests': False, 'cmake_args': None, 'cmake_clean_cache': False, 'cmake_clean_first': False, 'cmake_force_configure': False, 'cmake_target': None, 'cmake_target_skip_unavailable': False, 'install_base': '/home/jon/ws01/install/cpp03_action', 'merge_install': False, 'path': '/home/jon/ws01/src/cpp03_action', 'symlink_install': False, 'test_result_base': None}
[0.293s] Level 5:colcon.colcon_core.verb:set package 'cpp07_exercise' build argument 'cmake_args' from command line to 'None'
[0.293s] Level 5:colcon.colcon_core.verb:set package 'cpp07_exercise' build argument 'cmake_target' from command line to 'None'
[0.293s] Level 5:colcon.colcon_core.verb:set package 'cpp07_exercise' build argument 'cmake_target_skip_unavailable' from command line to 'False'
[0.293s] Level 5:colcon.colcon_core.verb:set package 'cpp07_exercise' build argument 'cmake_clean_cache' from command line to 'False'
[0.293s] Level 5:colcon.colcon_core.verb:set package 'cpp07_exercise' build argument 'cmake_clean_first' from command line to 'False'
[0.293s] Level 5:colcon.colcon_core.verb:set package 'cpp07_exercise' build argument 'cmake_force_configure' from command line to 'False'
[0.293s] Level 5:colcon.colcon_core.verb:set package 'cpp07_exercise' build argument 'ament_cmake_args' from command line to 'None'
[0.293s] Level 5:colcon.colcon_core.verb:set package 'cpp07_exercise' build argument 'catkin_cmake_args' from command line to 'None'
[0.293s] Level 5:colcon.colcon_core.verb:set package 'cpp07_exercise' build argument 'catkin_skip_building_tests' from command line to 'False'
[0.293s] DEBUG:colcon.colcon_core.verb:Building package 'cpp07_exercise' with the following arguments: {'ament_cmake_args': None, 'build_base': '/home/jon/ws01/build/cpp07_exercise', 'catkin_cmake_args': None, 'catkin_skip_building_tests': False, 'cmake_args': None, 'cmake_clean_cache': False, 'cmake_clean_first': False, 'cmake_force_configure': False, 'cmake_target': None, 'cmake_target_skip_unavailable': False, 'install_base': '/home/jon/ws01/install/cpp07_exercise', 'merge_install': False, 'path': '/home/jon/ws01/src/cpp07_exercise', 'symlink_install': False, 'test_result_base': None}
[0.293s] Level 5:colcon.colcon_core.verb:set package 'tutorails_plumbing' build argument 'cmake_args' from command line to 'None'
[0.293s] Level 5:colcon.colcon_core.verb:set package 'tutorails_plumbing' build argument 'cmake_target' from command line to 'None'
[0.293s] Level 5:colcon.colcon_core.verb:set package 'tutorails_plumbing' build argument 'cmake_target_skip_unavailable' from command line to 'False'
[0.293s] Level 5:colcon.colcon_core.verb:set package 'tutorails_plumbing' build argument 'cmake_clean_cache' from command line to 'False'
[0.293s] Level 5:colcon.colcon_core.verb:set package 'tutorails_plumbing' build argument 'cmake_clean_first' from command line to 'False'
[0.293s] Level 5:colcon.colcon_core.verb:set package 'tutorails_plumbing' build argument 'cmake_force_configure' from command line to 'False'
[0.293s] Level 5:colcon.colcon_core.verb:set package 'tutorails_plumbing' build argument 'ament_cmake_args' from command line to 'None'
[0.293s] Level 5:colcon.colcon_core.verb:set package 'tutorails_plumbing' build argument 'catkin_cmake_args' from command line to 'None'
[0.293s] Level 5:colcon.colcon_core.verb:set package 'tutorails_plumbing' build argument 'catkin_skip_building_tests' from command line to 'False'
[0.293s] DEBUG:colcon.colcon_core.verb:Building package 'tutorails_plumbing' with the following arguments: {'ament_cmake_args': None, 'build_base': '/home/jon/ws01/build/tutorails_plumbing', 'catkin_cmake_args': None, 'catkin_skip_building_tests': False, 'cmake_args': None, 'cmake_clean_cache': False, 'cmake_clean_first': False, 'cmake_force_configure': False, 'cmake_target': None, 'cmake_target_skip_unavailable': False, 'install_base': '/home/jon/ws01/install/tutorails_plumbing', 'merge_install': False, 'path': '/home/jon/ws01/src/tutorails_plumbing', 'symlink_install': False, 'test_result_base': None}
[0.293s] INFO:colcon.colcon_core.executor:Executing jobs using 'parallel' executor
[0.294s] DEBUG:colcon.colcon_parallel_executor.executor.parallel:run_until_complete
[0.294s] INFO:colcon.colcon_ros.task.ament_cmake.build:Building ROS package in '/home/jon/ws01/src/base_demo' with build type 'ament_cmake'
[0.294s] INFO:colcon.colcon_cmake.task.cmake.build:Building CMake package in '/home/jon/ws01/src/base_demo'
[0.296s] INFO:colcon.colcon_core.plugin_system:Skipping extension 'colcon_core.shell.bat': Not used on non-Windows systems
[0.296s] INFO:colcon.colcon_core.shell:Skip shell extension 'powershell' for command environment: Not usable outside of PowerShell
[0.296s] DEBUG:colcon.colcon_core.shell:Skip shell extension 'dsv' for command environment
[0.298s] INFO:colcon.colcon_ros.task.ament_cmake.build:Building ROS package in '/home/jon/ws01/src/cpp04_param' with build type 'ament_cmake'
[0.298s] INFO:colcon.colcon_cmake.task.cmake.build:Building CMake package in '/home/jon/ws01/src/cpp04_param'
[0.298s] INFO:colcon.colcon_core.shell:Skip shell extension 'powershell' for command environment: Not usable outside of PowerShell
[0.298s] DEBUG:colcon.colcon_core.shell:Skip shell extension 'dsv' for command environment
[0.301s] INFO:colcon.colcon_ros.task.ament_cmake.build:Building ROS package in '/home/jon/ws01/src/cpp05_names' with build type 'ament_cmake'
[0.301s] INFO:colcon.colcon_cmake.task.cmake.build:Building CMake package in '/home/jon/ws01/src/cpp05_names'
[0.301s] INFO:colcon.colcon_core.shell:Skip shell extension 'powershell' for command environment: Not usable outside of PowerShell
[0.301s] DEBUG:colcon.colcon_core.shell:Skip shell extension 'dsv' for command environment
[0.303s] INFO:colcon.colcon_ros.task.ament_cmake.build:Building ROS package in '/home/jon/ws01/src/cpp06_time' with build type 'ament_cmake'
[0.303s] INFO:colcon.colcon_cmake.task.cmake.build:Building CMake package in '/home/jon/ws01/src/cpp06_time'
[0.303s] INFO:colcon.colcon_core.shell:Skip shell extension 'powershell' for command environment: Not usable outside of PowerShell
[0.303s] DEBUG:colcon.colcon_core.shell:Skip shell extension 'dsv' for command environment
[0.307s] DEBUG:colcon.colcon_core.event_handler.log_command:Invoking command in '/home/jon/ws01/build/base_demo': CMAKE_PREFIX_PATH=${CMAKE_PREFIX_PATH}:/opt/ros/humble /usr/bin/cmake --build /home/jon/ws01/build/base_demo -- -j24 -l24
[0.310s] DEBUG:colcon.colcon_core.event_handler.log_command:Invoking command in '/home/jon/ws01/build/cpp04_param': CMAKE_PREFIX_PATH=${CMAKE_PREFIX_PATH}:/opt/ros/humble /usr/bin/cmake --build /home/jon/ws01/build/cpp04_param -- -j24 -l24
[0.313s] DEBUG:colcon.colcon_core.event_handler.log_command:Invoking command in '/home/jon/ws01/build/cpp05_names': CMAKE_PREFIX_PATH=${CMAKE_PREFIX_PATH}:/opt/ros/humble /usr/bin/cmake --build /home/jon/ws01/build/cpp05_names -- -j24 -l24
[0.317s] DEBUG:colcon.colcon_core.event_handler.log_command:Invoking command in '/home/jon/ws01/build/cpp06_time': CMAKE_PREFIX_PATH=${CMAKE_PREFIX_PATH}:/opt/ros/humble /usr/bin/cmake --build /home/jon/ws01/build/cpp06_time -- -j24 -l24
[0.370s] DEBUG:colcon.colcon_core.event_handler.log_command:Invoked command in '/home/jon/ws01/build/cpp05_names' returned '0': CMAKE_PREFIX_PATH=${CMAKE_PREFIX_PATH}:/opt/ros/humble /usr/bin/cmake --build /home/jon/ws01/build/cpp05_names -- -j24 -l24
[0.376s] DEBUG:colcon.colcon_core.event_handler.log_command:Invoking command in '/home/jon/ws01/build/cpp05_names': CMAKE_PREFIX_PATH=${CMAKE_PREFIX_PATH}:/opt/ros/humble /usr/bin/cmake --install /home/jon/ws01/build/cpp05_names
[0.377s] DEBUG:colcon.colcon_core.event_handler.log_command:Invoked command in '/home/jon/ws01/build/cpp04_param' returned '0': CMAKE_PREFIX_PATH=${CMAKE_PREFIX_PATH}:/opt/ros/humble /usr/bin/cmake --build /home/jon/ws01/build/cpp04_param -- -j24 -l24
[0.379s] DEBUG:colcon.colcon_core.event_handler.log_command:Invoking command in '/home/jon/ws01/build/cpp04_param': CMAKE_PREFIX_PATH=${CMAKE_PREFIX_PATH}:/opt/ros/humble /usr/bin/cmake --install /home/jon/ws01/build/cpp04_param
[0.379s] DEBUG:colcon.colcon_core.event_handler.log_command:Invoked command in '/home/jon/ws01/build/cpp06_time' returned '0': CMAKE_PREFIX_PATH=${CMAKE_PREFIX_PATH}:/opt/ros/humble /usr/bin/cmake --build /home/jon/ws01/build/cpp06_time -- -j24 -l24
[0.381s] DEBUG:colcon.colcon_core.event_handler.log_command:Invoking command in '/home/jon/ws01/build/cpp06_time': CMAKE_PREFIX_PATH=${CMAKE_PREFIX_PATH}:/opt/ros/humble /usr/bin/cmake --install /home/jon/ws01/build/cpp06_time
[0.386s] Level 1:colcon.colcon_core.environment:create_environment_scripts_only(cpp05_names)
[0.387s] DEBUG:colcon.colcon_core.event_handler.log_command:Invoked command in '/home/jon/ws01/build/cpp05_names' returned '0': CMAKE_PREFIX_PATH=${CMAKE_PREFIX_PATH}:/opt/ros/humble /usr/bin/cmake --install /home/jon/ws01/build/cpp05_names
[0.393s] Level 1:colcon.colcon_core.environment:checking '/home/jon/ws01/install/cpp05_names' for CMake module files
[0.393s] Level 1:colcon.colcon_core.environment:checking '/home/jon/ws01/install/cpp05_names' for CMake config files
[0.393s] Level 1:colcon.colcon_core.shell:create_environment_hook('cpp05_names', 'cmake_prefix_path')
[0.393s] INFO:colcon.colcon_core.shell:Creating environment hook '/home/jon/ws01/install/cpp05_names/share/cpp05_names/hook/cmake_prefix_path.ps1'
[0.394s] INFO:colcon.colcon_core.shell:Creating environment descriptor '/home/jon/ws01/install/cpp05_names/share/cpp05_names/hook/cmake_prefix_path.dsv'
[0.394s] INFO:colcon.colcon_core.shell:Creating environment hook '/home/jon/ws01/install/cpp05_names/share/cpp05_names/hook/cmake_prefix_path.sh'
[0.395s] Level 1:colcon.colcon_core.environment:checking '/home/jon/ws01/install/cpp05_names/lib'
[0.395s] Level 1:colcon.colcon_core.environment:checking '/home/jon/ws01/install/cpp05_names/bin'
[0.395s] Level 1:colcon.colcon_core.environment:checking '/home/jon/ws01/install/cpp05_names/lib/pkgconfig/cpp05_names.pc'
[0.395s] Level 1:colcon.colcon_core.environment:checking '/home/jon/ws01/install/cpp05_names/lib/python3.10/site-packages'
[0.395s] Level 1:colcon.colcon_core.environment:checking '/home/jon/ws01/install/cpp05_names/bin'
[0.396s] INFO:colcon.colcon_core.shell:Creating package script '/home/jon/ws01/install/cpp05_names/share/cpp05_names/package.ps1'
[0.396s] INFO:colcon.colcon_core.shell:Creating package descriptor '/home/jon/ws01/install/cpp05_names/share/cpp05_names/package.dsv'
[0.397s] INFO:colcon.colcon_core.shell:Creating package script '/home/jon/ws01/install/cpp05_names/share/cpp05_names/package.sh'
[0.397s] INFO:colcon.colcon_core.shell:Creating package script '/home/jon/ws01/install/cpp05_names/share/cpp05_names/package.bash'
[0.398s] INFO:colcon.colcon_core.shell:Creating package script '/home/jon/ws01/install/cpp05_names/share/cpp05_names/package.zsh'
[0.398s] Level 1:colcon.colcon_core.environment:create_file_with_runtime_dependencies(/home/jon/ws01/install/cpp05_names/share/colcon-core/packages/cpp05_names)
[0.399s] Level 1:colcon.colcon_core.environment:create_environment_scripts_only(cpp05_names)
[0.399s] Level 1:colcon.colcon_core.environment:checking '/home/jon/ws01/install/cpp05_names' for CMake module files
[0.399s] Level 1:colcon.colcon_core.environment:checking '/home/jon/ws01/install/cpp05_names' for CMake config files
[0.399s] Level 1:colcon.colcon_core.shell:create_environment_hook('cpp05_names', 'cmake_prefix_path')
[0.399s] INFO:colcon.colcon_core.shell:Creating environment hook '/home/jon/ws01/install/cpp05_names/share/cpp05_names/hook/cmake_prefix_path.ps1'
[0.399s] INFO:colcon.colcon_core.shell:Creating environment descriptor '/home/jon/ws01/install/cpp05_names/share/cpp05_names/hook/cmake_prefix_path.dsv'
[0.400s] INFO:colcon.colcon_core.shell:Creating environment hook '/home/jon/ws01/install/cpp05_names/share/cpp05_names/hook/cmake_prefix_path.sh'
[0.400s] Level 1:colcon.colcon_core.environment:checking '/home/jon/ws01/install/cpp05_names/lib'
[0.400s] Level 1:colcon.colcon_core.environment:checking '/home/jon/ws01/install/cpp05_names/bin'
[0.400s] Level 1:colcon.colcon_core.environment:checking '/home/jon/ws01/install/cpp05_names/lib/pkgconfig/cpp05_names.pc'
[0.400s] Level 1:colcon.colcon_core.environment:checking '/home/jon/ws01/install/cpp05_names/lib/python3.10/site-packages'
[0.400s] Level 1:colcon.colcon_core.environment:checking '/home/jon/ws01/install/cpp05_names/bin'
[0.401s] INFO:colcon.colcon_core.shell:Creating package script '/home/jon/ws01/install/cpp05_names/share/cpp05_names/package.ps1'
[0.401s] INFO:colcon.colcon_core.shell:Creating package descriptor '/home/jon/ws01/install/cpp05_names/share/cpp05_names/package.dsv'
[0.401s] INFO:colcon.colcon_core.shell:Creating package script '/home/jon/ws01/install/cpp05_names/share/cpp05_names/package.sh'
[0.402s] INFO:colcon.colcon_core.shell:Creating package script '/home/jon/ws01/install/cpp05_names/share/cpp05_names/package.bash'
[0.402s] INFO:colcon.colcon_core.shell:Creating package script '/home/jon/ws01/install/cpp05_names/share/cpp05_names/package.zsh'
[0.402s] Level 1:colcon.colcon_core.environment:create_file_with_runtime_dependencies(/home/jon/ws01/install/cpp05_names/share/colcon-core/packages/cpp05_names)
[0.403s] Level 1:colcon.colcon_core.environment:create_environment_scripts_only(cpp04_param)
[0.403s] Level 1:colcon.colcon_core.environment:checking '/home/jon/ws01/install/cpp04_param' for CMake module files
[0.403s] DEBUG:colcon.colcon_core.event_handler.log_command:Invoked command in '/home/jon/ws01/build/cpp04_param' returned '0': CMAKE_PREFIX_PATH=${CMAKE_PREFIX_PATH}:/opt/ros/humble /usr/bin/cmake --install /home/jon/ws01/build/cpp04_param
[0.404s] Level 1:colcon.colcon_core.environment:checking '/home/jon/ws01/install/cpp04_param' for CMake config files
[0.404s] Level 1:colcon.colcon_core.shell:create_environment_hook('cpp04_param', 'cmake_prefix_path')
[0.404s] INFO:colcon.colcon_core.shell:Creating environment hook '/home/jon/ws01/install/cpp04_param/share/cpp04_param/hook/cmake_prefix_path.ps1'
[0.404s] INFO:colcon.colcon_core.shell:Creating environment descriptor '/home/jon/ws01/install/cpp04_param/share/cpp04_param/hook/cmake_prefix_path.dsv'
[0.404s] INFO:colcon.colcon_core.shell:Creating environment hook '/home/jon/ws01/install/cpp04_param/share/cpp04_param/hook/cmake_prefix_path.sh'
[0.404s] Level 1:colcon.colcon_core.environment:checking '/home/jon/ws01/install/cpp04_param/lib'
[0.405s] Level 1:colcon.colcon_core.environment:checking '/home/jon/ws01/install/cpp04_param/bin'
[0.405s] Level 1:colcon.colcon_core.environment:checking '/home/jon/ws01/install/cpp04_param/lib/pkgconfig/cpp04_param.pc'
[0.405s] Level 1:colcon.colcon_core.environment:checking '/home/jon/ws01/install/cpp04_param/lib/python3.10/site-packages'
[0.405s] Level 1:colcon.colcon_core.environment:checking '/home/jon/ws01/install/cpp04_param/bin'
[0.405s] INFO:colcon.colcon_core.shell:Creating package script '/home/jon/ws01/install/cpp04_param/share/cpp04_param/package.ps1'
[0.405s] INFO:colcon.colcon_core.shell:Creating package descriptor '/home/jon/ws01/install/cpp04_param/share/cpp04_param/package.dsv'
[0.406s] INFO:colcon.colcon_core.shell:Creating package script '/home/jon/ws01/install/cpp04_param/share/cpp04_param/package.sh'
[0.406s] INFO:colcon.colcon_core.shell:Creating package script '/home/jon/ws01/install/cpp04_param/share/cpp04_param/package.bash'
[0.406s] INFO:colcon.colcon_core.shell:Creating package script '/home/jon/ws01/install/cpp04_param/share/cpp04_param/package.zsh'
[0.406s] Level 1:colcon.colcon_core.environment:create_file_with_runtime_dependencies(/home/jon/ws01/install/cpp04_param/share/colcon-core/packages/cpp04_param)
[0.406s] Level 1:colcon.colcon_core.environment:create_environment_scripts_only(cpp04_param)
[0.407s] Level 1:colcon.colcon_core.environment:checking '/home/jon/ws01/install/cpp04_param' for CMake module files
[0.407s] Level 1:colcon.colcon_core.environment:checking '/home/jon/ws01/install/cpp04_param' for CMake config files
[0.408s] Level 1:colcon.colcon_core.shell:create_environment_hook('cpp04_param', 'cmake_prefix_path')
[0.408s] INFO:colcon.colcon_core.shell:Creating environment hook '/home/jon/ws01/install/cpp04_param/share/cpp04_param/hook/cmake_prefix_path.ps1'
[0.408s] INFO:colcon.colcon_core.shell:Creating environment descriptor '/home/jon/ws01/install/cpp04_param/share/cpp04_param/hook/cmake_prefix_path.dsv'
[0.408s] INFO:colcon.colcon_core.shell:Creating environment hook '/home/jon/ws01/install/cpp04_param/share/cpp04_param/hook/cmake_prefix_path.sh'
[0.408s] Level 1:colcon.colcon_core.environment:checking '/home/jon/ws01/install/cpp04_param/lib'
[0.409s] Level 1:colcon.colcon_core.environment:checking '/home/jon/ws01/install/cpp04_param/bin'
[0.409s] Level 1:colcon.colcon_core.environment:checking '/home/jon/ws01/install/cpp04_param/lib/pkgconfig/cpp04_param.pc'
[0.409s] Level 1:colcon.colcon_core.environment:checking '/home/jon/ws01/install/cpp04_param/lib/python3.10/site-packages'
[0.409s] Level 1:colcon.colcon_core.environment:checking '/home/jon/ws01/install/cpp04_param/bin'
[0.409s] INFO:colcon.colcon_core.shell:Creating package script '/home/jon/ws01/install/cpp04_param/share/cpp04_param/package.ps1'
[0.409s] INFO:colcon.colcon_core.shell:Creating package descriptor '/home/jon/ws01/install/cpp04_param/share/cpp04_param/package.dsv'
[0.410s] INFO:colcon.colcon_core.shell:Creating package script '/home/jon/ws01/install/cpp04_param/share/cpp04_param/package.sh'
[0.410s] INFO:colcon.colcon_core.shell:Creating package script '/home/jon/ws01/install/cpp04_param/share/cpp04_param/package.bash'
[0.410s] INFO:colcon.colcon_core.shell:Creating package script '/home/jon/ws01/install/cpp04_param/share/cpp04_param/package.zsh'
[0.410s] Level 1:colcon.colcon_core.environment:create_file_with_runtime_dependencies(/home/jon/ws01/install/cpp04_param/share/colcon-core/packages/cpp04_param)
[0.411s] Level 1:colcon.colcon_core.environment:create_environment_scripts_only(cpp06_time)
[0.411s] Level 1:colcon.colcon_core.environment:checking '/home/jon/ws01/install/cpp06_time' for CMake module files
[0.411s] Level 1:colcon.colcon_core.environment:checking '/home/jon/ws01/install/cpp06_time' for CMake config files
[0.412s] Level 1:colcon.colcon_core.shell:create_environment_hook('cpp06_time', 'cmake_prefix_path')
[0.412s] INFO:colcon.colcon_core.shell:Creating environment hook '/home/jon/ws01/install/cpp06_time/share/cpp06_time/hook/cmake_prefix_path.ps1'
[0.412s] DEBUG:colcon.colcon_core.event_handler.log_command:Invoked command in '/home/jon/ws01/build/cpp06_time' returned '0': CMAKE_PREFIX_PATH=${CMAKE_PREFIX_PATH}:/opt/ros/humble /usr/bin/cmake --install /home/jon/ws01/build/cpp06_time
[0.412s] INFO:colcon.colcon_core.shell:Creating environment descriptor '/home/jon/ws01/install/cpp06_time/share/cpp06_time/hook/cmake_prefix_path.dsv'
[0.413s] INFO:colcon.colcon_core.shell:Creating environment hook '/home/jon/ws01/install/cpp06_time/share/cpp06_time/hook/cmake_prefix_path.sh'
[0.414s] Level 1:colcon.colcon_core.environment:checking '/home/jon/ws01/install/cpp06_time/lib'
[0.414s] Level 1:colcon.colcon_core.environment:checking '/home/jon/ws01/install/cpp06_time/bin'
[0.414s] Level 1:colcon.colcon_core.environment:checking '/home/jon/ws01/install/cpp06_time/lib/pkgconfig/cpp06_time.pc'
[0.414s] Level 1:colcon.colcon_core.environment:checking '/home/jon/ws01/install/cpp06_time/lib/python3.10/site-packages'
[0.414s] Level 1:colcon.colcon_core.environment:checking '/home/jon/ws01/install/cpp06_time/bin'
[0.414s] INFO:colcon.colcon_core.shell:Creating package script '/home/jon/ws01/install/cpp06_time/share/cpp06_time/package.ps1'
[0.416s] INFO:colcon.colcon_core.shell:Creating package descriptor '/home/jon/ws01/install/cpp06_time/share/cpp06_time/package.dsv'
[0.416s] INFO:colcon.colcon_core.shell:Creating package script '/home/jon/ws01/install/cpp06_time/share/cpp06_time/package.sh'
[0.416s] INFO:colcon.colcon_core.shell:Creating package script '/home/jon/ws01/install/cpp06_time/share/cpp06_time/package.bash'
[0.416s] INFO:colcon.colcon_core.shell:Creating package script '/home/jon/ws01/install/cpp06_time/share/cpp06_time/package.zsh'
[0.417s] Level 1:colcon.colcon_core.environment:create_file_with_runtime_dependencies(/home/jon/ws01/install/cpp06_time/share/colcon-core/packages/cpp06_time)
[0.417s] Level 1:colcon.colcon_core.environment:create_environment_scripts_only(cpp06_time)
[0.417s] Level 1:colcon.colcon_core.environment:checking '/home/jon/ws01/install/cpp06_time' for CMake module files
[0.417s] Level 1:colcon.colcon_core.environment:checking '/home/jon/ws01/install/cpp06_time' for CMake config files
[0.418s] Level 1:colcon.colcon_core.shell:create_environment_hook('cpp06_time', 'cmake_prefix_path')
[0.418s] INFO:colcon.colcon_core.shell:Creating environment hook '/home/jon/ws01/install/cpp06_time/share/cpp06_time/hook/cmake_prefix_path.ps1'
[0.418s] INFO:colcon.colcon_core.shell:Creating environment descriptor '/home/jon/ws01/install/cpp06_time/share/cpp06_time/hook/cmake_prefix_path.dsv'
[0.418s] INFO:colcon.colcon_core.shell:Creating environment hook '/home/jon/ws01/install/cpp06_time/share/cpp06_time/hook/cmake_prefix_path.sh'
[0.419s] Level 1:colcon.colcon_core.environment:checking '/home/jon/ws01/install/cpp06_time/lib'
[0.419s] Level 1:colcon.colcon_core.environment:checking '/home/jon/ws01/install/cpp06_time/bin'
[0.419s] Level 1:colcon.colcon_core.environment:checking '/home/jon/ws01/install/cpp06_time/lib/pkgconfig/cpp06_time.pc'
[0.419s] Level 1:colcon.colcon_core.environment:checking '/home/jon/ws01/install/cpp06_time/lib/python3.10/site-packages'
[0.419s] Level 1:colcon.colcon_core.environment:checking '/home/jon/ws01/install/cpp06_time/bin'
[0.420s] INFO:colcon.colcon_core.shell:Creating package script '/home/jon/ws01/install/cpp06_time/share/cpp06_time/package.ps1'
[0.420s] INFO:colcon.colcon_core.shell:Creating package descriptor '/home/jon/ws01/install/cpp06_time/share/cpp06_time/package.dsv'
[0.420s] INFO:colcon.colcon_core.shell:Creating package script '/home/jon/ws01/install/cpp06_time/share/cpp06_time/package.sh'
[0.421s] INFO:colcon.colcon_core.shell:Creating package script '/home/jon/ws01/install/cpp06_time/share/cpp06_time/package.bash'
[0.421s] INFO:colcon.colcon_core.shell:Creating package script '/home/jon/ws01/install/cpp06_time/share/cpp06_time/package.zsh'
[0.421s] Level 1:colcon.colcon_core.environment:create_file_with_runtime_dependencies(/home/jon/ws01/install/cpp06_time/share/colcon-core/packages/cpp06_time)
[0.567s] DEBUG:colcon.colcon_core.event_handler.log_command:Invoked command in '/home/jon/ws01/build/base_demo' returned '0': CMAKE_PREFIX_PATH=${CMAKE_PREFIX_PATH}:/opt/ros/humble /usr/bin/cmake --build /home/jon/ws01/build/base_demo -- -j24 -l24
[0.568s] DEBUG:colcon.colcon_core.event_handler.log_command:Invoking command in '/home/jon/ws01/build/base_demo': CMAKE_PREFIX_PATH=${CMAKE_PREFIX_PATH}:/opt/ros/humble /usr/bin/cmake --install /home/jon/ws01/build/base_demo
[0.637s] Level 1:colcon.colcon_core.environment:create_environment_scripts_only(base_demo)
[0.637s] Level 1:colcon.colcon_core.environment:checking '/home/jon/ws01/install/base_demo' for CMake module files
[0.637s] DEBUG:colcon.colcon_core.event_handler.log_command:Invoked command in '/home/jon/ws01/build/base_demo' returned '0': CMAKE_PREFIX_PATH=${CMAKE_PREFIX_PATH}:/opt/ros/humble /usr/bin/cmake --install /home/jon/ws01/build/base_demo
[0.638s] Level 1:colcon.colcon_core.environment:checking '/home/jon/ws01/install/base_demo' for CMake config files
[0.638s] Level 1:colcon.colcon_core.shell:create_environment_hook('base_demo', 'cmake_prefix_path')
[0.639s] INFO:colcon.colcon_core.shell:Creating environment hook '/home/jon/ws01/install/base_demo/share/base_demo/hook/cmake_prefix_path.ps1'
[0.639s] INFO:colcon.colcon_core.shell:Creating environment descriptor '/home/jon/ws01/install/base_demo/share/base_demo/hook/cmake_prefix_path.dsv'
[0.639s] INFO:colcon.colcon_core.shell:Creating environment hook '/home/jon/ws01/install/base_demo/share/base_demo/hook/cmake_prefix_path.sh'
[0.640s] Level 1:colcon.colcon_core.environment:checking '/home/jon/ws01/install/base_demo/lib'
[0.640s] Level 1:colcon.colcon_core.shell:create_environment_hook('base_demo', 'ld_library_path_lib')
[0.640s] INFO:colcon.colcon_core.shell:Creating environment hook '/home/jon/ws01/install/base_demo/share/base_demo/hook/ld_library_path_lib.ps1'
[0.640s] INFO:colcon.colcon_core.shell:Creating environment descriptor '/home/jon/ws01/install/base_demo/share/base_demo/hook/ld_library_path_lib.dsv'
[0.641s] INFO:colcon.colcon_core.shell:Creating environment hook '/home/jon/ws01/install/base_demo/share/base_demo/hook/ld_library_path_lib.sh'
[0.641s] Level 1:colcon.colcon_core.environment:checking '/home/jon/ws01/install/base_demo/bin'
[0.641s] Level 1:colcon.colcon_core.environment:checking '/home/jon/ws01/install/base_demo/lib/pkgconfig/base_demo.pc'
[0.643s] Level 1:colcon.colcon_core.environment:checking '/home/jon/ws01/install/base_demo/lib/python3.10/site-packages'
[0.643s] Level 1:colcon.colcon_core.environment:checking '/home/jon/ws01/install/base_demo/bin'
[0.644s] INFO:colcon.colcon_core.shell:Creating package script '/home/jon/ws01/install/base_demo/share/base_demo/package.ps1'
[0.644s] INFO:colcon.colcon_core.shell:Creating package descriptor '/home/jon/ws01/install/base_demo/share/base_demo/package.dsv'
[0.644s] INFO:colcon.colcon_core.shell:Creating package script '/home/jon/ws01/install/base_demo/share/base_demo/package.sh'
[0.645s] INFO:colcon.colcon_core.shell:Creating package script '/home/jon/ws01/install/base_demo/share/base_demo/package.bash'
[0.645s] INFO:colcon.colcon_core.shell:Creating package script '/home/jon/ws01/install/base_demo/share/base_demo/package.zsh'
[0.645s] Level 1:colcon.colcon_core.environment:create_file_with_runtime_dependencies(/home/jon/ws01/install/base_demo/share/colcon-core/packages/base_demo)
[0.646s] Level 1:colcon.colcon_core.environment:create_environment_scripts_only(base_demo)
[0.646s] Level 1:colcon.colcon_core.environment:checking '/home/jon/ws01/install/base_demo' for CMake module files
[0.646s] Level 1:colcon.colcon_core.environment:checking '/home/jon/ws01/install/base_demo' for CMake config files
[0.647s] Level 1:colcon.colcon_core.shell:create_environment_hook('base_demo', 'cmake_prefix_path')
[0.647s] INFO:colcon.colcon_core.shell:Creating environment hook '/home/jon/ws01/install/base_demo/share/base_demo/hook/cmake_prefix_path.ps1'
[0.647s] INFO:colcon.colcon_core.shell:Creating environment descriptor '/home/jon/ws01/install/base_demo/share/base_demo/hook/cmake_prefix_path.dsv'
[0.647s] INFO:colcon.colcon_core.shell:Creating environment hook '/home/jon/ws01/install/base_demo/share/base_demo/hook/cmake_prefix_path.sh'
[0.648s] Level 1:colcon.colcon_core.environment:checking '/home/jon/ws01/install/base_demo/lib'
[0.648s] Level 1:colcon.colcon_core.shell:create_environment_hook('base_demo', 'ld_library_path_lib')
[0.648s] INFO:colcon.colcon_core.shell:Creating environment hook '/home/jon/ws01/install/base_demo/share/base_demo/hook/ld_library_path_lib.ps1'
[0.648s] INFO:colcon.colcon_core.shell:Creating environment descriptor '/home/jon/ws01/install/base_demo/share/base_demo/hook/ld_library_path_lib.dsv'
[0.648s] INFO:colcon.colcon_core.shell:Creating environment hook '/home/jon/ws01/install/base_demo/share/base_demo/hook/ld_library_path_lib.sh'
[0.649s] Level 1:colcon.colcon_core.environment:checking '/home/jon/ws01/install/base_demo/bin'
[0.649s] Level 1:colcon.colcon_core.environment:checking '/home/jon/ws01/install/base_demo/lib/pkgconfig/base_demo.pc'
[0.649s] Level 1:colcon.colcon_core.environment:checking '/home/jon/ws01/install/base_demo/lib/python3.10/site-packages'
[0.649s] Level 1:colcon.colcon_core.environment:checking '/home/jon/ws01/install/base_demo/bin'
[0.649s] INFO:colcon.colcon_core.shell:Creating package script '/home/jon/ws01/install/base_demo/share/base_demo/package.ps1'
[0.650s] INFO:colcon.colcon_core.shell:Creating package descriptor '/home/jon/ws01/install/base_demo/share/base_demo/package.dsv'
[0.650s] INFO:colcon.colcon_core.shell:Creating package script '/home/jon/ws01/install/base_demo/share/base_demo/package.sh'
[0.650s] INFO:colcon.colcon_core.shell:Creating package script '/home/jon/ws01/install/base_demo/share/base_demo/package.bash'
[0.651s] INFO:colcon.colcon_core.shell:Creating package script '/home/jon/ws01/install/base_demo/share/base_demo/package.zsh'
[0.651s] Level 1:colcon.colcon_core.environment:create_file_with_runtime_dependencies(/home/jon/ws01/install/base_demo/share/colcon-core/packages/base_demo)
[0.651s] INFO:colcon.colcon_ros.task.ament_cmake.build:Building ROS package in '/home/jon/ws01/src/cpp01_topic' with build type 'ament_cmake'
[0.651s] INFO:colcon.colcon_cmake.task.cmake.build:Building CMake package in '/home/jon/ws01/src/cpp01_topic'
[0.651s] INFO:colcon.colcon_core.shell:Skip shell extension 'powershell' for command environment: Not usable outside of PowerShell
[0.652s] DEBUG:colcon.colcon_core.shell:Skip shell extension 'dsv' for command environment
[0.654s] INFO:colcon.colcon_ros.task.ament_cmake.build:Building ROS package in '/home/jon/ws01/src/cpp02_service' with build type 'ament_cmake'
[0.654s] INFO:colcon.colcon_cmake.task.cmake.build:Building CMake package in '/home/jon/ws01/src/cpp02_service'
[0.655s] INFO:colcon.colcon_core.shell:Skip shell extension 'powershell' for command environment: Not usable outside of PowerShell
[0.655s] DEBUG:colcon.colcon_core.shell:Skip shell extension 'dsv' for command environment
[0.657s] INFO:colcon.colcon_ros.task.ament_cmake.build:Building ROS package in '/home/jon/ws01/src/cpp03_action' with build type 'ament_cmake'
[0.658s] INFO:colcon.colcon_cmake.task.cmake.build:Building CMake package in '/home/jon/ws01/src/cpp03_action'
[0.658s] INFO:colcon.colcon_core.shell:Skip shell extension 'powershell' for command environment: Not usable outside of PowerShell
[0.658s] DEBUG:colcon.colcon_core.shell:Skip shell extension 'dsv' for command environment
[0.661s] INFO:colcon.colcon_ros.task.ament_cmake.build:Building ROS package in '/home/jon/ws01/src/cpp07_exercise' with build type 'ament_cmake'
[0.661s] INFO:colcon.colcon_cmake.task.cmake.build:Building CMake package in '/home/jon/ws01/src/cpp07_exercise'
[0.661s] INFO:colcon.colcon_core.shell:Skip shell extension 'powershell' for command environment: Not usable outside of PowerShell
[0.662s] DEBUG:colcon.colcon_core.shell:Skip shell extension 'dsv' for command environment
[0.668s] DEBUG:colcon.colcon_core.event_handler.log_command:Invoking command in '/home/jon/ws01/build/cpp01_topic': CMAKE_PREFIX_PATH=/home/jon/ws01/install/base_demo:/home/jon/ws01/install/tutorails_plumbing:/home/jon/ws01/install/cpp07_exercise:/home/jon/ws01/install/cpp06_time:/home/jon/ws01/install/cpp05_names:/home/jon/ws01/install/cpp04_param:/home/jon/ws01/install/cpp03_action:/home/jon/ws01/install/cpp02_service:/home/jon/ws01/install/cpp01_topic:/opt/ros/humble /usr/bin/cmake --build /home/jon/ws01/build/cpp01_topic -- -j24 -l24
[0.669s] DEBUG:colcon.colcon_core.event_handler.log_command:Invoking command in '/home/jon/ws01/build/cpp02_service': CMAKE_PREFIX_PATH=/home/jon/ws01/install/base_demo:/home/jon/ws01/install/tutorails_plumbing:/home/jon/ws01/install/cpp07_exercise:/home/jon/ws01/install/cpp06_time:/home/jon/ws01/install/cpp05_names:/home/jon/ws01/install/cpp04_param:/home/jon/ws01/install/cpp03_action:/home/jon/ws01/install/cpp02_service:/home/jon/ws01/install/cpp01_topic:/opt/ros/humble /usr/bin/cmake --build /home/jon/ws01/build/cpp02_service -- -j24 -l24
[0.671s] DEBUG:colcon.colcon_core.event_handler.log_command:Invoking command in '/home/jon/ws01/build/cpp03_action': CMAKE_PREFIX_PATH=/home/jon/ws01/install/base_demo:/home/jon/ws01/install/tutorails_plumbing:/home/jon/ws01/install/cpp07_exercise:/home/jon/ws01/install/cpp06_time:/home/jon/ws01/install/cpp05_names:/home/jon/ws01/install/cpp04_param:/home/jon/ws01/install/cpp03_action:/home/jon/ws01/install/cpp02_service:/home/jon/ws01/install/cpp01_topic:/opt/ros/humble /usr/bin/cmake --build /home/jon/ws01/build/cpp03_action -- -j24 -l24
[0.677s] DEBUG:colcon.colcon_core.event_handler.log_command:Invoking command in '/home/jon/ws01/build/cpp07_exercise': CMAKE_PREFIX_PATH=/home/jon/ws01/install/base_demo:/home/jon/ws01/install/tutorails_plumbing:/home/jon/ws01/install/cpp07_exercise:/home/jon/ws01/install/cpp06_time:/home/jon/ws01/install/cpp05_names:/home/jon/ws01/install/cpp04_param:/home/jon/ws01/install/cpp03_action:/home/jon/ws01/install/cpp02_service:/home/jon/ws01/install/cpp01_topic:/opt/ros/humble /usr/bin/cmake --build /home/jon/ws01/build/cpp07_exercise -- -j24 -l24
[0.730s] DEBUG:colcon.colcon_core.event_handler.log_command:Invoked command in '/home/jon/ws01/build/cpp02_service' returned '0': CMAKE_PREFIX_PATH=/home/jon/ws01/install/base_demo:/home/jon/ws01/install/tutorails_plumbing:/home/jon/ws01/install/cpp07_exercise:/home/jon/ws01/install/cpp06_time:/home/jon/ws01/install/cpp05_names:/home/jon/ws01/install/cpp04_param:/home/jon/ws01/install/cpp03_action:/home/jon/ws01/install/cpp02_service:/home/jon/ws01/install/cpp01_topic:/opt/ros/humble /usr/bin/cmake --build /home/jon/ws01/build/cpp02_service -- -j24 -l24
[0.732s] DEBUG:colcon.colcon_core.event_handler.log_command:Invoking command in '/home/jon/ws01/build/cpp02_service': CMAKE_PREFIX_PATH=/home/jon/ws01/install/base_demo:/home/jon/ws01/install/tutorails_plumbing:/home/jon/ws01/install/cpp07_exercise:/home/jon/ws01/install/cpp06_time:/home/jon/ws01/install/cpp05_names:/home/jon/ws01/install/cpp04_param:/home/jon/ws01/install/cpp03_action:/home/jon/ws01/install/cpp02_service:/home/jon/ws01/install/cpp01_topic:/opt/ros/humble /usr/bin/cmake --install /home/jon/ws01/build/cpp02_service
[0.736s] DEBUG:colcon.colcon_core.event_handler.log_command:Invoked command in '/home/jon/ws01/build/cpp01_topic' returned '0': CMAKE_PREFIX_PATH=/home/jon/ws01/install/base_demo:/home/jon/ws01/install/tutorails_plumbing:/home/jon/ws01/install/cpp07_exercise:/home/jon/ws01/install/cpp06_time:/home/jon/ws01/install/cpp05_names:/home/jon/ws01/install/cpp04_param:/home/jon/ws01/install/cpp03_action:/home/jon/ws01/install/cpp02_service:/home/jon/ws01/install/cpp01_topic:/opt/ros/humble /usr/bin/cmake --build /home/jon/ws01/build/cpp01_topic -- -j24 -l24
[0.737s] DEBUG:colcon.colcon_core.event_handler.log_command:Invoking command in '/home/jon/ws01/build/cpp01_topic': CMAKE_PREFIX_PATH=/home/jon/ws01/install/base_demo:/home/jon/ws01/install/tutorails_plumbing:/home/jon/ws01/install/cpp07_exercise:/home/jon/ws01/install/cpp06_time:/home/jon/ws01/install/cpp05_names:/home/jon/ws01/install/cpp04_param:/home/jon/ws01/install/cpp03_action:/home/jon/ws01/install/cpp02_service:/home/jon/ws01/install/cpp01_topic:/opt/ros/humble /usr/bin/cmake --install /home/jon/ws01/build/cpp01_topic
[0.743s] DEBUG:colcon.colcon_core.event_handler.log_command:Invoked command in '/home/jon/ws01/build/cpp07_exercise' returned '0': CMAKE_PREFIX_PATH=/home/jon/ws01/install/base_demo:/home/jon/ws01/install/tutorails_plumbing:/home/jon/ws01/install/cpp07_exercise:/home/jon/ws01/install/cpp06_time:/home/jon/ws01/install/cpp05_names:/home/jon/ws01/install/cpp04_param:/home/jon/ws01/install/cpp03_action:/home/jon/ws01/install/cpp02_service:/home/jon/ws01/install/cpp01_topic:/opt/ros/humble /usr/bin/cmake --build /home/jon/ws01/build/cpp07_exercise -- -j24 -l24
[0.744s] DEBUG:colcon.colcon_core.event_handler.log_command:Invoking command in '/home/jon/ws01/build/cpp07_exercise': CMAKE_PREFIX_PATH=/home/jon/ws01/install/base_demo:/home/jon/ws01/install/tutorails_plumbing:/home/jon/ws01/install/cpp07_exercise:/home/jon/ws01/install/cpp06_time:/home/jon/ws01/install/cpp05_names:/home/jon/ws01/install/cpp04_param:/home/jon/ws01/install/cpp03_action:/home/jon/ws01/install/cpp02_service:/home/jon/ws01/install/cpp01_topic:/opt/ros/humble /usr/bin/cmake --install /home/jon/ws01/build/cpp07_exercise
[0.745s] Level 1:colcon.colcon_core.environment:create_environment_scripts_only(cpp02_service)
[0.745s] DEBUG:colcon.colcon_core.event_handler.log_command:Invoked command in '/home/jon/ws01/build/cpp02_service' returned '0': CMAKE_PREFIX_PATH=/home/jon/ws01/install/base_demo:/home/jon/ws01/install/tutorails_plumbing:/home/jon/ws01/install/cpp07_exercise:/home/jon/ws01/install/cpp06_time:/home/jon/ws01/install/cpp05_names:/home/jon/ws01/install/cpp04_param:/home/jon/ws01/install/cpp03_action:/home/jon/ws01/install/cpp02_service:/home/jon/ws01/install/cpp01_topic:/opt/ros/humble /usr/bin/cmake --install /home/jon/ws01/build/cpp02_service
[0.746s] Level 1:colcon.colcon_core.environment:checking '/home/jon/ws01/install/cpp02_service' for CMake module files
[0.747s] Level 1:colcon.colcon_core.environment:checking '/home/jon/ws01/install/cpp02_service' for CMake config files
[0.747s] Level 1:colcon.colcon_core.shell:create_environment_hook('cpp02_service', 'cmake_prefix_path')
[0.747s] INFO:colcon.colcon_core.shell:Creating environment hook '/home/jon/ws01/install/cpp02_service/share/cpp02_service/hook/cmake_prefix_path.ps1'
[0.748s] INFO:colcon.colcon_core.shell:Creating environment descriptor '/home/jon/ws01/install/cpp02_service/share/cpp02_service/hook/cmake_prefix_path.dsv'
[0.750s] INFO:colcon.colcon_core.shell:Creating environment hook '/home/jon/ws01/install/cpp02_service/share/cpp02_service/hook/cmake_prefix_path.sh'
[0.751s] Level 1:colcon.colcon_core.environment:checking '/home/jon/ws01/install/cpp02_service/lib'
[0.751s] Level 1:colcon.colcon_core.environment:checking '/home/jon/ws01/install/cpp02_service/bin'
[0.752s] Level 1:colcon.colcon_core.environment:checking '/home/jon/ws01/install/cpp02_service/lib/pkgconfig/cpp02_service.pc'
[0.752s] Level 1:colcon.colcon_core.environment:checking '/home/jon/ws01/install/cpp02_service/lib/python3.10/site-packages'
[0.753s] Level 1:colcon.colcon_core.environment:checking '/home/jon/ws01/install/cpp02_service/bin'
[0.753s] INFO:colcon.colcon_core.shell:Creating package script '/home/jon/ws01/install/cpp02_service/share/cpp02_service/package.ps1'
[0.755s] INFO:colcon.colcon_core.shell:Creating package descriptor '/home/jon/ws01/install/cpp02_service/share/cpp02_service/package.dsv'
[0.756s] INFO:colcon.colcon_core.shell:Creating package script '/home/jon/ws01/install/cpp02_service/share/cpp02_service/package.sh'
[0.756s] INFO:colcon.colcon_core.shell:Creating package script '/home/jon/ws01/install/cpp02_service/share/cpp02_service/package.bash'
[0.756s] INFO:colcon.colcon_core.shell:Creating package script '/home/jon/ws01/install/cpp02_service/share/cpp02_service/package.zsh'
[0.757s] Level 1:colcon.colcon_core.environment:create_file_with_runtime_dependencies(/home/jon/ws01/install/cpp02_service/share/colcon-core/packages/cpp02_service)
[0.757s] Level 1:colcon.colcon_core.environment:create_environment_scripts_only(cpp02_service)
[0.757s] Level 1:colcon.colcon_core.environment:checking '/home/jon/ws01/install/cpp02_service' for CMake module files
[0.757s] Level 1:colcon.colcon_core.environment:checking '/home/jon/ws01/install/cpp02_service' for CMake config files
[0.757s] Level 1:colcon.colcon_core.shell:create_environment_hook('cpp02_service', 'cmake_prefix_path')
[0.758s] INFO:colcon.colcon_core.shell:Creating environment hook '/home/jon/ws01/install/cpp02_service/share/cpp02_service/hook/cmake_prefix_path.ps1'
[0.758s] INFO:colcon.colcon_core.shell:Creating environment descriptor '/home/jon/ws01/install/cpp02_service/share/cpp02_service/hook/cmake_prefix_path.dsv'
[0.758s] INFO:colcon.colcon_core.shell:Creating environment hook '/home/jon/ws01/install/cpp02_service/share/cpp02_service/hook/cmake_prefix_path.sh'
[0.758s] Level 1:colcon.colcon_core.environment:checking '/home/jon/ws01/install/cpp02_service/lib'
[0.758s] Level 1:colcon.colcon_core.environment:checking '/home/jon/ws01/install/cpp02_service/bin'
[0.758s] Level 1:colcon.colcon_core.environment:checking '/home/jon/ws01/install/cpp02_service/lib/pkgconfig/cpp02_service.pc'
[0.759s] Level 1:colcon.colcon_core.environment:checking '/home/jon/ws01/install/cpp02_service/lib/python3.10/site-packages'
[0.759s] Level 1:colcon.colcon_core.environment:checking '/home/jon/ws01/install/cpp02_service/bin'
[0.759s] INFO:colcon.colcon_core.shell:Creating package script '/home/jon/ws01/install/cpp02_service/share/cpp02_service/package.ps1'
[0.759s] INFO:colcon.colcon_core.shell:Creating package descriptor '/home/jon/ws01/install/cpp02_service/share/cpp02_service/package.dsv'
[0.760s] INFO:colcon.colcon_core.shell:Creating package script '/home/jon/ws01/install/cpp02_service/share/cpp02_service/package.sh'
[0.760s] INFO:colcon.colcon_core.shell:Creating package script '/home/jon/ws01/install/cpp02_service/share/cpp02_service/package.bash'
[0.760s] INFO:colcon.colcon_core.shell:Creating package script '/home/jon/ws01/install/cpp02_service/share/cpp02_service/package.zsh'
[0.760s] Level 1:colcon.colcon_core.environment:create_file_with_runtime_dependencies(/home/jon/ws01/install/cpp02_service/share/colcon-core/packages/cpp02_service)
[0.761s] DEBUG:colcon.colcon_core.event_handler.log_command:Invoked command in '/home/jon/ws01/build/cpp03_action' returned '0': CMAKE_PREFIX_PATH=/home/jon/ws01/install/base_demo:/home/jon/ws01/install/tutorails_plumbing:/home/jon/ws01/install/cpp07_exercise:/home/jon/ws01/install/cpp06_time:/home/jon/ws01/install/cpp05_names:/home/jon/ws01/install/cpp04_param:/home/jon/ws01/install/cpp03_action:/home/jon/ws01/install/cpp02_service:/home/jon/ws01/install/cpp01_topic:/opt/ros/humble /usr/bin/cmake --build /home/jon/ws01/build/cpp03_action -- -j24 -l24
[0.762s] DEBUG:colcon.colcon_core.event_handler.log_command:Invoking command in '/home/jon/ws01/build/cpp03_action': CMAKE_PREFIX_PATH=/home/jon/ws01/install/base_demo:/home/jon/ws01/install/tutorails_plumbing:/home/jon/ws01/install/cpp07_exercise:/home/jon/ws01/install/cpp06_time:/home/jon/ws01/install/cpp05_names:/home/jon/ws01/install/cpp04_param:/home/jon/ws01/install/cpp03_action:/home/jon/ws01/install/cpp02_service:/home/jon/ws01/install/cpp01_topic:/opt/ros/humble /usr/bin/cmake --install /home/jon/ws01/build/cpp03_action
[0.764s] Level 1:colcon.colcon_core.environment:create_environment_scripts_only(cpp01_topic)
[0.765s] DEBUG:colcon.colcon_core.event_handler.log_command:Invoked command in '/home/jon/ws01/build/cpp01_topic' returned '0': CMAKE_PREFIX_PATH=/home/jon/ws01/install/base_demo:/home/jon/ws01/install/tutorails_plumbing:/home/jon/ws01/install/cpp07_exercise:/home/jon/ws01/install/cpp06_time:/home/jon/ws01/install/cpp05_names:/home/jon/ws01/install/cpp04_param:/home/jon/ws01/install/cpp03_action:/home/jon/ws01/install/cpp02_service:/home/jon/ws01/install/cpp01_topic:/opt/ros/humble /usr/bin/cmake --install /home/jon/ws01/build/cpp01_topic
[0.767s] Level 1:colcon.colcon_core.environment:checking '/home/jon/ws01/install/cpp01_topic' for CMake module files
[0.767s] Level 1:colcon.colcon_core.environment:checking '/home/jon/ws01/install/cpp01_topic' for CMake config files
[0.767s] Level 1:colcon.colcon_core.shell:create_environment_hook('cpp01_topic', 'cmake_prefix_path')
[0.767s] INFO:colcon.colcon_core.shell:Creating environment hook '/home/jon/ws01/install/cpp01_topic/share/cpp01_topic/hook/cmake_prefix_path.ps1'
[0.768s] INFO:colcon.colcon_core.shell:Creating environment descriptor '/home/jon/ws01/install/cpp01_topic/share/cpp01_topic/hook/cmake_prefix_path.dsv'
[0.768s] INFO:colcon.colcon_core.shell:Creating environment hook '/home/jon/ws01/install/cpp01_topic/share/cpp01_topic/hook/cmake_prefix_path.sh'
[0.769s] Level 1:colcon.colcon_core.environment:checking '/home/jon/ws01/install/cpp01_topic/lib'
[0.769s] Level 1:colcon.colcon_core.environment:checking '/home/jon/ws01/install/cpp01_topic/bin'
[0.769s] Level 1:colcon.colcon_core.environment:checking '/home/jon/ws01/install/cpp01_topic/lib/pkgconfig/cpp01_topic.pc'
[0.770s] Level 1:colcon.colcon_core.environment:checking '/home/jon/ws01/install/cpp01_topic/lib/python3.10/site-packages'
[0.770s] Level 1:colcon.colcon_core.environment:checking '/home/jon/ws01/install/cpp01_topic/bin'
[0.770s] INFO:colcon.colcon_core.shell:Creating package script '/home/jon/ws01/install/cpp01_topic/share/cpp01_topic/package.ps1'
[0.771s] INFO:colcon.colcon_core.shell:Creating package descriptor '/home/jon/ws01/install/cpp01_topic/share/cpp01_topic/package.dsv'
[0.771s] INFO:colcon.colcon_core.shell:Creating package script '/home/jon/ws01/install/cpp01_topic/share/cpp01_topic/package.sh'
[0.771s] INFO:colcon.colcon_core.shell:Creating package script '/home/jon/ws01/install/cpp01_topic/share/cpp01_topic/package.bash'
[0.772s] INFO:colcon.colcon_core.shell:Creating package script '/home/jon/ws01/install/cpp01_topic/share/cpp01_topic/package.zsh'
[0.772s] Level 1:colcon.colcon_core.environment:create_file_with_runtime_dependencies(/home/jon/ws01/install/cpp01_topic/share/colcon-core/packages/cpp01_topic)
[0.772s] Level 1:colcon.colcon_core.environment:create_environment_scripts_only(cpp01_topic)
[0.772s] Level 1:colcon.colcon_core.environment:checking '/home/jon/ws01/install/cpp01_topic' for CMake module files
[0.772s] Level 1:colcon.colcon_core.environment:checking '/home/jon/ws01/install/cpp01_topic' for CMake config files
[0.773s] Level 1:colcon.colcon_core.shell:create_environment_hook('cpp01_topic', 'cmake_prefix_path')
[0.773s] INFO:colcon.colcon_core.shell:Creating environment hook '/home/jon/ws01/install/cpp01_topic/share/cpp01_topic/hook/cmake_prefix_path.ps1'
[0.773s] INFO:colcon.colcon_core.shell:Creating environment descriptor '/home/jon/ws01/install/cpp01_topic/share/cpp01_topic/hook/cmake_prefix_path.dsv'
[0.773s] INFO:colcon.colcon_core.shell:Creating environment hook '/home/jon/ws01/install/cpp01_topic/share/cpp01_topic/hook/cmake_prefix_path.sh'
[0.773s] Level 1:colcon.colcon_core.environment:checking '/home/jon/ws01/install/cpp01_topic/lib'
[0.773s] Level 1:colcon.colcon_core.environment:checking '/home/jon/ws01/install/cpp01_topic/bin'
[0.773s] Level 1:colcon.colcon_core.environment:checking '/home/jon/ws01/install/cpp01_topic/lib/pkgconfig/cpp01_topic.pc'
[0.774s] Level 1:colcon.colcon_core.environment:checking '/home/jon/ws01/install/cpp01_topic/lib/python3.10/site-packages'
[0.774s] Level 1:colcon.colcon_core.environment:checking '/home/jon/ws01/install/cpp01_topic/bin'
[0.774s] INFO:colcon.colcon_core.shell:Creating package script '/home/jon/ws01/install/cpp01_topic/share/cpp01_topic/package.ps1'
[0.774s] INFO:colcon.colcon_core.shell:Creating package descriptor '/home/jon/ws01/install/cpp01_topic/share/cpp01_topic/package.dsv'
[0.775s] INFO:colcon.colcon_core.shell:Creating package script '/home/jon/ws01/install/cpp01_topic/share/cpp01_topic/package.sh'
[0.775s] INFO:colcon.colcon_core.shell:Creating package script '/home/jon/ws01/install/cpp01_topic/share/cpp01_topic/package.bash'
[0.775s] INFO:colcon.colcon_core.shell:Creating package script '/home/jon/ws01/install/cpp01_topic/share/cpp01_topic/package.zsh'
[0.776s] Level 1:colcon.colcon_core.environment:create_file_with_runtime_dependencies(/home/jon/ws01/install/cpp01_topic/share/colcon-core/packages/cpp01_topic)
[0.776s] Level 1:colcon.colcon_core.environment:create_environment_scripts_only(cpp07_exercise)
[0.776s] Level 1:colcon.colcon_core.environment:checking '/home/jon/ws01/install/cpp07_exercise' for CMake module files
[0.777s] Level 1:colcon.colcon_core.environment:checking '/home/jon/ws01/install/cpp07_exercise' for CMake config files
[0.777s] Level 1:colcon.colcon_core.shell:create_environment_hook('cpp07_exercise', 'cmake_prefix_path')
[0.777s] INFO:colcon.colcon_core.shell:Creating environment hook '/home/jon/ws01/install/cpp07_exercise/share/cpp07_exercise/hook/cmake_prefix_path.ps1'
[0.776s] DEBUG:colcon.colcon_core.event_handler.log_command:Invoked command in '/home/jon/ws01/build/cpp07_exercise' returned '0': CMAKE_PREFIX_PATH=/home/jon/ws01/install/base_demo:/home/jon/ws01/install/tutorails_plumbing:/home/jon/ws01/install/cpp07_exercise:/home/jon/ws01/install/cpp06_time:/home/jon/ws01/install/cpp05_names:/home/jon/ws01/install/cpp04_param:/home/jon/ws01/install/cpp03_action:/home/jon/ws01/install/cpp02_service:/home/jon/ws01/install/cpp01_topic:/opt/ros/humble /usr/bin/cmake --install /home/jon/ws01/build/cpp07_exercise
[0.777s] INFO:colcon.colcon_core.shell:Creating environment descriptor '/home/jon/ws01/install/cpp07_exercise/share/cpp07_exercise/hook/cmake_prefix_path.dsv'
[0.777s] INFO:colcon.colcon_core.shell:Creating environment hook '/home/jon/ws01/install/cpp07_exercise/share/cpp07_exercise/hook/cmake_prefix_path.sh'
[0.778s] Level 1:colcon.colcon_core.environment:checking '/home/jon/ws01/install/cpp07_exercise/lib'
[0.778s] Level 1:colcon.colcon_core.environment:checking '/home/jon/ws01/install/cpp07_exercise/bin'
[0.778s] Level 1:colcon.colcon_core.environment:checking '/home/jon/ws01/install/cpp07_exercise/lib/pkgconfig/cpp07_exercise.pc'
[0.778s] Level 1:colcon.colcon_core.environment:checking '/home/jon/ws01/install/cpp07_exercise/lib/python3.10/site-packages'
[0.778s] Level 1:colcon.colcon_core.environment:checking '/home/jon/ws01/install/cpp07_exercise/bin'
[0.778s] INFO:colcon.colcon_core.shell:Creating package script '/home/jon/ws01/install/cpp07_exercise/share/cpp07_exercise/package.ps1'
[0.779s] INFO:colcon.colcon_core.shell:Creating package descriptor '/home/jon/ws01/install/cpp07_exercise/share/cpp07_exercise/package.dsv'
[0.779s] INFO:colcon.colcon_core.shell:Creating package script '/home/jon/ws01/install/cpp07_exercise/share/cpp07_exercise/package.sh'
[0.779s] INFO:colcon.colcon_core.shell:Creating package script '/home/jon/ws01/install/cpp07_exercise/share/cpp07_exercise/package.bash'
[0.779s] INFO:colcon.colcon_core.shell:Creating package script '/home/jon/ws01/install/cpp07_exercise/share/cpp07_exercise/package.zsh'
[0.779s] Level 1:colcon.colcon_core.environment:create_file_with_runtime_dependencies(/home/jon/ws01/install/cpp07_exercise/share/colcon-core/packages/cpp07_exercise)
[0.780s] Level 1:colcon.colcon_core.environment:create_environment_scripts_only(cpp07_exercise)
[0.780s] Level 1:colcon.colcon_core.environment:checking '/home/jon/ws01/install/cpp07_exercise' for CMake module files
[0.780s] Level 1:colcon.colcon_core.environment:checking '/home/jon/ws01/install/cpp07_exercise' for CMake config files
[0.780s] Level 1:colcon.colcon_core.shell:create_environment_hook('cpp07_exercise', 'cmake_prefix_path')
[0.780s] INFO:colcon.colcon_core.shell:Creating environment hook '/home/jon/ws01/install/cpp07_exercise/share/cpp07_exercise/hook/cmake_prefix_path.ps1'
[0.780s] INFO:colcon.colcon_core.shell:Creating environment descriptor '/home/jon/ws01/install/cpp07_exercise/share/cpp07_exercise/hook/cmake_prefix_path.dsv'
[0.781s] INFO:colcon.colcon_core.shell:Creating environment hook '/home/jon/ws01/install/cpp07_exercise/share/cpp07_exercise/hook/cmake_prefix_path.sh'
[0.781s] Level 1:colcon.colcon_core.environment:checking '/home/jon/ws01/install/cpp07_exercise/lib'
[0.781s] Level 1:colcon.colcon_core.environment:checking '/home/jon/ws01/install/cpp07_exercise/bin'
[0.781s] Level 1:colcon.colcon_core.environment:checking '/home/jon/ws01/install/cpp07_exercise/lib/pkgconfig/cpp07_exercise.pc'
[0.781s] Level 1:colcon.colcon_core.environment:checking '/home/jon/ws01/install/cpp07_exercise/lib/python3.10/site-packages'
[0.781s] Level 1:colcon.colcon_core.environment:checking '/home/jon/ws01/install/cpp07_exercise/bin'
[0.781s] INFO:colcon.colcon_core.shell:Creating package script '/home/jon/ws01/install/cpp07_exercise/share/cpp07_exercise/package.ps1'
[0.782s] INFO:colcon.colcon_core.shell:Creating package descriptor '/home/jon/ws01/install/cpp07_exercise/share/cpp07_exercise/package.dsv'
[0.782s] INFO:colcon.colcon_core.shell:Creating package script '/home/jon/ws01/install/cpp07_exercise/share/cpp07_exercise/package.sh'
[0.782s] INFO:colcon.colcon_core.shell:Creating package script '/home/jon/ws01/install/cpp07_exercise/share/cpp07_exercise/package.bash'
[0.782s] INFO:colcon.colcon_core.shell:Creating package script '/home/jon/ws01/install/cpp07_exercise/share/cpp07_exercise/package.zsh'
[0.783s] Level 1:colcon.colcon_core.environment:create_file_with_runtime_dependencies(/home/jon/ws01/install/cpp07_exercise/share/colcon-core/packages/cpp07_exercise)
[0.783s] Level 1:colcon.colcon_core.environment:create_environment_scripts_only(cpp03_action)
[0.784s] Level 1:colcon.colcon_core.environment:checking '/home/jon/ws01/install/cpp03_action' for CMake module files
[0.784s] Level 1:colcon.colcon_core.environment:checking '/home/jon/ws01/install/cpp03_action' for CMake config files
[0.784s] Level 1:colcon.colcon_core.shell:create_environment_hook('cpp03_action', 'cmake_prefix_path')
[0.784s] INFO:colcon.colcon_core.shell:Creating environment hook '/home/jon/ws01/install/cpp03_action/share/cpp03_action/hook/cmake_prefix_path.ps1'
[0.785s] DEBUG:colcon.colcon_core.event_handler.log_command:Invoked command in '/home/jon/ws01/build/cpp03_action' returned '0': CMAKE_PREFIX_PATH=/home/jon/ws01/install/base_demo:/home/jon/ws01/install/tutorails_plumbing:/home/jon/ws01/install/cpp07_exercise:/home/jon/ws01/install/cpp06_time:/home/jon/ws01/install/cpp05_names:/home/jon/ws01/install/cpp04_param:/home/jon/ws01/install/cpp03_action:/home/jon/ws01/install/cpp02_service:/home/jon/ws01/install/cpp01_topic:/opt/ros/humble /usr/bin/cmake --install /home/jon/ws01/build/cpp03_action
[0.785s] INFO:colcon.colcon_core.shell:Creating environment descriptor '/home/jon/ws01/install/cpp03_action/share/cpp03_action/hook/cmake_prefix_path.dsv'
[0.785s] INFO:colcon.colcon_core.shell:Creating environment hook '/home/jon/ws01/install/cpp03_action/share/cpp03_action/hook/cmake_prefix_path.sh'
[0.785s] Level 1:colcon.colcon_core.environment:checking '/home/jon/ws01/install/cpp03_action/lib'
[0.785s] Level 1:colcon.colcon_core.environment:checking '/home/jon/ws01/install/cpp03_action/bin'
[0.785s] Level 1:colcon.colcon_core.environment:checking '/home/jon/ws01/install/cpp03_action/lib/pkgconfig/cpp03_action.pc'
[0.786s] Level 1:colcon.colcon_core.environment:checking '/home/jon/ws01/install/cpp03_action/lib/python3.10/site-packages'
[0.786s] Level 1:colcon.colcon_core.environment:checking '/home/jon/ws01/install/cpp03_action/bin'
[0.786s] INFO:colcon.colcon_core.shell:Creating package script '/home/jon/ws01/install/cpp03_action/share/cpp03_action/package.ps1'
[0.786s] INFO:colcon.colcon_core.shell:Creating package descriptor '/home/jon/ws01/install/cpp03_action/share/cpp03_action/package.dsv'
[0.786s] INFO:colcon.colcon_core.shell:Creating package script '/home/jon/ws01/install/cpp03_action/share/cpp03_action/package.sh'
[0.787s] INFO:colcon.colcon_core.shell:Creating package script '/home/jon/ws01/install/cpp03_action/share/cpp03_action/package.bash'
[0.787s] INFO:colcon.colcon_core.shell:Creating package script '/home/jon/ws01/install/cpp03_action/share/cpp03_action/package.zsh'
[0.787s] Level 1:colcon.colcon_core.environment:create_file_with_runtime_dependencies(/home/jon/ws01/install/cpp03_action/share/colcon-core/packages/cpp03_action)
[0.787s] Level 1:colcon.colcon_core.environment:create_environment_scripts_only(cpp03_action)
[0.787s] Level 1:colcon.colcon_core.environment:checking '/home/jon/ws01/install/cpp03_action' for CMake module files
[0.788s] Level 1:colcon.colcon_core.environment:checking '/home/jon/ws01/install/cpp03_action' for CMake config files
[0.788s] Level 1:colcon.colcon_core.shell:create_environment_hook('cpp03_action', 'cmake_prefix_path')
[0.788s] INFO:colcon.colcon_core.shell:Creating environment hook '/home/jon/ws01/install/cpp03_action/share/cpp03_action/hook/cmake_prefix_path.ps1'
[0.788s] INFO:colcon.colcon_core.shell:Creating environment descriptor '/home/jon/ws01/install/cpp03_action/share/cpp03_action/hook/cmake_prefix_path.dsv'
[0.788s] INFO:colcon.colcon_core.shell:Creating environment hook '/home/jon/ws01/install/cpp03_action/share/cpp03_action/hook/cmake_prefix_path.sh'
[0.789s] Level 1:colcon.colcon_core.environment:checking '/home/jon/ws01/install/cpp03_action/lib'
[0.789s] Level 1:colcon.colcon_core.environment:checking '/home/jon/ws01/install/cpp03_action/bin'
[0.789s] Level 1:colcon.colcon_core.environment:checking '/home/jon/ws01/install/cpp03_action/lib/pkgconfig/cpp03_action.pc'
[0.789s] Level 1:colcon.colcon_core.environment:checking '/home/jon/ws01/install/cpp03_action/lib/python3.10/site-packages'
[0.789s] Level 1:colcon.colcon_core.environment:checking '/home/jon/ws01/install/cpp03_action/bin'
[0.789s] INFO:colcon.colcon_core.shell:Creating package script '/home/jon/ws01/install/cpp03_action/share/cpp03_action/package.ps1'
[0.790s] INFO:colcon.colcon_core.shell:Creating package descriptor '/home/jon/ws01/install/cpp03_action/share/cpp03_action/package.dsv'
[0.790s] INFO:colcon.colcon_core.shell:Creating package script '/home/jon/ws01/install/cpp03_action/share/cpp03_action/package.sh'
[0.790s] INFO:colcon.colcon_core.shell:Creating package script '/home/jon/ws01/install/cpp03_action/share/cpp03_action/package.bash'
[0.790s] INFO:colcon.colcon_core.shell:Creating package script '/home/jon/ws01/install/cpp03_action/share/cpp03_action/package.zsh'
[0.790s] Level 1:colcon.colcon_core.environment:create_file_with_runtime_dependencies(/home/jon/ws01/install/cpp03_action/share/colcon-core/packages/cpp03_action)
[0.791s] INFO:colcon.colcon_ros.task.ament_cmake.build:Building ROS package in '/home/jon/ws01/src/tutorails_plumbing' with build type 'ament_cmake'
[0.791s] INFO:colcon.colcon_cmake.task.cmake.build:Building CMake package in '/home/jon/ws01/src/tutorails_plumbing'
[0.791s] INFO:colcon.colcon_core.shell:Skip shell extension 'powershell' for command environment: Not usable outside of PowerShell
[0.791s] DEBUG:colcon.colcon_core.shell:Skip shell extension 'dsv' for command environment
[0.801s] DEBUG:colcon.colcon_core.event_handler.log_command:Invoking command in '/home/jon/ws01/build/tutorails_plumbing': CMAKE_PREFIX_PATH=/home/jon/ws01/install/cpp03_action:/home/jon/ws01/install/cpp02_service:/home/jon/ws01/install/cpp01_topic:/home/jon/ws01/install/cpp04_param:/home/jon/ws01/install/base_demo:/home/jon/ws01/install/tutorails_plumbing:/home/jon/ws01/install/cpp07_exercise:/home/jon/ws01/install/cpp06_time:/home/jon/ws01/install/cpp05_names:/opt/ros/humble /usr/bin/cmake --build /home/jon/ws01/build/tutorails_plumbing -- -j24 -l24
[0.830s] DEBUG:colcon.colcon_core.event_handler.log_command:Invoked command in '/home/jon/ws01/build/tutorails_plumbing' returned '0': CMAKE_PREFIX_PATH=/home/jon/ws01/install/cpp03_action:/home/jon/ws01/install/cpp02_service:/home/jon/ws01/install/cpp01_topic:/home/jon/ws01/install/cpp04_param:/home/jon/ws01/install/base_demo:/home/jon/ws01/install/tutorails_plumbing:/home/jon/ws01/install/cpp07_exercise:/home/jon/ws01/install/cpp06_time:/home/jon/ws01/install/cpp05_names:/opt/ros/humble /usr/bin/cmake --build /home/jon/ws01/build/tutorails_plumbing -- -j24 -l24
[0.831s] DEBUG:colcon.colcon_core.event_handler.log_command:Invoking command in '/home/jon/ws01/build/tutorails_plumbing': CMAKE_PREFIX_PATH=/home/jon/ws01/install/cpp03_action:/home/jon/ws01/install/cpp02_service:/home/jon/ws01/install/cpp01_topic:/home/jon/ws01/install/cpp04_param:/home/jon/ws01/install/base_demo:/home/jon/ws01/install/tutorails_plumbing:/home/jon/ws01/install/cpp07_exercise:/home/jon/ws01/install/cpp06_time:/home/jon/ws01/install/cpp05_names:/opt/ros/humble /usr/bin/cmake --install /home/jon/ws01/build/tutorails_plumbing
[0.837s] Level 1:colcon.colcon_core.environment:create_environment_scripts_only(tutorails_plumbing)
[0.837s] Level 1:colcon.colcon_core.environment:checking '/home/jon/ws01/install/tutorails_plumbing' for CMake module files
[0.837s] Level 1:colcon.colcon_core.environment:checking '/home/jon/ws01/install/tutorails_plumbing' for CMake config files
[0.837s] Level 1:colcon.colcon_core.shell:create_environment_hook('tutorails_plumbing', 'cmake_prefix_path')
[0.837s] INFO:colcon.colcon_core.shell:Creating environment hook '/home/jon/ws01/install/tutorails_plumbing/share/tutorails_plumbing/hook/cmake_prefix_path.ps1'
[0.838s] DEBUG:colcon.colcon_core.event_handler.log_command:Invoked command in '/home/jon/ws01/build/tutorails_plumbing' returned '0': CMAKE_PREFIX_PATH=/home/jon/ws01/install/cpp03_action:/home/jon/ws01/install/cpp02_service:/home/jon/ws01/install/cpp01_topic:/home/jon/ws01/install/cpp04_param:/home/jon/ws01/install/base_demo:/home/jon/ws01/install/tutorails_plumbing:/home/jon/ws01/install/cpp07_exercise:/home/jon/ws01/install/cpp06_time:/home/jon/ws01/install/cpp05_names:/opt/ros/humble /usr/bin/cmake --install /home/jon/ws01/build/tutorails_plumbing
[0.838s] INFO:colcon.colcon_core.shell:Creating environment descriptor '/home/jon/ws01/install/tutorails_plumbing/share/tutorails_plumbing/hook/cmake_prefix_path.dsv'
[0.838s] INFO:colcon.colcon_core.shell:Creating environment hook '/home/jon/ws01/install/tutorails_plumbing/share/tutorails_plumbing/hook/cmake_prefix_path.sh'
[0.838s] Level 1:colcon.colcon_core.environment:checking '/home/jon/ws01/install/tutorails_plumbing/bin'
[0.838s] Level 1:colcon.colcon_core.environment:checking '/home/jon/ws01/install/tutorails_plumbing/lib/pkgconfig/tutorails_plumbing.pc'
[0.839s] Level 1:colcon.colcon_core.environment:checking '/home/jon/ws01/install/tutorails_plumbing/lib/python3.10/site-packages'
[0.839s] Level 1:colcon.colcon_core.environment:checking '/home/jon/ws01/install/tutorails_plumbing/bin'
[0.839s] INFO:colcon.colcon_core.shell:Creating package script '/home/jon/ws01/install/tutorails_plumbing/share/tutorails_plumbing/package.ps1'
[0.839s] INFO:colcon.colcon_core.shell:Creating package descriptor '/home/jon/ws01/install/tutorails_plumbing/share/tutorails_plumbing/package.dsv'
[0.839s] INFO:colcon.colcon_core.shell:Creating package script '/home/jon/ws01/install/tutorails_plumbing/share/tutorails_plumbing/package.sh'
[0.840s] INFO:colcon.colcon_core.shell:Creating package script '/home/jon/ws01/install/tutorails_plumbing/share/tutorails_plumbing/package.bash'
[0.840s] INFO:colcon.colcon_core.shell:Creating package script '/home/jon/ws01/install/tutorails_plumbing/share/tutorails_plumbing/package.zsh'
[0.840s] Level 1:colcon.colcon_core.environment:create_file_with_runtime_dependencies(/home/jon/ws01/install/tutorails_plumbing/share/colcon-core/packages/tutorails_plumbing)
[0.840s] Level 1:colcon.colcon_core.environment:create_environment_scripts_only(tutorails_plumbing)
[0.840s] Level 1:colcon.colcon_core.environment:checking '/home/jon/ws01/install/tutorails_plumbing' for CMake module files
[0.840s] Level 1:colcon.colcon_core.environment:checking '/home/jon/ws01/install/tutorails_plumbing' for CMake config files
[0.840s] Level 1:colcon.colcon_core.shell:create_environment_hook('tutorails_plumbing', 'cmake_prefix_path')
[0.841s] INFO:colcon.colcon_core.shell:Creating environment hook '/home/jon/ws01/install/tutorails_plumbing/share/tutorails_plumbing/hook/cmake_prefix_path.ps1'
[0.841s] INFO:colcon.colcon_core.shell:Creating environment descriptor '/home/jon/ws01/install/tutorails_plumbing/share/tutorails_plumbing/hook/cmake_prefix_path.dsv'
[0.841s] INFO:colcon.colcon_core.shell:Creating environment hook '/home/jon/ws01/install/tutorails_plumbing/share/tutorails_plumbing/hook/cmake_prefix_path.sh'
[0.841s] Level 1:colcon.colcon_core.environment:checking '/home/jon/ws01/install/tutorails_plumbing/bin'
[0.841s] Level 1:colcon.colcon_core.environment:checking '/home/jon/ws01/install/tutorails_plumbing/lib/pkgconfig/tutorails_plumbing.pc'
[0.841s] Level 1:colcon.colcon_core.environment:checking '/home/jon/ws01/install/tutorails_plumbing/lib/python3.10/site-packages'
[0.841s] Level 1:colcon.colcon_core.environment:checking '/home/jon/ws01/install/tutorails_plumbing/bin'
[0.842s] INFO:colcon.colcon_core.shell:Creating package script '/home/jon/ws01/install/tutorails_plumbing/share/tutorails_plumbing/package.ps1'
[0.842s] INFO:colcon.colcon_core.shell:Creating package descriptor '/home/jon/ws01/install/tutorails_plumbing/share/tutorails_plumbing/package.dsv'
[0.842s] INFO:colcon.colcon_core.shell:Creating package script '/home/jon/ws01/install/tutorails_plumbing/share/tutorails_plumbing/package.sh'
[0.842s] INFO:colcon.colcon_core.shell:Creating package script '/home/jon/ws01/install/tutorails_plumbing/share/tutorails_plumbing/package.bash'
[0.842s] INFO:colcon.colcon_core.shell:Creating package script '/home/jon/ws01/install/tutorails_plumbing/share/tutorails_plumbing/package.zsh'
[0.843s] Level 1:colcon.colcon_core.environment:create_file_with_runtime_dependencies(/home/jon/ws01/install/tutorails_plumbing/share/colcon-core/packages/tutorails_plumbing)
[0.843s] DEBUG:colcon.colcon_parallel_executor.executor.parallel:closing loop
[0.843s] DEBUG:colcon.colcon_parallel_executor.executor.parallel:loop closed
[0.843s] DEBUG:colcon.colcon_parallel_executor.executor.parallel:run_until_complete finished with '0'
[0.843s] DEBUG:colcon.colcon_core.event_reactor:joining thread
[0.848s] INFO:colcon.colcon_core.plugin_system:Skipping extension 'colcon_notification.desktop_notification.terminal_notifier': Not used on non-Darwin systems
[0.848s] INFO:colcon.colcon_core.plugin_system:Skipping extension 'colcon_notification.desktop_notification.win32': Not used on non-Windows systems
[0.848s] INFO:colcon.colcon_notification.desktop_notification:Sending desktop notification using 'notify2'
[0.859s] DEBUG:colcon.colcon_core.event_reactor:joined thread
[0.859s] INFO:colcon.colcon_core.shell:Creating prefix script '/home/jon/ws01/install/local_setup.ps1'
[0.859s] INFO:colcon.colcon_core.shell:Creating prefix util module '/home/jon/ws01/install/_local_setup_util_ps1.py'
[0.860s] INFO:colcon.colcon_core.shell:Creating prefix chain script '/home/jon/ws01/install/setup.ps1'
[0.861s] INFO:colcon.colcon_core.shell:Creating prefix script '/home/jon/ws01/install/local_setup.sh'
[0.862s] INFO:colcon.colcon_core.shell:Creating prefix util module '/home/jon/ws01/install/_local_setup_util_sh.py'
[0.863s] INFO:colcon.colcon_core.shell:Creating prefix chain script '/home/jon/ws01/install/setup.sh'
[0.863s] INFO:colcon.colcon_core.shell:Creating prefix script '/home/jon/ws01/install/local_setup.bash'
[0.864s] INFO:colcon.colcon_core.shell:Creating prefix chain script '/home/jon/ws01/install/setup.bash'
[0.867s] INFO:colcon.colcon_core.shell:Creating prefix script '/home/jon/ws01/install/local_setup.zsh'
[0.868s] INFO:colcon.colcon_core.shell:Creating prefix chain script '/home/jon/ws01/install/setup.zsh'
