[0.014s] Invoking command in '/home/jon/ws01/build/cpp07_exercise': CMAKE_PREFIX_PATH=/home/jon/ws01/install/turtlesim:/home/jon/ws01/install/base_demo:/home/jon/ws01/install/tutorails_plumbing:/home/jon/ws01/install/cpp07_exercise:/home/jon/ws01/install/cpp06_time:/home/jon/ws01/install/cpp05_names:/home/jon/ws01/install/cpp04_param:/home/jon/ws01/install/cpp03_action:/home/jon/ws01/install/cpp02_service:/home/jon/ws01/install/cpp01_topic:/opt/ros/humble /usr/bin/cmake /home/jon/ws01/src/cpp07_exercise -DCMAKE_EXPORT_COMPILE_COMMANDS=ON -DCMAKE_INSTALL_PREFIX=/home/jon/ws01/install/cpp07_exercise
[0.022s] -- Found ament_cmake: 1.3.14 (/opt/ros/humble/share/ament_cmake/cmake)
[0.096s] -- Found rclcpp: 16.0.21 (/opt/ros/humble/share/rclcpp/cmake)
[0.109s] -- Found rosidl_generator_c: 3.1.9 (/opt/ros/humble/share/rosidl_generator_c/cmake)
[0.110s] -- Found rosidl_adapter: 3.1.9 (/opt/ros/humble/share/rosidl_adapter/cmake)
[0.112s] -- Found rosidl_generator_cpp: 3.1.9 (/opt/ros/humble/share/rosidl_generator_cpp/cmake)
[0.116s] -- Using all available rosidl_typesupport_c: rosidl_typesupport_fastrtps_c;rosidl_typesupport_introspection_c
[0.122s] -- Using all available rosidl_typesupport_cpp: rosidl_typesupport_fastrtps_cpp;rosidl_typesupport_introspection_cpp
[0.137s] -- Found rmw_implementation_cmake: 6.1.4 (/opt/ros/humble/share/rmw_implementation_cmake/cmake)
[0.138s] -- Found rmw_fastrtps_cpp: 6.2.10 (/opt/ros/humble/share/rmw_fastrtps_cpp/cmake)
[0.193s] -- Using RMW implementation 'rmw_fastrtps_cpp' as default
[0.217s] -- Found turtlesim: 1.4.3 (/opt/ros/humble/share/turtlesim/cmake)
[0.234s] -- Found base_demo: 0.0.0 (/home/jon/ws01/install/base_demo/share/base_demo/cmake)
[0.239s] -- Found geometry_msgs: 4.9.2 (/opt/ros/humble/share/geometry_msgs/cmake)
[0.244s] -- Found rclcpp_action: 16.0.21 (/opt/ros/humble/share/rclcpp_action/cmake)
[0.252s] -- Found ament_lint_auto: 0.12.15 (/opt/ros/humble/share/ament_lint_auto/cmake)
[0.288s] -- Added test 'cppcheck' to perform static code analysis on C / C++ code
[0.288s] -- Configured cppcheck include dirs: $<BUILD_INTERFACE:/home/jon/ws01/src/cpp07_exercise/include>
[0.288s] -- Configured cppcheck exclude dirs and/or files: 
[0.288s] -- Added test 'flake8' to check Python code syntax and style conventions
[0.288s] -- Added test 'lint_cmake' to check CMake code style
[0.288s] -- Added test 'pep257' to check Python code against some of the docstring style conventions in PEP 257
[0.289s] -- Added test 'uncrustify' to check C / C++ code style
[0.289s] -- Configured uncrustify additional arguments: 
[0.289s] -- Added test 'xmllint' to check XML markup files
[0.289s] -- Configuring done
[0.300s] -- Generating done
[0.304s] -- Build files have been written to: /home/jon/ws01/build/cpp07_exercise
[0.309s] Invoked command in '/home/jon/ws01/build/cpp07_exercise' returned '0': CMAKE_PREFIX_PATH=/home/jon/ws01/install/turtlesim:/home/jon/ws01/install/base_demo:/home/jon/ws01/install/tutorails_plumbing:/home/jon/ws01/install/cpp07_exercise:/home/jon/ws01/install/cpp06_time:/home/jon/ws01/install/cpp05_names:/home/jon/ws01/install/cpp04_param:/home/jon/ws01/install/cpp03_action:/home/jon/ws01/install/cpp02_service:/home/jon/ws01/install/cpp01_topic:/opt/ros/humble /usr/bin/cmake /home/jon/ws01/src/cpp07_exercise -DCMAKE_EXPORT_COMPILE_COMMANDS=ON -DCMAKE_INSTALL_PREFIX=/home/jon/ws01/install/cpp07_exercise
[0.311s] Invoking command in '/home/jon/ws01/build/cpp07_exercise': CMAKE_PREFIX_PATH=/home/jon/ws01/install/turtlesim:/home/jon/ws01/install/base_demo:/home/jon/ws01/install/tutorails_plumbing:/home/jon/ws01/install/cpp07_exercise:/home/jon/ws01/install/cpp06_time:/home/jon/ws01/install/cpp05_names:/home/jon/ws01/install/cpp04_param:/home/jon/ws01/install/cpp03_action:/home/jon/ws01/install/cpp02_service:/home/jon/ws01/install/cpp01_topic:/opt/ros/humble /usr/bin/cmake --build /home/jon/ws01/build/cpp07_exercise -- -j24 -l24
[0.343s] Consolidate compiler generated dependencies of target exer04_action_server
[0.343s] Consolidate compiler generated dependencies of target exer05_action_client
[0.343s] Consolidate compiler generated dependencies of target exer02_server
[0.343s] Consolidate compiler generated dependencies of target exer01_pub_sub
[0.346s] Consolidate compiler generated dependencies of target exer03_client
[0.350s] [ 20%] Built target exer05_action_client
[0.351s] [ 40%] Built target exer01_pub_sub
[0.352s] [ 60%] Built target exer02_server
[0.353s] [ 80%] Built target exer03_client
[0.358s] [ 90%] Building CXX object CMakeFiles/exer04_action_server.dir/src/exer04_action_server.cpp.o
[4.689s] [100%] Linking CXX executable exer04_action_server
[4.914s] [100%] Built target exer04_action_server
[4.922s] Invoked command in '/home/jon/ws01/build/cpp07_exercise' returned '0': CMAKE_PREFIX_PATH=/home/jon/ws01/install/turtlesim:/home/jon/ws01/install/base_demo:/home/jon/ws01/install/tutorails_plumbing:/home/jon/ws01/install/cpp07_exercise:/home/jon/ws01/install/cpp06_time:/home/jon/ws01/install/cpp05_names:/home/jon/ws01/install/cpp04_param:/home/jon/ws01/install/cpp03_action:/home/jon/ws01/install/cpp02_service:/home/jon/ws01/install/cpp01_topic:/opt/ros/humble /usr/bin/cmake --build /home/jon/ws01/build/cpp07_exercise -- -j24 -l24
[4.928s] Invoking command in '/home/jon/ws01/build/cpp07_exercise': CMAKE_PREFIX_PATH=/home/jon/ws01/install/turtlesim:/home/jon/ws01/install/base_demo:/home/jon/ws01/install/tutorails_plumbing:/home/jon/ws01/install/cpp07_exercise:/home/jon/ws01/install/cpp06_time:/home/jon/ws01/install/cpp05_names:/home/jon/ws01/install/cpp04_param:/home/jon/ws01/install/cpp03_action:/home/jon/ws01/install/cpp02_service:/home/jon/ws01/install/cpp01_topic:/opt/ros/humble /usr/bin/cmake --install /home/jon/ws01/build/cpp07_exercise
[4.932s] -- Install configuration: ""
[4.933s] -- Up-to-date: /home/jon/ws01/install/cpp07_exercise/lib/cpp07_exercise/exer01_pub_sub
[4.935s] -- Up-to-date: /home/jon/ws01/install/cpp07_exercise/lib/cpp07_exercise/exer02_server
[4.935s] -- Up-to-date: /home/jon/ws01/install/cpp07_exercise/lib/cpp07_exercise/exer03_client
[4.935s] -- Installing: /home/jon/ws01/install/cpp07_exercise/lib/cpp07_exercise/exer04_action_server
[4.935s] -- Set runtime path of "/home/jon/ws01/install/cpp07_exercise/lib/cpp07_exercise/exer04_action_server" to ""
[4.935s] -- Up-to-date: /home/jon/ws01/install/cpp07_exercise/lib/cpp07_exercise/exer05_action_client
[4.935s] -- Up-to-date: /home/jon/ws01/install/cpp07_exercise/share/cpp07_exercise/launch
[4.935s] -- Up-to-date: /home/jon/ws01/install/cpp07_exercise/share/cpp07_exercise/launch/exer01_pub_sub_launch.py
[4.935s] -- Up-to-date: /home/jon/ws01/install/cpp07_exercise/share/cpp07_exercise/launch/exer02_server_launch.py
[4.935s] -- Up-to-date: /home/jon/ws01/install/cpp07_exercise/share/cpp07_exercise/launch/__pycache__
[4.935s] -- Up-to-date: /home/jon/ws01/install/cpp07_exercise/share/cpp07_exercise/launch/__pycache__/exer03_client_launch.cpython-310.pyc
[4.935s] -- Up-to-date: /home/jon/ws01/install/cpp07_exercise/share/cpp07_exercise/launch/exer03_client_launch.py
[4.935s] -- Up-to-date: /home/jon/ws01/install/cpp07_exercise/share/cpp07_exercise/launch/exer05_client_launch.py
[4.935s] -- Up-to-date: /home/jon/ws01/install/cpp07_exercise/share/cpp07_exercise/launch/exer04_server_launch.py
[4.935s] -- Up-to-date: /home/jon/ws01/install/cpp07_exercise/share/ament_index/resource_index/package_run_dependencies/cpp07_exercise
[4.935s] -- Up-to-date: /home/jon/ws01/install/cpp07_exercise/share/ament_index/resource_index/parent_prefix_path/cpp07_exercise
[4.935s] -- Up-to-date: /home/jon/ws01/install/cpp07_exercise/share/cpp07_exercise/environment/ament_prefix_path.sh
[4.935s] -- Installing: /home/jon/ws01/install/cpp07_exercise/share/cpp07_exercise/environment/ament_prefix_path.dsv
[4.935s] -- Up-to-date: /home/jon/ws01/install/cpp07_exercise/share/cpp07_exercise/environment/path.sh
[4.935s] -- Installing: /home/jon/ws01/install/cpp07_exercise/share/cpp07_exercise/environment/path.dsv
[4.936s] -- Up-to-date: /home/jon/ws01/install/cpp07_exercise/share/cpp07_exercise/local_setup.bash
[4.936s] -- Up-to-date: /home/jon/ws01/install/cpp07_exercise/share/cpp07_exercise/local_setup.sh
[4.936s] -- Up-to-date: /home/jon/ws01/install/cpp07_exercise/share/cpp07_exercise/local_setup.zsh
[4.936s] -- Installing: /home/jon/ws01/install/cpp07_exercise/share/cpp07_exercise/local_setup.dsv
[4.936s] -- Installing: /home/jon/ws01/install/cpp07_exercise/share/cpp07_exercise/package.dsv
[4.936s] -- Up-to-date: /home/jon/ws01/install/cpp07_exercise/share/ament_index/resource_index/packages/cpp07_exercise
[4.936s] -- Up-to-date: /home/jon/ws01/install/cpp07_exercise/share/cpp07_exercise/cmake/cpp07_exerciseConfig.cmake
[4.936s] -- Up-to-date: /home/jon/ws01/install/cpp07_exercise/share/cpp07_exercise/cmake/cpp07_exerciseConfig-version.cmake
[4.936s] -- Up-to-date: /home/jon/ws01/install/cpp07_exercise/share/cpp07_exercise/package.xml
[4.937s] Invoked command in '/home/jon/ws01/build/cpp07_exercise' returned '0': CMAKE_PREFIX_PATH=/home/jon/ws01/install/turtlesim:/home/jon/ws01/install/base_demo:/home/jon/ws01/install/tutorails_plumbing:/home/jon/ws01/install/cpp07_exercise:/home/jon/ws01/install/cpp06_time:/home/jon/ws01/install/cpp05_names:/home/jon/ws01/install/cpp04_param:/home/jon/ws01/install/cpp03_action:/home/jon/ws01/install/cpp02_service:/home/jon/ws01/install/cpp01_topic:/opt/ros/humble /usr/bin/cmake --install /home/jon/ws01/build/cpp07_exercise
