[0.016s] Invoking command in '/home/jon/ws01/build/cpp03_action': CMAKE_PREFIX_PATH=/home/jon/ws01/install/base_demo:/home/jon/ws01/install/cpp05_names:/home/jon/ws01/install/cpp04_param:/home/jon/ws01/install/cpp03_action:/home/jon/ws01/install/cpp02_service:/home/jon/ws01/install/cpp01_topic:/opt/ros/humble /usr/bin/cmake /home/jon/ws01/src/cpp03_action -DCMAKE_INSTALL_PREFIX=/home/jon/ws01/install/cpp03_action
[0.029s] -- Found ament_cmake: 1.3.14 (/opt/ros/humble/share/ament_cmake/cmake)
[0.156s] -- Found rclcpp: 16.0.21 (/opt/ros/humble/share/rclcpp/cmake)
[0.179s] -- Found rosidl_generator_c: 3.1.9 (/opt/ros/humble/share/rosidl_generator_c/cmake)
[0.179s] -- Found rosidl_adapter: 3.1.9 (/opt/ros/humble/share/rosidl_adapter/cmake)
[0.182s] -- Found rosidl_generator_cpp: 3.1.9 (/opt/ros/humble/share/rosidl_generator_cpp/cmake)
[0.188s] -- Using all available rosidl_typesupport_c: rosidl_typesupport_fastrtps_c;rosidl_typesupport_introspection_c
[0.197s] -- Using all available rosidl_typesupport_cpp: rosidl_typesupport_fastrtps_cpp;rosidl_typesupport_introspection_cpp
[0.220s] -- Found rmw_implementation_cmake: 6.1.4 (/opt/ros/humble/share/rmw_implementation_cmake/cmake)
[0.221s] -- Found rmw_fastrtps_cpp: 6.2.10 (/opt/ros/humble/share/rmw_fastrtps_cpp/cmake)
[0.297s] -- Using RMW implementation 'rmw_fastrtps_cpp' as default
[0.332s] -- Found rclcpp_action: 16.0.21 (/opt/ros/humble/share/rclcpp_action/cmake)
[0.358s] -- Found base_demo: 0.0.0 (/home/jon/ws01/install/base_demo/share/base_demo/cmake)
[0.370s] -- Found ament_lint_auto: 0.12.15 (/opt/ros/humble/share/ament_lint_auto/cmake)
[0.419s] -- Added test 'cppcheck' to perform static code analysis on C / C++ code
[0.419s] -- Configured cppcheck include dirs: $<BUILD_INTERFACE:/home/jon/ws01/src/cpp03_action/include>
[0.419s] -- Configured cppcheck exclude dirs and/or files: 
[0.420s] -- Added test 'lint_cmake' to check CMake code style
[0.420s] -- Added test 'uncrustify' to check C / C++ code style
[0.420s] -- Configured uncrustify additional arguments: 
[0.420s] -- Added test 'xmllint' to check XML markup files
[0.421s] -- Configuring done
[0.432s] -- Generating done
[0.435s] -- Build files have been written to: /home/jon/ws01/build/cpp03_action
[0.446s] Invoked command in '/home/jon/ws01/build/cpp03_action' returned '0': CMAKE_PREFIX_PATH=/home/jon/ws01/install/base_demo:/home/jon/ws01/install/cpp05_names:/home/jon/ws01/install/cpp04_param:/home/jon/ws01/install/cpp03_action:/home/jon/ws01/install/cpp02_service:/home/jon/ws01/install/cpp01_topic:/opt/ros/humble /usr/bin/cmake /home/jon/ws01/src/cpp03_action -DCMAKE_INSTALL_PREFIX=/home/jon/ws01/install/cpp03_action
[0.446s] Invoking command in '/home/jon/ws01/build/cpp03_action': CMAKE_PREFIX_PATH=/home/jon/ws01/install/base_demo:/home/jon/ws01/install/cpp05_names:/home/jon/ws01/install/cpp04_param:/home/jon/ws01/install/cpp03_action:/home/jon/ws01/install/cpp02_service:/home/jon/ws01/install/cpp01_topic:/opt/ros/humble /usr/bin/cmake --build /home/jon/ws01/build/cpp03_action -- -j24 -l24
[0.474s] [35m[1mConsolidate compiler generated dependencies of target demo02_client[0m
[0.474s] [35m[1mConsolidate compiler generated dependencies of target demo01_server[0m
[0.487s] [ 50%] Built target demo01_server
[0.487s] [100%] Built target demo02_client
[0.497s] Invoked command in '/home/jon/ws01/build/cpp03_action' returned '0': CMAKE_PREFIX_PATH=/home/jon/ws01/install/base_demo:/home/jon/ws01/install/cpp05_names:/home/jon/ws01/install/cpp04_param:/home/jon/ws01/install/cpp03_action:/home/jon/ws01/install/cpp02_service:/home/jon/ws01/install/cpp01_topic:/opt/ros/humble /usr/bin/cmake --build /home/jon/ws01/build/cpp03_action -- -j24 -l24
[0.499s] Invoking command in '/home/jon/ws01/build/cpp03_action': CMAKE_PREFIX_PATH=/home/jon/ws01/install/base_demo:/home/jon/ws01/install/cpp05_names:/home/jon/ws01/install/cpp04_param:/home/jon/ws01/install/cpp03_action:/home/jon/ws01/install/cpp02_service:/home/jon/ws01/install/cpp01_topic:/opt/ros/humble /usr/bin/cmake --install /home/jon/ws01/build/cpp03_action
[0.506s] -- Install configuration: ""
[0.506s] -- Up-to-date: /home/jon/ws01/install/cpp03_action/lib/cpp03_action/demo01_server
[0.513s] -- Up-to-date: /home/jon/ws01/install/cpp03_action/lib/cpp03_action/demo02_client
[0.513s] -- Up-to-date: /home/jon/ws01/install/cpp03_action/share/ament_index/resource_index/package_run_dependencies/cpp03_action
[0.513s] -- Installing: /home/jon/ws01/install/cpp03_action/share/ament_index/resource_index/parent_prefix_path/cpp03_action
[0.513s] -- Up-to-date: /home/jon/ws01/install/cpp03_action/share/cpp03_action/environment/ament_prefix_path.sh
[0.513s] -- Installing: /home/jon/ws01/install/cpp03_action/share/cpp03_action/environment/ament_prefix_path.dsv
[0.513s] -- Up-to-date: /home/jon/ws01/install/cpp03_action/share/cpp03_action/environment/path.sh
[0.513s] -- Installing: /home/jon/ws01/install/cpp03_action/share/cpp03_action/environment/path.dsv
[0.513s] -- Up-to-date: /home/jon/ws01/install/cpp03_action/share/cpp03_action/local_setup.bash
[0.513s] -- Up-to-date: /home/jon/ws01/install/cpp03_action/share/cpp03_action/local_setup.sh
[0.515s] -- Up-to-date: /home/jon/ws01/install/cpp03_action/share/cpp03_action/local_setup.zsh
[0.515s] -- Installing: /home/jon/ws01/install/cpp03_action/share/cpp03_action/local_setup.dsv
[0.515s] -- Installing: /home/jon/ws01/install/cpp03_action/share/cpp03_action/package.dsv
[0.515s] -- Up-to-date: /home/jon/ws01/install/cpp03_action/share/ament_index/resource_index/packages/cpp03_action
[0.515s] -- Up-to-date: /home/jon/ws01/install/cpp03_action/share/cpp03_action/cmake/cpp03_actionConfig.cmake
[0.515s] -- Up-to-date: /home/jon/ws01/install/cpp03_action/share/cpp03_action/cmake/cpp03_actionConfig-version.cmake
[0.515s] -- Up-to-date: /home/jon/ws01/install/cpp03_action/share/cpp03_action/package.xml
[0.536s] Invoked command in '/home/jon/ws01/build/cpp03_action' returned '0': CMAKE_PREFIX_PATH=/home/jon/ws01/install/base_demo:/home/jon/ws01/install/cpp05_names:/home/jon/ws01/install/cpp04_param:/home/jon/ws01/install/cpp03_action:/home/jon/ws01/install/cpp02_service:/home/jon/ws01/install/cpp01_topic:/opt/ros/humble /usr/bin/cmake --install /home/jon/ws01/build/cpp03_action
