[0.008s] Invoking command in '/home/jon/ws01/build/cpp02_service': CMAKE_PREFIX_PATH=/home/jon/ws01/install/base_demo:/home/jon/ws01/install/cpp02_service:/home/jon/ws01/install/cpp01_topic:/home/jon/ros2_ws/install/hellovscode_cpp:/home/jon/ros2_ws/install/hello_cpp:/opt/ros/humble /usr/bin/cmake /home/jon/ws01/src/cpp02_service -DCMAKE_INSTALL_PREFIX=/home/jon/ws01/install/cpp02_service
[0.015s] -- Found ament_cmake: 1.3.14 (/opt/ros/humble/share/ament_cmake/cmake)
[0.078s] -- Found rclcpp: 16.0.21 (/opt/ros/humble/share/rclcpp/cmake)
[0.093s] -- Found rosidl_generator_c: 3.1.9 (/opt/ros/humble/share/rosidl_generator_c/cmake)
[0.095s] -- Found rosidl_adapter: 3.1.9 (/opt/ros/humble/share/rosidl_adapter/cmake)
[0.097s] -- Found rosidl_generator_cpp: 3.1.9 (/opt/ros/humble/share/rosidl_generator_cpp/cmake)
[0.101s] -- Using all available rosidl_typesupport_c: rosidl_typesupport_fastrtps_c;rosidl_typesupport_introspection_c
[0.106s] -- Using all available rosidl_typesupport_cpp: rosidl_typesupport_fastrtps_cpp;rosidl_typesupport_introspection_cpp
[0.120s] -- Found rmw_implementation_cmake: 6.1.4 (/opt/ros/humble/share/rmw_implementation_cmake/cmake)
[0.120s] -- Found rmw_fastrtps_cpp: 6.2.10 (/opt/ros/humble/share/rmw_fastrtps_cpp/cmake)
[0.168s] -- Using RMW implementation 'rmw_fastrtps_cpp' as default
[0.193s] -- Found base_demo: 0.0.0 (/home/jon/ws01/install/base_demo/share/base_demo/cmake)
[0.199s] -- Found ament_lint_auto: 0.12.15 (/opt/ros/humble/share/ament_lint_auto/cmake)
[0.235s] -- Added test 'cppcheck' to perform static code analysis on C / C++ code
[0.235s] -- Configured cppcheck include dirs: $<BUILD_INTERFACE:/home/jon/ws01/src/cpp02_service/include>
[0.235s] -- Configured cppcheck exclude dirs and/or files: 
[0.235s] -- Added test 'lint_cmake' to check CMake code style
[0.236s] -- Added test 'uncrustify' to check C / C++ code style
[0.236s] -- Configured uncrustify additional arguments: 
[0.236s] -- Added test 'xmllint' to check XML markup files
[0.236s] -- Configuring done
[0.241s] -- Generating done
[0.244s] -- Build files have been written to: /home/jon/ws01/build/cpp02_service
[0.249s] Invoked command in '/home/jon/ws01/build/cpp02_service' returned '0': CMAKE_PREFIX_PATH=/home/jon/ws01/install/base_demo:/home/jon/ws01/install/cpp02_service:/home/jon/ws01/install/cpp01_topic:/home/jon/ros2_ws/install/hellovscode_cpp:/home/jon/ros2_ws/install/hello_cpp:/opt/ros/humble /usr/bin/cmake /home/jon/ws01/src/cpp02_service -DCMAKE_INSTALL_PREFIX=/home/jon/ws01/install/cpp02_service
[0.249s] Invoking command in '/home/jon/ws01/build/cpp02_service': CMAKE_PREFIX_PATH=/home/jon/ws01/install/base_demo:/home/jon/ws01/install/cpp02_service:/home/jon/ws01/install/cpp01_topic:/home/jon/ros2_ws/install/hellovscode_cpp:/home/jon/ros2_ws/install/hello_cpp:/opt/ros/humble /usr/bin/cmake --build /home/jon/ws01/build/cpp02_service -- -j24 -l24
[0.279s] Consolidate compiler generated dependencies of target demo01_server
[0.279s] Consolidate compiler generated dependencies of target demo02_client
[0.289s] [ 50%] Built target demo02_client
[0.294s] [ 75%] Building CXX object CMakeFiles/demo01_server.dir/src/demo01_server.cpp.o
[1.464s] /home/jon/ws01/src/cpp02_service/src/demo01_server.cpp: In constructor ‘AddintsServer::AddintsServer()’:
[1.464s] /home/jon/ws01/src/cpp02_service/src/demo01_server.cpp:27:44: error: ‘addints_callback’ is not a member of ‘AddintsServer’
[1.464s]    27 |       "addints", std::bind(&AddintsServer::addints_callback, this, std::placeholders::_1, std::placeholders::_2));
[1.464s]       |                                            ^~~~~~~~~~~~~~~~
[1.674s] gmake[2]: *** [CMakeFiles/demo01_server.dir/build.make:76：CMakeFiles/demo01_server.dir/src/demo01_server.cpp.o] 错误 1
[1.674s] gmake[1]: *** [CMakeFiles/Makefile2:139：CMakeFiles/demo01_server.dir/all] 错误 2
[1.675s] gmake: *** [Makefile:146：all] 错误 2
[1.676s] Invoked command in '/home/jon/ws01/build/cpp02_service' returned '2': CMAKE_PREFIX_PATH=/home/jon/ws01/install/base_demo:/home/jon/ws01/install/cpp02_service:/home/jon/ws01/install/cpp01_topic:/home/jon/ros2_ws/install/hellovscode_cpp:/home/jon/ros2_ws/install/hello_cpp:/opt/ros/humble /usr/bin/cmake --build /home/jon/ws01/build/cpp02_service -- -j24 -l24
