[0.006s] Invoking command in '/home/jon/ws01/src/build/cpp04_param': CMAKE_PREFIX_PATH=${CMAKE_PREFIX_PATH}:/opt/ros/humble /usr/bin/cmake /home/jon/ws01/src/cpp04_param -DCMAKE_INSTALL_PREFIX=/home/jon/ws01/src/install/cpp04_param
[0.072s] -- The C compiler identification is GNU 11.4.0
[0.108s] -- The CXX compiler identification is GNU 11.4.0
[0.115s] -- Detecting C compiler ABI info
[0.156s] -- Detecting C compiler ABI info - done
[0.159s] -- Check for working C compiler: /usr/bin/cc - skipped
[0.159s] -- Detecting C compile features
[0.160s] -- Detecting C compile features - done
[0.162s] -- Detecting CXX compiler ABI info
[0.203s] -- Detecting CXX compiler ABI info - done
[0.207s] -- Check for working CXX compiler: /usr/bin/c++ - skipped
[0.207s] -- Detecting CXX compile features
[0.208s] -- Detecting CXX compile features - done
[0.210s] -- Found ament_cmake: 1.3.14 (/opt/ros/humble/share/ament_cmake/cmake)
[0.289s] -- Found Python3: /usr/bin/python3 (found version "3.10.12") found components: Interpreter 
[0.338s] -- Found rclcpp: 16.0.21 (/opt/ros/humble/share/rclcpp/cmake)
[0.354s] -- Found rosidl_generator_c: 3.1.9 (/opt/ros/humble/share/rosidl_generator_c/cmake)
[0.356s] -- Found rosidl_adapter: 3.1.9 (/opt/ros/humble/share/rosidl_adapter/cmake)
[0.360s] -- Found rosidl_generator_cpp: 3.1.9 (/opt/ros/humble/share/rosidl_generator_cpp/cmake)
[0.365s] -- Using all available rosidl_typesupport_c: rosidl_typesupport_fastrtps_c;rosidl_typesupport_introspection_c
[0.371s] -- Using all available rosidl_typesupport_cpp: rosidl_typesupport_fastrtps_cpp;rosidl_typesupport_introspection_cpp
[0.389s] -- Found rmw_implementation_cmake: 6.1.4 (/opt/ros/humble/share/rmw_implementation_cmake/cmake)
[0.390s] -- Found rmw_fastrtps_cpp: 6.2.10 (/opt/ros/humble/share/rmw_fastrtps_cpp/cmake)
[0.446s] -- Found OpenSSL: /usr/lib/x86_64-linux-gnu/libcrypto.so (found version "3.0.2")  
[0.460s] -- Found FastRTPS: /opt/ros/humble/include  
[0.479s] -- Using RMW implementation 'rmw_fastrtps_cpp' as default
[0.484s] -- Looking for pthread.h
[0.532s] -- Looking for pthread.h - found
[0.533s] -- Performing Test CMAKE_HAVE_LIBC_PTHREAD
[0.574s] -- Performing Test CMAKE_HAVE_LIBC_PTHREAD - Success
[0.574s] -- Found Threads: TRUE  
[0.607s] -- Found ament_lint_auto: 0.12.15 (/opt/ros/humble/share/ament_lint_auto/cmake)
[0.665s] -- Added test 'cppcheck' to perform static code analysis on C / C++ code
[0.665s] -- Configured cppcheck include dirs: $<BUILD_INTERFACE:/home/jon/ws01/src/cpp04_param/include>
[0.665s] -- Configured cppcheck exclude dirs and/or files: 
[0.668s] -- Added test 'lint_cmake' to check CMake code style
[0.668s] -- Added test 'uncrustify' to check C / C++ code style
[0.668s] -- Configured uncrustify additional arguments: 
[0.668s] -- Added test 'xmllint' to check XML markup files
[0.668s] -- Configuring done
[0.671s] -- Generating done
[0.673s] -- Build files have been written to: /home/jon/ws01/src/build/cpp04_param
[0.683s] Invoked command in '/home/jon/ws01/src/build/cpp04_param' returned '0': CMAKE_PREFIX_PATH=${CMAKE_PREFIX_PATH}:/opt/ros/humble /usr/bin/cmake /home/jon/ws01/src/cpp04_param -DCMAKE_INSTALL_PREFIX=/home/jon/ws01/src/install/cpp04_param
[0.683s] Invoking command in '/home/jon/ws01/src/build/cpp04_param': CMAKE_PREFIX_PATH=${CMAKE_PREFIX_PATH}:/opt/ros/humble /usr/bin/cmake --build /home/jon/ws01/src/build/cpp04_param -- -j24 -l24
[0.717s] [ 50%] [32mBuilding CXX object CMakeFiles/demo00_param.dir/src/demo00_param.cpp.o[0m
[2.269s] [100%] [32m[1mLinking CXX executable demo00_param[0m
[2.337s] [100%] Built target demo00_param
[2.344s] Invoked command in '/home/jon/ws01/src/build/cpp04_param' returned '0': CMAKE_PREFIX_PATH=${CMAKE_PREFIX_PATH}:/opt/ros/humble /usr/bin/cmake --build /home/jon/ws01/src/build/cpp04_param -- -j24 -l24
[2.351s] Invoking command in '/home/jon/ws01/src/build/cpp04_param': CMAKE_PREFIX_PATH=${CMAKE_PREFIX_PATH}:/opt/ros/humble /usr/bin/cmake --install /home/jon/ws01/src/build/cpp04_param
[2.355s] -- Install configuration: ""
[2.355s] -- Installing: /home/jon/ws01/src/install/cpp04_param/lib/cpp04_param/demo00_param
[2.356s] -- Set runtime path of "/home/jon/ws01/src/install/cpp04_param/lib/cpp04_param/demo00_param" to ""
[2.356s] -- Installing: /home/jon/ws01/src/install/cpp04_param/share/ament_index/resource_index/package_run_dependencies/cpp04_param
[2.356s] -- Installing: /home/jon/ws01/src/install/cpp04_param/share/ament_index/resource_index/parent_prefix_path/cpp04_param
[2.356s] -- Installing: /home/jon/ws01/src/install/cpp04_param/share/cpp04_param/environment/ament_prefix_path.sh
[2.356s] -- Installing: /home/jon/ws01/src/install/cpp04_param/share/cpp04_param/environment/ament_prefix_path.dsv
[2.356s] -- Installing: /home/jon/ws01/src/install/cpp04_param/share/cpp04_param/environment/path.sh
[2.356s] -- Installing: /home/jon/ws01/src/install/cpp04_param/share/cpp04_param/environment/path.dsv
[2.356s] -- Installing: /home/jon/ws01/src/install/cpp04_param/share/cpp04_param/local_setup.bash
[2.356s] -- Installing: /home/jon/ws01/src/install/cpp04_param/share/cpp04_param/local_setup.sh
[2.356s] -- Installing: /home/jon/ws01/src/install/cpp04_param/share/cpp04_param/local_setup.zsh
[2.356s] -- Installing: /home/jon/ws01/src/install/cpp04_param/share/cpp04_param/local_setup.dsv
[2.356s] -- Installing: /home/jon/ws01/src/install/cpp04_param/share/cpp04_param/package.dsv
[2.356s] -- Installing: /home/jon/ws01/src/install/cpp04_param/share/ament_index/resource_index/packages/cpp04_param
[2.356s] -- Installing: /home/jon/ws01/src/install/cpp04_param/share/cpp04_param/cmake/cpp04_paramConfig.cmake
[2.356s] -- Installing: /home/jon/ws01/src/install/cpp04_param/share/cpp04_param/cmake/cpp04_paramConfig-version.cmake
[2.356s] -- Installing: /home/jon/ws01/src/install/cpp04_param/share/cpp04_param/package.xml
[2.357s] Invoked command in '/home/jon/ws01/src/build/cpp04_param' returned '0': CMAKE_PREFIX_PATH=${CMAKE_PREFIX_PATH}:/opt/ros/humble /usr/bin/cmake --install /home/jon/ws01/src/build/cpp04_param
