[0.014s] Invoking command in '/home/jon/ws01/build/cpp07_exercise': CMAKE_PREFIX_PATH=/home/jon/ws01/install/turtlesim:/home/jon/ws01/install/base_demo:/home/jon/ws01/install/tutorails_plumbing:/home/jon/ws01/install/cpp07_exercise:/home/jon/ws01/install/cpp06_time:/home/jon/ws01/install/cpp05_names:/home/jon/ws01/install/cpp04_param:/home/jon/ws01/install/cpp03_action:/home/jon/ws01/install/cpp02_service:/home/jon/ws01/install/cpp01_topic:/opt/ros/humble /usr/bin/cmake --build /home/jon/ws01/build/cpp07_exercise -- -j24 -l24
[0.063s] [ 33%] Built target exer03_client
[0.063s] [ 66%] Built target exer02_server
[0.065s] [100%] Built target exer01_pub_sub
[0.080s] Invoked command in '/home/jon/ws01/build/cpp07_exercise' returned '0': CMAKE_PREFIX_PATH=/home/jon/ws01/install/turtlesim:/home/jon/ws01/install/base_demo:/home/jon/ws01/install/tutorails_plumbing:/home/jon/ws01/install/cpp07_exercise:/home/jon/ws01/install/cpp06_time:/home/jon/ws01/install/cpp05_names:/home/jon/ws01/install/cpp04_param:/home/jon/ws01/install/cpp03_action:/home/jon/ws01/install/cpp02_service:/home/jon/ws01/install/cpp01_topic:/opt/ros/humble /usr/bin/cmake --build /home/jon/ws01/build/cpp07_exercise -- -j24 -l24
[0.080s] Invoking command in '/home/jon/ws01/build/cpp07_exercise': CMAKE_PREFIX_PATH=/home/jon/ws01/install/turtlesim:/home/jon/ws01/install/base_demo:/home/jon/ws01/install/tutorails_plumbing:/home/jon/ws01/install/cpp07_exercise:/home/jon/ws01/install/cpp06_time:/home/jon/ws01/install/cpp05_names:/home/jon/ws01/install/cpp04_param:/home/jon/ws01/install/cpp03_action:/home/jon/ws01/install/cpp02_service:/home/jon/ws01/install/cpp01_topic:/opt/ros/humble /usr/bin/cmake --install /home/jon/ws01/build/cpp07_exercise
[0.085s] -- Install configuration: ""
[0.086s] -- Up-to-date: /home/jon/ws01/install/cpp07_exercise/lib/cpp07_exercise/exer01_pub_sub
[0.086s] -- Up-to-date: /home/jon/ws01/install/cpp07_exercise/lib/cpp07_exercise/exer02_server
[0.086s] -- Up-to-date: /home/jon/ws01/install/cpp07_exercise/lib/cpp07_exercise/exer03_client
[0.086s] -- Up-to-date: /home/jon/ws01/install/cpp07_exercise/share/cpp07_exercise/launch
[0.086s] -- Up-to-date: /home/jon/ws01/install/cpp07_exercise/share/cpp07_exercise/launch/exer01_pub_sub_launch.py
[0.086s] -- Up-to-date: /home/jon/ws01/install/cpp07_exercise/share/cpp07_exercise/launch/exer02_server_launch.py
[0.086s] -- Installing: /home/jon/ws01/install/cpp07_exercise/share/cpp07_exercise/launch/exer03_client_launch.py
[0.086s] -- Up-to-date: /home/jon/ws01/install/cpp07_exercise/share/ament_index/resource_index/package_run_dependencies/cpp07_exercise
[0.086s] -- Up-to-date: /home/jon/ws01/install/cpp07_exercise/share/ament_index/resource_index/parent_prefix_path/cpp07_exercise
[0.086s] -- Up-to-date: /home/jon/ws01/install/cpp07_exercise/share/cpp07_exercise/environment/ament_prefix_path.sh
[0.086s] -- Up-to-date: /home/jon/ws01/install/cpp07_exercise/share/cpp07_exercise/environment/ament_prefix_path.dsv
[0.086s] -- Up-to-date: /home/jon/ws01/install/cpp07_exercise/share/cpp07_exercise/environment/path.sh
[0.086s] -- Up-to-date: /home/jon/ws01/install/cpp07_exercise/share/cpp07_exercise/environment/path.dsv
[0.089s] -- Up-to-date: /home/jon/ws01/install/cpp07_exercise/share/cpp07_exercise/local_setup.bash
[0.089s] -- Up-to-date: /home/jon/ws01/install/cpp07_exercise/share/cpp07_exercise/local_setup.sh
[0.089s] -- Up-to-date: /home/jon/ws01/install/cpp07_exercise/share/cpp07_exercise/local_setup.zsh
[0.089s] -- Up-to-date: /home/jon/ws01/install/cpp07_exercise/share/cpp07_exercise/local_setup.dsv
[0.090s] -- Installing: /home/jon/ws01/install/cpp07_exercise/share/cpp07_exercise/package.dsv
[0.090s] -- Up-to-date: /home/jon/ws01/install/cpp07_exercise/share/ament_index/resource_index/packages/cpp07_exercise
[0.090s] -- Up-to-date: /home/jon/ws01/install/cpp07_exercise/share/cpp07_exercise/cmake/cpp07_exerciseConfig.cmake
[0.090s] -- Up-to-date: /home/jon/ws01/install/cpp07_exercise/share/cpp07_exercise/cmake/cpp07_exerciseConfig-version.cmake
[0.090s] -- Up-to-date: /home/jon/ws01/install/cpp07_exercise/share/cpp07_exercise/package.xml
[0.091s] Invoked command in '/home/jon/ws01/build/cpp07_exercise' returned '0': CMAKE_PREFIX_PATH=/home/jon/ws01/install/turtlesim:/home/jon/ws01/install/base_demo:/home/jon/ws01/install/tutorails_plumbing:/home/jon/ws01/install/cpp07_exercise:/home/jon/ws01/install/cpp06_time:/home/jon/ws01/install/cpp05_names:/home/jon/ws01/install/cpp04_param:/home/jon/ws01/install/cpp03_action:/home/jon/ws01/install/cpp02_service:/home/jon/ws01/install/cpp01_topic:/opt/ros/humble /usr/bin/cmake --install /home/jon/ws01/build/cpp07_exercise
