[0.008s] Invoking command in '/home/jon/ws01/src/build/cpp03_action': CMAKE_PREFIX_PATH=/home/jon/ws01/src/install/base_demo:/home/jon/ws01/src/install/cpp03_action:/home/jon/ws01/src/install/cpp02_service:/home/jon/ws01/src/install/cpp01_topic:/home/jon/ros2_ws/install/hellovscode_cpp:/home/jon/ros2_ws/install/hello_cpp:/opt/ros/humble /usr/bin/cmake --build /home/jon/ws01/src/build/cpp03_action -- -j24 -l24
[0.054s] [35m[1mConsolidate compiler generated dependencies of target demo01_server[0m
[0.060s] [ 50%] Built target demo02_client
[0.065s] [ 75%] [32mBuilding CXX object CMakeFiles/demo01_server.dir/src/demo01_server.cpp.o[0m
[1.164s] [01m[K/home/jon/ws01/src/cpp03_action/src/demo01_server.cpp:[m[K In member function ‘[01m[Krclcpp_action::CancelResponse ProgressActionServer::handle_cancel(std::shared_ptr<rclcpp_action::ServerGoalHandle<base_demo::action::Progress> >)[m[K’:
[1.164s] [01m[K/home/jon/ws01/src/cpp03_action/src/demo01_server.cpp:51:108:[m[K [01;35m[Kwarning: [m[Kunused parameter ‘[01m[Kgoal_handle[m[K’ [[01;35m[K]8;;https://gcc.gnu.org/onlinedocs/gcc/Warning-Options.html#index-Wunused-parameter-Wunused-parameter]8;;[m[K]
[1.164s]    51 |     rclcpp_action::CancelResponse handle_cancel([01;35m[Kstd::shared_ptr<rclcpp_action::ServerGoalHandle<Progress>> goal_handle[m[K){
[1.164s]       |                                                 [01;35m[K~~~~~~~~~~~~~~~~~~~~~~~~~~~~~~~~~~~~~~~~~~~~~~~~~~~~~~~~~~~^~~~~~~~~~~[m[K
[1.164s] [01m[K/home/jon/ws01/src/cpp03_action/src/demo01_server.cpp:[m[K In member function ‘[01m[Kvoid ProgressActionServer::handle_accepted(std::shared_ptr<rclcpp_action::ServerGoalHandle<base_demo::action::Progress> >)[m[K’:
[1.164s] [01m[K/home/jon/ws01/src/cpp03_action/src/demo01_server.cpp:55:85:[m[K [01;35m[Kwarning: [m[Kunused parameter ‘[01m[Kgoal_handle[m[K’ [[01;35m[K]8;;https://gcc.gnu.org/onlinedocs/gcc/Warning-Options.html#index-Wunused-parameter-Wunused-parameter]8;;[m[K]
[1.164s]    55 |     void handle_accepted([01;35m[Kstd::shared_ptr<rclcpp_action::ServerGoalHandle<Progress>> goal_handle[m[K){
[1.164s]       |                          [01;35m[K~~~~~~~~~~~~~~~~~~~~~~~~~~~~~~~~~~~~~~~~~~~~~~~~~~~~~~~~~~~^~~~~~~~~~~[m[K
[1.666s] [100%] [32m[1mLinking CXX executable demo01_server[0m
[1.752s] [100%] Built target demo01_server
[1.758s] Invoked command in '/home/jon/ws01/src/build/cpp03_action' returned '0': CMAKE_PREFIX_PATH=/home/jon/ws01/src/install/base_demo:/home/jon/ws01/src/install/cpp03_action:/home/jon/ws01/src/install/cpp02_service:/home/jon/ws01/src/install/cpp01_topic:/home/jon/ros2_ws/install/hellovscode_cpp:/home/jon/ros2_ws/install/hello_cpp:/opt/ros/humble /usr/bin/cmake --build /home/jon/ws01/src/build/cpp03_action -- -j24 -l24
[1.762s] Invoking command in '/home/jon/ws01/src/build/cpp03_action': CMAKE_PREFIX_PATH=/home/jon/ws01/src/install/base_demo:/home/jon/ws01/src/install/cpp03_action:/home/jon/ws01/src/install/cpp02_service:/home/jon/ws01/src/install/cpp01_topic:/home/jon/ros2_ws/install/hellovscode_cpp:/home/jon/ros2_ws/install/hello_cpp:/opt/ros/humble /usr/bin/cmake --install /home/jon/ws01/src/build/cpp03_action
[1.768s] -- Install configuration: ""
[1.768s] -- Installing: /home/jon/ws01/src/install/cpp03_action/lib/cpp03_action/demo01_server
[1.768s] -- Set runtime path of "/home/jon/ws01/src/install/cpp03_action/lib/cpp03_action/demo01_server" to ""
[1.768s] -- Up-to-date: /home/jon/ws01/src/install/cpp03_action/lib/cpp03_action/demo02_client
[1.768s] -- Up-to-date: /home/jon/ws01/src/install/cpp03_action/share/ament_index/resource_index/package_run_dependencies/cpp03_action
[1.768s] -- Up-to-date: /home/jon/ws01/src/install/cpp03_action/share/ament_index/resource_index/parent_prefix_path/cpp03_action
[1.768s] -- Up-to-date: /home/jon/ws01/src/install/cpp03_action/share/cpp03_action/environment/ament_prefix_path.sh
[1.768s] -- Up-to-date: /home/jon/ws01/src/install/cpp03_action/share/cpp03_action/environment/ament_prefix_path.dsv
[1.768s] -- Up-to-date: /home/jon/ws01/src/install/cpp03_action/share/cpp03_action/environment/path.sh
[1.768s] -- Up-to-date: /home/jon/ws01/src/install/cpp03_action/share/cpp03_action/environment/path.dsv
[1.768s] -- Up-to-date: /home/jon/ws01/src/install/cpp03_action/share/cpp03_action/local_setup.bash
[1.768s] -- Up-to-date: /home/jon/ws01/src/install/cpp03_action/share/cpp03_action/local_setup.sh
[1.768s] -- Up-to-date: /home/jon/ws01/src/install/cpp03_action/share/cpp03_action/local_setup.zsh
[1.768s] -- Up-to-date: /home/jon/ws01/src/install/cpp03_action/share/cpp03_action/local_setup.dsv
[1.768s] -- Installing: /home/jon/ws01/src/install/cpp03_action/share/cpp03_action/package.dsv
[1.768s] -- Up-to-date: /home/jon/ws01/src/install/cpp03_action/share/ament_index/resource_index/packages/cpp03_action
[1.768s] -- Up-to-date: /home/jon/ws01/src/install/cpp03_action/share/cpp03_action/cmake/cpp03_actionConfig.cmake
[1.768s] -- Up-to-date: /home/jon/ws01/src/install/cpp03_action/share/cpp03_action/cmake/cpp03_actionConfig-version.cmake
[1.769s] -- Up-to-date: /home/jon/ws01/src/install/cpp03_action/share/cpp03_action/package.xml
[1.770s] Invoked command in '/home/jon/ws01/src/build/cpp03_action' returned '0': CMAKE_PREFIX_PATH=/home/jon/ws01/src/install/base_demo:/home/jon/ws01/src/install/cpp03_action:/home/jon/ws01/src/install/cpp02_service:/home/jon/ws01/src/install/cpp01_topic:/home/jon/ros2_ws/install/hellovscode_cpp:/home/jon/ros2_ws/install/hello_cpp:/opt/ros/humble /usr/bin/cmake --install /home/jon/ws01/src/build/cpp03_action
