[0.006s] Invoking command in '/home/jon/ws02/build/cpp01_launch': CMAKE_PREFIX_PATH=${CMAKE_PREFIX_PATH}:/opt/ros/humble /usr/bin/cmake --build /home/jon/ws02/build/cpp01_launch -- -j24 -l24
[0.040s] Invoked command in '/home/jon/ws02/build/cpp01_launch' returned '0': CMAKE_PREFIX_PATH=${CMAKE_PREFIX_PATH}:/opt/ros/humble /usr/bin/cmake --build /home/jon/ws02/build/cpp01_launch -- -j24 -l24
[0.046s] Invoking command in '/home/jon/ws02/build/cpp01_launch': CMAKE_PREFIX_PATH=${CMAKE_PREFIX_PATH}:/opt/ros/humble /usr/bin/cmake --install /home/jon/ws02/build/cpp01_launch
[0.051s] -- Install configuration: ""
[0.051s] -- Up-to-date: /home/jon/ws02/install/cpp01_launch/share/cpp01_launch//launch
[0.051s] -- Up-to-date: /home/jon/ws02/install/cpp01_launch/share/cpp01_launch//launch/py
[0.051s] -- Installing: /home/jon/ws02/install/cpp01_launch/share/cpp01_launch//launch/py/py01_helloworld_launch.py
[0.051s] -- Up-to-date: /home/jon/ws02/install/cpp01_launch/share/cpp01_launch//launch/yaml
[0.051s] -- Up-to-date: /home/jon/ws02/install/cpp01_launch/share/cpp01_launch//launch/xml
[0.051s] -- Up-to-date: /home/jon/ws02/install/cpp01_launch/share/ament_index/resource_index/package_run_dependencies/cpp01_launch
[0.051s] -- Up-to-date: /home/jon/ws02/install/cpp01_launch/share/ament_index/resource_index/parent_prefix_path/cpp01_launch
[0.052s] -- Up-to-date: /home/jon/ws02/install/cpp01_launch/share/cpp01_launch/environment/ament_prefix_path.sh
[0.053s] -- Up-to-date: /home/jon/ws02/install/cpp01_launch/share/cpp01_launch/environment/ament_prefix_path.dsv
[0.053s] -- Up-to-date: /home/jon/ws02/install/cpp01_launch/share/cpp01_launch/environment/path.sh
[0.053s] -- Up-to-date: /home/jon/ws02/install/cpp01_launch/share/cpp01_launch/environment/path.dsv
[0.053s] -- Up-to-date: /home/jon/ws02/install/cpp01_launch/share/cpp01_launch/local_setup.bash
[0.053s] -- Up-to-date: /home/jon/ws02/install/cpp01_launch/share/cpp01_launch/local_setup.sh
[0.053s] -- Up-to-date: /home/jon/ws02/install/cpp01_launch/share/cpp01_launch/local_setup.zsh
[0.053s] -- Up-to-date: /home/jon/ws02/install/cpp01_launch/share/cpp01_launch/local_setup.dsv
[0.053s] -- Installing: /home/jon/ws02/install/cpp01_launch/share/cpp01_launch/package.dsv
[0.054s] -- Up-to-date: /home/jon/ws02/install/cpp01_launch/share/ament_index/resource_index/packages/cpp01_launch
[0.054s] -- Up-to-date: /home/jon/ws02/install/cpp01_launch/share/cpp01_launch/cmake/cpp01_launchConfig.cmake
[0.054s] -- Up-to-date: /home/jon/ws02/install/cpp01_launch/share/cpp01_launch/cmake/cpp01_launchConfig-version.cmake
[0.054s] -- Up-to-date: /home/jon/ws02/install/cpp01_launch/share/cpp01_launch/package.xml
[0.054s] Invoked command in '/home/jon/ws02/build/cpp01_launch' returned '0': CMAKE_PREFIX_PATH=${CMAKE_PREFIX_PATH}:/opt/ros/humble /usr/bin/cmake --install /home/jon/ws02/build/cpp01_launch
