[0.011s] Invoking command in '/home/jon/ws01/src/build/cpp03_action': AMENT_PREFIX_PATH=/home/jon/ws01/src/install/base_demo:${AMENT_PREFIX_PATH} CMAKE_PREFIX_PATH=/home/jon/ws01/src/install/base_demo:/home/jon/ros2_ws/install/hellovscode_cpp:/home/jon/ros2_ws/install/hello_cpp:/opt/ros/humble LD_LIBRARY_PATH=/home/jon/ws01/src/install/base_demo/lib:${LD_LIBRARY_PATH} PYTHONPATH=/home/jon/ws01/src/install/base_demo/local/lib/python3.10/dist-packages:${PYTHONPATH} /usr/bin/cmake --build /home/jon/ws01/src/build/cpp03_action -- -j24 -l24
[0.041s] [35m[1mConsolidate compiler generated dependencies of target demo01_server[0m
[0.046s] [100%] Built target demo01_server
[0.054s] Invoked command in '/home/jon/ws01/src/build/cpp03_action' returned '0': AMENT_PREFIX_PATH=/home/jon/ws01/src/install/base_demo:${AMENT_PREFIX_PATH} CMAKE_PREFIX_PATH=/home/jon/ws01/src/install/base_demo:/home/jon/ros2_ws/install/hellovscode_cpp:/home/jon/ros2_ws/install/hello_cpp:/opt/ros/humble LD_LIBRARY_PATH=/home/jon/ws01/src/install/base_demo/lib:${LD_LIBRARY_PATH} PYTHONPATH=/home/jon/ws01/src/install/base_demo/local/lib/python3.10/dist-packages:${PYTHONPATH} /usr/bin/cmake --build /home/jon/ws01/src/build/cpp03_action -- -j24 -l24
[0.056s] Invoking command in '/home/jon/ws01/src/build/cpp03_action': AMENT_PREFIX_PATH=/home/jon/ws01/src/install/base_demo:${AMENT_PREFIX_PATH} CMAKE_PREFIX_PATH=/home/jon/ws01/src/install/base_demo:/home/jon/ros2_ws/install/hellovscode_cpp:/home/jon/ros2_ws/install/hello_cpp:/opt/ros/humble LD_LIBRARY_PATH=/home/jon/ws01/src/install/base_demo/lib:${LD_LIBRARY_PATH} PYTHONPATH=/home/jon/ws01/src/install/base_demo/local/lib/python3.10/dist-packages:${PYTHONPATH} /usr/bin/cmake --install /home/jon/ws01/src/build/cpp03_action
[0.060s] -- Install configuration: ""
[0.060s] -- Up-to-date: /home/jon/ws01/src/install/cpp03_action/lib/cpp03_action/demo01_server
[0.060s] -- Up-to-date: /home/jon/ws01/src/install/cpp03_action/share/ament_index/resource_index/package_run_dependencies/cpp03_action
[0.060s] -- Up-to-date: /home/jon/ws01/src/install/cpp03_action/share/ament_index/resource_index/parent_prefix_path/cpp03_action
[0.060s] -- Up-to-date: /home/jon/ws01/src/install/cpp03_action/share/cpp03_action/environment/ament_prefix_path.sh
[0.060s] -- Up-to-date: /home/jon/ws01/src/install/cpp03_action/share/cpp03_action/environment/ament_prefix_path.dsv
[0.060s] -- Up-to-date: /home/jon/ws01/src/install/cpp03_action/share/cpp03_action/environment/path.sh
[0.060s] -- Up-to-date: /home/jon/ws01/src/install/cpp03_action/share/cpp03_action/environment/path.dsv
[0.060s] -- Up-to-date: /home/jon/ws01/src/install/cpp03_action/share/cpp03_action/local_setup.bash
[0.060s] -- Up-to-date: /home/jon/ws01/src/install/cpp03_action/share/cpp03_action/local_setup.sh
[0.060s] -- Up-to-date: /home/jon/ws01/src/install/cpp03_action/share/cpp03_action/local_setup.zsh
[0.060s] -- Up-to-date: /home/jon/ws01/src/install/cpp03_action/share/cpp03_action/local_setup.dsv
[0.060s] -- Up-to-date: /home/jon/ws01/src/install/cpp03_action/share/cpp03_action/package.dsv
[0.061s] -- Up-to-date: /home/jon/ws01/src/install/cpp03_action/share/ament_index/resource_index/packages/cpp03_action
[0.061s] -- Up-to-date: /home/jon/ws01/src/install/cpp03_action/share/cpp03_action/cmake/cpp03_actionConfig.cmake
[0.061s] -- Up-to-date: /home/jon/ws01/src/install/cpp03_action/share/cpp03_action/cmake/cpp03_actionConfig-version.cmake
[0.061s] -- Up-to-date: /home/jon/ws01/src/install/cpp03_action/share/cpp03_action/package.xml
[0.068s] Invoked command in '/home/jon/ws01/src/build/cpp03_action' returned '0': AMENT_PREFIX_PATH=/home/jon/ws01/src/install/base_demo:${AMENT_PREFIX_PATH} CMAKE_PREFIX_PATH=/home/jon/ws01/src/install/base_demo:/home/jon/ros2_ws/install/hellovscode_cpp:/home/jon/ros2_ws/install/hello_cpp:/opt/ros/humble LD_LIBRARY_PATH=/home/jon/ws01/src/install/base_demo/lib:${LD_LIBRARY_PATH} PYTHONPATH=/home/jon/ws01/src/install/base_demo/local/lib/python3.10/dist-packages:${PYTHONPATH} /usr/bin/cmake --install /home/jon/ws01/src/build/cpp03_action
