[0.006s] Invoking command in '/home/jon/ws01/build/cpp04_param': CMAKE_PREFIX_PATH=${CMAKE_PREFIX_PATH}:/opt/ros/humble /usr/bin/cmake /home/jon/ws01/src/cpp04_param -DCMAKE_EXPORT_COMPILE_COMMANDS=ON -DCMAKE_INSTALL_PREFIX=/home/jon/ws01/install/cpp04_param
[0.059s] -- The C compiler identification is GNU 11.4.0
[0.104s] -- The CXX compiler identification is GNU 11.4.0
[0.109s] -- Detecting C compiler ABI info
[0.155s] -- Detecting C compiler ABI info - done
[0.156s] -- Check for working C compiler: /usr/bin/cc - skipped
[0.157s] -- Detecting C compile features
[0.158s] -- Detecting C compile features - done
[0.159s] -- Detecting CXX compiler ABI info
[0.216s] -- Detecting CXX compiler ABI info - done
[0.219s] -- Check for working CXX compiler: /usr/bin/c++ - skipped
[0.219s] -- Detecting CXX compile features
[0.219s] -- Detecting CXX compile features - done
[0.221s] -- Found ament_cmake: 1.3.14 (/opt/ros/humble/share/ament_cmake/cmake)
[0.306s] -- Found Python3: /usr/bin/python3 (found version "3.10.12") found components: Interpreter 
[0.354s] -- Found rclcpp: 16.0.21 (/opt/ros/humble/share/rclcpp/cmake)
[0.379s] -- Found rosidl_generator_c: 3.1.9 (/opt/ros/humble/share/rosidl_generator_c/cmake)
[0.381s] -- Found rosidl_adapter: 3.1.9 (/opt/ros/humble/share/rosidl_adapter/cmake)
[0.385s] -- Found rosidl_generator_cpp: 3.1.9 (/opt/ros/humble/share/rosidl_generator_cpp/cmake)
[0.391s] -- Using all available rosidl_typesupport_c: rosidl_typesupport_fastrtps_c;rosidl_typesupport_introspection_c
[0.397s] -- Using all available rosidl_typesupport_cpp: rosidl_typesupport_fastrtps_cpp;rosidl_typesupport_introspection_cpp
[0.427s] -- Found rmw_implementation_cmake: 6.1.4 (/opt/ros/humble/share/rmw_implementation_cmake/cmake)
[0.428s] -- Found rmw_fastrtps_cpp: 6.2.10 (/opt/ros/humble/share/rmw_fastrtps_cpp/cmake)
[0.488s] -- Found OpenSSL: /usr/lib/x86_64-linux-gnu/libcrypto.so (found version "3.0.2")  
[0.501s] -- Found FastRTPS: /opt/ros/humble/include  
[0.523s] -- Using RMW implementation 'rmw_fastrtps_cpp' as default
[0.530s] -- Looking for pthread.h
[0.587s] -- Looking for pthread.h - found
[0.588s] -- Performing Test CMAKE_HAVE_LIBC_PTHREAD
[0.636s] -- Performing Test CMAKE_HAVE_LIBC_PTHREAD - Success
[0.637s] -- Found Threads: TRUE  
[0.674s] -- Found ament_lint_auto: 0.12.15 (/opt/ros/humble/share/ament_lint_auto/cmake)
[0.713s] -- Added test 'cppcheck' to perform static code analysis on C / C++ code
[0.713s] -- Configured cppcheck include dirs: $<BUILD_INTERFACE:/home/jon/ws01/src/cpp04_param/include>
[0.713s] -- Configured cppcheck exclude dirs and/or files: 
[0.713s] -- Added test 'lint_cmake' to check CMake code style
[0.714s] -- Added test 'uncrustify' to check C / C++ code style
[0.714s] -- Configured uncrustify additional arguments: 
[0.714s] -- Added test 'xmllint' to check XML markup files
[0.714s] -- Configuring done
[0.720s] -- Generating done
[0.723s] -- Build files have been written to: /home/jon/ws01/build/cpp04_param
[0.732s] Invoked command in '/home/jon/ws01/build/cpp04_param' returned '0': CMAKE_PREFIX_PATH=${CMAKE_PREFIX_PATH}:/opt/ros/humble /usr/bin/cmake /home/jon/ws01/src/cpp04_param -DCMAKE_EXPORT_COMPILE_COMMANDS=ON -DCMAKE_INSTALL_PREFIX=/home/jon/ws01/install/cpp04_param
[0.732s] Invoking command in '/home/jon/ws01/build/cpp04_param': CMAKE_PREFIX_PATH=${CMAKE_PREFIX_PATH}:/opt/ros/humble /usr/bin/cmake --build /home/jon/ws01/build/cpp04_param -- -j24 -l24
[0.764s] [ 16%] Building CXX object CMakeFiles/demo02_client.dir/src/demo02_client.cpp.o
[0.766s] [ 33%] Building CXX object CMakeFiles/demo01_sever.dir/src/demo01_sever.cpp.o
[0.767s] [ 50%] Building CXX object CMakeFiles/demo00_param.dir/src/demo00_param.cpp.o
[2.309s] [ 66%] Linking CXX executable demo00_param
[2.345s] [ 83%] Linking CXX executable demo01_sever
[2.383s] [ 83%] Built target demo00_param
[2.415s] [ 83%] Built target demo01_sever
[2.468s] [100%] Linking CXX executable demo02_client
[2.541s] [100%] Built target demo02_client
[2.550s] Invoked command in '/home/jon/ws01/build/cpp04_param' returned '0': CMAKE_PREFIX_PATH=${CMAKE_PREFIX_PATH}:/opt/ros/humble /usr/bin/cmake --build /home/jon/ws01/build/cpp04_param -- -j24 -l24
[2.551s] Invoking command in '/home/jon/ws01/build/cpp04_param': CMAKE_PREFIX_PATH=${CMAKE_PREFIX_PATH}:/opt/ros/humble /usr/bin/cmake --install /home/jon/ws01/build/cpp04_param
[2.559s] -- Install configuration: ""
[2.559s] -- Installing: /home/jon/ws01/install/cpp04_param/lib/cpp04_param/demo00_param
[2.559s] -- Set runtime path of "/home/jon/ws01/install/cpp04_param/lib/cpp04_param/demo00_param" to ""
[2.559s] -- Installing: /home/jon/ws01/install/cpp04_param/lib/cpp04_param/demo01_sever
[2.559s] -- Set runtime path of "/home/jon/ws01/install/cpp04_param/lib/cpp04_param/demo01_sever" to ""
[2.559s] -- Installing: /home/jon/ws01/install/cpp04_param/lib/cpp04_param/demo02_client
[2.559s] -- Set runtime path of "/home/jon/ws01/install/cpp04_param/lib/cpp04_param/demo02_client" to ""
[2.559s] -- Installing: /home/jon/ws01/install/cpp04_param/share/ament_index/resource_index/package_run_dependencies/cpp04_param
[2.559s] -- Installing: /home/jon/ws01/install/cpp04_param/share/ament_index/resource_index/parent_prefix_path/cpp04_param
[2.559s] -- Installing: /home/jon/ws01/install/cpp04_param/share/cpp04_param/environment/ament_prefix_path.sh
[2.559s] -- Installing: /home/jon/ws01/install/cpp04_param/share/cpp04_param/environment/ament_prefix_path.dsv
[2.559s] -- Installing: /home/jon/ws01/install/cpp04_param/share/cpp04_param/environment/path.sh
[2.559s] -- Installing: /home/jon/ws01/install/cpp04_param/share/cpp04_param/environment/path.dsv
[2.559s] -- Installing: /home/jon/ws01/install/cpp04_param/share/cpp04_param/local_setup.bash
[2.559s] -- Installing: /home/jon/ws01/install/cpp04_param/share/cpp04_param/local_setup.sh
[2.559s] -- Installing: /home/jon/ws01/install/cpp04_param/share/cpp04_param/local_setup.zsh
[2.559s] -- Installing: /home/jon/ws01/install/cpp04_param/share/cpp04_param/local_setup.dsv
[2.559s] -- Installing: /home/jon/ws01/install/cpp04_param/share/cpp04_param/package.dsv
[2.559s] -- Installing: /home/jon/ws01/install/cpp04_param/share/ament_index/resource_index/packages/cpp04_param
[2.559s] -- Installing: /home/jon/ws01/install/cpp04_param/share/cpp04_param/cmake/cpp04_paramConfig.cmake
[2.559s] -- Installing: /home/jon/ws01/install/cpp04_param/share/cpp04_param/cmake/cpp04_paramConfig-version.cmake
[2.559s] -- Installing: /home/jon/ws01/install/cpp04_param/share/cpp04_param/package.xml
[2.560s] Invoked command in '/home/jon/ws01/build/cpp04_param' returned '0': CMAKE_PREFIX_PATH=${CMAKE_PREFIX_PATH}:/opt/ros/humble /usr/bin/cmake --install /home/jon/ws01/build/cpp04_param
