[0.005s] Invoking command in '/home/jon/ws01/build/base_demo': CMAKE_PREFIX_PATH=${CMAKE_PREFIX_PATH}:/opt/ros/humble /usr/bin/cmake /home/jon/ws01/src/base_demo -DCMAKE_INSTALL_PREFIX=/home/jon/ws01/install/base_demo
[0.076s] -- The C compiler identification is GNU 11.4.0
[0.122s] -- The CXX compiler identification is GNU 11.4.0
[0.130s] -- Detecting C compiler ABI info
[0.183s] -- Detecting C compiler ABI info - done
[0.190s] -- Check for working C compiler: /usr/bin/cc - skipped
[0.190s] -- Detecting C compile features
[0.191s] -- Detecting C compile features - done
[0.194s] -- Detecting CXX compiler ABI info
[0.245s] -- Detecting CXX compiler ABI info - done
[0.247s] -- Check for working CXX compiler: /usr/bin/c++ - skipped
[0.248s] -- Detecting CXX compile features
[0.248s] -- Detecting CXX compile features - done
[0.250s] -- Found ament_cmake: 1.3.14 (/opt/ros/humble/share/ament_cmake/cmake)
[0.346s] -- Found Python3: /usr/bin/python3 (found version "3.10.12") found components: Interpreter 
[0.400s] -- Found ament_lint_auto: 0.12.15 (/opt/ros/humble/share/ament_lint_auto/cmake)
[0.447s] -- Added test 'lint_cmake' to check CMake code style
[0.449s] -- Added test 'xmllint' to check XML markup files
[0.451s] -- Configuring done
[0.453s] -- Generating done
[0.453s] -- Build files have been written to: /home/jon/ws01/build/base_demo
[0.456s] Invoked command in '/home/jon/ws01/build/base_demo' returned '0': CMAKE_PREFIX_PATH=${CMAKE_PREFIX_PATH}:/opt/ros/humble /usr/bin/cmake /home/jon/ws01/src/base_demo -DCMAKE_INSTALL_PREFIX=/home/jon/ws01/install/base_demo
[0.458s] Invoking command in '/home/jon/ws01/build/base_demo': CMAKE_PREFIX_PATH=${CMAKE_PREFIX_PATH}:/opt/ros/humble /usr/bin/cmake --build /home/jon/ws01/build/base_demo -- -j24 -l24
[0.483s] Invoked command in '/home/jon/ws01/build/base_demo' returned '0': CMAKE_PREFIX_PATH=${CMAKE_PREFIX_PATH}:/opt/ros/humble /usr/bin/cmake --build /home/jon/ws01/build/base_demo -- -j24 -l24
[0.491s] Invoking command in '/home/jon/ws01/build/base_demo': CMAKE_PREFIX_PATH=${CMAKE_PREFIX_PATH}:/opt/ros/humble /usr/bin/cmake --install /home/jon/ws01/build/base_demo
[0.495s] -- Install configuration: ""
[0.495s] -- Installing: /home/jon/ws01/install/base_demo/share/ament_index/resource_index/package_run_dependencies/base_demo
[0.495s] -- Installing: /home/jon/ws01/install/base_demo/share/ament_index/resource_index/parent_prefix_path/base_demo
[0.496s] -- Installing: /home/jon/ws01/install/base_demo/share/base_demo/environment/ament_prefix_path.sh
[0.496s] -- Installing: /home/jon/ws01/install/base_demo/share/base_demo/environment/ament_prefix_path.dsv
[0.496s] -- Installing: /home/jon/ws01/install/base_demo/share/base_demo/environment/path.sh
[0.496s] -- Installing: /home/jon/ws01/install/base_demo/share/base_demo/environment/path.dsv
[0.496s] -- Installing: /home/jon/ws01/install/base_demo/share/base_demo/local_setup.bash
[0.496s] -- Installing: /home/jon/ws01/install/base_demo/share/base_demo/local_setup.sh
[0.496s] -- Installing: /home/jon/ws01/install/base_demo/share/base_demo/local_setup.zsh
[0.496s] -- Installing: /home/jon/ws01/install/base_demo/share/base_demo/local_setup.dsv
[0.496s] -- Installing: /home/jon/ws01/install/base_demo/share/base_demo/package.dsv
[0.496s] -- Installing: /home/jon/ws01/install/base_demo/share/ament_index/resource_index/packages/base_demo
[0.496s] -- Installing: /home/jon/ws01/install/base_demo/share/base_demo/cmake/base_demoConfig.cmake
[0.496s] -- Installing: /home/jon/ws01/install/base_demo/share/base_demo/cmake/base_demoConfig-version.cmake
[0.496s] -- Installing: /home/jon/ws01/install/base_demo/share/base_demo/package.xml
[0.498s] Invoked command in '/home/jon/ws01/build/base_demo' returned '0': CMAKE_PREFIX_PATH=${CMAKE_PREFIX_PATH}:/opt/ros/humble /usr/bin/cmake --install /home/jon/ws01/build/base_demo
