-- The C compiler identification is GNU 11.4.0
-- The CXX compiler identification is GNU 11.4.0
-- Detecting C compiler ABI info
-- Detecting C compiler ABI info - done
-- Check for working C compiler: /usr/bin/cc - skipped
-- Detecting C compile features
-- Detecting C compile features - done
-- Detecting CXX compiler ABI info
-- Detecting CXX compiler ABI info - done
-- Check for working CXX compiler: /usr/bin/c++ - skipped
-- Detecting CXX compile features
-- Detecting CXX compile features - done
-- Found ament_cmake: 1.3.14 (/opt/ros/humble/share/ament_cmake/cmake)
-- Found Python3: /usr/bin/python3 (found version "3.10.12") found components: Interpreter 
-- Found ament_index_cpp: 1.4.1 (/opt/ros/humble/share/ament_index_cpp/cmake)
-- Found geometry_msgs: 4.9.2 (/opt/ros/humble/share/geometry_msgs/cmake)
-- Found rosidl_generator_c: 3.1.9 (/opt/ros/humble/share/rosidl_generator_c/cmake)
-- Found rosidl_adapter: 3.1.9 (/opt/ros/humble/share/rosidl_adapter/cmake)
-- Found rosidl_generator_cpp: 3.1.9 (/opt/ros/humble/share/rosidl_generator_cpp/cmake)
-- Using all available rosidl_typesupport_c: rosidl_typesupport_fastrtps_c;rosidl_typesupport_introspection_c
-- Using all available rosidl_typesupport_cpp: rosidl_typesupport_fastrtps_cpp;rosidl_typesupport_introspection_cpp
-- Found rclcpp: 16.0.21 (/opt/ros/humble/share/rclcpp/cmake)
-- Found rmw_implementation_cmake: 6.1.4 (/opt/ros/humble/share/rmw_implementation_cmake/cmake)
-- Found rmw_fastrtps_cpp: 6.2.10 (/opt/ros/humble/share/rmw_fastrtps_cpp/cmake)
-- Found OpenSSL: /usr/lib/x86_64-linux-gnu/libcrypto.so (found version "3.0.2")  
-- Found FastRTPS: /opt/ros/humble/include  
-- Using RMW implementation 'rmw_fastrtps_cpp' as default
-- Looking for pthread.h
-- Looking for pthread.h - found
-- Performing Test CMAKE_HAVE_LIBC_PTHREAD
-- Performing Test CMAKE_HAVE_LIBC_PTHREAD - Success
-- Found Threads: TRUE  
-- Found rclcpp_action: 16.0.21 (/opt/ros/humble/share/rclcpp_action/cmake)
-- Found rosidl_default_generators: 1.2.1 (/opt/ros/humble/share/rosidl_default_generators/cmake)
-- Found std_srvs: 4.9.2 (/opt/ros/humble/share/std_srvs/cmake)
-- Found ament_cmake_ros: 0.10.1 (/opt/ros/humble/share/ament_cmake_ros/cmake)
-- Using all available rosidl_typesupport_c: rosidl_typesupport_fastrtps_c;rosidl_typesupport_introspection_c
-- Using all available rosidl_typesupport_cpp: rosidl_typesupport_fastrtps_cpp;rosidl_typesupport_introspection_cpp
-- Found PythonInterp: /usr/bin/python3 (found suitable version "3.10.12", minimum required is "3.6") 
-- Found python_cmake_module: 0.10.0 (/opt/ros/humble/share/python_cmake_module/cmake)
-- Found PythonLibs: /usr/lib/x86_64-linux-gnu/libpython3.10.so (found suitable version "3.10.12", minimum required is "3.5") 
-- Using PYTHON_EXECUTABLE: /usr/bin/python3
-- Using PYTHON_INCLUDE_DIRS: /usr/include/python3.10
-- Using PYTHON_LIBRARIES: /usr/lib/x86_64-linux-gnu/libpython3.10.so
-- Found PythonExtra: .so  
-- Configuring done
-- Generating done
-- Build files have been written to: /home/jon/ws01/build/turtlesim
[  1%] Generating C code for ROS interfaces
[  2%] Generating Rust code for ROS interfaces
[  3%] Generating C++ code for ROS interfaces
[  3%] Built target ament_cmake_python_copy_turtlesim
running egg_info
creating turtlesim.egg-info
writing turtlesim.egg-info/PKG-INFO
writing dependency_links to turtlesim.egg-info/dependency_links.txt
writing top-level names to turtlesim.egg-info/top_level.txt
writing manifest file 'turtlesim.egg-info/SOURCES.txt'
reading manifest file 'turtlesim.egg-info/SOURCES.txt'
writing manifest file 'turtlesim.egg-info/SOURCES.txt'
[  3%] Built target ament_cmake_python_build_turtlesim_egg
[  3%] Built target turtlesim__rs
[  3%] Built target turtlesim__cpp
[  6%] Generating C++ introspection for ROS interfaces
[  5%] Generating C++ type support for eProsima Fast-RTPS
[  6%] Generating C++ type support dispatch for ROS interfaces
[  7%] Building C object CMakeFiles/turtlesim__rosidl_generator_c.dir/rosidl_generator_c/turtlesim/msg/detail/color__functions.c.o
[  9%] Building C object CMakeFiles/turtlesim__rosidl_generator_c.dir/rosidl_generator_c/turtlesim/msg/detail/pose__functions.c.o
[  9%] Building C object CMakeFiles/turtlesim__rosidl_generator_c.dir/rosidl_generator_c/turtlesim/action/detail/rotate_absolute__functions.c.o
[ 10%] Building C object CMakeFiles/turtlesim__rosidl_generator_c.dir/rosidl_generator_c/turtlesim/srv/detail/set_pen__functions.c.o
[ 11%] Building C object CMakeFiles/turtlesim__rosidl_generator_c.dir/rosidl_generator_c/turtlesim/srv/detail/kill__functions.c.o
[ 12%] Building C object CMakeFiles/turtlesim__rosidl_generator_c.dir/rosidl_generator_c/turtlesim/srv/detail/spawn__functions.c.o
[ 13%] Building C object CMakeFiles/turtlesim__rosidl_generator_c.dir/rosidl_generator_c/turtlesim/srv/detail/teleport_absolute__functions.c.o
[ 14%] Building C object CMakeFiles/turtlesim__rosidl_generator_c.dir/rosidl_generator_c/turtlesim/srv/detail/teleport_relative__functions.c.o
[ 15%] Linking C shared library libturtlesim__rosidl_generator_c.so
[ 15%] Built target turtlesim__rosidl_generator_c
[ 16%] Generating C type support for eProsima Fast-RTPS
[ 17%] Generating C type support dispatch for ROS interfaces
[ 18%] Generating C introspection for ROS interfaces
[ 19%] Building CXX object CMakeFiles/turtlesim__rosidl_typesupport_cpp.dir/rosidl_typesupport_cpp/turtlesim/action/rotate_absolute__type_support.cpp.o
[ 20%] Building CXX object CMakeFiles/turtlesim__rosidl_typesupport_cpp.dir/rosidl_typesupport_cpp/turtlesim/msg/color__type_support.cpp.o
[ 21%] Building CXX object CMakeFiles/turtlesim__rosidl_typesupport_cpp.dir/rosidl_typesupport_cpp/turtlesim/srv/set_pen__type_support.cpp.o
[ 22%] Building CXX object CMakeFiles/turtlesim__rosidl_typesupport_cpp.dir/rosidl_typesupport_cpp/turtlesim/srv/teleport_absolute__type_support.cpp.o
[ 23%] Building CXX object CMakeFiles/turtlesim__rosidl_typesupport_cpp.dir/rosidl_typesupport_cpp/turtlesim/srv/kill__type_support.cpp.o
[ 24%] Building CXX object CMakeFiles/turtlesim__rosidl_typesupport_cpp.dir/rosidl_typesupport_cpp/turtlesim/srv/teleport_relative__type_support.cpp.o
[ 25%] Building CXX object CMakeFiles/turtlesim__rosidl_typesupport_cpp.dir/rosidl_typesupport_cpp/turtlesim/srv/spawn__type_support.cpp.o
[ 26%] Building CXX object CMakeFiles/turtlesim__rosidl_typesupport_cpp.dir/rosidl_typesupport_cpp/turtlesim/msg/pose__type_support.cpp.o
[ 27%] Building CXX object CMakeFiles/turtlesim__rosidl_typesupport_introspection_cpp.dir/rosidl_typesupport_introspection_cpp/turtlesim/srv/detail/set_pen__type_support.cpp.o
[ 28%] Building CXX object CMakeFiles/turtlesim__rosidl_typesupport_introspection_cpp.dir/rosidl_typesupport_introspection_cpp/turtlesim/msg/detail/pose__type_support.cpp.o
[ 29%] Building CXX object CMakeFiles/turtlesim__rosidl_typesupport_introspection_cpp.dir/rosidl_typesupport_introspection_cpp/turtlesim/srv/detail/spawn__type_support.cpp.o
[ 31%] Building CXX object CMakeFiles/turtlesim__rosidl_typesupport_introspection_cpp.dir/rosidl_typesupport_introspection_cpp/turtlesim/srv/detail/teleport_absolute__type_support.cpp.o
[ 31%] Building CXX object CMakeFiles/turtlesim__rosidl_typesupport_introspection_cpp.dir/rosidl_typesupport_introspection_cpp/turtlesim/action/detail/rotate_absolute__type_support.cpp.o
[ 32%] Building CXX object CMakeFiles/turtlesim__rosidl_typesupport_introspection_cpp.dir/rosidl_typesupport_introspection_cpp/turtlesim/srv/detail/teleport_relative__type_support.cpp.o
[ 33%] Building CXX object CMakeFiles/turtlesim__rosidl_typesupport_introspection_cpp.dir/rosidl_typesupport_introspection_cpp/turtlesim/msg/detail/color__type_support.cpp.o
[ 34%] Building CXX object CMakeFiles/turtlesim__rosidl_typesupport_introspection_cpp.dir/rosidl_typesupport_introspection_cpp/turtlesim/srv/detail/kill__type_support.cpp.o
[ 35%] Building CXX object CMakeFiles/turtlesim__rosidl_typesupport_fastrtps_cpp.dir/rosidl_typesupport_fastrtps_cpp/turtlesim/action/detail/dds_fastrtps/rotate_absolute__type_support.cpp.o
[ 36%] Building CXX object CMakeFiles/turtlesim__rosidl_typesupport_fastrtps_cpp.dir/rosidl_typesupport_fastrtps_cpp/turtlesim/msg/detail/dds_fastrtps/pose__type_support.cpp.o
[ 37%] Building CXX object CMakeFiles/turtlesim__rosidl_typesupport_fastrtps_cpp.dir/rosidl_typesupport_fastrtps_cpp/turtlesim/srv/detail/dds_fastrtps/spawn__type_support.cpp.o
[ 38%] Building CXX object CMakeFiles/turtlesim__rosidl_typesupport_fastrtps_cpp.dir/rosidl_typesupport_fastrtps_cpp/turtlesim/msg/detail/dds_fastrtps/color__type_support.cpp.o
[ 39%] Building CXX object CMakeFiles/turtlesim__rosidl_typesupport_fastrtps_cpp.dir/rosidl_typesupport_fastrtps_cpp/turtlesim/srv/detail/dds_fastrtps/set_pen__type_support.cpp.o
[ 40%] Building CXX object CMakeFiles/turtlesim__rosidl_typesupport_fastrtps_cpp.dir/rosidl_typesupport_fastrtps_cpp/turtlesim/srv/detail/dds_fastrtps/kill__type_support.cpp.o
[ 41%] Building CXX object CMakeFiles/turtlesim__rosidl_typesupport_fastrtps_cpp.dir/rosidl_typesupport_fastrtps_cpp/turtlesim/srv/detail/dds_fastrtps/teleport_absolute__type_support.cpp.o
[ 42%] Building CXX object CMakeFiles/turtlesim__rosidl_typesupport_fastrtps_cpp.dir/rosidl_typesupport_fastrtps_cpp/turtlesim/srv/detail/dds_fastrtps/teleport_relative__type_support.cpp.o
[ 43%] Linking CXX shared library libturtlesim__rosidl_typesupport_cpp.so
[ 44%] Building CXX object CMakeFiles/turtlesim__rosidl_typesupport_c.dir/rosidl_typesupport_c/turtlesim/action/rotate_absolute__type_support.cpp.o
[ 45%] Building CXX object CMakeFiles/turtlesim__rosidl_typesupport_c.dir/rosidl_typesupport_c/turtlesim/msg/color__type_support.cpp.o
[ 47%] Building CXX object CMakeFiles/turtlesim__rosidl_typesupport_c.dir/rosidl_typesupport_c/turtlesim/srv/set_pen__type_support.cpp.o
[ 47%] Building CXX object CMakeFiles/turtlesim__rosidl_typesupport_c.dir/rosidl_typesupport_c/turtlesim/srv/spawn__type_support.cpp.o
[ 48%] Building CXX object CMakeFiles/turtlesim__rosidl_typesupport_c.dir/rosidl_typesupport_c/turtlesim/msg/pose__type_support.cpp.o
[ 49%] Building CXX object CMakeFiles/turtlesim__rosidl_typesupport_c.dir/rosidl_typesupport_c/turtlesim/srv/kill__type_support.cpp.o
[ 50%] Building C object CMakeFiles/turtlesim__rosidl_typesupport_introspection_c.dir/rosidl_typesupport_introspection_c/turtlesim/action/detail/rotate_absolute__type_support.c.o
[ 50%] Built target turtlesim__rosidl_typesupport_cpp
[ 51%] Building CXX object CMakeFiles/turtlesim__rosidl_typesupport_fastrtps_c.dir/rosidl_typesupport_fastrtps_c/turtlesim/action/detail/rotate_absolute__type_support_c.cpp.o
[ 52%] Building CXX object CMakeFiles/turtlesim__rosidl_typesupport_c.dir/rosidl_typesupport_c/turtlesim/srv/teleport_absolute__type_support.cpp.o
[ 53%] Building C object CMakeFiles/turtlesim__rosidl_typesupport_introspection_c.dir/rosidl_typesupport_introspection_c/turtlesim/msg/detail/color__type_support.c.o
[ 54%] Building CXX object CMakeFiles/turtlesim__rosidl_typesupport_c.dir/rosidl_typesupport_c/turtlesim/srv/teleport_relative__type_support.cpp.o
[ 55%] Generating include/turtlesim/moc_turtle_frame.cpp
[ 56%] Building CXX object CMakeFiles/turtlesim__rosidl_typesupport_fastrtps_c.dir/rosidl_typesupport_fastrtps_c/turtlesim/msg/detail/pose__type_support_c.cpp.o
[ 57%] Building CXX object CMakeFiles/turtlesim__rosidl_typesupport_fastrtps_c.dir/rosidl_typesupport_fastrtps_c/turtlesim/msg/detail/color__type_support_c.cpp.o
[ 58%] Building CXX object CMakeFiles/turtlesim__rosidl_typesupport_fastrtps_c.dir/rosidl_typesupport_fastrtps_c/turtlesim/srv/detail/kill__type_support_c.cpp.o
[ 59%] Building C object CMakeFiles/turtlesim__rosidl_typesupport_introspection_c.dir/rosidl_typesupport_introspection_c/turtlesim/msg/detail/pose__type_support.c.o
[ 60%] Building CXX object CMakeFiles/turtle_teleop_key.dir/tutorials/teleop_turtle_key.cpp.o
[ 61%] Building CXX object CMakeFiles/draw_square.dir/tutorials/draw_square.cpp.o
[ 62%] Linking CXX shared library libturtlesim__rosidl_typesupport_c.so
[ 63%] Building CXX object CMakeFiles/mimic.dir/tutorials/mimic.cpp.o
[ 64%] Building CXX object CMakeFiles/turtlesim__rosidl_typesupport_fastrtps_c.dir/rosidl_typesupport_fastrtps_c/turtlesim/srv/detail/set_pen__type_support_c.cpp.o
[ 65%] Building C object CMakeFiles/turtlesim__rosidl_typesupport_introspection_c.dir/rosidl_typesupport_introspection_c/turtlesim/srv/detail/kill__type_support.c.o
[ 66%] Building CXX object CMakeFiles/turtlesim__rosidl_typesupport_fastrtps_c.dir/rosidl_typesupport_fastrtps_c/turtlesim/srv/detail/spawn__type_support_c.cpp.o
[ 67%] Building CXX object CMakeFiles/turtlesim__rosidl_typesupport_fastrtps_c.dir/rosidl_typesupport_fastrtps_c/turtlesim/srv/detail/teleport_absolute__type_support_c.cpp.o
[ 68%] Building CXX object CMakeFiles/turtlesim__rosidl_typesupport_fastrtps_c.dir/rosidl_typesupport_fastrtps_c/turtlesim/srv/detail/teleport_relative__type_support_c.cpp.o
[ 68%] Built target turtlesim__rosidl_typesupport_c
[ 69%] Building C object CMakeFiles/turtlesim__rosidl_typesupport_introspection_c.dir/rosidl_typesupport_introspection_c/turtlesim/srv/detail/spawn__type_support.c.o
[ 70%] Building C object CMakeFiles/turtlesim__rosidl_typesupport_introspection_c.dir/rosidl_typesupport_introspection_c/turtlesim/srv/detail/set_pen__type_support.c.o
[ 71%] Building C object CMakeFiles/turtlesim__rosidl_typesupport_introspection_c.dir/rosidl_typesupport_introspection_c/turtlesim/srv/detail/teleport_absolute__type_support.c.o
[ 72%] Building C object CMakeFiles/turtlesim__rosidl_typesupport_introspection_c.dir/rosidl_typesupport_introspection_c/turtlesim/srv/detail/teleport_relative__type_support.c.o
[ 73%] Building CXX object CMakeFiles/turtlesim_node.dir/src/turtlesim.cpp.o
[ 74%] Building CXX object CMakeFiles/turtlesim_node.dir/src/turtle.cpp.o
[ 75%] Building CXX object CMakeFiles/turtlesim_node.dir/src/turtle_frame.cpp.o
[ 76%] Building CXX object CMakeFiles/turtlesim_node.dir/include/turtlesim/moc_turtle_frame.cpp.o
[ 77%] Linking C shared library libturtlesim__rosidl_typesupport_introspection_c.so
[ 77%] Built target turtlesim__rosidl_typesupport_introspection_c
[ 78%] Linking CXX shared library libturtlesim__rosidl_typesupport_introspection_cpp.so
[ 78%] Built target turtlesim__rosidl_typesupport_introspection_cpp
[ 79%] Linking CXX shared library libturtlesim__rosidl_typesupport_fastrtps_cpp.so
[ 79%] Built target turtlesim__rosidl_typesupport_fastrtps_cpp
[ 80%] Linking CXX shared library libturtlesim__rosidl_typesupport_fastrtps_c.so
[ 80%] Built target turtlesim__rosidl_typesupport_fastrtps_c
[ 80%] Built target turtlesim
[ 81%] Generating Python code for ROS interfaces
[ 81%] Built target turtlesim__py
[ 82%] Building C object CMakeFiles/turtlesim__rosidl_generator_py.dir/rosidl_generator_py/turtlesim/action/_rotate_absolute_s.c.o
[ 85%] Building C object CMakeFiles/turtlesim__rosidl_generator_py.dir/rosidl_generator_py/turtlesim/srv/_spawn_s.c.o
[ 85%] Building C object CMakeFiles/turtlesim__rosidl_generator_py.dir/rosidl_generator_py/turtlesim/srv/_kill_s.c.o
[ 85%] Building C object CMakeFiles/turtlesim__rosidl_generator_py.dir/rosidl_generator_py/turtlesim/msg/_pose_s.c.o
[ 86%] Building C object CMakeFiles/turtlesim__rosidl_generator_py.dir/rosidl_generator_py/turtlesim/srv/_set_pen_s.c.o
[ 87%] Building C object CMakeFiles/turtlesim__rosidl_generator_py.dir/rosidl_generator_py/turtlesim/srv/_teleport_absolute_s.c.o
[ 88%] Building C object CMakeFiles/turtlesim__rosidl_generator_py.dir/rosidl_generator_py/turtlesim/msg/_color_s.c.o
[ 89%] Building C object CMakeFiles/turtlesim__rosidl_generator_py.dir/rosidl_generator_py/turtlesim/srv/_teleport_relative_s.c.o
[ 90%] Linking C shared library rosidl_generator_py/turtlesim/libturtlesim__rosidl_generator_py.so
[ 90%] Built target turtlesim__rosidl_generator_py
[ 92%] Building C object CMakeFiles/turtlesim__rosidl_typesupport_introspection_c__pyext.dir/rosidl_generator_py/turtlesim/_turtlesim_s.ep.rosidl_typesupport_introspection_c.c.o
[ 92%] Building C object CMakeFiles/turtlesim__rosidl_typesupport_fastrtps_c__pyext.dir/rosidl_generator_py/turtlesim/_turtlesim_s.ep.rosidl_typesupport_fastrtps_c.c.o
[ 93%] Building C object CMakeFiles/turtlesim__rosidl_typesupport_c__pyext.dir/rosidl_generator_py/turtlesim/_turtlesim_s.ep.rosidl_typesupport_c.c.o
[ 94%] Linking C shared library rosidl_generator_py/turtlesim/turtlesim_s__rosidl_typesupport_fastrtps_c.cpython-310-x86_64-linux-gnu.so
[ 95%] Linking C shared library rosidl_generator_py/turtlesim/turtlesim_s__rosidl_typesupport_c.cpython-310-x86_64-linux-gnu.so
[ 96%] Linking C shared library rosidl_generator_py/turtlesim/turtlesim_s__rosidl_typesupport_introspection_c.cpython-310-x86_64-linux-gnu.so
[ 96%] Built target turtlesim__rosidl_typesupport_fastrtps_c__pyext
[ 96%] Built target turtlesim__rosidl_typesupport_c__pyext
[ 96%] Built target turtlesim__rosidl_typesupport_introspection_c__pyext
[ 97%] Linking CXX executable turtle_teleop_key
[ 97%] Built target turtle_teleop_key
[ 98%] Linking CXX executable mimic
[ 98%] Built target mimic
[ 99%] Linking CXX executable draw_square
[ 99%] Built target draw_square
[100%] Linking CXX executable turtlesim_node
[100%] Built target turtlesim_node
-- Install configuration: ""
-- Installing: /home/jon/ws01/install/turtlesim/share/ament_index/resource_index/rosidl_interfaces/turtlesim
-- Installing: /home/jon/ws01/install/turtlesim/include/turtlesim/turtlesim
-- Installing: /home/jon/ws01/install/turtlesim/include/turtlesim/turtlesim/msg
-- Installing: /home/jon/ws01/install/turtlesim/include/turtlesim/turtlesim/msg/pose.h
-- Installing: /home/jon/ws01/install/turtlesim/include/turtlesim/turtlesim/msg/detail
-- Installing: /home/jon/ws01/install/turtlesim/include/turtlesim/turtlesim/msg/detail/pose__functions.h
-- Installing: /home/jon/ws01/install/turtlesim/include/turtlesim/turtlesim/msg/detail/color__functions.c
-- Installing: /home/jon/ws01/install/turtlesim/include/turtlesim/turtlesim/msg/detail/color__struct.h
-- Installing: /home/jon/ws01/install/turtlesim/include/turtlesim/turtlesim/msg/detail/pose__functions.c
-- Installing: /home/jon/ws01/install/turtlesim/include/turtlesim/turtlesim/msg/detail/color__functions.h
-- Installing: /home/jon/ws01/install/turtlesim/include/turtlesim/turtlesim/msg/detail/pose__struct.h
-- Installing: /home/jon/ws01/install/turtlesim/include/turtlesim/turtlesim/msg/detail/pose__type_support.h
-- Installing: /home/jon/ws01/install/turtlesim/include/turtlesim/turtlesim/msg/detail/color__type_support.h
-- Installing: /home/jon/ws01/install/turtlesim/include/turtlesim/turtlesim/msg/rosidl_generator_c__visibility_control.h
-- Installing: /home/jon/ws01/install/turtlesim/include/turtlesim/turtlesim/msg/color.h
-- Installing: /home/jon/ws01/install/turtlesim/include/turtlesim/turtlesim/action
-- Installing: /home/jon/ws01/install/turtlesim/include/turtlesim/turtlesim/action/rotate_absolute.h
-- Installing: /home/jon/ws01/install/turtlesim/include/turtlesim/turtlesim/action/detail
-- Installing: /home/jon/ws01/install/turtlesim/include/turtlesim/turtlesim/action/detail/rotate_absolute__functions.h
-- Installing: /home/jon/ws01/install/turtlesim/include/turtlesim/turtlesim/action/detail/rotate_absolute__type_support.h
-- Installing: /home/jon/ws01/install/turtlesim/include/turtlesim/turtlesim/action/detail/rotate_absolute__struct.h
-- Installing: /home/jon/ws01/install/turtlesim/include/turtlesim/turtlesim/action/detail/rotate_absolute__functions.c
-- Installing: /home/jon/ws01/install/turtlesim/include/turtlesim/turtlesim/srv
-- Installing: /home/jon/ws01/install/turtlesim/include/turtlesim/turtlesim/srv/spawn.h
-- Installing: /home/jon/ws01/install/turtlesim/include/turtlesim/turtlesim/srv/teleport_absolute.h
-- Installing: /home/jon/ws01/install/turtlesim/include/turtlesim/turtlesim/srv/set_pen.h
-- Installing: /home/jon/ws01/install/turtlesim/include/turtlesim/turtlesim/srv/kill.h
-- Installing: /home/jon/ws01/install/turtlesim/include/turtlesim/turtlesim/srv/teleport_relative.h
-- Installing: /home/jon/ws01/install/turtlesim/include/turtlesim/turtlesim/srv/detail
-- Installing: /home/jon/ws01/install/turtlesim/include/turtlesim/turtlesim/srv/detail/teleport_absolute__functions.h
-- Installing: /home/jon/ws01/install/turtlesim/include/turtlesim/turtlesim/srv/detail/teleport_absolute__type_support.h
-- Installing: /home/jon/ws01/install/turtlesim/include/turtlesim/turtlesim/srv/detail/teleport_relative__type_support.h
-- Installing: /home/jon/ws01/install/turtlesim/include/turtlesim/turtlesim/srv/detail/set_pen__functions.c
-- Installing: /home/jon/ws01/install/turtlesim/include/turtlesim/turtlesim/srv/detail/spawn__functions.h
-- Installing: /home/jon/ws01/install/turtlesim/include/turtlesim/turtlesim/srv/detail/teleport_absolute__struct.h
-- Installing: /home/jon/ws01/install/turtlesim/include/turtlesim/turtlesim/srv/detail/kill__functions.c
-- Installing: /home/jon/ws01/install/turtlesim/include/turtlesim/turtlesim/srv/detail/spawn__functions.c
-- Installing: /home/jon/ws01/install/turtlesim/include/turtlesim/turtlesim/srv/detail/teleport_absolute__functions.c
-- Installing: /home/jon/ws01/install/turtlesim/include/turtlesim/turtlesim/srv/detail/kill__functions.h
-- Installing: /home/jon/ws01/install/turtlesim/include/turtlesim/turtlesim/srv/detail/set_pen__functions.h
-- Installing: /home/jon/ws01/install/turtlesim/include/turtlesim/turtlesim/srv/detail/teleport_relative__functions.c
-- Installing: /home/jon/ws01/install/turtlesim/include/turtlesim/turtlesim/srv/detail/spawn__struct.h
-- Installing: /home/jon/ws01/install/turtlesim/include/turtlesim/turtlesim/srv/detail/kill__type_support.h
-- Installing: /home/jon/ws01/install/turtlesim/include/turtlesim/turtlesim/srv/detail/set_pen__struct.h
-- Installing: /home/jon/ws01/install/turtlesim/include/turtlesim/turtlesim/srv/detail/set_pen__type_support.h
-- Installing: /home/jon/ws01/install/turtlesim/include/turtlesim/turtlesim/srv/detail/teleport_relative__struct.h
-- Installing: /home/jon/ws01/install/turtlesim/include/turtlesim/turtlesim/srv/detail/spawn__type_support.h
-- Installing: /home/jon/ws01/install/turtlesim/include/turtlesim/turtlesim/srv/detail/kill__struct.h
-- Installing: /home/jon/ws01/install/turtlesim/include/turtlesim/turtlesim/srv/detail/teleport_relative__functions.h
-- Installing: /home/jon/ws01/install/turtlesim/share/turtlesim/environment/library_path.sh
-- Installing: /home/jon/ws01/install/turtlesim/share/turtlesim/environment/library_path.dsv
-- Installing: /home/jon/ws01/install/turtlesim/lib/libturtlesim__rosidl_generator_c.so
-- Set runtime path of "/home/jon/ws01/install/turtlesim/lib/libturtlesim__rosidl_generator_c.so" to ""
-- Up-to-date: /home/jon/ws01/install/turtlesim/include/turtlesim/turtlesim
-- Up-to-date: /home/jon/ws01/install/turtlesim/include/turtlesim/turtlesim/msg
-- Installing: /home/jon/ws01/install/turtlesim/include/turtlesim/turtlesim/msg/rosidl_typesupport_fastrtps_c__visibility_control.h
-- Up-to-date: /home/jon/ws01/install/turtlesim/include/turtlesim/turtlesim/msg/detail
-- Installing: /home/jon/ws01/install/turtlesim/include/turtlesim/turtlesim/msg/detail/color__rosidl_typesupport_fastrtps_c.h
-- Installing: /home/jon/ws01/install/turtlesim/include/turtlesim/turtlesim/msg/detail/pose__rosidl_typesupport_fastrtps_c.h
-- Up-to-date: /home/jon/ws01/install/turtlesim/include/turtlesim/turtlesim/action
-- Up-to-date: /home/jon/ws01/install/turtlesim/include/turtlesim/turtlesim/action/detail
-- Installing: /home/jon/ws01/install/turtlesim/include/turtlesim/turtlesim/action/detail/rotate_absolute__rosidl_typesupport_fastrtps_c.h
-- Up-to-date: /home/jon/ws01/install/turtlesim/include/turtlesim/turtlesim/srv
-- Up-to-date: /home/jon/ws01/install/turtlesim/include/turtlesim/turtlesim/srv/detail
-- Installing: /home/jon/ws01/install/turtlesim/include/turtlesim/turtlesim/srv/detail/spawn__rosidl_typesupport_fastrtps_c.h
-- Installing: /home/jon/ws01/install/turtlesim/include/turtlesim/turtlesim/srv/detail/teleport_absolute__rosidl_typesupport_fastrtps_c.h
-- Installing: /home/jon/ws01/install/turtlesim/include/turtlesim/turtlesim/srv/detail/teleport_relative__rosidl_typesupport_fastrtps_c.h
-- Installing: /home/jon/ws01/install/turtlesim/include/turtlesim/turtlesim/srv/detail/kill__rosidl_typesupport_fastrtps_c.h
-- Installing: /home/jon/ws01/install/turtlesim/include/turtlesim/turtlesim/srv/detail/set_pen__rosidl_typesupport_fastrtps_c.h
-- Installing: /home/jon/ws01/install/turtlesim/lib/libturtlesim__rosidl_typesupport_fastrtps_c.so
-- Set runtime path of "/home/jon/ws01/install/turtlesim/lib/libturtlesim__rosidl_typesupport_fastrtps_c.so" to ""
-- Up-to-date: /home/jon/ws01/install/turtlesim/include/turtlesim/turtlesim
-- Up-to-date: /home/jon/ws01/install/turtlesim/include/turtlesim/turtlesim/msg
-- Installing: /home/jon/ws01/install/turtlesim/include/turtlesim/turtlesim/msg/color.hpp
-- Up-to-date: /home/jon/ws01/install/turtlesim/include/turtlesim/turtlesim/msg/detail
-- Installing: /home/jon/ws01/install/turtlesim/include/turtlesim/turtlesim/msg/detail/color__builder.hpp
-- Installing: /home/jon/ws01/install/turtlesim/include/turtlesim/turtlesim/msg/detail/color__struct.hpp
-- Installing: /home/jon/ws01/install/turtlesim/include/turtlesim/turtlesim/msg/detail/pose__traits.hpp
-- Installing: /home/jon/ws01/install/turtlesim/include/turtlesim/turtlesim/msg/detail/pose__struct.hpp
-- Installing: /home/jon/ws01/install/turtlesim/include/turtlesim/turtlesim/msg/detail/color__traits.hpp
-- Installing: /home/jon/ws01/install/turtlesim/include/turtlesim/turtlesim/msg/detail/color__type_support.hpp
-- Installing: /home/jon/ws01/install/turtlesim/include/turtlesim/turtlesim/msg/detail/pose__type_support.hpp
-- Installing: /home/jon/ws01/install/turtlesim/include/turtlesim/turtlesim/msg/detail/pose__builder.hpp
-- Installing: /home/jon/ws01/install/turtlesim/include/turtlesim/turtlesim/msg/rosidl_generator_cpp__visibility_control.hpp
-- Installing: /home/jon/ws01/install/turtlesim/include/turtlesim/turtlesim/msg/pose.hpp
-- Up-to-date: /home/jon/ws01/install/turtlesim/include/turtlesim/turtlesim/action
-- Installing: /home/jon/ws01/install/turtlesim/include/turtlesim/turtlesim/action/rotate_absolute.hpp
-- Up-to-date: /home/jon/ws01/install/turtlesim/include/turtlesim/turtlesim/action/detail
-- Installing: /home/jon/ws01/install/turtlesim/include/turtlesim/turtlesim/action/detail/rotate_absolute__struct.hpp
-- Installing: /home/jon/ws01/install/turtlesim/include/turtlesim/turtlesim/action/detail/rotate_absolute__type_support.hpp
-- Installing: /home/jon/ws01/install/turtlesim/include/turtlesim/turtlesim/action/detail/rotate_absolute__builder.hpp
-- Installing: /home/jon/ws01/install/turtlesim/include/turtlesim/turtlesim/action/detail/rotate_absolute__traits.hpp
-- Up-to-date: /home/jon/ws01/install/turtlesim/include/turtlesim/turtlesim/srv
-- Installing: /home/jon/ws01/install/turtlesim/include/turtlesim/turtlesim/srv/teleport_relative.hpp
-- Installing: /home/jon/ws01/install/turtlesim/include/turtlesim/turtlesim/srv/set_pen.hpp
-- Installing: /home/jon/ws01/install/turtlesim/include/turtlesim/turtlesim/srv/teleport_absolute.hpp
-- Up-to-date: /home/jon/ws01/install/turtlesim/include/turtlesim/turtlesim/srv/detail
-- Installing: /home/jon/ws01/install/turtlesim/include/turtlesim/turtlesim/srv/detail/teleport_absolute__builder.hpp
-- Installing: /home/jon/ws01/install/turtlesim/include/turtlesim/turtlesim/srv/detail/spawn__builder.hpp
-- Installing: /home/jon/ws01/install/turtlesim/include/turtlesim/turtlesim/srv/detail/teleport_relative__struct.hpp
-- Installing: /home/jon/ws01/install/turtlesim/include/turtlesim/turtlesim/srv/detail/teleport_relative__type_support.hpp
-- Installing: /home/jon/ws01/install/turtlesim/include/turtlesim/turtlesim/srv/detail/set_pen__struct.hpp
-- Installing: /home/jon/ws01/install/turtlesim/include/turtlesim/turtlesim/srv/detail/kill__builder.hpp
-- Installing: /home/jon/ws01/install/turtlesim/include/turtlesim/turtlesim/srv/detail/set_pen__type_support.hpp
-- Installing: /home/jon/ws01/install/turtlesim/include/turtlesim/turtlesim/srv/detail/kill__struct.hpp
-- Installing: /home/jon/ws01/install/turtlesim/include/turtlesim/turtlesim/srv/detail/kill__traits.hpp
-- Installing: /home/jon/ws01/install/turtlesim/include/turtlesim/turtlesim/srv/detail/teleport_relative__traits.hpp
-- Installing: /home/jon/ws01/install/turtlesim/include/turtlesim/turtlesim/srv/detail/set_pen__builder.hpp
-- Installing: /home/jon/ws01/install/turtlesim/include/turtlesim/turtlesim/srv/detail/spawn__traits.hpp
-- Installing: /home/jon/ws01/install/turtlesim/include/turtlesim/turtlesim/srv/detail/teleport_absolute__traits.hpp
-- Installing: /home/jon/ws01/install/turtlesim/include/turtlesim/turtlesim/srv/detail/teleport_relative__builder.hpp
-- Installing: /home/jon/ws01/install/turtlesim/include/turtlesim/turtlesim/srv/detail/kill__type_support.hpp
-- Installing: /home/jon/ws01/install/turtlesim/include/turtlesim/turtlesim/srv/detail/teleport_absolute__type_support.hpp
-- Installing: /home/jon/ws01/install/turtlesim/include/turtlesim/turtlesim/srv/detail/set_pen__traits.hpp
-- Installing: /home/jon/ws01/install/turtlesim/include/turtlesim/turtlesim/srv/detail/teleport_absolute__struct.hpp
-- Installing: /home/jon/ws01/install/turtlesim/include/turtlesim/turtlesim/srv/detail/spawn__struct.hpp
-- Installing: /home/jon/ws01/install/turtlesim/include/turtlesim/turtlesim/srv/detail/spawn__type_support.hpp
-- Installing: /home/jon/ws01/install/turtlesim/include/turtlesim/turtlesim/srv/kill.hpp
-- Installing: /home/jon/ws01/install/turtlesim/include/turtlesim/turtlesim/srv/spawn.hpp
-- Up-to-date: /home/jon/ws01/install/turtlesim/include/turtlesim/turtlesim
-- Up-to-date: /home/jon/ws01/install/turtlesim/include/turtlesim/turtlesim/msg
-- Installing: /home/jon/ws01/install/turtlesim/include/turtlesim/turtlesim/msg/rosidl_typesupport_fastrtps_cpp__visibility_control.h
-- Up-to-date: /home/jon/ws01/install/turtlesim/include/turtlesim/turtlesim/msg/detail
-- Installing: /home/jon/ws01/install/turtlesim/include/turtlesim/turtlesim/msg/detail/color__rosidl_typesupport_fastrtps_cpp.hpp
-- Installing: /home/jon/ws01/install/turtlesim/include/turtlesim/turtlesim/msg/detail/dds_fastrtps
-- Installing: /home/jon/ws01/install/turtlesim/include/turtlesim/turtlesim/msg/detail/pose__rosidl_typesupport_fastrtps_cpp.hpp
-- Up-to-date: /home/jon/ws01/install/turtlesim/include/turtlesim/turtlesim/action
-- Up-to-date: /home/jon/ws01/install/turtlesim/include/turtlesim/turtlesim/action/detail
-- Installing: /home/jon/ws01/install/turtlesim/include/turtlesim/turtlesim/action/detail/dds_fastrtps
-- Installing: /home/jon/ws01/install/turtlesim/include/turtlesim/turtlesim/action/detail/rotate_absolute__rosidl_typesupport_fastrtps_cpp.hpp
-- Up-to-date: /home/jon/ws01/install/turtlesim/include/turtlesim/turtlesim/srv
-- Up-to-date: /home/jon/ws01/install/turtlesim/include/turtlesim/turtlesim/srv/detail
-- Installing: /home/jon/ws01/install/turtlesim/include/turtlesim/turtlesim/srv/detail/dds_fastrtps
-- Installing: /home/jon/ws01/install/turtlesim/include/turtlesim/turtlesim/srv/detail/spawn__rosidl_typesupport_fastrtps_cpp.hpp
-- Installing: /home/jon/ws01/install/turtlesim/include/turtlesim/turtlesim/srv/detail/set_pen__rosidl_typesupport_fastrtps_cpp.hpp
-- Installing: /home/jon/ws01/install/turtlesim/include/turtlesim/turtlesim/srv/detail/teleport_absolute__rosidl_typesupport_fastrtps_cpp.hpp
-- Installing: /home/jon/ws01/install/turtlesim/include/turtlesim/turtlesim/srv/detail/teleport_relative__rosidl_typesupport_fastrtps_cpp.hpp
-- Installing: /home/jon/ws01/install/turtlesim/include/turtlesim/turtlesim/srv/detail/kill__rosidl_typesupport_fastrtps_cpp.hpp
-- Installing: /home/jon/ws01/install/turtlesim/lib/libturtlesim__rosidl_typesupport_fastrtps_cpp.so
-- Set runtime path of "/home/jon/ws01/install/turtlesim/lib/libturtlesim__rosidl_typesupport_fastrtps_cpp.so" to ""
-- Up-to-date: /home/jon/ws01/install/turtlesim/include/turtlesim/turtlesim
-- Up-to-date: /home/jon/ws01/install/turtlesim/include/turtlesim/turtlesim/msg
-- Up-to-date: /home/jon/ws01/install/turtlesim/include/turtlesim/turtlesim/msg/detail
-- Installing: /home/jon/ws01/install/turtlesim/include/turtlesim/turtlesim/msg/detail/pose__type_support.c
-- Installing: /home/jon/ws01/install/turtlesim/include/turtlesim/turtlesim/msg/detail/color__rosidl_typesupport_introspection_c.h
-- Installing: /home/jon/ws01/install/turtlesim/include/turtlesim/turtlesim/msg/detail/color__type_support.c
-- Installing: /home/jon/ws01/install/turtlesim/include/turtlesim/turtlesim/msg/detail/pose__rosidl_typesupport_introspection_c.h
-- Installing: /home/jon/ws01/install/turtlesim/include/turtlesim/turtlesim/msg/rosidl_typesupport_introspection_c__visibility_control.h
-- Up-to-date: /home/jon/ws01/install/turtlesim/include/turtlesim/turtlesim/action
-- Up-to-date: /home/jon/ws01/install/turtlesim/include/turtlesim/turtlesim/action/detail
-- Installing: /home/jon/ws01/install/turtlesim/include/turtlesim/turtlesim/action/detail/rotate_absolute__type_support.c
-- Installing: /home/jon/ws01/install/turtlesim/include/turtlesim/turtlesim/action/detail/rotate_absolute__rosidl_typesupport_introspection_c.h
-- Up-to-date: /home/jon/ws01/install/turtlesim/include/turtlesim/turtlesim/srv
-- Up-to-date: /home/jon/ws01/install/turtlesim/include/turtlesim/turtlesim/srv/detail
-- Installing: /home/jon/ws01/install/turtlesim/include/turtlesim/turtlesim/srv/detail/teleport_relative__rosidl_typesupport_introspection_c.h
-- Installing: /home/jon/ws01/install/turtlesim/include/turtlesim/turtlesim/srv/detail/spawn__type_support.c
-- Installing: /home/jon/ws01/install/turtlesim/include/turtlesim/turtlesim/srv/detail/set_pen__rosidl_typesupport_introspection_c.h
-- Installing: /home/jon/ws01/install/turtlesim/include/turtlesim/turtlesim/srv/detail/set_pen__type_support.c
-- Installing: /home/jon/ws01/install/turtlesim/include/turtlesim/turtlesim/srv/detail/teleport_absolute__rosidl_typesupport_introspection_c.h
-- Installing: /home/jon/ws01/install/turtlesim/include/turtlesim/turtlesim/srv/detail/teleport_absolute__type_support.c
-- Installing: /home/jon/ws01/install/turtlesim/include/turtlesim/turtlesim/srv/detail/kill__type_support.c
-- Installing: /home/jon/ws01/install/turtlesim/include/turtlesim/turtlesim/srv/detail/teleport_relative__type_support.c
-- Installing: /home/jon/ws01/install/turtlesim/include/turtlesim/turtlesim/srv/detail/kill__rosidl_typesupport_introspection_c.h
-- Installing: /home/jon/ws01/install/turtlesim/include/turtlesim/turtlesim/srv/detail/spawn__rosidl_typesupport_introspection_c.h
-- Installing: /home/jon/ws01/install/turtlesim/lib/libturtlesim__rosidl_typesupport_introspection_c.so
-- Set runtime path of "/home/jon/ws01/install/turtlesim/lib/libturtlesim__rosidl_typesupport_introspection_c.so" to ""
-- Installing: /home/jon/ws01/install/turtlesim/lib/libturtlesim__rosidl_typesupport_c.so
-- Set runtime path of "/home/jon/ws01/install/turtlesim/lib/libturtlesim__rosidl_typesupport_c.so" to ""
-- Up-to-date: /home/jon/ws01/install/turtlesim/include/turtlesim/turtlesim
-- Up-to-date: /home/jon/ws01/install/turtlesim/include/turtlesim/turtlesim/msg
-- Up-to-date: /home/jon/ws01/install/turtlesim/include/turtlesim/turtlesim/msg/detail
-- Installing: /home/jon/ws01/install/turtlesim/include/turtlesim/turtlesim/msg/detail/color__rosidl_typesupport_introspection_cpp.hpp
-- Installing: /home/jon/ws01/install/turtlesim/include/turtlesim/turtlesim/msg/detail/pose__rosidl_typesupport_introspection_cpp.hpp
-- Installing: /home/jon/ws01/install/turtlesim/include/turtlesim/turtlesim/msg/detail/color__type_support.cpp
-- Installing: /home/jon/ws01/install/turtlesim/include/turtlesim/turtlesim/msg/detail/pose__type_support.cpp
-- Up-to-date: /home/jon/ws01/install/turtlesim/include/turtlesim/turtlesim/action
-- Up-to-date: /home/jon/ws01/install/turtlesim/include/turtlesim/turtlesim/action/detail
-- Installing: /home/jon/ws01/install/turtlesim/include/turtlesim/turtlesim/action/detail/rotate_absolute__type_support.cpp
-- Installing: /home/jon/ws01/install/turtlesim/include/turtlesim/turtlesim/action/detail/rotate_absolute__rosidl_typesupport_introspection_cpp.hpp
-- Up-to-date: /home/jon/ws01/install/turtlesim/include/turtlesim/turtlesim/srv
-- Up-to-date: /home/jon/ws01/install/turtlesim/include/turtlesim/turtlesim/srv/detail
-- Installing: /home/jon/ws01/install/turtlesim/include/turtlesim/turtlesim/srv/detail/set_pen__rosidl_typesupport_introspection_cpp.hpp
-- Installing: /home/jon/ws01/install/turtlesim/include/turtlesim/turtlesim/srv/detail/teleport_relative__rosidl_typesupport_introspection_cpp.hpp
-- Installing: /home/jon/ws01/install/turtlesim/include/turtlesim/turtlesim/srv/detail/kill__type_support.cpp
-- Installing: /home/jon/ws01/install/turtlesim/include/turtlesim/turtlesim/srv/detail/kill__rosidl_typesupport_introspection_cpp.hpp
-- Installing: /home/jon/ws01/install/turtlesim/include/turtlesim/turtlesim/srv/detail/teleport_absolute__rosidl_typesupport_introspection_cpp.hpp
-- Installing: /home/jon/ws01/install/turtlesim/include/turtlesim/turtlesim/srv/detail/spawn__type_support.cpp
-- Installing: /home/jon/ws01/install/turtlesim/include/turtlesim/turtlesim/srv/detail/teleport_absolute__type_support.cpp
-- Installing: /home/jon/ws01/install/turtlesim/include/turtlesim/turtlesim/srv/detail/teleport_relative__type_support.cpp
-- Installing: /home/jon/ws01/install/turtlesim/include/turtlesim/turtlesim/srv/detail/set_pen__type_support.cpp
-- Installing: /home/jon/ws01/install/turtlesim/include/turtlesim/turtlesim/srv/detail/spawn__rosidl_typesupport_introspection_cpp.hpp
-- Installing: /home/jon/ws01/install/turtlesim/lib/libturtlesim__rosidl_typesupport_introspection_cpp.so
-- Set runtime path of "/home/jon/ws01/install/turtlesim/lib/libturtlesim__rosidl_typesupport_introspection_cpp.so" to ""
-- Installing: /home/jon/ws01/install/turtlesim/lib/libturtlesim__rosidl_typesupport_cpp.so
-- Set runtime path of "/home/jon/ws01/install/turtlesim/lib/libturtlesim__rosidl_typesupport_cpp.so" to ""
-- Installing: /home/jon/ws01/install/turtlesim/share/turtlesim/environment/pythonpath.sh
-- Installing: /home/jon/ws01/install/turtlesim/share/turtlesim/environment/pythonpath.dsv
-- Installing: /home/jon/ws01/install/turtlesim/local/lib/python3.10/dist-packages/turtlesim-1.4.3-py3.10.egg-info
-- Installing: /home/jon/ws01/install/turtlesim/local/lib/python3.10/dist-packages/turtlesim-1.4.3-py3.10.egg-info/PKG-INFO
-- Installing: /home/jon/ws01/install/turtlesim/local/lib/python3.10/dist-packages/turtlesim-1.4.3-py3.10.egg-info/SOURCES.txt
-- Installing: /home/jon/ws01/install/turtlesim/local/lib/python3.10/dist-packages/turtlesim-1.4.3-py3.10.egg-info/dependency_links.txt
-- Installing: /home/jon/ws01/install/turtlesim/local/lib/python3.10/dist-packages/turtlesim-1.4.3-py3.10.egg-info/top_level.txt
-- Installing: /home/jon/ws01/install/turtlesim/local/lib/python3.10/dist-packages/turtlesim
-- Installing: /home/jon/ws01/install/turtlesim/local/lib/python3.10/dist-packages/turtlesim/__init__.py
-- Installing: /home/jon/ws01/install/turtlesim/local/lib/python3.10/dist-packages/turtlesim/turtlesim_s__rosidl_typesupport_fastrtps_c.cpython-310-x86_64-linux-gnu.so
-- Installing: /home/jon/ws01/install/turtlesim/local/lib/python3.10/dist-packages/turtlesim/msg
-- Installing: /home/jon/ws01/install/turtlesim/local/lib/python3.10/dist-packages/turtlesim/msg/__init__.py
-- Installing: /home/jon/ws01/install/turtlesim/local/lib/python3.10/dist-packages/turtlesim/msg/_pose.py
-- Installing: /home/jon/ws01/install/turtlesim/local/lib/python3.10/dist-packages/turtlesim/msg/_pose_s.c
-- Installing: /home/jon/ws01/install/turtlesim/local/lib/python3.10/dist-packages/turtlesim/msg/_color_s.c
-- Installing: /home/jon/ws01/install/turtlesim/local/lib/python3.10/dist-packages/turtlesim/msg/_color.py
-- Installing: /home/jon/ws01/install/turtlesim/local/lib/python3.10/dist-packages/turtlesim/libturtlesim__rosidl_generator_py.so
-- Installing: /home/jon/ws01/install/turtlesim/local/lib/python3.10/dist-packages/turtlesim/turtlesim_s__rosidl_typesupport_c.cpython-310-x86_64-linux-gnu.so
-- Installing: /home/jon/ws01/install/turtlesim/local/lib/python3.10/dist-packages/turtlesim/_turtlesim_s.ep.rosidl_typesupport_fastrtps_c.c
-- Installing: /home/jon/ws01/install/turtlesim/local/lib/python3.10/dist-packages/turtlesim/_turtlesim_s.ep.rosidl_typesupport_c.c
-- Installing: /home/jon/ws01/install/turtlesim/local/lib/python3.10/dist-packages/turtlesim/turtlesim_s__rosidl_typesupport_introspection_c.cpython-310-x86_64-linux-gnu.so
-- Installing: /home/jon/ws01/install/turtlesim/local/lib/python3.10/dist-packages/turtlesim/action
-- Installing: /home/jon/ws01/install/turtlesim/local/lib/python3.10/dist-packages/turtlesim/action/__init__.py
-- Installing: /home/jon/ws01/install/turtlesim/local/lib/python3.10/dist-packages/turtlesim/action/_rotate_absolute_s.c
-- Installing: /home/jon/ws01/install/turtlesim/local/lib/python3.10/dist-packages/turtlesim/action/_rotate_absolute.py
-- Installing: /home/jon/ws01/install/turtlesim/local/lib/python3.10/dist-packages/turtlesim/_turtlesim_s.ep.rosidl_typesupport_introspection_c.c
-- Installing: /home/jon/ws01/install/turtlesim/local/lib/python3.10/dist-packages/turtlesim/srv
-- Installing: /home/jon/ws01/install/turtlesim/local/lib/python3.10/dist-packages/turtlesim/srv/__init__.py
-- Installing: /home/jon/ws01/install/turtlesim/local/lib/python3.10/dist-packages/turtlesim/srv/_set_pen_s.c
-- Installing: /home/jon/ws01/install/turtlesim/local/lib/python3.10/dist-packages/turtlesim/srv/_kill_s.c
-- Installing: /home/jon/ws01/install/turtlesim/local/lib/python3.10/dist-packages/turtlesim/srv/_teleport_absolute.py
-- Installing: /home/jon/ws01/install/turtlesim/local/lib/python3.10/dist-packages/turtlesim/srv/_spawn_s.c
-- Installing: /home/jon/ws01/install/turtlesim/local/lib/python3.10/dist-packages/turtlesim/srv/_spawn.py
-- Installing: /home/jon/ws01/install/turtlesim/local/lib/python3.10/dist-packages/turtlesim/srv/_kill.py
-- Installing: /home/jon/ws01/install/turtlesim/local/lib/python3.10/dist-packages/turtlesim/srv/_teleport_absolute_s.c
-- Installing: /home/jon/ws01/install/turtlesim/local/lib/python3.10/dist-packages/turtlesim/srv/_set_pen.py
-- Installing: /home/jon/ws01/install/turtlesim/local/lib/python3.10/dist-packages/turtlesim/srv/_teleport_relative.py
-- Installing: /home/jon/ws01/install/turtlesim/local/lib/python3.10/dist-packages/turtlesim/srv/_teleport_relative_s.c
Listing '/home/jon/ws01/install/turtlesim/local/lib/python3.10/dist-packages/turtlesim'...
Compiling '/home/jon/ws01/install/turtlesim/local/lib/python3.10/dist-packages/turtlesim/__init__.py'...
Listing '/home/jon/ws01/install/turtlesim/local/lib/python3.10/dist-packages/turtlesim/action'...
Compiling '/home/jon/ws01/install/turtlesim/local/lib/python3.10/dist-packages/turtlesim/action/__init__.py'...
Compiling '/home/jon/ws01/install/turtlesim/local/lib/python3.10/dist-packages/turtlesim/action/_rotate_absolute.py'...
Listing '/home/jon/ws01/install/turtlesim/local/lib/python3.10/dist-packages/turtlesim/msg'...
Compiling '/home/jon/ws01/install/turtlesim/local/lib/python3.10/dist-packages/turtlesim/msg/__init__.py'...
Compiling '/home/jon/ws01/install/turtlesim/local/lib/python3.10/dist-packages/turtlesim/msg/_color.py'...
Compiling '/home/jon/ws01/install/turtlesim/local/lib/python3.10/dist-packages/turtlesim/msg/_pose.py'...
Listing '/home/jon/ws01/install/turtlesim/local/lib/python3.10/dist-packages/turtlesim/srv'...
Compiling '/home/jon/ws01/install/turtlesim/local/lib/python3.10/dist-packages/turtlesim/srv/__init__.py'...
Compiling '/home/jon/ws01/install/turtlesim/local/lib/python3.10/dist-packages/turtlesim/srv/_kill.py'...
Compiling '/home/jon/ws01/install/turtlesim/local/lib/python3.10/dist-packages/turtlesim/srv/_set_pen.py'...
Compiling '/home/jon/ws01/install/turtlesim/local/lib/python3.10/dist-packages/turtlesim/srv/_spawn.py'...
Compiling '/home/jon/ws01/install/turtlesim/local/lib/python3.10/dist-packages/turtlesim/srv/_teleport_absolute.py'...
Compiling '/home/jon/ws01/install/turtlesim/local/lib/python3.10/dist-packages/turtlesim/srv/_teleport_relative.py'...
-- Installing: /home/jon/ws01/install/turtlesim/local/lib/python3.10/dist-packages/turtlesim/turtlesim_s__rosidl_typesupport_fastrtps_c.cpython-310-x86_64-linux-gnu.so
-- Set runtime path of "/home/jon/ws01/install/turtlesim/local/lib/python3.10/dist-packages/turtlesim/turtlesim_s__rosidl_typesupport_fastrtps_c.cpython-310-x86_64-linux-gnu.so" to ""
-- Installing: /home/jon/ws01/install/turtlesim/local/lib/python3.10/dist-packages/turtlesim/turtlesim_s__rosidl_typesupport_introspection_c.cpython-310-x86_64-linux-gnu.so
-- Set runtime path of "/home/jon/ws01/install/turtlesim/local/lib/python3.10/dist-packages/turtlesim/turtlesim_s__rosidl_typesupport_introspection_c.cpython-310-x86_64-linux-gnu.so" to ""
-- Installing: /home/jon/ws01/install/turtlesim/local/lib/python3.10/dist-packages/turtlesim/turtlesim_s__rosidl_typesupport_c.cpython-310-x86_64-linux-gnu.so
-- Set runtime path of "/home/jon/ws01/install/turtlesim/local/lib/python3.10/dist-packages/turtlesim/turtlesim_s__rosidl_typesupport_c.cpython-310-x86_64-linux-gnu.so" to ""
-- Installing: /home/jon/ws01/install/turtlesim/lib/libturtlesim__rosidl_generator_py.so
-- Set runtime path of "/home/jon/ws01/install/turtlesim/lib/libturtlesim__rosidl_generator_py.so" to ""
-- Installing: /home/jon/ws01/install/turtlesim/share/turtlesim/rust
-- Installing: /home/jon/ws01/install/turtlesim/share/turtlesim/rust/Cargo.toml
-- Installing: /home/jon/ws01/install/turtlesim/share/turtlesim/rust/build.rs
-- Installing: /home/jon/ws01/install/turtlesim/share/turtlesim/rust/src
-- Installing: /home/jon/ws01/install/turtlesim/share/turtlesim/rust/src/msg
-- Installing: /home/jon/ws01/install/turtlesim/share/turtlesim/rust/src/msg/rmw.rs
-- Installing: /home/jon/ws01/install/turtlesim/share/turtlesim/rust/src/msg.rs
-- Installing: /home/jon/ws01/install/turtlesim/share/turtlesim/rust/src/action.rs
-- Installing: /home/jon/ws01/install/turtlesim/share/turtlesim/rust/src/lib.rs
-- Installing: /home/jon/ws01/install/turtlesim/share/turtlesim/rust/src/srv.rs
-- Installing: /home/jon/ws01/install/turtlesim/share/turtlesim/rust/src/action
-- Installing: /home/jon/ws01/install/turtlesim/share/turtlesim/rust/src/action/rmw.rs
-- Installing: /home/jon/ws01/install/turtlesim/share/turtlesim/rust/src/srv
-- Installing: /home/jon/ws01/install/turtlesim/share/turtlesim/rust/src/srv/rmw.rs
-- Installing: /home/jon/ws01/install/turtlesim/share/turtlesim/action/RotateAbsolute.idl
-- Installing: /home/jon/ws01/install/turtlesim/share/turtlesim/msg/Color.idl
-- Installing: /home/jon/ws01/install/turtlesim/share/turtlesim/msg/Pose.idl
-- Installing: /home/jon/ws01/install/turtlesim/share/turtlesim/srv/Kill.idl
-- Installing: /home/jon/ws01/install/turtlesim/share/turtlesim/srv/SetPen.idl
-- Installing: /home/jon/ws01/install/turtlesim/share/turtlesim/srv/Spawn.idl
-- Installing: /home/jon/ws01/install/turtlesim/share/turtlesim/srv/TeleportAbsolute.idl
-- Installing: /home/jon/ws01/install/turtlesim/share/turtlesim/srv/TeleportRelative.idl
-- Installing: /home/jon/ws01/install/turtlesim/share/turtlesim/action/RotateAbsolute.action
-- Installing: /home/jon/ws01/install/turtlesim/share/turtlesim/msg/Color.msg
-- Installing: /home/jon/ws01/install/turtlesim/share/turtlesim/msg/Pose.msg
-- Installing: /home/jon/ws01/install/turtlesim/share/turtlesim/srv/Kill.srv
-- Installing: /home/jon/ws01/install/turtlesim/share/turtlesim/srv/Kill_Request.msg
-- Installing: /home/jon/ws01/install/turtlesim/share/turtlesim/srv/Kill_Response.msg
-- Installing: /home/jon/ws01/install/turtlesim/share/turtlesim/srv/SetPen.srv
-- Installing: /home/jon/ws01/install/turtlesim/share/turtlesim/srv/SetPen_Request.msg
-- Installing: /home/jon/ws01/install/turtlesim/share/turtlesim/srv/SetPen_Response.msg
-- Installing: /home/jon/ws01/install/turtlesim/share/turtlesim/srv/Spawn.srv
-- Installing: /home/jon/ws01/install/turtlesim/share/turtlesim/srv/Spawn_Request.msg
-- Installing: /home/jon/ws01/install/turtlesim/share/turtlesim/srv/Spawn_Response.msg
-- Installing: /home/jon/ws01/install/turtlesim/share/turtlesim/srv/TeleportAbsolute.srv
-- Installing: /home/jon/ws01/install/turtlesim/share/turtlesim/srv/TeleportAbsolute_Request.msg
-- Installing: /home/jon/ws01/install/turtlesim/share/turtlesim/srv/TeleportAbsolute_Response.msg
-- Installing: /home/jon/ws01/install/turtlesim/share/turtlesim/srv/TeleportRelative.srv
-- Installing: /home/jon/ws01/install/turtlesim/share/turtlesim/srv/TeleportRelative_Request.msg
-- Installing: /home/jon/ws01/install/turtlesim/share/turtlesim/srv/TeleportRelative_Response.msg
-- Installing: /home/jon/ws01/install/turtlesim/lib/turtlesim/turtlesim_node
-- Set runtime path of "/home/jon/ws01/install/turtlesim/lib/turtlesim/turtlesim_node" to ""
-- Installing: /home/jon/ws01/install/turtlesim/lib/turtlesim/turtle_teleop_key
-- Set runtime path of "/home/jon/ws01/install/turtlesim/lib/turtlesim/turtle_teleop_key" to ""
-- Installing: /home/jon/ws01/install/turtlesim/lib/turtlesim/draw_square
-- Set runtime path of "/home/jon/ws01/install/turtlesim/lib/turtlesim/draw_square" to ""
-- Installing: /home/jon/ws01/install/turtlesim/lib/turtlesim/mimic
-- Set runtime path of "/home/jon/ws01/install/turtlesim/lib/turtlesim/mimic" to ""
-- Installing: /home/jon/ws01/install/turtlesim/share/turtlesim/images
-- Installing: /home/jon/ws01/install/turtlesim/share/turtlesim/images/dashing.png
-- Installing: /home/jon/ws01/install/turtlesim/share/turtlesim/images/galactic.png
-- Installing: /home/jon/ws01/install/turtlesim/share/turtlesim/images/ardent.png
-- Installing: /home/jon/ws01/install/turtlesim/share/turtlesim/images/eloquent.png
-- Installing: /home/jon/ws01/install/turtlesim/share/turtlesim/images/bouncy.png
-- Installing: /home/jon/ws01/install/turtlesim/share/turtlesim/images/foxy.png
-- Installing: /home/jon/ws01/install/turtlesim/share/turtlesim/images/rolling.png
-- Installing: /home/jon/ws01/install/turtlesim/share/turtlesim/images/humble.png
-- Installing: /home/jon/ws01/install/turtlesim/share/turtlesim/images/crystal.png
-- Installing: /home/jon/ws01/install/turtlesim/share/turtlesim/launch
-- Installing: /home/jon/ws01/install/turtlesim/share/turtlesim/launch/multisim.launch.py
-- Installing: /home/jon/ws01/install/turtlesim/share/ament_index/resource_index/package_run_dependencies/turtlesim
-- Installing: /home/jon/ws01/install/turtlesim/share/ament_index/resource_index/parent_prefix_path/turtlesim
-- Installing: /home/jon/ws01/install/turtlesim/share/turtlesim/environment/ament_prefix_path.sh
-- Installing: /home/jon/ws01/install/turtlesim/share/turtlesim/environment/ament_prefix_path.dsv
-- Installing: /home/jon/ws01/install/turtlesim/share/turtlesim/environment/path.sh
-- Installing: /home/jon/ws01/install/turtlesim/share/turtlesim/environment/path.dsv
-- Installing: /home/jon/ws01/install/turtlesim/share/turtlesim/local_setup.bash
-- Installing: /home/jon/ws01/install/turtlesim/share/turtlesim/local_setup.sh
-- Installing: /home/jon/ws01/install/turtlesim/share/turtlesim/local_setup.zsh
-- Installing: /home/jon/ws01/install/turtlesim/share/turtlesim/local_setup.dsv
-- Installing: /home/jon/ws01/install/turtlesim/share/turtlesim/package.dsv
-- Installing: /home/jon/ws01/install/turtlesim/share/ament_index/resource_index/packages/turtlesim
-- Installing: /home/jon/ws01/install/turtlesim/share/turtlesim/cmake/export_turtlesim__rosidl_generator_cExport.cmake
-- Installing: /home/jon/ws01/install/turtlesim/share/turtlesim/cmake/export_turtlesim__rosidl_generator_cExport-noconfig.cmake
-- Installing: /home/jon/ws01/install/turtlesim/share/turtlesim/cmake/export_turtlesim__rosidl_typesupport_fastrtps_cExport.cmake
-- Installing: /home/jon/ws01/install/turtlesim/share/turtlesim/cmake/export_turtlesim__rosidl_typesupport_fastrtps_cExport-noconfig.cmake
-- Installing: /home/jon/ws01/install/turtlesim/share/turtlesim/cmake/export_turtlesim__rosidl_generator_cppExport.cmake
-- Installing: /home/jon/ws01/install/turtlesim/share/turtlesim/cmake/export_turtlesim__rosidl_typesupport_fastrtps_cppExport.cmake
-- Installing: /home/jon/ws01/install/turtlesim/share/turtlesim/cmake/export_turtlesim__rosidl_typesupport_fastrtps_cppExport-noconfig.cmake
-- Installing: /home/jon/ws01/install/turtlesim/share/turtlesim/cmake/turtlesim__rosidl_typesupport_introspection_cExport.cmake
-- Installing: /home/jon/ws01/install/turtlesim/share/turtlesim/cmake/turtlesim__rosidl_typesupport_introspection_cExport-noconfig.cmake
-- Installing: /home/jon/ws01/install/turtlesim/share/turtlesim/cmake/turtlesim__rosidl_typesupport_cExport.cmake
-- Installing: /home/jon/ws01/install/turtlesim/share/turtlesim/cmake/turtlesim__rosidl_typesupport_cExport-noconfig.cmake
-- Installing: /home/jon/ws01/install/turtlesim/share/turtlesim/cmake/turtlesim__rosidl_typesupport_introspection_cppExport.cmake
-- Installing: /home/jon/ws01/install/turtlesim/share/turtlesim/cmake/turtlesim__rosidl_typesupport_introspection_cppExport-noconfig.cmake
-- Installing: /home/jon/ws01/install/turtlesim/share/turtlesim/cmake/turtlesim__rosidl_typesupport_cppExport.cmake
-- Installing: /home/jon/ws01/install/turtlesim/share/turtlesim/cmake/turtlesim__rosidl_typesupport_cppExport-noconfig.cmake
-- Installing: /home/jon/ws01/install/turtlesim/share/turtlesim/cmake/export_turtlesim__rosidl_generator_pyExport.cmake
-- Installing: /home/jon/ws01/install/turtlesim/share/turtlesim/cmake/export_turtlesim__rosidl_generator_pyExport-noconfig.cmake
-- Installing: /home/jon/ws01/install/turtlesim/share/turtlesim/cmake/rosidl_cmake-extras.cmake
-- Installing: /home/jon/ws01/install/turtlesim/share/turtlesim/cmake/ament_cmake_export_dependencies-extras.cmake
-- Installing: /home/jon/ws01/install/turtlesim/share/turtlesim/cmake/ament_cmake_export_include_directories-extras.cmake
-- Installing: /home/jon/ws01/install/turtlesim/share/turtlesim/cmake/ament_cmake_export_libraries-extras.cmake
-- Installing: /home/jon/ws01/install/turtlesim/share/turtlesim/cmake/ament_cmake_export_targets-extras.cmake
-- Installing: /home/jon/ws01/install/turtlesim/share/turtlesim/cmake/rosidl_cmake_export_typesupport_targets-extras.cmake
-- Installing: /home/jon/ws01/install/turtlesim/share/turtlesim/cmake/rosidl_cmake_export_typesupport_libraries-extras.cmake
-- Installing: /home/jon/ws01/install/turtlesim/share/turtlesim/cmake/rosidl_cmake_aggregate_target-extras.cmake
-- Installing: /home/jon/ws01/install/turtlesim/share/turtlesim/cmake/turtlesimConfig.cmake
-- Installing: /home/jon/ws01/install/turtlesim/share/turtlesim/cmake/turtlesimConfig-version.cmake
-- Installing: /home/jon/ws01/install/turtlesim/share/turtlesim/package.xml
