[0.004s] Invoking command in '/home/jon/ws01/build/turtlesim': CMAKE_PREFIX_PATH=${CMAKE_PREFIX_PATH}:/opt/ros/humble /usr/bin/cmake /home/jon/ws01/src/turtlesim -DCMAKE_EXPORT_COMPILE_COMMANDS=ON -DCMAKE_INSTALL_PREFIX=/home/jon/ws01/install/turtlesim
[0.055s] -- The C compiler identification is GNU 11.4.0
[0.091s] -- The CXX compiler identification is GNU 11.4.0
[0.096s] -- Detecting C compiler ABI info
[0.150s] -- Detecting C compiler ABI info - done
[0.154s] -- Check for working C compiler: /usr/bin/cc - skipped
[0.154s] -- Detecting C compile features
[0.155s] -- Detecting C compile features - done
[0.157s] -- Detecting CXX compiler ABI info
[0.213s] -- Detecting CXX compiler ABI info - done
[0.217s] -- Check for working CXX compiler: /usr/bin/c++ - skipped
[0.217s] -- Detecting CXX compile features
[0.217s] -- Detecting CXX compile features - done
[0.220s] -- Found ament_cmake: 1.3.14 (/opt/ros/humble/share/ament_cmake/cmake)
[0.315s] -- Found Python3: /usr/bin/python3 (found version "3.10.12") found components: Interpreter 
[0.374s] -- Found ament_index_cpp: 1.4.1 (/opt/ros/humble/share/ament_index_cpp/cmake)
[0.376s] -- Found geometry_msgs: 4.9.2 (/opt/ros/humble/share/geometry_msgs/cmake)
[0.399s] -- Found rosidl_generator_c: 3.1.9 (/opt/ros/humble/share/rosidl_generator_c/cmake)
[0.403s] -- Found rosidl_adapter: 3.1.9 (/opt/ros/humble/share/rosidl_adapter/cmake)
[0.408s] -- Found rosidl_generator_cpp: 3.1.9 (/opt/ros/humble/share/rosidl_generator_cpp/cmake)
[0.415s] -- Using all available rosidl_typesupport_c: rosidl_typesupport_fastrtps_c;rosidl_typesupport_introspection_c
[0.426s] -- Using all available rosidl_typesupport_cpp: rosidl_typesupport_fastrtps_cpp;rosidl_typesupport_introspection_cpp
[0.458s] -- Found rclcpp: 16.0.21 (/opt/ros/humble/share/rclcpp/cmake)
[0.481s] -- Found rmw_implementation_cmake: 6.1.4 (/opt/ros/humble/share/rmw_implementation_cmake/cmake)
[0.481s] -- Found rmw_fastrtps_cpp: 6.2.10 (/opt/ros/humble/share/rmw_fastrtps_cpp/cmake)
[0.549s] -- Found OpenSSL: /usr/lib/x86_64-linux-gnu/libcrypto.so (found version "3.0.2")  
[0.564s] -- Found FastRTPS: /opt/ros/humble/include  
[0.591s] -- Using RMW implementation 'rmw_fastrtps_cpp' as default
[0.599s] -- Looking for pthread.h
[0.656s] -- Looking for pthread.h - found
[0.656s] -- Performing Test CMAKE_HAVE_LIBC_PTHREAD
[0.720s] -- Performing Test CMAKE_HAVE_LIBC_PTHREAD - Success
[0.721s] -- Found Threads: TRUE  
[0.753s] -- Found rclcpp_action: 16.0.21 (/opt/ros/humble/share/rclcpp_action/cmake)
[0.781s] -- Found rosidl_default_generators: 1.2.1 (/opt/ros/humble/share/rosidl_default_generators/cmake)
[0.792s] -- Found std_srvs: 4.9.2 (/opt/ros/humble/share/std_srvs/cmake)
[1.001s] -- Found ament_cmake_ros: 0.10.1 (/opt/ros/humble/share/ament_cmake_ros/cmake)
[1.203s] -- Using all available rosidl_typesupport_c: rosidl_typesupport_fastrtps_c;rosidl_typesupport_introspection_c
[1.278s] -- Using all available rosidl_typesupport_cpp: rosidl_typesupport_fastrtps_cpp;rosidl_typesupport_introspection_cpp
[1.292s] -- Found PythonInterp: /usr/bin/python3 (found suitable version "3.10.12", minimum required is "3.6") 
[1.294s] -- Found python_cmake_module: 0.10.0 (/opt/ros/humble/share/python_cmake_module/cmake)
[1.314s] -- Found PythonLibs: /usr/lib/x86_64-linux-gnu/libpython3.10.so (found suitable version "3.10.12", minimum required is "3.5") 
[1.315s] -- Using PYTHON_EXECUTABLE: /usr/bin/python3
[1.315s] -- Using PYTHON_INCLUDE_DIRS: /usr/include/python3.10
[1.315s] -- Using PYTHON_LIBRARIES: /usr/lib/x86_64-linux-gnu/libpython3.10.so
[1.327s] -- Found PythonExtra: .so  
[1.397s] -- Configuring done
[1.426s] -- Generating done
[1.436s] -- Build files have been written to: /home/jon/ws01/build/turtlesim
[1.445s] Invoked command in '/home/jon/ws01/build/turtlesim' returned '0': CMAKE_PREFIX_PATH=${CMAKE_PREFIX_PATH}:/opt/ros/humble /usr/bin/cmake /home/jon/ws01/src/turtlesim -DCMAKE_EXPORT_COMPILE_COMMANDS=ON -DCMAKE_INSTALL_PREFIX=/home/jon/ws01/install/turtlesim
[1.447s] Invoking command in '/home/jon/ws01/build/turtlesim': CMAKE_PREFIX_PATH=${CMAKE_PREFIX_PATH}:/opt/ros/humble /usr/bin/cmake --build /home/jon/ws01/build/turtlesim -- -j24 -l24
[1.476s] [  1%] Generating C code for ROS interfaces
[1.482s] [  2%] Generating Rust code for ROS interfaces
[1.485s] [  3%] Generating C++ code for ROS interfaces
[1.490s] [  3%] Built target ament_cmake_python_copy_turtlesim
[1.637s] running egg_info
[1.637s] creating turtlesim.egg-info
[1.637s] writing turtlesim.egg-info/PKG-INFO
[1.637s] writing dependency_links to turtlesim.egg-info/dependency_links.txt
[1.638s] writing top-level names to turtlesim.egg-info/top_level.txt
[1.638s] writing manifest file 'turtlesim.egg-info/SOURCES.txt'
[1.639s] reading manifest file 'turtlesim.egg-info/SOURCES.txt'
[1.639s] writing manifest file 'turtlesim.egg-info/SOURCES.txt'
[1.665s] [  3%] Built target ament_cmake_python_build_turtlesim_egg
[1.755s] [  3%] Built target turtlesim__rs
[1.961s] [  3%] Built target turtlesim__cpp
[1.971s] [  6%] Generating C++ introspection for ROS interfaces
[1.971s] [  5%] Generating C++ type support for eProsima Fast-RTPS
[1.971s] [  6%] Generating C++ type support dispatch for ROS interfaces
[1.982s] [  7%] Building C object CMakeFiles/turtlesim__rosidl_generator_c.dir/rosidl_generator_c/turtlesim/msg/detail/color__functions.c.o
[1.982s] [  9%] Building C object CMakeFiles/turtlesim__rosidl_generator_c.dir/rosidl_generator_c/turtlesim/msg/detail/pose__functions.c.o
[1.982s] [  9%] Building C object CMakeFiles/turtlesim__rosidl_generator_c.dir/rosidl_generator_c/turtlesim/action/detail/rotate_absolute__functions.c.o
[1.982s] [ 10%] Building C object CMakeFiles/turtlesim__rosidl_generator_c.dir/rosidl_generator_c/turtlesim/srv/detail/set_pen__functions.c.o
[1.983s] [ 11%] Building C object CMakeFiles/turtlesim__rosidl_generator_c.dir/rosidl_generator_c/turtlesim/srv/detail/kill__functions.c.o
[1.983s] [ 12%] Building C object CMakeFiles/turtlesim__rosidl_generator_c.dir/rosidl_generator_c/turtlesim/srv/detail/spawn__functions.c.o
[1.983s] [ 13%] Building C object CMakeFiles/turtlesim__rosidl_generator_c.dir/rosidl_generator_c/turtlesim/srv/detail/teleport_absolute__functions.c.o
[1.988s] [ 14%] Building C object CMakeFiles/turtlesim__rosidl_generator_c.dir/rosidl_generator_c/turtlesim/srv/detail/teleport_relative__functions.c.o
[2.093s] [ 15%] Linking C shared library libturtlesim__rosidl_generator_c.so
[2.133s] [ 15%] Built target turtlesim__rosidl_generator_c
[2.141s] [ 16%] Generating C type support for eProsima Fast-RTPS
[2.141s] [ 17%] Generating C type support dispatch for ROS interfaces
[2.147s] [ 18%] Generating C introspection for ROS interfaces
[2.310s] [ 19%] Building CXX object CMakeFiles/turtlesim__rosidl_typesupport_cpp.dir/rosidl_typesupport_cpp/turtlesim/action/rotate_absolute__type_support.cpp.o
[2.310s] [ 20%] Building CXX object CMakeFiles/turtlesim__rosidl_typesupport_cpp.dir/rosidl_typesupport_cpp/turtlesim/msg/color__type_support.cpp.o
[2.310s] [ 21%] Building CXX object CMakeFiles/turtlesim__rosidl_typesupport_cpp.dir/rosidl_typesupport_cpp/turtlesim/srv/set_pen__type_support.cpp.o
[2.310s] [ 22%] Building CXX object CMakeFiles/turtlesim__rosidl_typesupport_cpp.dir/rosidl_typesupport_cpp/turtlesim/srv/teleport_absolute__type_support.cpp.o
[2.313s] [ 23%] Building CXX object CMakeFiles/turtlesim__rosidl_typesupport_cpp.dir/rosidl_typesupport_cpp/turtlesim/srv/kill__type_support.cpp.o
[2.315s] [ 24%] Building CXX object CMakeFiles/turtlesim__rosidl_typesupport_cpp.dir/rosidl_typesupport_cpp/turtlesim/srv/teleport_relative__type_support.cpp.o
[2.318s] [ 25%] Building CXX object CMakeFiles/turtlesim__rosidl_typesupport_cpp.dir/rosidl_typesupport_cpp/turtlesim/srv/spawn__type_support.cpp.o
[2.318s] [ 26%] Building CXX object CMakeFiles/turtlesim__rosidl_typesupport_cpp.dir/rosidl_typesupport_cpp/turtlesim/msg/pose__type_support.cpp.o
[2.415s] [ 27%] Building CXX object CMakeFiles/turtlesim__rosidl_typesupport_introspection_cpp.dir/rosidl_typesupport_introspection_cpp/turtlesim/srv/detail/set_pen__type_support.cpp.o
[2.416s] [ 28%] Building CXX object CMakeFiles/turtlesim__rosidl_typesupport_introspection_cpp.dir/rosidl_typesupport_introspection_cpp/turtlesim/msg/detail/pose__type_support.cpp.o
[2.416s] [ 29%] Building CXX object CMakeFiles/turtlesim__rosidl_typesupport_introspection_cpp.dir/rosidl_typesupport_introspection_cpp/turtlesim/srv/detail/spawn__type_support.cpp.o
[2.416s] [ 31%] Building CXX object CMakeFiles/turtlesim__rosidl_typesupport_introspection_cpp.dir/rosidl_typesupport_introspection_cpp/turtlesim/srv/detail/teleport_absolute__type_support.cpp.o
[2.416s] [ 31%] Building CXX object CMakeFiles/turtlesim__rosidl_typesupport_introspection_cpp.dir/rosidl_typesupport_introspection_cpp/turtlesim/action/detail/rotate_absolute__type_support.cpp.o
[2.417s] [ 32%] Building CXX object CMakeFiles/turtlesim__rosidl_typesupport_introspection_cpp.dir/rosidl_typesupport_introspection_cpp/turtlesim/srv/detail/teleport_relative__type_support.cpp.o
[2.419s] [ 33%] Building CXX object CMakeFiles/turtlesim__rosidl_typesupport_introspection_cpp.dir/rosidl_typesupport_introspection_cpp/turtlesim/msg/detail/color__type_support.cpp.o
[2.423s] [ 34%] Building CXX object CMakeFiles/turtlesim__rosidl_typesupport_introspection_cpp.dir/rosidl_typesupport_introspection_cpp/turtlesim/srv/detail/kill__type_support.cpp.o
[2.570s] [ 35%] Building CXX object CMakeFiles/turtlesim__rosidl_typesupport_fastrtps_cpp.dir/rosidl_typesupport_fastrtps_cpp/turtlesim/action/detail/dds_fastrtps/rotate_absolute__type_support.cpp.o
[2.571s] [ 36%] Building CXX object CMakeFiles/turtlesim__rosidl_typesupport_fastrtps_cpp.dir/rosidl_typesupport_fastrtps_cpp/turtlesim/msg/detail/dds_fastrtps/pose__type_support.cpp.o
[2.571s] [ 37%] Building CXX object CMakeFiles/turtlesim__rosidl_typesupport_fastrtps_cpp.dir/rosidl_typesupport_fastrtps_cpp/turtlesim/srv/detail/dds_fastrtps/spawn__type_support.cpp.o
[2.573s] [ 38%] Building CXX object CMakeFiles/turtlesim__rosidl_typesupport_fastrtps_cpp.dir/rosidl_typesupport_fastrtps_cpp/turtlesim/msg/detail/dds_fastrtps/color__type_support.cpp.o
[2.576s] [ 39%] Building CXX object CMakeFiles/turtlesim__rosidl_typesupport_fastrtps_cpp.dir/rosidl_typesupport_fastrtps_cpp/turtlesim/srv/detail/dds_fastrtps/set_pen__type_support.cpp.o
[2.585s] [ 40%] Building CXX object CMakeFiles/turtlesim__rosidl_typesupport_fastrtps_cpp.dir/rosidl_typesupport_fastrtps_cpp/turtlesim/srv/detail/dds_fastrtps/kill__type_support.cpp.o
[2.592s] [ 41%] Building CXX object CMakeFiles/turtlesim__rosidl_typesupport_fastrtps_cpp.dir/rosidl_typesupport_fastrtps_cpp/turtlesim/srv/detail/dds_fastrtps/teleport_absolute__type_support.cpp.o
[2.620s] [ 42%] Building CXX object CMakeFiles/turtlesim__rosidl_typesupport_fastrtps_cpp.dir/rosidl_typesupport_fastrtps_cpp/turtlesim/srv/detail/dds_fastrtps/teleport_relative__type_support.cpp.o
[2.759s] [ 43%] Linking CXX shared library libturtlesim__rosidl_typesupport_cpp.so
[2.772s] [ 44%] Building CXX object CMakeFiles/turtlesim__rosidl_typesupport_c.dir/rosidl_typesupport_c/turtlesim/action/rotate_absolute__type_support.cpp.o
[2.789s] [ 45%] Building CXX object CMakeFiles/turtlesim__rosidl_typesupport_c.dir/rosidl_typesupport_c/turtlesim/msg/color__type_support.cpp.o
[2.794s] [ 47%] Building CXX object CMakeFiles/turtlesim__rosidl_typesupport_c.dir/rosidl_typesupport_c/turtlesim/srv/set_pen__type_support.cpp.o
[2.794s] [ 47%] Building CXX object CMakeFiles/turtlesim__rosidl_typesupport_c.dir/rosidl_typesupport_c/turtlesim/srv/spawn__type_support.cpp.o
[2.794s] [ 48%] Building CXX object CMakeFiles/turtlesim__rosidl_typesupport_c.dir/rosidl_typesupport_c/turtlesim/msg/pose__type_support.cpp.o
[2.800s] [ 49%] Building CXX object CMakeFiles/turtlesim__rosidl_typesupport_c.dir/rosidl_typesupport_c/turtlesim/srv/kill__type_support.cpp.o
[2.801s] [ 50%] Building C object CMakeFiles/turtlesim__rosidl_typesupport_introspection_c.dir/rosidl_typesupport_introspection_c/turtlesim/action/detail/rotate_absolute__type_support.c.o
[2.819s] [ 50%] Built target turtlesim__rosidl_typesupport_cpp
[2.823s] [ 51%] Building CXX object CMakeFiles/turtlesim__rosidl_typesupport_fastrtps_c.dir/rosidl_typesupport_fastrtps_c/turtlesim/action/detail/rotate_absolute__type_support_c.cpp.o
[2.829s] [ 52%] Building CXX object CMakeFiles/turtlesim__rosidl_typesupport_c.dir/rosidl_typesupport_c/turtlesim/srv/teleport_absolute__type_support.cpp.o
[2.833s] [ 53%] Building C object CMakeFiles/turtlesim__rosidl_typesupport_introspection_c.dir/rosidl_typesupport_introspection_c/turtlesim/msg/detail/color__type_support.c.o
[2.837s] [ 54%] Building CXX object CMakeFiles/turtlesim__rosidl_typesupport_c.dir/rosidl_typesupport_c/turtlesim/srv/teleport_relative__type_support.cpp.o
[2.837s] [ 55%] Generating include/turtlesim/moc_turtle_frame.cpp
[2.840s] [ 56%] Building CXX object CMakeFiles/turtlesim__rosidl_typesupport_fastrtps_c.dir/rosidl_typesupport_fastrtps_c/turtlesim/msg/detail/pose__type_support_c.cpp.o
[2.845s] [ 57%] Building CXX object CMakeFiles/turtlesim__rosidl_typesupport_fastrtps_c.dir/rosidl_typesupport_fastrtps_c/turtlesim/msg/detail/color__type_support_c.cpp.o
[2.856s] [ 58%] Building CXX object CMakeFiles/turtlesim__rosidl_typesupport_fastrtps_c.dir/rosidl_typesupport_fastrtps_c/turtlesim/srv/detail/kill__type_support_c.cpp.o
[2.867s] [ 59%] Building C object CMakeFiles/turtlesim__rosidl_typesupport_introspection_c.dir/rosidl_typesupport_introspection_c/turtlesim/msg/detail/pose__type_support.c.o
[2.869s] [ 60%] Building CXX object CMakeFiles/turtle_teleop_key.dir/tutorials/teleop_turtle_key.cpp.o
[2.879s] [ 61%] Building CXX object CMakeFiles/draw_square.dir/tutorials/draw_square.cpp.o
[2.879s] [ 62%] Linking CXX shared library libturtlesim__rosidl_typesupport_c.so
[2.887s] [ 63%] Building CXX object CMakeFiles/mimic.dir/tutorials/mimic.cpp.o
[2.897s] [ 64%] Building CXX object CMakeFiles/turtlesim__rosidl_typesupport_fastrtps_c.dir/rosidl_typesupport_fastrtps_c/turtlesim/srv/detail/set_pen__type_support_c.cpp.o
[2.911s] [ 65%] Building C object CMakeFiles/turtlesim__rosidl_typesupport_introspection_c.dir/rosidl_typesupport_introspection_c/turtlesim/srv/detail/kill__type_support.c.o
[2.924s] [ 66%] Building CXX object CMakeFiles/turtlesim__rosidl_typesupport_fastrtps_c.dir/rosidl_typesupport_fastrtps_c/turtlesim/srv/detail/spawn__type_support_c.cpp.o
[2.925s] [ 67%] Building CXX object CMakeFiles/turtlesim__rosidl_typesupport_fastrtps_c.dir/rosidl_typesupport_fastrtps_c/turtlesim/srv/detail/teleport_absolute__type_support_c.cpp.o
[2.926s] [ 68%] Building CXX object CMakeFiles/turtlesim__rosidl_typesupport_fastrtps_c.dir/rosidl_typesupport_fastrtps_c/turtlesim/srv/detail/teleport_relative__type_support_c.cpp.o
[2.943s] [ 68%] Built target turtlesim__rosidl_typesupport_c
[2.952s] [ 69%] Building C object CMakeFiles/turtlesim__rosidl_typesupport_introspection_c.dir/rosidl_typesupport_introspection_c/turtlesim/srv/detail/spawn__type_support.c.o
[2.952s] [ 70%] Building C object CMakeFiles/turtlesim__rosidl_typesupport_introspection_c.dir/rosidl_typesupport_introspection_c/turtlesim/srv/detail/set_pen__type_support.c.o
[2.954s] [ 71%] Building C object CMakeFiles/turtlesim__rosidl_typesupport_introspection_c.dir/rosidl_typesupport_introspection_c/turtlesim/srv/detail/teleport_absolute__type_support.c.o
[2.967s] [ 72%] Building C object CMakeFiles/turtlesim__rosidl_typesupport_introspection_c.dir/rosidl_typesupport_introspection_c/turtlesim/srv/detail/teleport_relative__type_support.c.o
[2.976s] [ 73%] Building CXX object CMakeFiles/turtlesim_node.dir/src/turtlesim.cpp.o
[3.000s] [ 74%] Building CXX object CMakeFiles/turtlesim_node.dir/src/turtle.cpp.o
[3.008s] [ 75%] Building CXX object CMakeFiles/turtlesim_node.dir/src/turtle_frame.cpp.o
[3.014s] [ 76%] Building CXX object CMakeFiles/turtlesim_node.dir/include/turtlesim/moc_turtle_frame.cpp.o
[3.031s] [ 77%] Linking C shared library libturtlesim__rosidl_typesupport_introspection_c.so
[3.072s] [ 77%] Built target turtlesim__rosidl_typesupport_introspection_c
[3.078s] [ 78%] Linking CXX shared library libturtlesim__rosidl_typesupport_introspection_cpp.so
[3.184s] [ 78%] Built target turtlesim__rosidl_typesupport_introspection_cpp
[3.236s] [ 79%] Linking CXX shared library libturtlesim__rosidl_typesupport_fastrtps_cpp.so
[3.328s] [ 79%] Built target turtlesim__rosidl_typesupport_fastrtps_cpp
[3.351s] [ 80%] Linking CXX shared library libturtlesim__rosidl_typesupport_fastrtps_c.so
[3.423s] [ 80%] Built target turtlesim__rosidl_typesupport_fastrtps_c
[3.441s] [ 80%] Built target turtlesim
[3.459s] [ 81%] Generating Python code for ROS interfaces
[4.769s] [ 81%] Built target turtlesim__py
[4.792s] [ 82%] Building C object CMakeFiles/turtlesim__rosidl_generator_py.dir/rosidl_generator_py/turtlesim/action/_rotate_absolute_s.c.o
[4.792s] [ 85%] Building C object CMakeFiles/turtlesim__rosidl_generator_py.dir/rosidl_generator_py/turtlesim/srv/_spawn_s.c.o
[4.792s] [ 85%] Building C object CMakeFiles/turtlesim__rosidl_generator_py.dir/rosidl_generator_py/turtlesim/srv/_kill_s.c.o
[4.792s] [ 85%] Building C object CMakeFiles/turtlesim__rosidl_generator_py.dir/rosidl_generator_py/turtlesim/msg/_pose_s.c.o
[4.792s] [ 86%] Building C object CMakeFiles/turtlesim__rosidl_generator_py.dir/rosidl_generator_py/turtlesim/srv/_set_pen_s.c.o
[4.792s] [ 87%] Building C object CMakeFiles/turtlesim__rosidl_generator_py.dir/rosidl_generator_py/turtlesim/srv/_teleport_absolute_s.c.o
[4.793s] [ 88%] Building C object CMakeFiles/turtlesim__rosidl_generator_py.dir/rosidl_generator_py/turtlesim/msg/_color_s.c.o
[4.797s] [ 89%] Building C object CMakeFiles/turtlesim__rosidl_generator_py.dir/rosidl_generator_py/turtlesim/srv/_teleport_relative_s.c.o
[4.962s] [ 90%] Linking C shared library rosidl_generator_py/turtlesim/libturtlesim__rosidl_generator_py.so
[5.004s] [ 90%] Built target turtlesim__rosidl_generator_py
[5.024s] [ 92%] Building C object CMakeFiles/turtlesim__rosidl_typesupport_introspection_c__pyext.dir/rosidl_generator_py/turtlesim/_turtlesim_s.ep.rosidl_typesupport_introspection_c.c.o
[5.024s] [ 92%] Building C object CMakeFiles/turtlesim__rosidl_typesupport_fastrtps_c__pyext.dir/rosidl_generator_py/turtlesim/_turtlesim_s.ep.rosidl_typesupport_fastrtps_c.c.o
[5.026s] [ 93%] Building C object CMakeFiles/turtlesim__rosidl_typesupport_c__pyext.dir/rosidl_generator_py/turtlesim/_turtlesim_s.ep.rosidl_typesupport_c.c.o
[5.160s] [ 94%] Linking C shared library rosidl_generator_py/turtlesim/turtlesim_s__rosidl_typesupport_fastrtps_c.cpython-310-x86_64-linux-gnu.so
[5.174s] [ 95%] Linking C shared library rosidl_generator_py/turtlesim/turtlesim_s__rosidl_typesupport_c.cpython-310-x86_64-linux-gnu.so
[5.191s] [ 96%] Linking C shared library rosidl_generator_py/turtlesim/turtlesim_s__rosidl_typesupport_introspection_c.cpython-310-x86_64-linux-gnu.so
[5.199s] [ 96%] Built target turtlesim__rosidl_typesupport_fastrtps_c__pyext
[5.215s] [ 96%] Built target turtlesim__rosidl_typesupport_c__pyext
[5.229s] [ 96%] Built target turtlesim__rosidl_typesupport_introspection_c__pyext
[7.464s] [ 97%] Linking CXX executable turtle_teleop_key
[7.642s] [ 97%] Built target turtle_teleop_key
[9.024s] [ 98%] Linking CXX executable mimic
[9.287s] [ 98%] Built target mimic
[9.407s] [ 99%] Linking CXX executable draw_square
[9.719s] [ 99%] Built target draw_square
[11.378s] [100%] Linking CXX executable turtlesim_node
[12.414s] [100%] Built target turtlesim_node
[12.424s] Invoked command in '/home/jon/ws01/build/turtlesim' returned '0': CMAKE_PREFIX_PATH=${CMAKE_PREFIX_PATH}:/opt/ros/humble /usr/bin/cmake --build /home/jon/ws01/build/turtlesim -- -j24 -l24
[12.431s] Invoking command in '/home/jon/ws01/build/turtlesim': CMAKE_PREFIX_PATH=${CMAKE_PREFIX_PATH}:/opt/ros/humble /usr/bin/cmake --install /home/jon/ws01/build/turtlesim
[12.437s] -- Install configuration: ""
[12.437s] -- Installing: /home/jon/ws01/install/turtlesim/share/ament_index/resource_index/rosidl_interfaces/turtlesim
[12.437s] -- Installing: /home/jon/ws01/install/turtlesim/include/turtlesim/turtlesim
[12.437s] -- Installing: /home/jon/ws01/install/turtlesim/include/turtlesim/turtlesim/msg
[12.437s] -- Installing: /home/jon/ws01/install/turtlesim/include/turtlesim/turtlesim/msg/pose.h
[12.437s] -- Installing: /home/jon/ws01/install/turtlesim/include/turtlesim/turtlesim/msg/detail
[12.437s] -- Installing: /home/jon/ws01/install/turtlesim/include/turtlesim/turtlesim/msg/detail/pose__functions.h
[12.437s] -- Installing: /home/jon/ws01/install/turtlesim/include/turtlesim/turtlesim/msg/detail/color__functions.c
[12.437s] -- Installing: /home/jon/ws01/install/turtlesim/include/turtlesim/turtlesim/msg/detail/color__struct.h
[12.437s] -- Installing: /home/jon/ws01/install/turtlesim/include/turtlesim/turtlesim/msg/detail/pose__functions.c
[12.437s] -- Installing: /home/jon/ws01/install/turtlesim/include/turtlesim/turtlesim/msg/detail/color__functions.h
[12.437s] -- Installing: /home/jon/ws01/install/turtlesim/include/turtlesim/turtlesim/msg/detail/pose__struct.h
[12.437s] -- Installing: /home/jon/ws01/install/turtlesim/include/turtlesim/turtlesim/msg/detail/pose__type_support.h
[12.437s] -- Installing: /home/jon/ws01/install/turtlesim/include/turtlesim/turtlesim/msg/detail/color__type_support.h
[12.437s] -- Installing: /home/jon/ws01/install/turtlesim/include/turtlesim/turtlesim/msg/rosidl_generator_c__visibility_control.h
[12.437s] -- Installing: /home/jon/ws01/install/turtlesim/include/turtlesim/turtlesim/msg/color.h
[12.437s] -- Installing: /home/jon/ws01/install/turtlesim/include/turtlesim/turtlesim/action
[12.437s] -- Installing: /home/jon/ws01/install/turtlesim/include/turtlesim/turtlesim/action/rotate_absolute.h
[12.437s] -- Installing: /home/jon/ws01/install/turtlesim/include/turtlesim/turtlesim/action/detail
[12.437s] -- Installing: /home/jon/ws01/install/turtlesim/include/turtlesim/turtlesim/action/detail/rotate_absolute__functions.h
[12.437s] -- Installing: /home/jon/ws01/install/turtlesim/include/turtlesim/turtlesim/action/detail/rotate_absolute__type_support.h
[12.437s] -- Installing: /home/jon/ws01/install/turtlesim/include/turtlesim/turtlesim/action/detail/rotate_absolute__struct.h
[12.437s] -- Installing: /home/jon/ws01/install/turtlesim/include/turtlesim/turtlesim/action/detail/rotate_absolute__functions.c
[12.437s] -- Installing: /home/jon/ws01/install/turtlesim/include/turtlesim/turtlesim/srv
[12.437s] -- Installing: /home/jon/ws01/install/turtlesim/include/turtlesim/turtlesim/srv/spawn.h
[12.437s] -- Installing: /home/jon/ws01/install/turtlesim/include/turtlesim/turtlesim/srv/teleport_absolute.h
[12.437s] -- Installing: /home/jon/ws01/install/turtlesim/include/turtlesim/turtlesim/srv/set_pen.h
[12.437s] -- Installing: /home/jon/ws01/install/turtlesim/include/turtlesim/turtlesim/srv/kill.h
[12.437s] -- Installing: /home/jon/ws01/install/turtlesim/include/turtlesim/turtlesim/srv/teleport_relative.h
[12.437s] -- Installing: /home/jon/ws01/install/turtlesim/include/turtlesim/turtlesim/srv/detail
[12.438s] -- Installing: /home/jon/ws01/install/turtlesim/include/turtlesim/turtlesim/srv/detail/teleport_absolute__functions.h
[12.438s] -- Installing: /home/jon/ws01/install/turtlesim/include/turtlesim/turtlesim/srv/detail/teleport_absolute__type_support.h
[12.438s] -- Installing: /home/jon/ws01/install/turtlesim/include/turtlesim/turtlesim/srv/detail/teleport_relative__type_support.h
[12.438s] -- Installing: /home/jon/ws01/install/turtlesim/include/turtlesim/turtlesim/srv/detail/set_pen__functions.c
[12.438s] -- Installing: /home/jon/ws01/install/turtlesim/include/turtlesim/turtlesim/srv/detail/spawn__functions.h
[12.438s] -- Installing: /home/jon/ws01/install/turtlesim/include/turtlesim/turtlesim/srv/detail/teleport_absolute__struct.h
[12.438s] -- Installing: /home/jon/ws01/install/turtlesim/include/turtlesim/turtlesim/srv/detail/kill__functions.c
[12.438s] -- Installing: /home/jon/ws01/install/turtlesim/include/turtlesim/turtlesim/srv/detail/spawn__functions.c
[12.438s] -- Installing: /home/jon/ws01/install/turtlesim/include/turtlesim/turtlesim/srv/detail/teleport_absolute__functions.c
[12.438s] -- Installing: /home/jon/ws01/install/turtlesim/include/turtlesim/turtlesim/srv/detail/kill__functions.h
[12.438s] -- Installing: /home/jon/ws01/install/turtlesim/include/turtlesim/turtlesim/srv/detail/set_pen__functions.h
[12.438s] -- Installing: /home/jon/ws01/install/turtlesim/include/turtlesim/turtlesim/srv/detail/teleport_relative__functions.c
[12.438s] -- Installing: /home/jon/ws01/install/turtlesim/include/turtlesim/turtlesim/srv/detail/spawn__struct.h
[12.438s] -- Installing: /home/jon/ws01/install/turtlesim/include/turtlesim/turtlesim/srv/detail/kill__type_support.h
[12.438s] -- Installing: /home/jon/ws01/install/turtlesim/include/turtlesim/turtlesim/srv/detail/set_pen__struct.h
[12.438s] -- Installing: /home/jon/ws01/install/turtlesim/include/turtlesim/turtlesim/srv/detail/set_pen__type_support.h
[12.438s] -- Installing: /home/jon/ws01/install/turtlesim/include/turtlesim/turtlesim/srv/detail/teleport_relative__struct.h
[12.438s] -- Installing: /home/jon/ws01/install/turtlesim/include/turtlesim/turtlesim/srv/detail/spawn__type_support.h
[12.438s] -- Installing: /home/jon/ws01/install/turtlesim/include/turtlesim/turtlesim/srv/detail/kill__struct.h
[12.438s] -- Installing: /home/jon/ws01/install/turtlesim/include/turtlesim/turtlesim/srv/detail/teleport_relative__functions.h
[12.438s] -- Installing: /home/jon/ws01/install/turtlesim/share/turtlesim/environment/library_path.sh
[12.438s] -- Installing: /home/jon/ws01/install/turtlesim/share/turtlesim/environment/library_path.dsv
[12.438s] -- Installing: /home/jon/ws01/install/turtlesim/lib/libturtlesim__rosidl_generator_c.so
[12.438s] -- Set runtime path of "/home/jon/ws01/install/turtlesim/lib/libturtlesim__rosidl_generator_c.so" to ""
[12.438s] -- Up-to-date: /home/jon/ws01/install/turtlesim/include/turtlesim/turtlesim
[12.438s] -- Up-to-date: /home/jon/ws01/install/turtlesim/include/turtlesim/turtlesim/msg
[12.438s] -- Installing: /home/jon/ws01/install/turtlesim/include/turtlesim/turtlesim/msg/rosidl_typesupport_fastrtps_c__visibility_control.h
[12.439s] -- Up-to-date: /home/jon/ws01/install/turtlesim/include/turtlesim/turtlesim/msg/detail
[12.439s] -- Installing: /home/jon/ws01/install/turtlesim/include/turtlesim/turtlesim/msg/detail/color__rosidl_typesupport_fastrtps_c.h
[12.439s] -- Installing: /home/jon/ws01/install/turtlesim/include/turtlesim/turtlesim/msg/detail/pose__rosidl_typesupport_fastrtps_c.h
[12.439s] -- Up-to-date: /home/jon/ws01/install/turtlesim/include/turtlesim/turtlesim/action
[12.439s] -- Up-to-date: /home/jon/ws01/install/turtlesim/include/turtlesim/turtlesim/action/detail
[12.439s] -- Installing: /home/jon/ws01/install/turtlesim/include/turtlesim/turtlesim/action/detail/rotate_absolute__rosidl_typesupport_fastrtps_c.h
[12.439s] -- Up-to-date: /home/jon/ws01/install/turtlesim/include/turtlesim/turtlesim/srv
[12.439s] -- Up-to-date: /home/jon/ws01/install/turtlesim/include/turtlesim/turtlesim/srv/detail
[12.439s] -- Installing: /home/jon/ws01/install/turtlesim/include/turtlesim/turtlesim/srv/detail/spawn__rosidl_typesupport_fastrtps_c.h
[12.439s] -- Installing: /home/jon/ws01/install/turtlesim/include/turtlesim/turtlesim/srv/detail/teleport_absolute__rosidl_typesupport_fastrtps_c.h
[12.439s] -- Installing: /home/jon/ws01/install/turtlesim/include/turtlesim/turtlesim/srv/detail/teleport_relative__rosidl_typesupport_fastrtps_c.h
[12.439s] -- Installing: /home/jon/ws01/install/turtlesim/include/turtlesim/turtlesim/srv/detail/kill__rosidl_typesupport_fastrtps_c.h
[12.439s] -- Installing: /home/jon/ws01/install/turtlesim/include/turtlesim/turtlesim/srv/detail/set_pen__rosidl_typesupport_fastrtps_c.h
[12.439s] -- Installing: /home/jon/ws01/install/turtlesim/lib/libturtlesim__rosidl_typesupport_fastrtps_c.so
[12.439s] -- Set runtime path of "/home/jon/ws01/install/turtlesim/lib/libturtlesim__rosidl_typesupport_fastrtps_c.so" to ""
[12.439s] -- Up-to-date: /home/jon/ws01/install/turtlesim/include/turtlesim/turtlesim
[12.439s] -- Up-to-date: /home/jon/ws01/install/turtlesim/include/turtlesim/turtlesim/msg
[12.439s] -- Installing: /home/jon/ws01/install/turtlesim/include/turtlesim/turtlesim/msg/color.hpp
[12.439s] -- Up-to-date: /home/jon/ws01/install/turtlesim/include/turtlesim/turtlesim/msg/detail
[12.439s] -- Installing: /home/jon/ws01/install/turtlesim/include/turtlesim/turtlesim/msg/detail/color__builder.hpp
[12.439s] -- Installing: /home/jon/ws01/install/turtlesim/include/turtlesim/turtlesim/msg/detail/color__struct.hpp
[12.439s] -- Installing: /home/jon/ws01/install/turtlesim/include/turtlesim/turtlesim/msg/detail/pose__traits.hpp
[12.439s] -- Installing: /home/jon/ws01/install/turtlesim/include/turtlesim/turtlesim/msg/detail/pose__struct.hpp
[12.439s] -- Installing: /home/jon/ws01/install/turtlesim/include/turtlesim/turtlesim/msg/detail/color__traits.hpp
[12.439s] -- Installing: /home/jon/ws01/install/turtlesim/include/turtlesim/turtlesim/msg/detail/color__type_support.hpp
[12.439s] -- Installing: /home/jon/ws01/install/turtlesim/include/turtlesim/turtlesim/msg/detail/pose__type_support.hpp
[12.439s] -- Installing: /home/jon/ws01/install/turtlesim/include/turtlesim/turtlesim/msg/detail/pose__builder.hpp
[12.439s] -- Installing: /home/jon/ws01/install/turtlesim/include/turtlesim/turtlesim/msg/rosidl_generator_cpp__visibility_control.hpp
[12.439s] -- Installing: /home/jon/ws01/install/turtlesim/include/turtlesim/turtlesim/msg/pose.hpp
[12.439s] -- Up-to-date: /home/jon/ws01/install/turtlesim/include/turtlesim/turtlesim/action
[12.439s] -- Installing: /home/jon/ws01/install/turtlesim/include/turtlesim/turtlesim/action/rotate_absolute.hpp
[12.439s] -- Up-to-date: /home/jon/ws01/install/turtlesim/include/turtlesim/turtlesim/action/detail
[12.439s] -- Installing: /home/jon/ws01/install/turtlesim/include/turtlesim/turtlesim/action/detail/rotate_absolute__struct.hpp
[12.440s] -- Installing: /home/jon/ws01/install/turtlesim/include/turtlesim/turtlesim/action/detail/rotate_absolute__type_support.hpp
[12.440s] -- Installing: /home/jon/ws01/install/turtlesim/include/turtlesim/turtlesim/action/detail/rotate_absolute__builder.hpp
[12.440s] -- Installing: /home/jon/ws01/install/turtlesim/include/turtlesim/turtlesim/action/detail/rotate_absolute__traits.hpp
[12.440s] -- Up-to-date: /home/jon/ws01/install/turtlesim/include/turtlesim/turtlesim/srv
[12.440s] -- Installing: /home/jon/ws01/install/turtlesim/include/turtlesim/turtlesim/srv/teleport_relative.hpp
[12.440s] -- Installing: /home/jon/ws01/install/turtlesim/include/turtlesim/turtlesim/srv/set_pen.hpp
[12.440s] -- Installing: /home/jon/ws01/install/turtlesim/include/turtlesim/turtlesim/srv/teleport_absolute.hpp
[12.440s] -- Up-to-date: /home/jon/ws01/install/turtlesim/include/turtlesim/turtlesim/srv/detail
[12.440s] -- Installing: /home/jon/ws01/install/turtlesim/include/turtlesim/turtlesim/srv/detail/teleport_absolute__builder.hpp
[12.440s] -- Installing: /home/jon/ws01/install/turtlesim/include/turtlesim/turtlesim/srv/detail/spawn__builder.hpp
[12.440s] -- Installing: /home/jon/ws01/install/turtlesim/include/turtlesim/turtlesim/srv/detail/teleport_relative__struct.hpp
[12.440s] -- Installing: /home/jon/ws01/install/turtlesim/include/turtlesim/turtlesim/srv/detail/teleport_relative__type_support.hpp
[12.440s] -- Installing: /home/jon/ws01/install/turtlesim/include/turtlesim/turtlesim/srv/detail/set_pen__struct.hpp
[12.440s] -- Installing: /home/jon/ws01/install/turtlesim/include/turtlesim/turtlesim/srv/detail/kill__builder.hpp
[12.440s] -- Installing: /home/jon/ws01/install/turtlesim/include/turtlesim/turtlesim/srv/detail/set_pen__type_support.hpp
[12.440s] -- Installing: /home/jon/ws01/install/turtlesim/include/turtlesim/turtlesim/srv/detail/kill__struct.hpp
[12.440s] -- Installing: /home/jon/ws01/install/turtlesim/include/turtlesim/turtlesim/srv/detail/kill__traits.hpp
[12.440s] -- Installing: /home/jon/ws01/install/turtlesim/include/turtlesim/turtlesim/srv/detail/teleport_relative__traits.hpp
[12.440s] -- Installing: /home/jon/ws01/install/turtlesim/include/turtlesim/turtlesim/srv/detail/set_pen__builder.hpp
[12.440s] -- Installing: /home/jon/ws01/install/turtlesim/include/turtlesim/turtlesim/srv/detail/spawn__traits.hpp
[12.440s] -- Installing: /home/jon/ws01/install/turtlesim/include/turtlesim/turtlesim/srv/detail/teleport_absolute__traits.hpp
[12.440s] -- Installing: /home/jon/ws01/install/turtlesim/include/turtlesim/turtlesim/srv/detail/teleport_relative__builder.hpp
[12.440s] -- Installing: /home/jon/ws01/install/turtlesim/include/turtlesim/turtlesim/srv/detail/kill__type_support.hpp
[12.440s] -- Installing: /home/jon/ws01/install/turtlesim/include/turtlesim/turtlesim/srv/detail/teleport_absolute__type_support.hpp
[12.441s] -- Installing: /home/jon/ws01/install/turtlesim/include/turtlesim/turtlesim/srv/detail/set_pen__traits.hpp
[12.441s] -- Installing: /home/jon/ws01/install/turtlesim/include/turtlesim/turtlesim/srv/detail/teleport_absolute__struct.hpp
[12.441s] -- Installing: /home/jon/ws01/install/turtlesim/include/turtlesim/turtlesim/srv/detail/spawn__struct.hpp
[12.441s] -- Installing: /home/jon/ws01/install/turtlesim/include/turtlesim/turtlesim/srv/detail/spawn__type_support.hpp
[12.441s] -- Installing: /home/jon/ws01/install/turtlesim/include/turtlesim/turtlesim/srv/kill.hpp
[12.441s] -- Installing: /home/jon/ws01/install/turtlesim/include/turtlesim/turtlesim/srv/spawn.hpp
[12.441s] -- Up-to-date: /home/jon/ws01/install/turtlesim/include/turtlesim/turtlesim
[12.441s] -- Up-to-date: /home/jon/ws01/install/turtlesim/include/turtlesim/turtlesim/msg
[12.441s] -- Installing: /home/jon/ws01/install/turtlesim/include/turtlesim/turtlesim/msg/rosidl_typesupport_fastrtps_cpp__visibility_control.h
[12.441s] -- Up-to-date: /home/jon/ws01/install/turtlesim/include/turtlesim/turtlesim/msg/detail
[12.441s] -- Installing: /home/jon/ws01/install/turtlesim/include/turtlesim/turtlesim/msg/detail/color__rosidl_typesupport_fastrtps_cpp.hpp
[12.441s] -- Installing: /home/jon/ws01/install/turtlesim/include/turtlesim/turtlesim/msg/detail/dds_fastrtps
[12.441s] -- Installing: /home/jon/ws01/install/turtlesim/include/turtlesim/turtlesim/msg/detail/pose__rosidl_typesupport_fastrtps_cpp.hpp
[12.441s] -- Up-to-date: /home/jon/ws01/install/turtlesim/include/turtlesim/turtlesim/action
[12.441s] -- Up-to-date: /home/jon/ws01/install/turtlesim/include/turtlesim/turtlesim/action/detail
[12.441s] -- Installing: /home/jon/ws01/install/turtlesim/include/turtlesim/turtlesim/action/detail/dds_fastrtps
[12.441s] -- Installing: /home/jon/ws01/install/turtlesim/include/turtlesim/turtlesim/action/detail/rotate_absolute__rosidl_typesupport_fastrtps_cpp.hpp
[12.441s] -- Up-to-date: /home/jon/ws01/install/turtlesim/include/turtlesim/turtlesim/srv
[12.441s] -- Up-to-date: /home/jon/ws01/install/turtlesim/include/turtlesim/turtlesim/srv/detail
[12.441s] -- Installing: /home/jon/ws01/install/turtlesim/include/turtlesim/turtlesim/srv/detail/dds_fastrtps
[12.441s] -- Installing: /home/jon/ws01/install/turtlesim/include/turtlesim/turtlesim/srv/detail/spawn__rosidl_typesupport_fastrtps_cpp.hpp
[12.441s] -- Installing: /home/jon/ws01/install/turtlesim/include/turtlesim/turtlesim/srv/detail/set_pen__rosidl_typesupport_fastrtps_cpp.hpp
[12.441s] -- Installing: /home/jon/ws01/install/turtlesim/include/turtlesim/turtlesim/srv/detail/teleport_absolute__rosidl_typesupport_fastrtps_cpp.hpp
[12.441s] -- Installing: /home/jon/ws01/install/turtlesim/include/turtlesim/turtlesim/srv/detail/teleport_relative__rosidl_typesupport_fastrtps_cpp.hpp
[12.442s] -- Installing: /home/jon/ws01/install/turtlesim/include/turtlesim/turtlesim/srv/detail/kill__rosidl_typesupport_fastrtps_cpp.hpp
[12.442s] -- Installing: /home/jon/ws01/install/turtlesim/lib/libturtlesim__rosidl_typesupport_fastrtps_cpp.so
[12.442s] -- Set runtime path of "/home/jon/ws01/install/turtlesim/lib/libturtlesim__rosidl_typesupport_fastrtps_cpp.so" to ""
[12.442s] -- Up-to-date: /home/jon/ws01/install/turtlesim/include/turtlesim/turtlesim
[12.442s] -- Up-to-date: /home/jon/ws01/install/turtlesim/include/turtlesim/turtlesim/msg
[12.442s] -- Up-to-date: /home/jon/ws01/install/turtlesim/include/turtlesim/turtlesim/msg/detail
[12.442s] -- Installing: /home/jon/ws01/install/turtlesim/include/turtlesim/turtlesim/msg/detail/pose__type_support.c
[12.442s] -- Installing: /home/jon/ws01/install/turtlesim/include/turtlesim/turtlesim/msg/detail/color__rosidl_typesupport_introspection_c.h
[12.442s] -- Installing: /home/jon/ws01/install/turtlesim/include/turtlesim/turtlesim/msg/detail/color__type_support.c
[12.442s] -- Installing: /home/jon/ws01/install/turtlesim/include/turtlesim/turtlesim/msg/detail/pose__rosidl_typesupport_introspection_c.h
[12.442s] -- Installing: /home/jon/ws01/install/turtlesim/include/turtlesim/turtlesim/msg/rosidl_typesupport_introspection_c__visibility_control.h
[12.442s] -- Up-to-date: /home/jon/ws01/install/turtlesim/include/turtlesim/turtlesim/action
[12.442s] -- Up-to-date: /home/jon/ws01/install/turtlesim/include/turtlesim/turtlesim/action/detail
[12.442s] -- Installing: /home/jon/ws01/install/turtlesim/include/turtlesim/turtlesim/action/detail/rotate_absolute__type_support.c
[12.442s] -- Installing: /home/jon/ws01/install/turtlesim/include/turtlesim/turtlesim/action/detail/rotate_absolute__rosidl_typesupport_introspection_c.h
[12.442s] -- Up-to-date: /home/jon/ws01/install/turtlesim/include/turtlesim/turtlesim/srv
[12.442s] -- Up-to-date: /home/jon/ws01/install/turtlesim/include/turtlesim/turtlesim/srv/detail
[12.442s] -- Installing: /home/jon/ws01/install/turtlesim/include/turtlesim/turtlesim/srv/detail/teleport_relative__rosidl_typesupport_introspection_c.h
[12.442s] -- Installing: /home/jon/ws01/install/turtlesim/include/turtlesim/turtlesim/srv/detail/spawn__type_support.c
[12.442s] -- Installing: /home/jon/ws01/install/turtlesim/include/turtlesim/turtlesim/srv/detail/set_pen__rosidl_typesupport_introspection_c.h
[12.442s] -- Installing: /home/jon/ws01/install/turtlesim/include/turtlesim/turtlesim/srv/detail/set_pen__type_support.c
[12.442s] -- Installing: /home/jon/ws01/install/turtlesim/include/turtlesim/turtlesim/srv/detail/teleport_absolute__rosidl_typesupport_introspection_c.h
[12.442s] -- Installing: /home/jon/ws01/install/turtlesim/include/turtlesim/turtlesim/srv/detail/teleport_absolute__type_support.c
[12.442s] -- Installing: /home/jon/ws01/install/turtlesim/include/turtlesim/turtlesim/srv/detail/kill__type_support.c
[12.442s] -- Installing: /home/jon/ws01/install/turtlesim/include/turtlesim/turtlesim/srv/detail/teleport_relative__type_support.c
[12.442s] -- Installing: /home/jon/ws01/install/turtlesim/include/turtlesim/turtlesim/srv/detail/kill__rosidl_typesupport_introspection_c.h
[12.442s] -- Installing: /home/jon/ws01/install/turtlesim/include/turtlesim/turtlesim/srv/detail/spawn__rosidl_typesupport_introspection_c.h
[12.442s] -- Installing: /home/jon/ws01/install/turtlesim/lib/libturtlesim__rosidl_typesupport_introspection_c.so
[12.443s] -- Set runtime path of "/home/jon/ws01/install/turtlesim/lib/libturtlesim__rosidl_typesupport_introspection_c.so" to ""
[12.443s] -- Installing: /home/jon/ws01/install/turtlesim/lib/libturtlesim__rosidl_typesupport_c.so
[12.443s] -- Set runtime path of "/home/jon/ws01/install/turtlesim/lib/libturtlesim__rosidl_typesupport_c.so" to ""
[12.443s] -- Up-to-date: /home/jon/ws01/install/turtlesim/include/turtlesim/turtlesim
[12.443s] -- Up-to-date: /home/jon/ws01/install/turtlesim/include/turtlesim/turtlesim/msg
[12.443s] -- Up-to-date: /home/jon/ws01/install/turtlesim/include/turtlesim/turtlesim/msg/detail
[12.443s] -- Installing: /home/jon/ws01/install/turtlesim/include/turtlesim/turtlesim/msg/detail/color__rosidl_typesupport_introspection_cpp.hpp
[12.443s] -- Installing: /home/jon/ws01/install/turtlesim/include/turtlesim/turtlesim/msg/detail/pose__rosidl_typesupport_introspection_cpp.hpp
[12.443s] -- Installing: /home/jon/ws01/install/turtlesim/include/turtlesim/turtlesim/msg/detail/color__type_support.cpp
[12.443s] -- Installing: /home/jon/ws01/install/turtlesim/include/turtlesim/turtlesim/msg/detail/pose__type_support.cpp
[12.443s] -- Up-to-date: /home/jon/ws01/install/turtlesim/include/turtlesim/turtlesim/action
[12.443s] -- Up-to-date: /home/jon/ws01/install/turtlesim/include/turtlesim/turtlesim/action/detail
[12.443s] -- Installing: /home/jon/ws01/install/turtlesim/include/turtlesim/turtlesim/action/detail/rotate_absolute__type_support.cpp
[12.443s] -- Installing: /home/jon/ws01/install/turtlesim/include/turtlesim/turtlesim/action/detail/rotate_absolute__rosidl_typesupport_introspection_cpp.hpp
[12.443s] -- Up-to-date: /home/jon/ws01/install/turtlesim/include/turtlesim/turtlesim/srv
[12.443s] -- Up-to-date: /home/jon/ws01/install/turtlesim/include/turtlesim/turtlesim/srv/detail
[12.443s] -- Installing: /home/jon/ws01/install/turtlesim/include/turtlesim/turtlesim/srv/detail/set_pen__rosidl_typesupport_introspection_cpp.hpp
[12.443s] -- Installing: /home/jon/ws01/install/turtlesim/include/turtlesim/turtlesim/srv/detail/teleport_relative__rosidl_typesupport_introspection_cpp.hpp
[12.443s] -- Installing: /home/jon/ws01/install/turtlesim/include/turtlesim/turtlesim/srv/detail/kill__type_support.cpp
[12.443s] -- Installing: /home/jon/ws01/install/turtlesim/include/turtlesim/turtlesim/srv/detail/kill__rosidl_typesupport_introspection_cpp.hpp
[12.443s] -- Installing: /home/jon/ws01/install/turtlesim/include/turtlesim/turtlesim/srv/detail/teleport_absolute__rosidl_typesupport_introspection_cpp.hpp
[12.443s] -- Installing: /home/jon/ws01/install/turtlesim/include/turtlesim/turtlesim/srv/detail/spawn__type_support.cpp
[12.443s] -- Installing: /home/jon/ws01/install/turtlesim/include/turtlesim/turtlesim/srv/detail/teleport_absolute__type_support.cpp
[12.443s] -- Installing: /home/jon/ws01/install/turtlesim/include/turtlesim/turtlesim/srv/detail/teleport_relative__type_support.cpp
[12.443s] -- Installing: /home/jon/ws01/install/turtlesim/include/turtlesim/turtlesim/srv/detail/set_pen__type_support.cpp
[12.443s] -- Installing: /home/jon/ws01/install/turtlesim/include/turtlesim/turtlesim/srv/detail/spawn__rosidl_typesupport_introspection_cpp.hpp
[12.443s] -- Installing: /home/jon/ws01/install/turtlesim/lib/libturtlesim__rosidl_typesupport_introspection_cpp.so
[12.443s] -- Set runtime path of "/home/jon/ws01/install/turtlesim/lib/libturtlesim__rosidl_typesupport_introspection_cpp.so" to ""
[12.443s] -- Installing: /home/jon/ws01/install/turtlesim/lib/libturtlesim__rosidl_typesupport_cpp.so
[12.443s] -- Set runtime path of "/home/jon/ws01/install/turtlesim/lib/libturtlesim__rosidl_typesupport_cpp.so" to ""
[12.443s] -- Installing: /home/jon/ws01/install/turtlesim/share/turtlesim/environment/pythonpath.sh
[12.443s] -- Installing: /home/jon/ws01/install/turtlesim/share/turtlesim/environment/pythonpath.dsv
[12.443s] -- Installing: /home/jon/ws01/install/turtlesim/local/lib/python3.10/dist-packages/turtlesim-1.4.3-py3.10.egg-info
[12.443s] -- Installing: /home/jon/ws01/install/turtlesim/local/lib/python3.10/dist-packages/turtlesim-1.4.3-py3.10.egg-info/PKG-INFO
[12.443s] -- Installing: /home/jon/ws01/install/turtlesim/local/lib/python3.10/dist-packages/turtlesim-1.4.3-py3.10.egg-info/SOURCES.txt
[12.443s] -- Installing: /home/jon/ws01/install/turtlesim/local/lib/python3.10/dist-packages/turtlesim-1.4.3-py3.10.egg-info/dependency_links.txt
[12.443s] -- Installing: /home/jon/ws01/install/turtlesim/local/lib/python3.10/dist-packages/turtlesim-1.4.3-py3.10.egg-info/top_level.txt
[12.443s] -- Installing: /home/jon/ws01/install/turtlesim/local/lib/python3.10/dist-packages/turtlesim
[12.444s] -- Installing: /home/jon/ws01/install/turtlesim/local/lib/python3.10/dist-packages/turtlesim/__init__.py
[12.444s] -- Installing: /home/jon/ws01/install/turtlesim/local/lib/python3.10/dist-packages/turtlesim/turtlesim_s__rosidl_typesupport_fastrtps_c.cpython-310-x86_64-linux-gnu.so
[12.444s] -- Installing: /home/jon/ws01/install/turtlesim/local/lib/python3.10/dist-packages/turtlesim/msg
[12.444s] -- Installing: /home/jon/ws01/install/turtlesim/local/lib/python3.10/dist-packages/turtlesim/msg/__init__.py
[12.444s] -- Installing: /home/jon/ws01/install/turtlesim/local/lib/python3.10/dist-packages/turtlesim/msg/_pose.py
[12.444s] -- Installing: /home/jon/ws01/install/turtlesim/local/lib/python3.10/dist-packages/turtlesim/msg/_pose_s.c
[12.444s] -- Installing: /home/jon/ws01/install/turtlesim/local/lib/python3.10/dist-packages/turtlesim/msg/_color_s.c
[12.444s] -- Installing: /home/jon/ws01/install/turtlesim/local/lib/python3.10/dist-packages/turtlesim/msg/_color.py
[12.444s] -- Installing: /home/jon/ws01/install/turtlesim/local/lib/python3.10/dist-packages/turtlesim/libturtlesim__rosidl_generator_py.so
[12.444s] -- Installing: /home/jon/ws01/install/turtlesim/local/lib/python3.10/dist-packages/turtlesim/turtlesim_s__rosidl_typesupport_c.cpython-310-x86_64-linux-gnu.so
[12.444s] -- Installing: /home/jon/ws01/install/turtlesim/local/lib/python3.10/dist-packages/turtlesim/_turtlesim_s.ep.rosidl_typesupport_fastrtps_c.c
[12.445s] -- Installing: /home/jon/ws01/install/turtlesim/local/lib/python3.10/dist-packages/turtlesim/_turtlesim_s.ep.rosidl_typesupport_c.c
[12.445s] -- Installing: /home/jon/ws01/install/turtlesim/local/lib/python3.10/dist-packages/turtlesim/turtlesim_s__rosidl_typesupport_introspection_c.cpython-310-x86_64-linux-gnu.so
[12.445s] -- Installing: /home/jon/ws01/install/turtlesim/local/lib/python3.10/dist-packages/turtlesim/action
[12.445s] -- Installing: /home/jon/ws01/install/turtlesim/local/lib/python3.10/dist-packages/turtlesim/action/__init__.py
[12.445s] -- Installing: /home/jon/ws01/install/turtlesim/local/lib/python3.10/dist-packages/turtlesim/action/_rotate_absolute_s.c
[12.445s] -- Installing: /home/jon/ws01/install/turtlesim/local/lib/python3.10/dist-packages/turtlesim/action/_rotate_absolute.py
[12.445s] -- Installing: /home/jon/ws01/install/turtlesim/local/lib/python3.10/dist-packages/turtlesim/_turtlesim_s.ep.rosidl_typesupport_introspection_c.c
[12.445s] -- Installing: /home/jon/ws01/install/turtlesim/local/lib/python3.10/dist-packages/turtlesim/srv
[12.445s] -- Installing: /home/jon/ws01/install/turtlesim/local/lib/python3.10/dist-packages/turtlesim/srv/__init__.py
[12.446s] -- Installing: /home/jon/ws01/install/turtlesim/local/lib/python3.10/dist-packages/turtlesim/srv/_set_pen_s.c
[12.446s] -- Installing: /home/jon/ws01/install/turtlesim/local/lib/python3.10/dist-packages/turtlesim/srv/_kill_s.c
[12.446s] -- Installing: /home/jon/ws01/install/turtlesim/local/lib/python3.10/dist-packages/turtlesim/srv/_teleport_absolute.py
[12.446s] -- Installing: /home/jon/ws01/install/turtlesim/local/lib/python3.10/dist-packages/turtlesim/srv/_spawn_s.c
[12.446s] -- Installing: /home/jon/ws01/install/turtlesim/local/lib/python3.10/dist-packages/turtlesim/srv/_spawn.py
[12.446s] -- Installing: /home/jon/ws01/install/turtlesim/local/lib/python3.10/dist-packages/turtlesim/srv/_kill.py
[12.446s] -- Installing: /home/jon/ws01/install/turtlesim/local/lib/python3.10/dist-packages/turtlesim/srv/_teleport_absolute_s.c
[12.446s] -- Installing: /home/jon/ws01/install/turtlesim/local/lib/python3.10/dist-packages/turtlesim/srv/_set_pen.py
[12.446s] -- Installing: /home/jon/ws01/install/turtlesim/local/lib/python3.10/dist-packages/turtlesim/srv/_teleport_relative.py
[12.446s] -- Installing: /home/jon/ws01/install/turtlesim/local/lib/python3.10/dist-packages/turtlesim/srv/_teleport_relative_s.c
[12.477s] Listing '/home/jon/ws01/install/turtlesim/local/lib/python3.10/dist-packages/turtlesim'...
[12.477s] Compiling '/home/jon/ws01/install/turtlesim/local/lib/python3.10/dist-packages/turtlesim/__init__.py'...
[12.477s] Listing '/home/jon/ws01/install/turtlesim/local/lib/python3.10/dist-packages/turtlesim/action'...
[12.477s] Compiling '/home/jon/ws01/install/turtlesim/local/lib/python3.10/dist-packages/turtlesim/action/__init__.py'...
[12.477s] Compiling '/home/jon/ws01/install/turtlesim/local/lib/python3.10/dist-packages/turtlesim/action/_rotate_absolute.py'...
[12.477s] Listing '/home/jon/ws01/install/turtlesim/local/lib/python3.10/dist-packages/turtlesim/msg'...
[12.477s] Compiling '/home/jon/ws01/install/turtlesim/local/lib/python3.10/dist-packages/turtlesim/msg/__init__.py'...
[12.477s] Compiling '/home/jon/ws01/install/turtlesim/local/lib/python3.10/dist-packages/turtlesim/msg/_color.py'...
[12.477s] Compiling '/home/jon/ws01/install/turtlesim/local/lib/python3.10/dist-packages/turtlesim/msg/_pose.py'...
[12.477s] Listing '/home/jon/ws01/install/turtlesim/local/lib/python3.10/dist-packages/turtlesim/srv'...
[12.477s] Compiling '/home/jon/ws01/install/turtlesim/local/lib/python3.10/dist-packages/turtlesim/srv/__init__.py'...
[12.477s] Compiling '/home/jon/ws01/install/turtlesim/local/lib/python3.10/dist-packages/turtlesim/srv/_kill.py'...
[12.477s] Compiling '/home/jon/ws01/install/turtlesim/local/lib/python3.10/dist-packages/turtlesim/srv/_set_pen.py'...
[12.477s] Compiling '/home/jon/ws01/install/turtlesim/local/lib/python3.10/dist-packages/turtlesim/srv/_spawn.py'...
[12.477s] Compiling '/home/jon/ws01/install/turtlesim/local/lib/python3.10/dist-packages/turtlesim/srv/_teleport_absolute.py'...
[12.477s] Compiling '/home/jon/ws01/install/turtlesim/local/lib/python3.10/dist-packages/turtlesim/srv/_teleport_relative.py'...
[12.483s] -- Installing: /home/jon/ws01/install/turtlesim/local/lib/python3.10/dist-packages/turtlesim/turtlesim_s__rosidl_typesupport_fastrtps_c.cpython-310-x86_64-linux-gnu.so
[12.483s] -- Set runtime path of "/home/jon/ws01/install/turtlesim/local/lib/python3.10/dist-packages/turtlesim/turtlesim_s__rosidl_typesupport_fastrtps_c.cpython-310-x86_64-linux-gnu.so" to ""
[12.483s] -- Installing: /home/jon/ws01/install/turtlesim/local/lib/python3.10/dist-packages/turtlesim/turtlesim_s__rosidl_typesupport_introspection_c.cpython-310-x86_64-linux-gnu.so
[12.483s] -- Set runtime path of "/home/jon/ws01/install/turtlesim/local/lib/python3.10/dist-packages/turtlesim/turtlesim_s__rosidl_typesupport_introspection_c.cpython-310-x86_64-linux-gnu.so" to ""
[12.483s] -- Installing: /home/jon/ws01/install/turtlesim/local/lib/python3.10/dist-packages/turtlesim/turtlesim_s__rosidl_typesupport_c.cpython-310-x86_64-linux-gnu.so
[12.483s] -- Set runtime path of "/home/jon/ws01/install/turtlesim/local/lib/python3.10/dist-packages/turtlesim/turtlesim_s__rosidl_typesupport_c.cpython-310-x86_64-linux-gnu.so" to ""
[12.483s] -- Installing: /home/jon/ws01/install/turtlesim/lib/libturtlesim__rosidl_generator_py.so
[12.483s] -- Set runtime path of "/home/jon/ws01/install/turtlesim/lib/libturtlesim__rosidl_generator_py.so" to ""
[12.483s] -- Installing: /home/jon/ws01/install/turtlesim/share/turtlesim/rust
[12.483s] -- Installing: /home/jon/ws01/install/turtlesim/share/turtlesim/rust/Cargo.toml
[12.483s] -- Installing: /home/jon/ws01/install/turtlesim/share/turtlesim/rust/build.rs
[12.483s] -- Installing: /home/jon/ws01/install/turtlesim/share/turtlesim/rust/src
[12.483s] -- Installing: /home/jon/ws01/install/turtlesim/share/turtlesim/rust/src/msg
[12.483s] -- Installing: /home/jon/ws01/install/turtlesim/share/turtlesim/rust/src/msg/rmw.rs
[12.483s] -- Installing: /home/jon/ws01/install/turtlesim/share/turtlesim/rust/src/msg.rs
[12.483s] -- Installing: /home/jon/ws01/install/turtlesim/share/turtlesim/rust/src/action.rs
[12.483s] -- Installing: /home/jon/ws01/install/turtlesim/share/turtlesim/rust/src/lib.rs
[12.483s] -- Installing: /home/jon/ws01/install/turtlesim/share/turtlesim/rust/src/srv.rs
[12.483s] -- Installing: /home/jon/ws01/install/turtlesim/share/turtlesim/rust/src/action
[12.483s] -- Installing: /home/jon/ws01/install/turtlesim/share/turtlesim/rust/src/action/rmw.rs
[12.483s] -- Installing: /home/jon/ws01/install/turtlesim/share/turtlesim/rust/src/srv
[12.483s] -- Installing: /home/jon/ws01/install/turtlesim/share/turtlesim/rust/src/srv/rmw.rs
[12.483s] -- Installing: /home/jon/ws01/install/turtlesim/share/turtlesim/action/RotateAbsolute.idl
[12.483s] -- Installing: /home/jon/ws01/install/turtlesim/share/turtlesim/msg/Color.idl
[12.483s] -- Installing: /home/jon/ws01/install/turtlesim/share/turtlesim/msg/Pose.idl
[12.483s] -- Installing: /home/jon/ws01/install/turtlesim/share/turtlesim/srv/Kill.idl
[12.483s] -- Installing: /home/jon/ws01/install/turtlesim/share/turtlesim/srv/SetPen.idl
[12.483s] -- Installing: /home/jon/ws01/install/turtlesim/share/turtlesim/srv/Spawn.idl
[12.483s] -- Installing: /home/jon/ws01/install/turtlesim/share/turtlesim/srv/TeleportAbsolute.idl
[12.483s] -- Installing: /home/jon/ws01/install/turtlesim/share/turtlesim/srv/TeleportRelative.idl
[12.483s] -- Installing: /home/jon/ws01/install/turtlesim/share/turtlesim/action/RotateAbsolute.action
[12.483s] -- Installing: /home/jon/ws01/install/turtlesim/share/turtlesim/msg/Color.msg
[12.483s] -- Installing: /home/jon/ws01/install/turtlesim/share/turtlesim/msg/Pose.msg
[12.483s] -- Installing: /home/jon/ws01/install/turtlesim/share/turtlesim/srv/Kill.srv
[12.483s] -- Installing: /home/jon/ws01/install/turtlesim/share/turtlesim/srv/Kill_Request.msg
[12.483s] -- Installing: /home/jon/ws01/install/turtlesim/share/turtlesim/srv/Kill_Response.msg
[12.483s] -- Installing: /home/jon/ws01/install/turtlesim/share/turtlesim/srv/SetPen.srv
[12.483s] -- Installing: /home/jon/ws01/install/turtlesim/share/turtlesim/srv/SetPen_Request.msg
[12.483s] -- Installing: /home/jon/ws01/install/turtlesim/share/turtlesim/srv/SetPen_Response.msg
[12.484s] -- Installing: /home/jon/ws01/install/turtlesim/share/turtlesim/srv/Spawn.srv
[12.484s] -- Installing: /home/jon/ws01/install/turtlesim/share/turtlesim/srv/Spawn_Request.msg
[12.484s] -- Installing: /home/jon/ws01/install/turtlesim/share/turtlesim/srv/Spawn_Response.msg
[12.484s] -- Installing: /home/jon/ws01/install/turtlesim/share/turtlesim/srv/TeleportAbsolute.srv
[12.484s] -- Installing: /home/jon/ws01/install/turtlesim/share/turtlesim/srv/TeleportAbsolute_Request.msg
[12.484s] -- Installing: /home/jon/ws01/install/turtlesim/share/turtlesim/srv/TeleportAbsolute_Response.msg
[12.484s] -- Installing: /home/jon/ws01/install/turtlesim/share/turtlesim/srv/TeleportRelative.srv
[12.484s] -- Installing: /home/jon/ws01/install/turtlesim/share/turtlesim/srv/TeleportRelative_Request.msg
[12.484s] -- Installing: /home/jon/ws01/install/turtlesim/share/turtlesim/srv/TeleportRelative_Response.msg
[12.484s] -- Installing: /home/jon/ws01/install/turtlesim/lib/turtlesim/turtlesim_node
[12.487s] -- Set runtime path of "/home/jon/ws01/install/turtlesim/lib/turtlesim/turtlesim_node" to ""
[12.487s] -- Installing: /home/jon/ws01/install/turtlesim/lib/turtlesim/turtle_teleop_key
[12.488s] -- Set runtime path of "/home/jon/ws01/install/turtlesim/lib/turtlesim/turtle_teleop_key" to ""
[12.488s] -- Installing: /home/jon/ws01/install/turtlesim/lib/turtlesim/draw_square
[12.490s] -- Set runtime path of "/home/jon/ws01/install/turtlesim/lib/turtlesim/draw_square" to ""
[12.490s] -- Installing: /home/jon/ws01/install/turtlesim/lib/turtlesim/mimic
[12.492s] -- Set runtime path of "/home/jon/ws01/install/turtlesim/lib/turtlesim/mimic" to ""
[12.492s] -- Installing: /home/jon/ws01/install/turtlesim/share/turtlesim/images
[12.492s] -- Installing: /home/jon/ws01/install/turtlesim/share/turtlesim/images/dashing.png
[12.492s] -- Installing: /home/jon/ws01/install/turtlesim/share/turtlesim/images/galactic.png
[12.492s] -- Installing: /home/jon/ws01/install/turtlesim/share/turtlesim/images/ardent.png
[12.492s] -- Installing: /home/jon/ws01/install/turtlesim/share/turtlesim/images/eloquent.png
[12.492s] -- Installing: /home/jon/ws01/install/turtlesim/share/turtlesim/images/bouncy.png
[12.492s] -- Installing: /home/jon/ws01/install/turtlesim/share/turtlesim/images/foxy.png
[12.492s] -- Installing: /home/jon/ws01/install/turtlesim/share/turtlesim/images/rolling.png
[12.493s] -- Installing: /home/jon/ws01/install/turtlesim/share/turtlesim/images/humble.png
[12.493s] -- Installing: /home/jon/ws01/install/turtlesim/share/turtlesim/images/crystal.png
[12.493s] -- Installing: /home/jon/ws01/install/turtlesim/share/turtlesim/launch
[12.493s] -- Installing: /home/jon/ws01/install/turtlesim/share/turtlesim/launch/multisim.launch.py
[12.493s] -- Installing: /home/jon/ws01/install/turtlesim/share/ament_index/resource_index/package_run_dependencies/turtlesim
[12.493s] -- Installing: /home/jon/ws01/install/turtlesim/share/ament_index/resource_index/parent_prefix_path/turtlesim
[12.493s] -- Installing: /home/jon/ws01/install/turtlesim/share/turtlesim/environment/ament_prefix_path.sh
[12.493s] -- Installing: /home/jon/ws01/install/turtlesim/share/turtlesim/environment/ament_prefix_path.dsv
[12.493s] -- Installing: /home/jon/ws01/install/turtlesim/share/turtlesim/environment/path.sh
[12.493s] -- Installing: /home/jon/ws01/install/turtlesim/share/turtlesim/environment/path.dsv
[12.493s] -- Installing: /home/jon/ws01/install/turtlesim/share/turtlesim/local_setup.bash
[12.493s] -- Installing: /home/jon/ws01/install/turtlesim/share/turtlesim/local_setup.sh
[12.493s] -- Installing: /home/jon/ws01/install/turtlesim/share/turtlesim/local_setup.zsh
[12.493s] -- Installing: /home/jon/ws01/install/turtlesim/share/turtlesim/local_setup.dsv
[12.493s] -- Installing: /home/jon/ws01/install/turtlesim/share/turtlesim/package.dsv
[12.493s] -- Installing: /home/jon/ws01/install/turtlesim/share/ament_index/resource_index/packages/turtlesim
[12.493s] -- Installing: /home/jon/ws01/install/turtlesim/share/turtlesim/cmake/export_turtlesim__rosidl_generator_cExport.cmake
[12.493s] -- Installing: /home/jon/ws01/install/turtlesim/share/turtlesim/cmake/export_turtlesim__rosidl_generator_cExport-noconfig.cmake
[12.493s] -- Installing: /home/jon/ws01/install/turtlesim/share/turtlesim/cmake/export_turtlesim__rosidl_typesupport_fastrtps_cExport.cmake
[12.493s] -- Installing: /home/jon/ws01/install/turtlesim/share/turtlesim/cmake/export_turtlesim__rosidl_typesupport_fastrtps_cExport-noconfig.cmake
[12.494s] -- Installing: /home/jon/ws01/install/turtlesim/share/turtlesim/cmake/export_turtlesim__rosidl_generator_cppExport.cmake
[12.494s] -- Installing: /home/jon/ws01/install/turtlesim/share/turtlesim/cmake/export_turtlesim__rosidl_typesupport_fastrtps_cppExport.cmake
[12.494s] -- Installing: /home/jon/ws01/install/turtlesim/share/turtlesim/cmake/export_turtlesim__rosidl_typesupport_fastrtps_cppExport-noconfig.cmake
[12.494s] -- Installing: /home/jon/ws01/install/turtlesim/share/turtlesim/cmake/turtlesim__rosidl_typesupport_introspection_cExport.cmake
[12.494s] -- Installing: /home/jon/ws01/install/turtlesim/share/turtlesim/cmake/turtlesim__rosidl_typesupport_introspection_cExport-noconfig.cmake
[12.494s] -- Installing: /home/jon/ws01/install/turtlesim/share/turtlesim/cmake/turtlesim__rosidl_typesupport_cExport.cmake
[12.494s] -- Installing: /home/jon/ws01/install/turtlesim/share/turtlesim/cmake/turtlesim__rosidl_typesupport_cExport-noconfig.cmake
[12.494s] -- Installing: /home/jon/ws01/install/turtlesim/share/turtlesim/cmake/turtlesim__rosidl_typesupport_introspection_cppExport.cmake
[12.494s] -- Installing: /home/jon/ws01/install/turtlesim/share/turtlesim/cmake/turtlesim__rosidl_typesupport_introspection_cppExport-noconfig.cmake
[12.495s] -- Installing: /home/jon/ws01/install/turtlesim/share/turtlesim/cmake/turtlesim__rosidl_typesupport_cppExport.cmake
[12.495s] -- Installing: /home/jon/ws01/install/turtlesim/share/turtlesim/cmake/turtlesim__rosidl_typesupport_cppExport-noconfig.cmake
[12.495s] -- Installing: /home/jon/ws01/install/turtlesim/share/turtlesim/cmake/export_turtlesim__rosidl_generator_pyExport.cmake
[12.495s] -- Installing: /home/jon/ws01/install/turtlesim/share/turtlesim/cmake/export_turtlesim__rosidl_generator_pyExport-noconfig.cmake
[12.495s] -- Installing: /home/jon/ws01/install/turtlesim/share/turtlesim/cmake/rosidl_cmake-extras.cmake
[12.495s] -- Installing: /home/jon/ws01/install/turtlesim/share/turtlesim/cmake/ament_cmake_export_dependencies-extras.cmake
[12.495s] -- Installing: /home/jon/ws01/install/turtlesim/share/turtlesim/cmake/ament_cmake_export_include_directories-extras.cmake
[12.495s] -- Installing: /home/jon/ws01/install/turtlesim/share/turtlesim/cmake/ament_cmake_export_libraries-extras.cmake
[12.495s] -- Installing: /home/jon/ws01/install/turtlesim/share/turtlesim/cmake/ament_cmake_export_targets-extras.cmake
[12.495s] -- Installing: /home/jon/ws01/install/turtlesim/share/turtlesim/cmake/rosidl_cmake_export_typesupport_targets-extras.cmake
[12.496s] -- Installing: /home/jon/ws01/install/turtlesim/share/turtlesim/cmake/rosidl_cmake_export_typesupport_libraries-extras.cmake
[12.497s] -- Installing: /home/jon/ws01/install/turtlesim/share/turtlesim/cmake/rosidl_cmake_aggregate_target-extras.cmake
[12.497s] -- Installing: /home/jon/ws01/install/turtlesim/share/turtlesim/cmake/turtlesimConfig.cmake
[12.497s] -- Installing: /home/jon/ws01/install/turtlesim/share/turtlesim/cmake/turtlesimConfig-version.cmake
[12.497s] -- Installing: /home/jon/ws01/install/turtlesim/share/turtlesim/package.xml
[12.499s] Invoked command in '/home/jon/ws01/build/turtlesim' returned '0': CMAKE_PREFIX_PATH=${CMAKE_PREFIX_PATH}:/opt/ros/humble /usr/bin/cmake --install /home/jon/ws01/build/turtlesim
